Archive member included because of file (symbol)

c:/program files (x86)/atmel/atmel toolchain/arm gcc/native/4.8.1443/arm-gnu-toolchain/bin/../lib/gcc/arm-none-eabi/4.8.4/../../../../arm-none-eabi/lib/armv7-m\libc.a(lib_a-exit.o)
                              c:/program files (x86)/atmel/atmel toolchain/arm gcc/native/4.8.1443/arm-gnu-toolchain/bin/../lib/gcc/arm-none-eabi/4.8.4/../../../../arm-none-eabi/lib/armv7-m/crt0.o (exit)
c:/program files (x86)/atmel/atmel toolchain/arm gcc/native/4.8.1443/arm-gnu-toolchain/bin/../lib/gcc/arm-none-eabi/4.8.4/../../../../arm-none-eabi/lib/armv7-m\libc.a(lib_a-impure.o)
                              c:/program files (x86)/atmel/atmel toolchain/arm gcc/native/4.8.1443/arm-gnu-toolchain/bin/../lib/gcc/arm-none-eabi/4.8.4/../../../../arm-none-eabi/lib/armv7-m\libc.a(lib_a-exit.o) (_global_impure_ptr)
c:/program files (x86)/atmel/atmel toolchain/arm gcc/native/4.8.1443/arm-gnu-toolchain/bin/../lib/gcc/arm-none-eabi/4.8.4/../../../../arm-none-eabi/lib/armv7-m\libc.a(lib_a-init.o)
                              c:/program files (x86)/atmel/atmel toolchain/arm gcc/native/4.8.1443/arm-gnu-toolchain/bin/../lib/gcc/arm-none-eabi/4.8.4/../../../../arm-none-eabi/lib/armv7-m/crt0.o (__libc_init_array)
c:/program files (x86)/atmel/atmel toolchain/arm gcc/native/4.8.1443/arm-gnu-toolchain/bin/../lib/gcc/arm-none-eabi/4.8.4/../../../../arm-none-eabi/lib/armv7-m\libc.a(lib_a-iprintf.o)
                              src/ASF/sam/utils/syscalls/gcc/syscalls.o (iprintf)
c:/program files (x86)/atmel/atmel toolchain/arm gcc/native/4.8.1443/arm-gnu-toolchain/bin/../lib/gcc/arm-none-eabi/4.8.4/../../../../arm-none-eabi/lib/armv7-m\libc.a(lib_a-memcmp.o)
                              src/ASF/common/services/freertos/sam/freertos_twi_master.o (memcmp)
c:/program files (x86)/atmel/atmel toolchain/arm gcc/native/4.8.1443/arm-gnu-toolchain/bin/../lib/gcc/arm-none-eabi/4.8.4/../../../../arm-none-eabi/lib/armv7-m\libc.a(lib_a-memcpy.o)
                              src/ASF/common/services/freertos/sam/freertos_peripheral_control.o (memcpy)
c:/program files (x86)/atmel/atmel toolchain/arm gcc/native/4.8.1443/arm-gnu-toolchain/bin/../lib/gcc/arm-none-eabi/4.8.4/../../../../arm-none-eabi/lib/armv7-m\libc.a(lib_a-memset.o)
                              c:/program files (x86)/atmel/atmel toolchain/arm gcc/native/4.8.1443/arm-gnu-toolchain/bin/../lib/gcc/arm-none-eabi/4.8.4/../../../../arm-none-eabi/lib/armv7-m/crt0.o (memset)
c:/program files (x86)/atmel/atmel toolchain/arm gcc/native/4.8.1443/arm-gnu-toolchain/bin/../lib/gcc/arm-none-eabi/4.8.4/../../../../arm-none-eabi/lib/armv7-m\libc.a(lib_a-setbuf.o)
                              src/main.o (setbuf)
c:/program files (x86)/atmel/atmel toolchain/arm gcc/native/4.8.1443/arm-gnu-toolchain/bin/../lib/gcc/arm-none-eabi/4.8.4/../../../../arm-none-eabi/lib/armv7-m\libc.a(lib_a-setvbuf.o)
                              c:/program files (x86)/atmel/atmel toolchain/arm gcc/native/4.8.1443/arm-gnu-toolchain/bin/../lib/gcc/arm-none-eabi/4.8.4/../../../../arm-none-eabi/lib/armv7-m\libc.a(lib_a-setbuf.o) (setvbuf)
c:/program files (x86)/atmel/atmel toolchain/arm gcc/native/4.8.1443/arm-gnu-toolchain/bin/../lib/gcc/arm-none-eabi/4.8.4/../../../../arm-none-eabi/lib/armv7-m\libc.a(lib_a-sprintf.o)
                              src/ASF/thirdparty/freertos/freertos-7.3.0/source/tasks.o (sprintf)
c:/program files (x86)/atmel/atmel toolchain/arm gcc/native/4.8.1443/arm-gnu-toolchain/bin/../lib/gcc/arm-none-eabi/4.8.4/../../../../arm-none-eabi/lib/armv7-m\libc.a(lib_a-strcat.o)
                              src/ASF/thirdparty/freertos/freertos-7.3.0/source/tasks.o (strcat)
c:/program files (x86)/atmel/atmel toolchain/arm gcc/native/4.8.1443/arm-gnu-toolchain/bin/../lib/gcc/arm-none-eabi/4.8.4/../../../../arm-none-eabi/lib/armv7-m\libc.a(lib_a-strcpy.o)
                              c:/program files (x86)/atmel/atmel toolchain/arm gcc/native/4.8.1443/arm-gnu-toolchain/bin/../lib/gcc/arm-none-eabi/4.8.4/../../../../arm-none-eabi/lib/armv7-m\libc.a(lib_a-strcat.o) (strcpy)
c:/program files (x86)/atmel/atmel toolchain/arm gcc/native/4.8.1443/arm-gnu-toolchain/bin/../lib/gcc/arm-none-eabi/4.8.4/../../../../arm-none-eabi/lib/armv7-m\libc.a(lib_a-strlen.o)
                              src/ASF/thirdparty/freertos/freertos-7.3.0/source/FreeRTOS_CLI.o (strlen)
c:/program files (x86)/atmel/atmel toolchain/arm gcc/native/4.8.1443/arm-gnu-toolchain/bin/../lib/gcc/arm-none-eabi/4.8.4/../../../../arm-none-eabi/lib/armv7-m\libc.a(lib_a-strncmp.o)
                              src/ASF/thirdparty/freertos/freertos-7.3.0/source/FreeRTOS_CLI.o (strncmp)
c:/program files (x86)/atmel/atmel toolchain/arm gcc/native/4.8.1443/arm-gnu-toolchain/bin/../lib/gcc/arm-none-eabi/4.8.4/../../../../arm-none-eabi/lib/armv7-m\libc.a(lib_a-strncpy.o)
                              src/ASF/thirdparty/freertos/freertos-7.3.0/source/FreeRTOS_CLI.o (strncpy)
[...]
Memory Configuration

Name             Origin             Length             Attributes
rom              0x00400000         0x00040000         xr
ram              0x20000000         0x00006000         xrw
*default*        0x00000000         0xffffffff

Linker script and memory map

LOAD c:/program files (x86)/atmel/atmel toolchain/arm gcc/native/4.8.1443/arm-gnu-toolchain/bin/../lib/gcc/arm-none-eabi/4.8.4/armv7-m/crti.o
LOAD c:/program files (x86)/atmel/atmel toolchain/arm gcc/native/4.8.1443/arm-gnu-toolchain/bin/../lib/gcc/arm-none-eabi/4.8.4/armv7-m/crtbegin.o
LOAD c:/program files (x86)/atmel/atmel toolchain/arm gcc/native/4.8.1443/arm-gnu-toolchain/bin/../lib/gcc/arm-none-eabi/4.8.4/../../../../arm-none-eabi/lib/armv7-m/crt0.o
LOAD src/ASF/common/services/clock/sam3n/sysclk.o
LOAD src/ASF/common/services/freertos/sam/freertos_peripheral_control.o
LOAD src/ASF/common/services/freertos/sam/freertos_twi_master.o
LOAD src/ASF/common/services/freertos/sam/freertos_uart_serial.o
LOAD src/ASF/common/services/serial/usart_serial.o
LOAD src/ASF/common/services/spi/sam_spi/spi_master.o
LOAD src/ASF/common/utils/interrupt/interrupt_sam_nvic.o
LOAD src/ASF/common/utils/stdio/read.o
LOAD src/ASF/common/utils/stdio/write.o
LOAD src/ASF/sam/boards/sam3n_ek/init.o
LOAD src/ASF/sam/boards/sam3n_ek/led.o
LOAD src/ASF/sam/components/display/aat31xx/aat31xx.o
LOAD src/ASF/sam/components/display/ili9225/ili9225.o
LOAD src/ASF/sam/drivers/pdc/pdc.o
LOAD src/ASF/sam/drivers/pio/pio.o
LOAD src/ASF/sam/drivers/pio/pio_handler.o
LOAD src/ASF/sam/drivers/pmc/pmc.o
LOAD src/ASF/sam/drivers/pmc/sleep.o
LOAD src/ASF/sam/drivers/spi/spi.o
LOAD src/ASF/sam/drivers/twi/twi.o
LOAD src/ASF/sam/drivers/uart/uart.o
LOAD src/ASF/sam/drivers/usart/usart.o
LOAD src/ASF/sam/utils/cmsis/sam3n/source/templates/exceptions.o
LOAD src/ASF/sam/utils/cmsis/sam3n/source/templates/gcc/startup_sam3n.o
LOAD src/ASF/sam/utils/cmsis/sam3n/source/templates/system_sam3n.o
LOAD src/ASF/sam/utils/syscalls/gcc/syscalls.o
LOAD src/ASF/thirdparty/freertos/freertos-7.3.0/source/FreeRTOS_CLI.o
LOAD src/ASF/thirdparty/freertos/freertos-7.3.0/source/list.o
LOAD src/ASF/thirdparty/freertos/freertos-7.3.0/source/portable/gcc/sam/port.o
LOAD src/ASF/thirdparty/freertos/freertos-7.3.0/source/portable/memmang/heap_4.o
LOAD src/ASF/thirdparty/freertos/freertos-7.3.0/source/queue.o
LOAD src/ASF/thirdparty/freertos/freertos-7.3.0/source/tasks.o
LOAD src/ASF/thirdparty/freertos/freertos-7.3.0/source/timers.o
LOAD src/main.o
START GROUP
LOAD ../src/ASF/thirdparty/CMSIS/Lib/GCC\libarm_cortexM3l_math.a
LOAD c:/program files (x86)/atmel/atmel toolchain/arm gcc/native/4.8.1443/arm-gnu-toolchain/bin/../lib/gcc/arm-none-eabi/4.8.4/../../../../arm-none-eabi/lib/armv7-m\libm.a
END GROUP
START GROUP
LOAD c:/program files (x86)/atmel/atmel toolchain/arm gcc/native/4.8.1443/arm-gnu-toolchain/bin/../lib/gcc/arm-none-eabi/4.8.4/armv7-m\libgcc.a
LOAD c:/program files (x86)/atmel/atmel toolchain/arm gcc/native/4.8.1443/arm-gnu-toolchain/bin/../lib/gcc/arm-none-eabi/4.8.4/../../../../arm-none-eabi/lib/armv7-m\libc.a
END GROUP
LOAD c:/program files (x86)/atmel/atmel toolchain/arm gcc/native/4.8.1443/arm-gnu-toolchain/bin/../lib/gcc/arm-none-eabi/4.8.4/armv7-m/crtend.o
LOAD c:/program files (x86)/atmel/atmel toolchain/arm gcc/native/4.8.1443/arm-gnu-toolchain/bin/../lib/gcc/arm-none-eabi/4.8.4/armv7-m/crtn.o
                0x00000800                __stack_size__ = DEFINED (__stack_size__)?__stack_size__:0x800
                0x20005ffc                __ram_end__ = ((ORIGIN (ram) + 0x6000) - 0x4)

.text           0x00400000     0xb890
                0x00400000                . = ALIGN (0x4)
                0x00400000                _sfixed = .
 *(.vectors .vectors.*)
 .vectors       0x00400000       0xc4 src/ASF/sam/utils/cmsis/sam3n/source/templates/gcc/startup_sam3n.o
                0x00400000                exception_table
 *(.text .text.* .gnu.linkonce.t.*)
 .text          0x004000c4       0x54 c:/program files (x86)/atmel/atmel toolchain/arm gcc/native/4.8.1443/arm-gnu-toolchain/bin/../lib/gcc/arm-none-eabi/4.8.4/armv7-m/crtbegin.o
 .text.sysclk_init
                0x00400118       0x64 src/ASF/common/services/clock/sam3n/sysclk.o
                0x00400118                sysclk_init
 .text.local_twi_handler
                0x0040017c      0x1f0 src/ASF/common/services/freertos/sam/freertos_twi_master.o
 .text.TWI0_Handler
                0x0040036c       0x10 src/ASF/common/services/freertos/sam/freertos_twi_master.o
                0x0040036c                TWI0_Handler
 .text.TWI1_Handler
                0x0040037c       0x10 src/ASF/common/services/freertos/sam/freertos_twi_master.o
                0x0040037c                TWI1_Handler
 .text.configure_rx_dma
                0x0040038c       0xa0 src/ASF/common/services/freertos/sam/freertos_uart_serial.o
 .text.local_uart_handler
                0x0040042c      0x120 src/ASF/common/services/freertos/sam/freertos_uart_serial.o
 .text.UART0_Handler
                0x0040054c       0x10 src/ASF/common/services/freertos/sam/freertos_uart_serial.o
                0x0040054c                UART0_Handler
 .text.UART1_Handler
                0x0040055c       0x10 src/ASF/common/services/freertos/sam/freertos_uart_serial.o
                0x0040055c                UART1_Handler
 .text.spi_master_init
                0x0040056c       0x54 src/ASF/common/services/spi/sam_spi/spi_master.o
                0x0040056c                spi_master_init
 .text.spi_master_setup_device
                0x004005c0       0x7c src/ASF/common/services/spi/sam_spi/spi_master.o
                0x004005c0                spi_master_setup_device
 .text.spi_select_device
                0x0040063c       0x30 src/ASF/common/services/spi/sam_spi/spi_master.o
                0x0040063c                spi_select_device
 .text._read    0x0040066c       0x40 src/ASF/common/utils/stdio/read.o
                0x0040066c                _read
 .text._write   0x004006ac       0x54 src/ASF/common/utils/stdio/write.o
                0x004006ac                _write
 .text.board_init
                0x00400700       0xdc src/ASF/sam/boards/sam3n_ek/init.o
                0x00400700                board_init
 .text.aat31xx_set_backlight
                0x004007dc       0x5c src/ASF/sam/components/display/aat31xx/aat31xx.o
                0x004007dc                aat31xx_set_backlight
 .text.aat31xx_disable_backlight
                0x00400838       0x24 src/ASF/sam/components/display/aat31xx/aat31xx.o
                0x00400838                aat31xx_disable_backlight
 .text.ili9225_delay
                0x0040085c       0x38 src/ASF/sam/components/display/ili9225/ili9225.o
 .text.ili9225_write_cmd
                0x00400894       0x44 src/ASF/sam/components/display/ili9225/ili9225.o
 .text.ili9225_write_ram
                0x004008d8       0x30 src/ASF/sam/components/display/ili9225/ili9225.o
 .text.ili9225_write_register
                0x00400908       0x18 src/ASF/sam/components/display/ili9225/ili9225.o
 .text.ili9225_spi_handler
                0x00400920       0x18 src/ASF/sam/components/display/ili9225/ili9225.o
                0x00400920                ili9225_spi_handler
 .text.ili9225_display_on
                0x00400938       0x14 src/ASF/sam/components/display/ili9225/ili9225.o
                0x00400938                ili9225_display_on
 .text.ili9225_display_off
                0x0040094c       0x10 src/ASF/sam/components/display/ili9225/ili9225.o
                0x0040094c                ili9225_display_off
 .text.ili9225_set_foreground_color
                0x0040095c       0x2c src/ASF/sam/components/display/ili9225/ili9225.o
                0x0040095c                ili9225_set_foreground_color
 .text.ili9225_set_window
                0x00400988       0x30 src/ASF/sam/components/display/ili9225/ili9225.o
                0x00400988                ili9225_set_window
 .text.ili9225_set_cursor_position
                0x004009b8       0x18 src/ASF/sam/components/display/ili9225/ili9225.o
                0x004009b8                ili9225_set_cursor_position
 .text.ili9225_init
                0x004009d0      0x1c8 src/ASF/sam/components/display/ili9225/ili9225.o
                0x004009d0                ili9225_init
 .text.ili9225_fill
                0x00400b98       0x30 src/ASF/sam/components/display/ili9225/ili9225.o
                0x00400b98                ili9225_fill
 .text.ili9225_draw_pixel
                0x00400bc8       0x3c src/ASF/sam/components/display/ili9225/ili9225.o
                0x00400bc8                ili9225_draw_pixel
 .text.ili9225_draw_string
                0x00400c04       0xb4 src/ASF/sam/components/display/ili9225/ili9225.o
                0x00400c04                ili9225_draw_string
 .text.pdc_rx_init
                0x00400cb8       0x18 src/ASF/sam/drivers/pdc/pdc.o
                0x00400cb8                pdc_rx_init
 .text.pdc_enable_transfer
                0x00400cd0        0xc src/ASF/sam/drivers/pdc/pdc.o
                0x00400cd0                pdc_enable_transfer
 .text.pdc_disable_transfer
                0x00400cdc       0x10 src/ASF/sam/drivers/pdc/pdc.o
                0x00400cdc                pdc_disable_transfer
 .text.pio_set_peripheral
                0x00400cec       0x90 src/ASF/sam/drivers/pio/pio.o
                0x00400cec                pio_set_peripheral
 .text.pio_set_input
                0x00400d7c       0x34 src/ASF/sam/drivers/pio/pio.o
                0x00400d7c                pio_set_input
 .text.pio_set_output
                0x00400db0       0x28 src/ASF/sam/drivers/pio/pio.o
                0x00400db0                pio_set_output
 .text.pio_get_interrupt_status
                0x00400dd8        0x4 src/ASF/sam/drivers/pio/pio.o
                0x00400dd8                pio_get_interrupt_status
 .text.pio_get_interrupt_mask
                0x00400ddc        0x4 src/ASF/sam/drivers/pio/pio.o
                0x00400ddc                pio_get_interrupt_mask
 .text.pio_set_pin_high
                0x00400de0       0x1c src/ASF/sam/drivers/pio/pio.o
                0x00400de0                pio_set_pin_high
 .text.pio_set_pin_low
                0x00400dfc       0x1c src/ASF/sam/drivers/pio/pio.o
                0x00400dfc                pio_set_pin_low
 .text.pio_toggle_pin
                0x00400e18       0x24 src/ASF/sam/drivers/pio/pio.o
                0x00400e18                pio_toggle_pin
 .text.pio_configure_pin
                0x00400e3c      0x124 src/ASF/sam/drivers/pio/pio.o
                0x00400e3c                pio_configure_pin
 .text.pio_configure_pin_group
                0x00400f60       0xdc src/ASF/sam/drivers/pio/pio.o
                0x00400f60                pio_configure_pin_group
 .text.pio_handler_process
                0x0040103c       0x58 src/ASF/sam/drivers/pio/pio_handler.o
                0x0040103c                pio_handler_process
 .text.PIOA_Handler
                0x00401094       0x14 src/ASF/sam/drivers/pio/pio_handler.o
                0x00401094                PIOA_Handler
 .text.PIOB_Handler
                0x004010a8       0x14 src/ASF/sam/drivers/pio/pio_handler.o
                0x004010a8                PIOB_Handler
 .text.PIOC_Handler
                0x004010bc       0x14 src/ASF/sam/drivers/pio/pio_handler.o
                0x004010bc                PIOC_Handler
 .text.pmc_switch_mck_to_pllack
                0x004010d0       0x64 src/ASF/sam/drivers/pmc/pmc.o
                0x004010d0                pmc_switch_mck_to_pllack
 .text.pmc_switch_mainck_to_xtal
                0x00401134       0x54 src/ASF/sam/drivers/pmc/pmc.o
                0x00401134                pmc_switch_mainck_to_xtal
 .text.pmc_osc_is_ready_mainck
                0x00401188       0x10 src/ASF/sam/drivers/pmc/pmc.o
                0x00401188                pmc_osc_is_ready_mainck
 .text.pmc_disable_pllack
                0x00401198       0x10 src/ASF/sam/drivers/pmc/pmc.o
                0x00401198                pmc_disable_pllack
 .text.pmc_is_locked_pllack
                0x004011a8       0x10 src/ASF/sam/drivers/pmc/pmc.o
                0x004011a8                pmc_is_locked_pllack
 .text.pmc_enable_periph_clk
                0x004011b8       0x2c src/ASF/sam/drivers/pmc/pmc.o
                0x004011b8                pmc_enable_periph_clk
 .text.spi_enable_clock
                0x004011e4       0x10 src/ASF/sam/drivers/spi/spi.o
                0x004011e4                spi_enable_clock
 .text.spi_set_peripheral_chip_select_value
                0x004011f4       0x18 src/ASF/sam/drivers/spi/spi.o
                0x004011f4                spi_set_peripheral_chip_select_value
 .text.spi_set_delay_between_chip_select
                0x0040120c       0x14 src/ASF/sam/drivers/spi/spi.o
                0x0040120c                spi_set_delay_between_chip_select
 .text.spi_write
                0x00401220       0x38 src/ASF/sam/drivers/spi/spi.o
                0x00401220                spi_write
 .text.spi_set_clock_polarity
                0x00401258       0x20 src/ASF/sam/drivers/spi/spi.o
                0x00401258                spi_set_clock_polarity
 .text.spi_set_clock_phase
                0x00401278       0x20 src/ASF/sam/drivers/spi/spi.o
                0x00401278                spi_set_clock_phase
 .text.spi_configure_cs_behavior
                0x00401298       0x44 src/ASF/sam/drivers/spi/spi.o
                0x00401298                spi_configure_cs_behavior
 .text.spi_set_bits_per_transfer
                0x004012dc       0x14 src/ASF/sam/drivers/spi/spi.o
                0x004012dc                spi_set_bits_per_transfer
 .text.spi_calc_baudrate_div
                0x004012f0       0x18 src/ASF/sam/drivers/spi/spi.o
                0x004012f0                spi_calc_baudrate_div
 .text.spi_set_baudrate_div
                0x00401308       0x18 src/ASF/sam/drivers/spi/spi.o
                0x00401308                spi_set_baudrate_div
 .text.spi_set_transfer_delay
                0x00401320       0x18 src/ASF/sam/drivers/spi/spi.o
                0x00401320                spi_set_transfer_delay
 .text.twi_disable_interrupt
                0x00401338        0x8 src/ASF/sam/drivers/twi/twi.o
                0x00401338                twi_disable_interrupt
 .text.twi_get_interrupt_status
                0x00401340        0x4 src/ASF/sam/drivers/twi/twi.o
                0x00401340                twi_get_interrupt_status
 .text.twi_get_interrupt_mask
                0x00401344        0x4 src/ASF/sam/drivers/twi/twi.o
                0x00401344                twi_get_interrupt_mask
 .text.uart_init
                0x00401348       0x38 src/ASF/sam/drivers/uart/uart.o
                0x00401348                uart_init
 .text.uart_enable_interrupt
                0x00401380        0x4 src/ASF/sam/drivers/uart/uart.o
                0x00401380                uart_enable_interrupt
 .text.uart_disable_interrupt
                0x00401384        0x4 src/ASF/sam/drivers/uart/uart.o
                0x00401384                uart_disable_interrupt
 .text.uart_get_interrupt_mask
                0x00401388        0x4 src/ASF/sam/drivers/uart/uart.o
                0x00401388                uart_get_interrupt_mask
 .text.uart_get_status
                0x0040138c        0x4 src/ASF/sam/drivers/uart/uart.o
                0x0040138c                uart_get_status
 .text.uart_reset_status
                0x00401390        0x8 src/ASF/sam/drivers/uart/uart.o
                0x00401390                uart_reset_status
 .text.uart_write
                0x00401398       0x10 src/ASF/sam/drivers/uart/uart.o
                0x00401398                uart_write
 .text.uart_read
                0x004013a8       0x14 src/ASF/sam/drivers/uart/uart.o
                0x004013a8                uart_read
 .text.usart_write
                0x004013bc       0x14 src/ASF/sam/drivers/usart/usart.o
                0x004013bc                usart_write
 .text.usart_read
                0x004013d0       0x18 src/ASF/sam/drivers/usart/usart.o
                0x004013d0                usart_read
 .text.Dummy_Handler
                0x004013e8        0x4 src/ASF/sam/utils/cmsis/sam3n/source/templates/exceptions.o
                0x004013e8                DACC_Handler
                0x004013e8                DebugMon_Handler
                0x004013e8                HardFault_Handler
                0x004013e8                TC2_Handler
                0x004013e8                NMI_Handler
                0x004013e8                ADC_Handler
                0x004013e8                USART0_Handler
                0x004013e8                RTT_Handler
                0x004013e8                RTC_Handler
                0x004013e8                UsageFault_Handler
                0x004013e8                WDT_Handler
                0x004013e8                TC4_Handler
                0x004013e8                TC1_Handler
                0x004013e8                TC3_Handler
                0x004013e8                Dummy_Handler
                0x004013e8                USART1_Handler
                0x004013e8                PMC_Handler
                0x004013e8                PWM_Handler
                0x004013e8                MemManage_Handler
                0x004013e8                SUPC_Handler
                0x004013e8                EFC_Handler
                0x004013e8                BusFault_Handler
                0x004013e8                RSTC_Handler
                0x004013e8                TC0_Handler
                0x004013e8                TC5_Handler
 .text.Reset_Handler
                0x004013ec       0xb0 src/ASF/sam/utils/cmsis/sam3n/source/templates/gcc/startup_sam3n.o
                0x004013ec                Reset_Handler
 .text.SystemCoreClockUpdate
                0x0040149c      0x104 src/ASF/sam/utils/cmsis/sam3n/source/templates/system_sam3n.o
                0x0040149c                SystemCoreClockUpdate
 .text._sbrk    0x004015a0       0x34 src/ASF/sam/utils/syscalls/gcc/syscalls.o
                0x004015a0                _sbrk
 .text._close   0x004015d4        0x8 src/ASF/sam/utils/syscalls/gcc/syscalls.o
                0x004015d4                _close
 .text._fstat   0x004015dc        0xc src/ASF/sam/utils/syscalls/gcc/syscalls.o
                0x004015dc                _fstat
 .text._isatty  0x004015e8        0x4 src/ASF/sam/utils/syscalls/gcc/syscalls.o
                0x004015e8                _isatty
 .text._lseek   0x004015ec        0x4 src/ASF/sam/utils/syscalls/gcc/syscalls.o
                0x004015ec                _lseek
 .text.vListInitialise
                0x004015f0       0x18 src/ASF/thirdparty/freertos/freertos-7.3.0/source/list.o
                0x004015f0                vListInitialise
 .text.vListInitialiseItem
                0x00401608        0x8 src/ASF/thirdparty/freertos/freertos-7.3.0/source/list.o
                0x00401608                vListInitialiseItem
 .text.vListInsertEnd
                0x00401610       0x1c src/ASF/thirdparty/freertos/freertos-7.3.0/source/list.o
                0x00401610                vListInsertEnd
 .text.vListInsert
                0x0040162c       0x3c src/ASF/thirdparty/freertos/freertos-7.3.0/source/list.o
                0x0040162c                vListInsert
 .text.uxListRemove
                0x00401668       0x28 src/ASF/thirdparty/freertos/freertos-7.3.0/source/list.o
                0x00401668                uxListRemove
 .text.prvPortStartFirstTask
                0x00401690       0x14 src/ASF/thirdparty/freertos/freertos-7.3.0/source/portable/gcc/sam/port.o
 .text.pxPortInitialiseStack
                0x004016a4       0x1c src/ASF/thirdparty/freertos/freertos-7.3.0/source/portable/gcc/sam/port.o
                0x004016a4                pxPortInitialiseStack
 .text.SVC_Handler
                0x004016c0       0x20 src/ASF/thirdparty/freertos/freertos-7.3.0/source/portable/gcc/sam/port.o
                0x004016c0                SVC_Handler
 .text.vPortYieldFromISR
                0x004016e0       0x10 src/ASF/thirdparty/freertos/freertos-7.3.0/source/portable/gcc/sam/port.o
                0x004016e0                vPortYieldFromISR
 .text.ulPortSetInterruptMask
                0x004016f0       0x10 src/ASF/thirdparty/freertos/freertos-7.3.0/source/portable/gcc/sam/port.o
                0x004016f0                ulPortSetInterruptMask
 .text.vPortEnterCritical
                0x00401700       0x18 src/ASF/thirdparty/freertos/freertos-7.3.0/source/portable/gcc/sam/port.o
                0x00401700                vPortEnterCritical
 .text.vPortClearInterruptMask
                0x00401718        0x8 src/ASF/thirdparty/freertos/freertos-7.3.0/source/portable/gcc/sam/port.o
                0x00401718                vPortClearInterruptMask
 .text.vPortExitCritical
                0x00401720       0x1c src/ASF/thirdparty/freertos/freertos-7.3.0/source/portable/gcc/sam/port.o
                0x00401720                vPortExitCritical
 .text.PendSV_Handler
                0x0040173c       0x3c src/ASF/thirdparty/freertos/freertos-7.3.0/source/portable/gcc/sam/port.o
                0x0040173c                PendSV_Handler
 .text.SysTick_Handler
                0x00401778       0x2c src/ASF/thirdparty/freertos/freertos-7.3.0/source/portable/gcc/sam/port.o
                0x00401778                SysTick_Handler
 .text.vPortSetupTimerInterrupt
                0x004017a4       0x14 src/ASF/thirdparty/freertos/freertos-7.3.0/source/portable/gcc/sam/port.o
                0x004017a4                vPortSetupTimerInterrupt
 .text.xPortStartScheduler
                0x004017b8       0x38 src/ASF/thirdparty/freertos/freertos-7.3.0/source/portable/gcc/sam/port.o
                0x004017b8                xPortStartScheduler
 .text.prvInsertBlockIntoFreeList
                0x004017f0       0x58 src/ASF/thirdparty/freertos/freertos-7.3.0/source/portable/memmang/heap_4.o
 .text.pvPortMalloc
                0x00401848       0xc4 src/ASF/thirdparty/freertos/freertos-7.3.0/source/portable/memmang/heap_4.o
                0x00401848                pvPortMalloc
 .text.vPortFree
                0x0040190c       0x34 src/ASF/thirdparty/freertos/freertos-7.3.0/source/portable/memmang/heap_4.o
                0x0040190c                vPortFree
 .text.prvCopyDataToQueue
                0x00401940       0x64 src/ASF/thirdparty/freertos/freertos-7.3.0/source/queue.o
 .text.prvCopyDataFromQueue
                0x004019a4       0x28 src/ASF/thirdparty/freertos/freertos-7.3.0/source/queue.o
 .text.prvUnlockQueue
                0x004019cc       0x8c src/ASF/thirdparty/freertos/freertos-7.3.0/source/queue.o
 .text.xQueueGenericReset
                0x00401a58       0x7c src/ASF/thirdparty/freertos/freertos-7.3.0/source/queue.o
                0x00401a58                xQueueGenericReset
 .text.xQueueGenericCreate
                0x00401ad4       0x58 src/ASF/thirdparty/freertos/freertos-7.3.0/source/queue.o
                0x00401ad4                xQueueGenericCreate
 .text.xQueueGenericSend
                0x00401b2c      0x11c src/ASF/thirdparty/freertos/freertos-7.3.0/source/queue.o
                0x00401b2c                xQueueGenericSend
 .text.xQueueCreateMutex
                0x00401c48       0x64 src/ASF/thirdparty/freertos/freertos-7.3.0/source/queue.o
                0x00401c48                xQueueCreateMutex
 .text.xQueueGenericSendFromISR
                0x00401cac       0x90 src/ASF/thirdparty/freertos/freertos-7.3.0/source/queue.o
                0x00401cac                xQueueGenericSendFromISR
 .text.xQueueGenericReceive
                0x00401d3c      0x15c src/ASF/thirdparty/freertos/freertos-7.3.0/source/queue.o
                0x00401d3c                xQueueGenericReceive
 .text.vQueueWaitForMessageRestricted
                0x00401e98       0x4c src/ASF/thirdparty/freertos/freertos-7.3.0/source/queue.o
                0x00401e98                vQueueWaitForMessageRestricted
 .text.prvAddCurrentTaskToDelayedList
                0x00401ee4       0x58 src/ASF/thirdparty/freertos/freertos-7.3.0/source/tasks.o
 .text.prvListTaskWithinSingleList
                0x00401f3c       0x94 src/ASF/thirdparty/freertos/freertos-7.3.0/source/tasks.o
 .text.xTaskGenericCreate
                0x00401fd0      0x208 src/ASF/thirdparty/freertos/freertos-7.3.0/source/tasks.o
                0x00401fd0                xTaskGenericCreate
 .text.vTaskStartScheduler
                0x004021d8       0x68 src/ASF/thirdparty/freertos/freertos-7.3.0/source/tasks.o
                0x004021d8                vTaskStartScheduler
 .text.vTaskSuspendAll
                0x00402240       0x10 src/ASF/thirdparty/freertos/freertos-7.3.0/source/tasks.o
                0x00402240                vTaskSuspendAll
 .text.xTaskGetTickCount
                0x00402250       0x20 src/ASF/thirdparty/freertos/freertos-7.3.0/source/tasks.o
                0x00402250                xTaskGetTickCount
 .text.uxTaskGetNumberOfTasks
                0x00402270        0xc src/ASF/thirdparty/freertos/freertos-7.3.0/source/tasks.o
                0x00402270                uxTaskGetNumberOfTasks
 .text.vTaskIncrementTick
                0x0040227c      0x130 src/ASF/thirdparty/freertos/freertos-7.3.0/source/tasks.o
                0x0040227c                vTaskIncrementTick
 .text.xTaskResumeAll
                0x004023ac      0x108 src/ASF/thirdparty/freertos/freertos-7.3.0/source/tasks.o
                0x004023ac                xTaskResumeAll
 .text.vTaskDelay
                0x004024b4       0x48 src/ASF/thirdparty/freertos/freertos-7.3.0/source/tasks.o
                0x004024b4                vTaskDelay
 .text.prvIdleTask
                0x004024fc       0x8c src/ASF/thirdparty/freertos/freertos-7.3.0/source/tasks.o
 .text.vTaskList
                0x00402588       0xd0 src/ASF/thirdparty/freertos/freertos-7.3.0/source/tasks.o
                0x00402588                vTaskList
 .text.vTaskSwitchContext
                0x00402658       0x90 src/ASF/thirdparty/freertos/freertos-7.3.0/source/tasks.o
                0x00402658                vTaskSwitchContext
 .text.vTaskPlaceOnEventList
                0x004026e8       0x60 src/ASF/thirdparty/freertos/freertos-7.3.0/source/tasks.o
                0x004026e8                vTaskPlaceOnEventList
 .text.vTaskPlaceOnEventListRestricted
                0x00402748       0x44 src/ASF/thirdparty/freertos/freertos-7.3.0/source/tasks.o
                0x00402748                vTaskPlaceOnEventListRestricted
 .text.xTaskRemoveFromEventList
                0x0040278c       0x84 src/ASF/thirdparty/freertos/freertos-7.3.0/source/tasks.o
                0x0040278c                xTaskRemoveFromEventList
 .text.vTaskSetTimeOutState
                0x00402810       0x28 src/ASF/thirdparty/freertos/freertos-7.3.0/source/tasks.o
                0x00402810                vTaskSetTimeOutState
 .text.xTaskCheckForTimeOut
                0x00402838       0x84 src/ASF/thirdparty/freertos/freertos-7.3.0/source/tasks.o
                0x00402838                xTaskCheckForTimeOut
 .text.vTaskMissedYield
                0x004028bc        0xc src/ASF/thirdparty/freertos/freertos-7.3.0/source/tasks.o
                0x004028bc                vTaskMissedYield
 .text.xTaskGetCurrentTaskHandle
                0x004028c8        0xc src/ASF/thirdparty/freertos/freertos-7.3.0/source/tasks.o
                0x004028c8                xTaskGetCurrentTaskHandle
 .text.xTaskGetSchedulerState
                0x004028d4       0x20 src/ASF/thirdparty/freertos/freertos-7.3.0/source/tasks.o
                0x004028d4                xTaskGetSchedulerState
 .text.vTaskPriorityInherit
                0x004028f4       0x7c src/ASF/thirdparty/freertos/freertos-7.3.0/source/tasks.o
                0x004028f4                vTaskPriorityInherit
 .text.vTaskPriorityDisinherit
                0x00402970       0x50 src/ASF/thirdparty/freertos/freertos-7.3.0/source/tasks.o
                0x00402970                vTaskPriorityDisinherit
 .text.prvInsertTimerInActiveList
                0x004029c0       0x4c src/ASF/thirdparty/freertos/freertos-7.3.0/source/timers.o
 .text.prvCheckForValidListAndQueue
                0x00402a0c       0x5c src/ASF/thirdparty/freertos/freertos-7.3.0/source/timers.o
 .text.xTimerCreateTimerTask
                0x00402a68       0x4c src/ASF/thirdparty/freertos/freertos-7.3.0/source/timers.o
                0x00402a68                xTimerCreateTimerTask
 .text.xTimerCreate
                0x00402ab4       0x50 src/ASF/thirdparty/freertos/freertos-7.3.0/source/timers.o
                0x00402ab4                xTimerCreate
 .text.xTimerGenericCommand
                0x00402b04       0x54 src/ASF/thirdparty/freertos/freertos-7.3.0/source/timers.o
                0x00402b04                xTimerGenericCommand
 .text.prvSampleTimeNow
                0x00402b58       0xb4 src/ASF/thirdparty/freertos/freertos-7.3.0/source/timers.o
 .text.prvTimerTask
                0x00402c0c      0x170 src/ASF/thirdparty/freertos/freertos-7.3.0/source/timers.o
 .text.vTimerCallback
                0x00402d7c       0x1c src/main.o
                0x00402d7c                vTimerCallback
 .text.usart_serial_getchar
                0x00402d98       0x88 src/main.o
 .text.usart_serial_putchar
                0x00402e20       0x88 src/main.o
 .text.printf_mux
                0x00402ea8       0x5c src/main.o
                0x00402ea8                printf_mux
 .text.task_led1
                0x00402f04       0x38 src/main.o
 .text.task_led0
                0x00402f3c       0x2c src/main.o
 .text.task_monitor
                0x00402f68       0x48 src/main.o
 .text.vApplicationIdleHook
                0x00402fb0        0x4 src/main.o
                0x00402fb0                vApplicationIdleHook
 .text.vApplicationTickHook
                0x00402fb4        0x4 src/main.o
                0x00402fb4                vApplicationTickHook
 .text.SPI_Handler
                0x00402fb8        0xc src/main.o
                0x00402fb8                SPI_Handler
 .text.config_lcd
                0x00402fc4       0x4c src/main.o
                0x00402fc4                config_lcd
 .text.main     0x00403010      0x1cc src/main.o
                0x00403010                main
 .text.__libc_init_array
                0x004031dc       0x50 c:/program files (x86)/atmel/atmel toolchain/arm gcc/native/4.8.1443/arm-gnu-toolchain/bin/../lib/gcc/arm-none-eabi/4.8.4/../../../../arm-none-eabi/lib/armv7-m\libc.a(lib_a-init.o)
                0x004031dc                __libc_init_array
 .text.iprintf  0x0040322c       0x28 c:/program files (x86)/atmel/atmel toolchain/arm gcc/native/4.8.1443/arm-gnu-toolchain/bin/../lib/gcc/arm-none-eabi/4.8.4/../../../../arm-none-eabi/lib/armv7-m\libc.a(lib_a-iprintf.o)
                0x0040322c                iprintf
 .text          0x00403254       0xec c:/program files (x86)/atmel/atmel toolchain/arm gcc/native/4.8.1443/arm-gnu-toolchain/bin/../lib/gcc/arm-none-eabi/4.8.4/../../../../arm-none-eabi/lib/armv7-m\libc.a(lib_a-memcpy.o)
                0x00403254                memcpy
 .text.memset   0x00403340       0x94 c:/program files (x86)/atmel/atmel toolchain/arm gcc/native/4.8.1443/arm-gnu-toolchain/bin/../lib/gcc/arm-none-eabi/4.8.4/../../../../arm-none-eabi/lib/armv7-m\libc.a(lib_a-memset.o)
                0x00403340                memset
 .text.setbuf   0x004033d4       0x10 c:/program files (x86)/atmel/atmel toolchain/arm gcc/native/4.8.1443/arm-gnu-toolchain/bin/../lib/gcc/arm-none-eabi/4.8.4/../../../../arm-none-eabi/lib/armv7-m\libc.a(lib_a-setbuf.o)
                0x004033d4                setbuf
 .text.setvbuf  0x004033e4      0x100 c:/program files (x86)/atmel/atmel toolchain/arm gcc/native/4.8.1443/arm-gnu-toolchain/bin/../lib/gcc/arm-none-eabi/4.8.4/../../../../arm-none-eabi/lib/armv7-m\libc.a(lib_a-setvbuf.o)
                0x004033e4                setvbuf
 .text.sprintf  0x004034e4       0x4c c:/program files (x86)/atmel/atmel toolchain/arm gcc/native/4.8.1443/arm-gnu-toolchain/bin/../lib/gcc/arm-none-eabi/4.8.4/../../../../arm-none-eabi/lib/armv7-m\libc.a(lib_a-sprintf.o)
                0x004034e4                sprintf
 .text.strcat   0x00403530       0x4c c:/program files (x86)/atmel/atmel toolchain/arm gcc/native/4.8.1443/arm-gnu-toolchain/bin/../lib/gcc/arm-none-eabi/4.8.4/../../../../arm-none-eabi/lib/armv7-m\libc.a(lib_a-strcat.o)
                0x00403530                strcat
 .text.strcpy   0x0040357c       0xbc c:/program files (x86)/atmel/atmel toolchain/arm gcc/native/4.8.1443/arm-gnu-toolchain/bin/../lib/gcc/arm-none-eabi/4.8.4/../../../../arm-none-eabi/lib/armv7-m\libc.a(lib_a-strcpy.o)
                0x0040357c                strcpy
 .text.strlen   0x00403638       0x60 c:/program files (x86)/atmel/atmel toolchain/arm gcc/native/4.8.1443/arm-gnu-toolchain/bin/../lib/gcc/arm-none-eabi/4.8.4/../../../../arm-none-eabi/lib/armv7-m\libc.a(lib_a-strlen.o)
                0x00403638                strlen
 .text.strncpy  0x00403698       0x64 c:/program files (x86)/atmel/atmel toolchain/arm gcc/native/4.8.1443/arm-gnu-toolchain/bin/../lib/gcc/arm-none-eabi/4.8.4/../../../../arm-none-eabi/lib/armv7-m\libc.a(lib_a-strncpy.o)
                0x00403698                strncpy
 .text._svfprintf_r
                0x004036fc     0x14e0 c:/program files (x86)/atmel/atmel toolchain/arm gcc/native/4.8.1443/arm-gnu-toolchain/bin/../lib/gcc/arm-none-eabi/4.8.4/../../../../arm-none-eabi/lib/armv7-m\libc.a(lib_a-svfprintf.o)
                0x004036fc                _svfprintf_r
 .text.__sprint_r.part.0
                0x00404bdc       0x78 c:/program files (x86)/atmel/atmel toolchain/arm gcc/native/4.8.1443/arm-gnu-toolchain/bin/../lib/gcc/arm-none-eabi/4.8.4/../../../../arm-none-eabi/lib/armv7-m\libc.a(lib_a-vfiprintf.o)
 .text.__sprint_r
                0x00404c54       0x18 c:/program files (x86)/atmel/atmel toolchain/arm gcc/native/4.8.1443/arm-gnu-toolchain/bin/../lib/gcc/arm-none-eabi/4.8.4/../../../../arm-none-eabi/lib/armv7-m\libc.a(lib_a-vfiprintf.o)
                0x00404c54                __sprint_r
 .text._vfiprintf_r
                0x00404c6c      0xc54 c:/program files (x86)/atmel/atmel toolchain/arm gcc/native/4.8.1443/arm-gnu-toolchain/bin/../lib/gcc/arm-none-eabi/4.8.4/../../../../arm-none-eabi/lib/armv7-m\libc.a(lib_a-vfiprintf.o)
                0x00404c6c                _vfiprintf_r
 .text.__sbprintf
                0x004058c0       0x7c c:/program files (x86)/atmel/atmel toolchain/arm gcc/native/4.8.1443/arm-gnu-toolchain/bin/../lib/gcc/arm-none-eabi/4.8.4/../../../../arm-none-eabi/lib/armv7-m\libc.a(lib_a-vfiprintf.o)
 .text.vprintf  0x0040593c       0x14 c:/program files (x86)/atmel/atmel toolchain/arm gcc/native/4.8.1443/arm-gnu-toolchain/bin/../lib/gcc/arm-none-eabi/4.8.4/../../../../arm-none-eabi/lib/armv7-m\libc.a(lib_a-vprintf.o)
                0x0040593c                vprintf
 .text.__swsetup_r
                0x00405950       0xc4 c:/program files (x86)/atmel/atmel toolchain/arm gcc/native/4.8.1443/arm-gnu-toolchain/bin/../lib/gcc/arm-none-eabi/4.8.4/../../../../arm-none-eabi/lib/armv7-m\libc.a(lib_a-wsetup.o)
                0x00405950                __swsetup_r
 .text.startup.register_fini
                0x00405a14       0x14 c:/program files (x86)/atmel/atmel toolchain/arm gcc/native/4.8.1443/arm-gnu-toolchain/bin/../lib/gcc/arm-none-eabi/4.8.4/../../../../arm-none-eabi/lib/armv7-m\libc.a(lib_a-__call_atexit.o)
 .text.atexit   0x00405a28        0xc c:/program files (x86)/atmel/atmel toolchain/arm gcc/native/4.8.1443/arm-gnu-toolchain/bin/../lib/gcc/arm-none-eabi/4.8.4/../../../../arm-none-eabi/lib/armv7-m\libc.a(lib_a-atexit.o)
                0x00405a28                atexit
 .text.quorem   0x00405a34      0x134 c:/program files (x86)/atmel/atmel toolchain/arm gcc/native/4.8.1443/arm-gnu-toolchain/bin/../lib/gcc/arm-none-eabi/4.8.4/../../../../arm-none-eabi/lib/armv7-m\libc.a(lib_a-dtoa.o)
 .text._dtoa_r  0x00405b68      0xe38 c:/program files (x86)/atmel/atmel toolchain/arm gcc/native/4.8.1443/arm-gnu-toolchain/bin/../lib/gcc/arm-none-eabi/4.8.4/../../../../arm-none-eabi/lib/armv7-m\libc.a(lib_a-dtoa.o)
                0x00405b68                _dtoa_r
 .text.__sflush_r
                0x004069a0      0x148 c:/program files (x86)/atmel/atmel toolchain/arm gcc/native/4.8.1443/arm-gnu-toolchain/bin/../lib/gcc/arm-none-eabi/4.8.4/../../../../arm-none-eabi/lib/armv7-m\libc.a(lib_a-fflush.o)
                0x004069a0                __sflush_r
 .text._fflush_r
                0x00406ae8       0x2c c:/program files (x86)/atmel/atmel toolchain/arm gcc/native/4.8.1443/arm-gnu-toolchain/bin/../lib/gcc/arm-none-eabi/4.8.4/../../../../arm-none-eabi/lib/armv7-m\libc.a(lib_a-fflush.o)
                0x00406ae8                _fflush_r
 .text._cleanup_r
                0x00406b14        0xc c:/program files (x86)/atmel/atmel toolchain/arm gcc/native/4.8.1443/arm-gnu-toolchain/bin/../lib/gcc/arm-none-eabi/4.8.4/../../../../arm-none-eabi/lib/armv7-m\libc.a(lib_a-findfp.o)
                0x00406b14                _cleanup_r
 .text.__sinit  0x00406b20       0xf4 c:/program files (x86)/atmel/atmel toolchain/arm gcc/native/4.8.1443/arm-gnu-toolchain/bin/../lib/gcc/arm-none-eabi/4.8.4/../../../../arm-none-eabi/lib/armv7-m\libc.a(lib_a-findfp.o)
                0x00406b20                __sinit
 .text.__sfp_lock_acquire
                0x00406c14        0x4 c:/program files (x86)/atmel/atmel toolchain/arm gcc/native/4.8.1443/arm-gnu-toolchain/bin/../lib/gcc/arm-none-eabi/4.8.4/../../../../arm-none-eabi/lib/armv7-m\libc.a(lib_a-findfp.o)
                0x00406c14                __sfp_lock_acquire
 .text.__sfp_lock_release
                0x00406c18        0x4 c:/program files (x86)/atmel/atmel toolchain/arm gcc/native/4.8.1443/arm-gnu-toolchain/bin/../lib/gcc/arm-none-eabi/4.8.4/../../../../arm-none-eabi/lib/armv7-m\libc.a(lib_a-findfp.o)
                0x00406c18                __sfp_lock_release
 .text.__libc_fini_array
                0x00406c1c       0x30 c:/program files (x86)/atmel/atmel toolchain/arm gcc/native/4.8.1443/arm-gnu-toolchain/bin/../lib/gcc/arm-none-eabi/4.8.4/../../../../arm-none-eabi/lib/armv7-m\libc.a(lib_a-fini.o)
                0x00406c1c                __libc_fini_array
 .text._fputwc_r
                0x00406c4c       0xc0 c:/program files (x86)/atmel/atmel toolchain/arm gcc/native/4.8.1443/arm-gnu-toolchain/bin/../lib/gcc/arm-none-eabi/4.8.4/../../../../arm-none-eabi/lib/armv7-m\libc.a(lib_a-fputwc.o)
                0x00406c4c                _fputwc_r
 .text._malloc_trim_r
                0x00406d0c       0x9c c:/program files (x86)/atmel/atmel toolchain/arm gcc/native/4.8.1443/arm-gnu-toolchain/bin/../lib/gcc/arm-none-eabi/4.8.4/../../../../arm-none-eabi/lib/armv7-m\libc.a(lib_a-freer.o)
                0x00406d0c                _malloc_trim_r
 .text._free_r  0x00406da8      0x198 c:/program files (x86)/atmel/atmel toolchain/arm gcc/native/4.8.1443/arm-gnu-toolchain/bin/../lib/gcc/arm-none-eabi/4.8.4/../../../../arm-none-eabi/lib/armv7-m\libc.a(lib_a-freer.o)
                0x00406da8                _free_r
 .text.__sfvwrite_r
                0x00406f40      0x318 c:/program files (x86)/atmel/atmel toolchain/arm gcc/native/4.8.1443/arm-gnu-toolchain/bin/../lib/gcc/arm-none-eabi/4.8.4/../../../../arm-none-eabi/lib/armv7-m\libc.a(lib_a-fvwrite.o)
                0x00406f40                __sfvwrite_r
 .text._fwalk   0x00407258       0x48 c:/program files (x86)/atmel/atmel toolchain/arm gcc/native/4.8.1443/arm-gnu-toolchain/bin/../lib/gcc/arm-none-eabi/4.8.4/../../../../arm-none-eabi/lib/armv7-m\libc.a(lib_a-fwalk.o)
                0x00407258                _fwalk
 .text.__locale_charset
                0x004072a0        0x8 c:/program files (x86)/atmel/atmel toolchain/arm gcc/native/4.8.1443/arm-gnu-toolchain/bin/../lib/gcc/arm-none-eabi/4.8.4/../../../../arm-none-eabi/lib/armv7-m\libc.a(lib_a-locale.o)
                0x004072a0                __locale_charset
 .text.__locale_mb_cur_max
                0x004072a8        0xc c:/program files (x86)/atmel/atmel toolchain/arm gcc/native/4.8.1443/arm-gnu-toolchain/bin/../lib/gcc/arm-none-eabi/4.8.4/../../../../arm-none-eabi/lib/armv7-m\libc.a(lib_a-locale.o)
                0x004072a8                __locale_mb_cur_max
 .text._localeconv_r
                0x004072b4        0x8 c:/program files (x86)/atmel/atmel toolchain/arm gcc/native/4.8.1443/arm-gnu-toolchain/bin/../lib/gcc/arm-none-eabi/4.8.4/../../../../arm-none-eabi/lib/armv7-m\libc.a(lib_a-locale.o)
                0x004072b4                _localeconv_r
 .text.__smakebuf_r
                0x004072bc       0xe0 c:/program files (x86)/atmel/atmel toolchain/arm gcc/native/4.8.1443/arm-gnu-toolchain/bin/../lib/gcc/arm-none-eabi/4.8.4/../../../../arm-none-eabi/lib/armv7-m\libc.a(lib_a-makebuf.o)
                0x004072bc                __smakebuf_r
 .text.malloc   0x0040739c       0x10 c:/program files (x86)/atmel/atmel toolchain/arm gcc/native/4.8.1443/arm-gnu-toolchain/bin/../lib/gcc/arm-none-eabi/4.8.4/../../../../arm-none-eabi/lib/armv7-m\libc.a(lib_a-malloc.o)
                0x0040739c                malloc
 .text._malloc_r
                0x004073ac      0x538 c:/program files (x86)/atmel/atmel toolchain/arm gcc/native/4.8.1443/arm-gnu-toolchain/bin/../lib/gcc/arm-none-eabi/4.8.4/../../../../arm-none-eabi/lib/armv7-m\libc.a(lib_a-mallocr.o)
                0x004073ac                _malloc_r
 .text.memchr   0x004078e4       0x94 c:/program files (x86)/atmel/atmel toolchain/arm gcc/native/4.8.1443/arm-gnu-toolchain/bin/../lib/gcc/arm-none-eabi/4.8.4/../../../../arm-none-eabi/lib/armv7-m\libc.a(lib_a-memchr-stub.o)
                0x004078e4                memchr
 .text.memmove  0x00407978       0xcc c:/program files (x86)/atmel/atmel toolchain/arm gcc/native/4.8.1443/arm-gnu-toolchain/bin/../lib/gcc/arm-none-eabi/4.8.4/../../../../arm-none-eabi/lib/armv7-m\libc.a(lib_a-memmove.o)
                0x00407978                memmove
 .text.__malloc_lock
                0x00407a44        0x4 c:/program files (x86)/atmel/atmel toolchain/arm gcc/native/4.8.1443/arm-gnu-toolchain/bin/../lib/gcc/arm-none-eabi/4.8.4/../../../../arm-none-eabi/lib/armv7-m\libc.a(lib_a-mlock.o)
                0x00407a44                __malloc_lock
 .text.__malloc_unlock
                0x00407a48        0x4 c:/program files (x86)/atmel/atmel toolchain/arm gcc/native/4.8.1443/arm-gnu-toolchain/bin/../lib/gcc/arm-none-eabi/4.8.4/../../../../arm-none-eabi/lib/armv7-m\libc.a(lib_a-mlock.o)
                0x00407a48                __malloc_unlock
 .text._Balloc  0x00407a4c       0x4c c:/program files (x86)/atmel/atmel toolchain/arm gcc/native/4.8.1443/arm-gnu-toolchain/bin/../lib/gcc/arm-none-eabi/4.8.4/../../../../arm-none-eabi/lib/armv7-m\libc.a(lib_a-mprec.o)
                0x00407a4c                _Balloc
 .text._Bfree   0x00407a98       0x14 c:/program files (x86)/atmel/atmel toolchain/arm gcc/native/4.8.1443/arm-gnu-toolchain/bin/../lib/gcc/arm-none-eabi/4.8.4/../../../../arm-none-eabi/lib/armv7-m\libc.a(lib_a-mprec.o)
                0x00407a98                _Bfree
 .text.__multadd
                0x00407aac       0x94 c:/program files (x86)/atmel/atmel toolchain/arm gcc/native/4.8.1443/arm-gnu-toolchain/bin/../lib/gcc/arm-none-eabi/4.8.4/../../../../arm-none-eabi/lib/armv7-m\libc.a(lib_a-mprec.o)
                0x00407aac                __multadd
 .text.__hi0bits
                0x00407b40       0x40 c:/program files (x86)/atmel/atmel toolchain/arm gcc/native/4.8.1443/arm-gnu-toolchain/bin/../lib/gcc/arm-none-eabi/4.8.4/../../../../arm-none-eabi/lib/armv7-m\libc.a(lib_a-mprec.o)
                0x00407b40                __hi0bits
 .text.__lo0bits
                0x00407b80       0x5c c:/program files (x86)/atmel/atmel toolchain/arm gcc/native/4.8.1443/arm-gnu-toolchain/bin/../lib/gcc/arm-none-eabi/4.8.4/../../../../arm-none-eabi/lib/armv7-m\libc.a(lib_a-mprec.o)
                0x00407b80                __lo0bits
 .text.__i2b    0x00407bdc       0x14 c:/program files (x86)/atmel/atmel toolchain/arm gcc/native/4.8.1443/arm-gnu-toolchain/bin/../lib/gcc/arm-none-eabi/4.8.4/../../../../arm-none-eabi/lib/armv7-m\libc.a(lib_a-mprec.o)
                0x00407bdc                __i2b
 .text.__multiply
                0x00407bf0      0x13c c:/program files (x86)/atmel/atmel toolchain/arm gcc/native/4.8.1443/arm-gnu-toolchain/bin/../lib/gcc/arm-none-eabi/4.8.4/../../../../arm-none-eabi/lib/armv7-m\libc.a(lib_a-mprec.o)
                0x00407bf0                __multiply
 .text.__pow5mult
                0x00407d2c       0x9c c:/program files (x86)/atmel/atmel toolchain/arm gcc/native/4.8.1443/arm-gnu-toolchain/bin/../lib/gcc/arm-none-eabi/4.8.4/../../../../arm-none-eabi/lib/armv7-m\libc.a(lib_a-mprec.o)
                0x00407d2c                __pow5mult
 .text.__lshift
                0x00407dc8       0xbc c:/program files (x86)/atmel/atmel toolchain/arm gcc/native/4.8.1443/arm-gnu-toolchain/bin/../lib/gcc/arm-none-eabi/4.8.4/../../../../arm-none-eabi/lib/armv7-m\libc.a(lib_a-mprec.o)
                0x00407dc8                __lshift
 .text.__mcmp   0x00407e84       0x48 c:/program files (x86)/atmel/atmel toolchain/arm gcc/native/4.8.1443/arm-gnu-toolchain/bin/../lib/gcc/arm-none-eabi/4.8.4/../../../../arm-none-eabi/lib/armv7-m\libc.a(lib_a-mprec.o)
                0x00407e84                __mcmp
 .text.__mdiff  0x00407ecc       0xd8 c:/program files (x86)/atmel/atmel toolchain/arm gcc/native/4.8.1443/arm-gnu-toolchain/bin/../lib/gcc/arm-none-eabi/4.8.4/../../../../arm-none-eabi/lib/armv7-m\libc.a(lib_a-mprec.o)
                0x00407ecc                __mdiff
 .text.__d2b    0x00407fa4       0xbc c:/program files (x86)/atmel/atmel toolchain/arm gcc/native/4.8.1443/arm-gnu-toolchain/bin/../lib/gcc/arm-none-eabi/4.8.4/../../../../arm-none-eabi/lib/armv7-m\libc.a(lib_a-mprec.o)
                0x00407fa4                __d2b
 .text._realloc_r
                0x00408060      0x3c0 c:/program files (x86)/atmel/atmel toolchain/arm gcc/native/4.8.1443/arm-gnu-toolchain/bin/../lib/gcc/arm-none-eabi/4.8.4/../../../../arm-none-eabi/lib/armv7-m\libc.a(lib_a-reallocr.o)
                0x00408060                _realloc_r
 .text.__fpclassifyd
                0x00408420       0x50 c:/program files (x86)/atmel/atmel toolchain/arm gcc/native/4.8.1443/arm-gnu-toolchain/bin/../lib/gcc/arm-none-eabi/4.8.4/../../../../arm-none-eabi/lib/armv7-m\libc.a(lib_a-s_fpclassify.o)
                0x00408420                __fpclassifyd
 .text._sbrk_r  0x00408470       0x24 c:/program files (x86)/atmel/atmel toolchain/arm gcc/native/4.8.1443/arm-gnu-toolchain/bin/../lib/gcc/arm-none-eabi/4.8.4/../../../../arm-none-eabi/lib/armv7-m\libc.a(lib_a-sbrkr.o)
                0x00408470                _sbrk_r
 .text.__sread  0x00408494       0x24 c:/program files (x86)/atmel/atmel toolchain/arm gcc/native/4.8.1443/arm-gnu-toolchain/bin/../lib/gcc/arm-none-eabi/4.8.4/../../../../arm-none-eabi/lib/armv7-m\libc.a(lib_a-stdio.o)
                0x00408494                __sread
 .text.__swrite
                0x004084b8       0x38 c:/program files (x86)/atmel/atmel toolchain/arm gcc/native/4.8.1443/arm-gnu-toolchain/bin/../lib/gcc/arm-none-eabi/4.8.4/../../../../arm-none-eabi/lib/armv7-m\libc.a(lib_a-stdio.o)
                0x004084b8                __swrite
 .text.__sseek  0x004084f0       0x20 c:/program files (x86)/atmel/atmel toolchain/arm gcc/native/4.8.1443/arm-gnu-toolchain/bin/../lib/gcc/arm-none-eabi/4.8.4/../../../../arm-none-eabi/lib/armv7-m\libc.a(lib_a-stdio.o)
                0x004084f0                __sseek
 .text.__sclose
                0x00408510        0x8 c:/program files (x86)/atmel/atmel toolchain/arm gcc/native/4.8.1443/arm-gnu-toolchain/bin/../lib/gcc/arm-none-eabi/4.8.4/../../../../arm-none-eabi/lib/armv7-m\libc.a(lib_a-stdio.o)
                0x00408510                __sclose
 .text.__ssprint_r
                0x00408518      0x100 c:/program files (x86)/atmel/atmel toolchain/arm gcc/native/4.8.1443/arm-gnu-toolchain/bin/../lib/gcc/arm-none-eabi/4.8.4/../../../../arm-none-eabi/lib/armv7-m\libc.a(lib_a-svfiprintf.o)
                0x00408518                __ssprint_r
 .text._vfprintf_r
                0x00408618     0x1524 c:/program files (x86)/atmel/atmel toolchain/arm gcc/native/4.8.1443/arm-gnu-toolchain/bin/../lib/gcc/arm-none-eabi/4.8.4/../../../../arm-none-eabi/lib/armv7-m\libc.a(lib_a-vfprintf.o)
                0x00408618                _vfprintf_r
 .text.__sbprintf
                0x00409b3c       0x7c c:/program files (x86)/atmel/atmel toolchain/arm gcc/native/4.8.1443/arm-gnu-toolchain/bin/../lib/gcc/arm-none-eabi/4.8.4/../../../../arm-none-eabi/lib/armv7-m\libc.a(lib_a-vfprintf.o)
 .text.__swbuf_r
                0x00409bb8       0xa8 c:/program files (x86)/atmel/atmel toolchain/arm gcc/native/4.8.1443/arm-gnu-toolchain/bin/../lib/gcc/arm-none-eabi/4.8.4/../../../../arm-none-eabi/lib/armv7-m\libc.a(lib_a-wbuf.o)
                0x00409bb8                __swbuf_r
 .text._wcrtomb_r
                0x00409c60       0x50 c:/program files (x86)/atmel/atmel toolchain/arm gcc/native/4.8.1443/arm-gnu-toolchain/bin/../lib/gcc/arm-none-eabi/4.8.4/../../../../arm-none-eabi/lib/armv7-m\libc.a(lib_a-wcrtomb.o)
                0x00409c60                _wcrtomb_r
 .text.__ascii_wctomb
                0x00409cb0       0x1c c:/program files (x86)/atmel/atmel toolchain/arm gcc/native/4.8.1443/arm-gnu-toolchain/bin/../lib/gcc/arm-none-eabi/4.8.4/../../../../arm-none-eabi/lib/armv7-m\libc.a(lib_a-wctomb_r.o)
                0x00409cb0                __ascii_wctomb
 .text._write_r
                0x00409ccc       0x28 c:/program files (x86)/atmel/atmel toolchain/arm gcc/native/4.8.1443/arm-gnu-toolchain/bin/../lib/gcc/arm-none-eabi/4.8.4/../../../../arm-none-eabi/lib/armv7-m\libc.a(lib_a-writer.o)
                0x00409ccc                _write_r
 .text.__register_exitproc
                0x00409cf4       0xa8 c:/program files (x86)/atmel/atmel toolchain/arm gcc/native/4.8.1443/arm-gnu-toolchain/bin/../lib/gcc/arm-none-eabi/4.8.4/../../../../arm-none-eabi/lib/armv7-m\libc.a(lib_a-__atexit.o)
                0x00409cf4                __register_exitproc
 .text._calloc_r
                0x00409d9c       0x60 c:/program files (x86)/atmel/atmel toolchain/arm gcc/native/4.8.1443/arm-gnu-toolchain/bin/../lib/gcc/arm-none-eabi/4.8.4/../../../../arm-none-eabi/lib/armv7-m\libc.a(lib_a-callocr.o)
                0x00409d9c                _calloc_r
 .text._close_r
                0x00409dfc       0x24 c:/program files (x86)/atmel/atmel toolchain/arm gcc/native/4.8.1443/arm-gnu-toolchain/bin/../lib/gcc/arm-none-eabi/4.8.4/../../../../arm-none-eabi/lib/armv7-m\libc.a(lib_a-closer.o)
                0x00409dfc                _close_r
 .text._fclose_r
                0x00409e20       0x80 c:/program files (x86)/atmel/atmel toolchain/arm gcc/native/4.8.1443/arm-gnu-toolchain/bin/../lib/gcc/arm-none-eabi/4.8.4/../../../../arm-none-eabi/lib/armv7-m\libc.a(lib_a-fclose.o)
                0x00409e20                _fclose_r
 .text.fclose   0x00409ea0       0x10 c:/program files (x86)/atmel/atmel toolchain/arm gcc/native/4.8.1443/arm-gnu-toolchain/bin/../lib/gcc/arm-none-eabi/4.8.4/../../../../arm-none-eabi/lib/armv7-m\libc.a(lib_a-fclose.o)
                0x00409ea0                fclose
 .text._fstat_r
                0x00409eb0       0x28 c:/program files (x86)/atmel/atmel toolchain/arm gcc/native/4.8.1443/arm-gnu-toolchain/bin/../lib/gcc/arm-none-eabi/4.8.4/../../../../arm-none-eabi/lib/armv7-m\libc.a(lib_a-fstatr.o)
                0x00409eb0                _fstat_r
 .text._isatty_r
                0x00409ed8       0x24 c:/program files (x86)/atmel/atmel toolchain/arm gcc/native/4.8.1443/arm-gnu-toolchain/bin/../lib/gcc/arm-none-eabi/4.8.4/../../../../arm-none-eabi/lib/armv7-m\libc.a(lib_a-isattyr.o)
                0x00409ed8                _isatty_r
 .text._lseek_r
                0x00409efc       0x28 c:/program files (x86)/atmel/atmel toolchain/arm gcc/native/4.8.1443/arm-gnu-toolchain/bin/../lib/gcc/arm-none-eabi/4.8.4/../../../../arm-none-eabi/lib/armv7-m\libc.a(lib_a-lseekr.o)
                0x00409efc                _lseek_r
 .text._read_r  0x00409f24       0x28 c:/program files (x86)/atmel/atmel toolchain/arm gcc/native/4.8.1443/arm-gnu-toolchain/bin/../lib/gcc/arm-none-eabi/4.8.4/../../../../arm-none-eabi/lib/armv7-m\libc.a(lib_a-readr.o)
                0x00409f24                _read_r
 .text          0x00409f4c      0x370 c:/program files (x86)/atmel/atmel toolchain/arm gcc/native/4.8.1443/arm-gnu-toolchain/bin/../lib/gcc/arm-none-eabi/4.8.4/armv7-m\libgcc.a(_arm_addsubdf3.o)
                0x00409f4c                __aeabi_drsub
                0x00409f54                __aeabi_dsub
                0x00409f54                __subdf3
                0x00409f58                __aeabi_dadd
                0x00409f58                __adddf3
                0x0040a1d0                __floatunsidf
                0x0040a1d0                __aeabi_ui2d
                0x0040a1f0                __floatsidf
                0x0040a1f0                __aeabi_i2d
                0x0040a214                __aeabi_f2d
                0x0040a214                __extendsfdf2
                0x0040a250                __floatundidf
                0x0040a250                __aeabi_ul2d
                0x0040a260                __floatdidf
                0x0040a260                __aeabi_l2d
 .text          0x0040a2bc      0x424 c:/program files (x86)/atmel/atmel toolchain/arm gcc/native/4.8.1443/arm-gnu-toolchain/bin/../lib/gcc/arm-none-eabi/4.8.4/armv7-m\libgcc.a(_arm_muldivdf3.o)
                0x0040a2bc                __aeabi_dmul
                0x0040a2bc                __muldf3
                0x0040a510                __divdf3
                0x0040a510                __aeabi_ddiv
 .text          0x0040a6e0      0x110 c:/program files (x86)/atmel/atmel toolchain/arm gcc/native/4.8.1443/arm-gnu-toolchain/bin/../lib/gcc/arm-none-eabi/4.8.4/armv7-m\libgcc.a(_arm_cmpdf2.o)
                0x0040a6e0                __gtdf2
                0x0040a6e0                __gedf2
                0x0040a6e8                __ltdf2
                0x0040a6e8                __ledf2
                0x0040a6f0                __nedf2
                0x0040a6f0                __eqdf2
                0x0040a6f0                __cmpdf2
                0x0040a76c                __aeabi_cdrcmple
                0x0040a77c                __aeabi_cdcmpeq
                0x0040a77c                __aeabi_cdcmple
                0x0040a78c                __aeabi_dcmpeq
                0x0040a7a0                __aeabi_dcmplt
                0x0040a7b4                __aeabi_dcmple
                0x0040a7c8                __aeabi_dcmpge
                0x0040a7dc                __aeabi_dcmpgt
 .text          0x0040a7f0       0x50 c:/program files (x86)/atmel/atmel toolchain/arm gcc/native/4.8.1443/arm-gnu-toolchain/bin/../lib/gcc/arm-none-eabi/4.8.4/armv7-m\libgcc.a(_arm_fixdfsi.o)
                0x0040a7f0                __aeabi_d2iz
                0x0040a7f0                __fixdfsi
 .text          0x0040a840       0x2c c:/program files (x86)/atmel/atmel toolchain/arm gcc/native/4.8.1443/arm-gnu-toolchain/bin/../lib/gcc/arm-none-eabi/4.8.4/armv7-m\libgcc.a(_aeabi_uldivmod.o)
                0x0040a840                __aeabi_uldivmod
 .text          0x0040a86c       0x60 c:/program files (x86)/atmel/atmel toolchain/arm gcc/native/4.8.1443/arm-gnu-toolchain/bin/../lib/gcc/arm-none-eabi/4.8.4/armv7-m\libgcc.a(bpabi.o)
                0x0040a86c                __gnu_ldivmod_helper
                0x0040a89c                __gnu_uldivmod_helper
 .text          0x0040a8cc        0x4 c:/program files (x86)/atmel/atmel toolchain/arm gcc/native/4.8.1443/arm-gnu-toolchain/bin/../lib/gcc/arm-none-eabi/4.8.4/armv7-m\libgcc.a(_dvmd_tls.o)
                0x0040a8cc                __aeabi_idiv0
                0x0040a8cc                __aeabi_ldiv0
 .text          0x0040a8d0      0x2a0 c:/program files (x86)/atmel/atmel toolchain/arm gcc/native/4.8.1443/arm-gnu-toolchain/bin/../lib/gcc/arm-none-eabi/4.8.4/armv7-m\libgcc.a(_divdi3.o)
                0x0040a8d0                __divdi3
 .text          0x0040ab70      0x290 c:/program files (x86)/atmel/atmel toolchain/arm gcc/native/4.8.1443/arm-gnu-toolchain/bin/../lib/gcc/arm-none-eabi/4.8.4/armv7-m\libgcc.a(_udivdi3.o)
                0x0040ab70                __udivdi3
 *(.glue_7t)
 .glue_7t       0x00000000        0x0 linker stubs
 *(.glue_7)
 .glue_7        0x00000000        0x0 linker stubs
 *(.rodata .rodata* .gnu.linkonce.r.*)
 .rodata.all_twi_definitions
                0x0040ae00       0x10 src/ASF/common/services/freertos/sam/freertos_twi_master.o
 .rodata.all_uart_definitions
                0x0040ae10       0x10 src/ASF/common/services/freertos/sam/freertos_uart_serial.o
 .rodata.p_uc_charset10x14
                0x0040ae20      0x780 src/ASF/sam/components/display/ili9225/ili9225.o
                0x0040ae20                p_uc_charset10x14
 .rodata.str1.4
                0x0040b5a0       0x19 src/ASF/thirdparty/freertos/freertos-7.3.0/source/tasks.o
                                 0x20 (size before relaxing)
 *fill*         0x0040b5b9        0x3 
 .rodata.str1.4
                0x0040b5bc        0x8 src/ASF/thirdparty/freertos/freertos-7.3.0/source/timers.o
 .rodata.str1.4
                0x0040b5c4       0xde src/main.o
                                 0xe4 (size before relaxing)
 *fill*         0x0040b6a2        0x2 
 .rodata.str1.4
                0x0040b6a4        0x2 c:/program files (x86)/atmel/atmel toolchain/arm gcc/native/4.8.1443/arm-gnu-toolchain/bin/../lib/gcc/arm-none-eabi/4.8.4/../../../../arm-none-eabi/lib/armv7-m\libc.a(lib_a-impure.o)
                                  0x4 (size before relaxing)
 *fill*         0x0040b6a6        0x2 
 .rodata._global_impure_ptr
                0x0040b6a8        0x4 c:/program files (x86)/atmel/atmel toolchain/arm gcc/native/4.8.1443/arm-gnu-toolchain/bin/../lib/gcc/arm-none-eabi/4.8.4/../../../../arm-none-eabi/lib/armv7-m\libc.a(lib_a-impure.o)
                0x0040b6a8                _global_impure_ptr
 .rodata.zeroes.6763
                0x0040b6ac       0x10 c:/program files (x86)/atmel/atmel toolchain/arm gcc/native/4.8.1443/arm-gnu-toolchain/bin/../lib/gcc/arm-none-eabi/4.8.4/../../../../arm-none-eabi/lib/armv7-m\libc.a(lib_a-svfprintf.o)
 .rodata.str1.4
                0x0040b6bc       0x42 c:/program files (x86)/atmel/atmel toolchain/arm gcc/native/4.8.1443/arm-gnu-toolchain/bin/../lib/gcc/arm-none-eabi/4.8.4/../../../../arm-none-eabi/lib/armv7-m\libc.a(lib_a-svfprintf.o)
                                 0x44 (size before relaxing)
 *fill*         0x0040b6fe        0x2 
 .rodata.blanks.6762
                0x0040b700       0x10 c:/program files (x86)/atmel/atmel toolchain/arm gcc/native/4.8.1443/arm-gnu-toolchain/bin/../lib/gcc/arm-none-eabi/4.8.4/../../../../arm-none-eabi/lib/armv7-m\libc.a(lib_a-svfprintf.o)
 .rodata.str1.4
                0x00000000       0x30 c:/program files (x86)/atmel/atmel toolchain/arm gcc/native/4.8.1443/arm-gnu-toolchain/bin/../lib/gcc/arm-none-eabi/4.8.4/../../../../arm-none-eabi/lib/armv7-m\libc.a(lib_a-vfiprintf.o)
 .rodata.zeroes.6721
                0x0040b710       0x10 c:/program files (x86)/atmel/atmel toolchain/arm gcc/native/4.8.1443/arm-gnu-toolchain/bin/../lib/gcc/arm-none-eabi/4.8.4/../../../../arm-none-eabi/lib/armv7-m\libc.a(lib_a-vfiprintf.o)
 .rodata.blanks.6720
                0x0040b720       0x10 c:/program files (x86)/atmel/atmel toolchain/arm gcc/native/4.8.1443/arm-gnu-toolchain/bin/../lib/gcc/arm-none-eabi/4.8.4/../../../../arm-none-eabi/lib/armv7-m\libc.a(lib_a-vfiprintf.o)
 .rodata.str1.4
                0x0040b730       0x10 c:/program files (x86)/atmel/atmel toolchain/arm gcc/native/4.8.1443/arm-gnu-toolchain/bin/../lib/gcc/arm-none-eabi/4.8.4/../../../../arm-none-eabi/lib/armv7-m\libc.a(lib_a-dtoa.o)
                                 0x14 (size before relaxing)
 .rodata.str1.4
                0x0040b740        0xc c:/program files (x86)/atmel/atmel toolchain/arm gcc/native/4.8.1443/arm-gnu-toolchain/bin/../lib/gcc/arm-none-eabi/4.8.4/../../../../arm-none-eabi/lib/armv7-m\libc.a(lib_a-locale.o)
                                 0x14 (size before relaxing)
 *fill*         0x0040b74c        0x4 
 .rodata.__mprec_tens
                0x0040b750       0xc8 c:/program files (x86)/atmel/atmel toolchain/arm gcc/native/4.8.1443/arm-gnu-toolchain/bin/../lib/gcc/arm-none-eabi/4.8.4/../../../../arm-none-eabi/lib/armv7-m\libc.a(lib_a-mprec.o)
                0x0040b750                __mprec_tens
 .rodata.__mprec_bigtens
                0x0040b818       0x28 c:/program files (x86)/atmel/atmel toolchain/arm gcc/native/4.8.1443/arm-gnu-toolchain/bin/../lib/gcc/arm-none-eabi/4.8.4/../../../../arm-none-eabi/lib/armv7-m\libc.a(lib_a-mprec.o)
                0x0040b818                __mprec_bigtens
 .rodata.p05.5269
                0x0040b840        0xc c:/program files (x86)/atmel/atmel toolchain/arm gcc/native/4.8.1443/arm-gnu-toolchain/bin/../lib/gcc/arm-none-eabi/4.8.4/../../../../arm-none-eabi/lib/armv7-m\libc.a(lib_a-mprec.o)
 .rodata.blanks.6777
                0x0040b84c       0x10 c:/program files (x86)/atmel/atmel toolchain/arm gcc/native/4.8.1443/arm-gnu-toolchain/bin/../lib/gcc/arm-none-eabi/4.8.4/../../../../arm-none-eabi/lib/armv7-m\libc.a(lib_a-vfprintf.o)
 .rodata.str1.4
                0x00000000       0x44 c:/program files (x86)/atmel/atmel toolchain/arm gcc/native/4.8.1443/arm-gnu-toolchain/bin/../lib/gcc/arm-none-eabi/4.8.4/../../../../arm-none-eabi/lib/armv7-m\libc.a(lib_a-vfprintf.o)
 .rodata.zeroes.6778
                0x0040b85c       0x10 c:/program files (x86)/atmel/atmel toolchain/arm gcc/native/4.8.1443/arm-gnu-toolchain/bin/../lib/gcc/arm-none-eabi/4.8.4/../../../../arm-none-eabi/lib/armv7-m\libc.a(lib_a-vfprintf.o)
 *(.ARM.extab* .gnu.linkonce.armextab.*)
                0x0040b86c                . = ALIGN (0x4)
 *(.init)
 .init          0x0040b86c        0x4 c:/program files (x86)/atmel/atmel toolchain/arm gcc/native/4.8.1443/arm-gnu-toolchain/bin/../lib/gcc/arm-none-eabi/4.8.4/armv7-m/crti.o
                0x0040b86c                _init
 .init          0x0040b870        0x8 c:/program files (x86)/atmel/atmel toolchain/arm gcc/native/4.8.1443/arm-gnu-toolchain/bin/../lib/gcc/arm-none-eabi/4.8.4/armv7-m/crtn.o
                0x0040b878                . = ALIGN (0x4)
                0x0040b878                __preinit_array_start = .
 *(.preinit_array)
                0x0040b878                __preinit_array_end = .
                0x0040b878                . = ALIGN (0x4)
                0x0040b878                __init_array_start = .
 *(SORT(.init_array.*))
 .init_array.00000
                0x0040b878        0x4 c:/program files (x86)/atmel/atmel toolchain/arm gcc/native/4.8.1443/arm-gnu-toolchain/bin/../lib/gcc/arm-none-eabi/4.8.4/../../../../arm-none-eabi/lib/armv7-m\libc.a(lib_a-__call_atexit.o)
 *(.init_array)
 .init_array    0x0040b87c        0x4 c:/program files (x86)/atmel/atmel toolchain/arm gcc/native/4.8.1443/arm-gnu-toolchain/bin/../lib/gcc/arm-none-eabi/4.8.4/armv7-m/crtbegin.o
                0x0040b880                __init_array_end = .
                0x0040b880                . = ALIGN (0x4)
 *crtbegin.o(.ctors)
 *(EXCLUDE_FILE(*crtend.o) .ctors)
 *(SORT(.ctors.*))
 *crtend.o(.ctors)
                0x0040b880                . = ALIGN (0x4)
 *(.fini)
 .fini          0x0040b880        0x4 c:/program files (x86)/atmel/atmel toolchain/arm gcc/native/4.8.1443/arm-gnu-toolchain/bin/../lib/gcc/arm-none-eabi/4.8.4/armv7-m/crti.o
                0x0040b880                _fini
 .fini          0x0040b884        0x8 c:/program files (x86)/atmel/atmel toolchain/arm gcc/native/4.8.1443/arm-gnu-toolchain/bin/../lib/gcc/arm-none-eabi/4.8.4/armv7-m/crtn.o
                0x0040b88c                . = ALIGN (0x4)
                0x0040b88c                __fini_array_start = .
 *(.fini_array)
 .fini_array    0x0040b88c        0x4 c:/program files (x86)/atmel/atmel toolchain/arm gcc/native/4.8.1443/arm-gnu-toolchain/bin/../lib/gcc/arm-none-eabi/4.8.4/armv7-m/crtbegin.o
 *(SORT(.fini_array.*))
                0x0040b890                __fini_array_end = .
 *crtbegin.o(.dtors)
 *(EXCLUDE_FILE(*crtend.o) .dtors)
 *(SORT(.dtors.*))
 *crtend.o(.dtors)
                0x0040b890                . = ALIGN (0x4)
                0x0040b890                _efixed = .
                0x0040b890                PROVIDE (__exidx_start, .)

.vfp11_veneer   0x0040b890        0x0
 .vfp11_veneer  0x00000000        0x0 linker stubs

.v4_bx          0x0040b890        0x0
 .v4_bx         0x00000000        0x0 linker stubs

.iplt           0x0040b890        0x0
 .iplt          0x00000000        0x0 c:/program files (x86)/atmel/atmel toolchain/arm gcc/native/4.8.1443/arm-gnu-toolchain/bin/../lib/gcc/arm-none-eabi/4.8.4/armv7-m/crtbegin.o

.ARM.exidx      0x0040b890        0x8
 *(.ARM.exidx* .gnu.linkonce.armexidx.*)
 .ARM.exidx     0x0040b890        0x8 c:/program files (x86)/atmel/atmel toolchain/arm gcc/native/4.8.1443/arm-gnu-toolchain/bin/../lib/gcc/arm-none-eabi/4.8.4/armv7-m\libgcc.a(_divdi3.o)
 .ARM.exidx     0x0040b898        0x0 c:/program files (x86)/atmel/atmel toolchain/arm gcc/native/4.8.1443/arm-gnu-toolchain/bin/../lib/gcc/arm-none-eabi/4.8.4/armv7-m\libgcc.a(_udivdi3.o)
                                  0x8 (size before relaxing)
                0x0040b898                PROVIDE (__exidx_end, .)

.eh_frame       0x0040b898        0x0
 .eh_frame      0x0040b898        0x0 c:/program files (x86)/atmel/atmel toolchain/arm gcc/native/4.8.1443/arm-gnu-toolchain/bin/../lib/gcc/arm-none-eabi/4.8.4/armv7-m/crtbegin.o

.rel.dyn        0x0040b898        0x0
 .rel.iplt      0x00000000        0x0 c:/program files (x86)/atmel/atmel toolchain/arm gcc/native/4.8.1443/arm-gnu-toolchain/bin/../lib/gcc/arm-none-eabi/4.8.4/armv7-m/crtbegin.o

.jcr            0x0040b898        0x0
 .jcr           0x0040b898        0x0 c:/program files (x86)/atmel/atmel toolchain/arm gcc/native/4.8.1443/arm-gnu-toolchain/bin/../lib/gcc/arm-none-eabi/4.8.4/armv7-m/crtbegin.o

.igot.plt       0x0040b898        0x0
 .igot.plt      0x00000000        0x0 c:/program files (x86)/atmel/atmel toolchain/arm gcc/native/4.8.1443/arm-gnu-toolchain/bin/../lib/gcc/arm-none-eabi/4.8.4/armv7-m/crtbegin.o
                0x0040b898                . = ALIGN (0x4)
                0x0040b898                _etext = .

.relocate       0x20000000      0x994 load address 0x0040b898
                0x20000000                . = ALIGN (0x4)
                0x20000000                _srelocate = .
 *(.ramfunc .ramfunc.*)
 .ramfunc       0x20000000       0xe4 src/ASF/sam/utils/cmsis/sam3n/source/templates/system_sam3n.o
                0x20000000                SystemInit
                0x200000a0                system_init_flash
 *(.data .data.*)
 .data.SystemCoreClock
                0x200000e4        0x4 src/ASF/sam/utils/cmsis/sam3n/source/templates/system_sam3n.o
                0x200000e4                SystemCoreClock
 .data.uxCriticalNesting
                0x200000e8        0x4 src/ASF/thirdparty/freertos/freertos-7.3.0/source/portable/gcc/sam/port.o
 .data.xFreeBytesRemaining
                0x200000ec        0x4 src/ASF/thirdparty/freertos/freertos-7.3.0/source/portable/memmang/heap_4.o
 .data.xNextTaskUnblockTime
                0x200000f0        0x4 src/ASF/thirdparty/freertos/freertos-7.3.0/source/tasks.o
 *fill*         0x200000f4        0x4 
 .data.impure_data
                0x200000f8      0x428 c:/program files (x86)/atmel/atmel toolchain/arm gcc/native/4.8.1443/arm-gnu-toolchain/bin/../lib/gcc/arm-none-eabi/4.8.4/../../../../arm-none-eabi/lib/armv7-m\libc.a(lib_a-impure.o)
 .data._impure_ptr
                0x20000520        0x4 c:/program files (x86)/atmel/atmel toolchain/arm gcc/native/4.8.1443/arm-gnu-toolchain/bin/../lib/gcc/arm-none-eabi/4.8.4/../../../../arm-none-eabi/lib/armv7-m\libc.a(lib_a-impure.o)
                0x20000520                _impure_ptr
 .data.lconv    0x20000524       0x38 c:/program files (x86)/atmel/atmel toolchain/arm gcc/native/4.8.1443/arm-gnu-toolchain/bin/../lib/gcc/arm-none-eabi/4.8.4/../../../../arm-none-eabi/lib/armv7-m\libc.a(lib_a-locale.o)
 .data.lc_ctype_charset
                0x2000055c       0x20 c:/program files (x86)/atmel/atmel toolchain/arm gcc/native/4.8.1443/arm-gnu-toolchain/bin/../lib/gcc/arm-none-eabi/4.8.4/../../../../arm-none-eabi/lib/armv7-m\libc.a(lib_a-locale.o)
 .data.__mb_cur_max
                0x2000057c        0x4 c:/program files (x86)/atmel/atmel toolchain/arm gcc/native/4.8.1443/arm-gnu-toolchain/bin/../lib/gcc/arm-none-eabi/4.8.4/../../../../arm-none-eabi/lib/armv7-m\libc.a(lib_a-locale.o)
                0x2000057c                __mb_cur_max
 .data.__malloc_av_
                0x20000580      0x408 c:/program files (x86)/atmel/atmel toolchain/arm gcc/native/4.8.1443/arm-gnu-toolchain/bin/../lib/gcc/arm-none-eabi/4.8.4/../../../../arm-none-eabi/lib/armv7-m\libc.a(lib_a-mallocr.o)
                0x20000580                __malloc_av_
 .data.__malloc_trim_threshold
                0x20000988        0x4 c:/program files (x86)/atmel/atmel toolchain/arm gcc/native/4.8.1443/arm-gnu-toolchain/bin/../lib/gcc/arm-none-eabi/4.8.4/../../../../arm-none-eabi/lib/armv7-m\libc.a(lib_a-mallocr.o)
                0x20000988                __malloc_trim_threshold
 .data.__malloc_sbrk_base
                0x2000098c        0x4 c:/program files (x86)/atmel/atmel toolchain/arm gcc/native/4.8.1443/arm-gnu-toolchain/bin/../lib/gcc/arm-none-eabi/4.8.4/../../../../arm-none-eabi/lib/armv7-m\libc.a(lib_a-mallocr.o)
                0x2000098c                __malloc_sbrk_base
 .data.__wctomb
                0x20000990        0x4 c:/program files (x86)/atmel/atmel toolchain/arm gcc/native/4.8.1443/arm-gnu-toolchain/bin/../lib/gcc/arm-none-eabi/4.8.4/../../../../arm-none-eabi/lib/armv7-m\libc.a(lib_a-wctomb_r.o)
                0x20000990                __wctomb
                0x20000994                . = ALIGN (0x4)
                0x20000994                _erelocate = .

.bss            0x20000998     0x2ea4 load address 0x0040c230
                0x20000998                . = ALIGN (0x4)
                0x20000998                _sbss = .
                0x20000998                _szero = .
 *(.bss .bss.*)
 .bss           0x20000998       0x1c c:/program files (x86)/atmel/atmel toolchain/arm gcc/native/4.8.1443/arm-gnu-toolchain/bin/../lib/gcc/arm-none-eabi/4.8.4/armv7-m/crtbegin.o
 .bss.rx_dma_control
                0x200009b4        0x8 src/ASF/common/services/freertos/sam/freertos_twi_master.o
 .bss.twis      0x200009bc        0x8 src/ASF/common/services/freertos/sam/freertos_twi_master.o
 .bss.tx_dma_control
                0x200009c4        0x8 src/ASF/common/services/freertos/sam/freertos_twi_master.o
 .bss.rx_buffer_definitions
                0x200009cc       0x1c src/ASF/common/services/freertos/sam/freertos_uart_serial.o
 .bss.tx_dma_control
                0x200009e8        0x8 src/ASF/common/services/freertos/sam/freertos_uart_serial.o
 .bss.g_ul_pixel_cache
                0x200009f0      0x160 src/ASF/sam/components/display/ili9225/ili9225.o
 .bss.g_by_transfend_flag
                0x20000b50        0x1 src/ASF/sam/components/display/ili9225/ili9225.o
 *fill*         0x20000b51        0x3 
 .bss.gs_interrupt_sources
                0x20000b54       0x70 src/ASF/sam/drivers/pio/pio_handler.o
 .bss.heap.5098
                0x20000bc4        0x4 src/ASF/sam/utils/syscalls/gcc/syscalls.o
 .bss.xHeap     0x20000bc8     0x29a8 src/ASF/thirdparty/freertos/freertos-7.3.0/source/portable/memmang/heap_4.o
 .bss.pxEnd     0x20003570        0x4 src/ASF/thirdparty/freertos/freertos-7.3.0/source/portable/memmang/heap_4.o
 .bss.xStart    0x20003574        0x8 src/ASF/thirdparty/freertos/freertos-7.3.0/source/portable/memmang/heap_4.o
 .bss.uxMissedTicks
                0x2000357c        0x4 src/ASF/thirdparty/freertos/freertos-7.3.0/source/tasks.o
 .bss.xSuspendedTaskList
                0x20003580       0x14 src/ASF/thirdparty/freertos/freertos-7.3.0/source/tasks.o
 .bss.pxDelayedTaskList
                0x20003594        0x4 src/ASF/thirdparty/freertos/freertos-7.3.0/source/tasks.o
 .bss.xSchedulerRunning
                0x20003598        0x4 src/ASF/thirdparty/freertos/freertos-7.3.0/source/tasks.o
 .bss.uxTasksDeleted
                0x2000359c        0x4 src/ASF/thirdparty/freertos/freertos-7.3.0/source/tasks.o
 .bss.xTasksWaitingTermination
                0x200035a0       0x14 src/ASF/thirdparty/freertos/freertos-7.3.0/source/tasks.o
 .bss.xDelayedTaskList2
                0x200035b4       0x14 src/ASF/thirdparty/freertos/freertos-7.3.0/source/tasks.o
 .bss.uxTopReadyPriority
                0x200035c8        0x4 src/ASF/thirdparty/freertos/freertos-7.3.0/source/tasks.o
 .bss.pxReadyTasksLists
                0x200035cc       0x64 src/ASF/thirdparty/freertos/freertos-7.3.0/source/tasks.o
 .bss.uxSchedulerSuspended
                0x20003630        0x4 src/ASF/thirdparty/freertos/freertos-7.3.0/source/tasks.o
 .bss.pcStatusString.6054
                0x20003634       0x28 src/ASF/thirdparty/freertos/freertos-7.3.0/source/tasks.o
 .bss.pxCurrentTCB
                0x2000365c        0x4 src/ASF/thirdparty/freertos/freertos-7.3.0/source/tasks.o
                0x2000365c                pxCurrentTCB
 .bss.xPendingReadyList
                0x20003660       0x14 src/ASF/thirdparty/freertos/freertos-7.3.0/source/tasks.o
 .bss.xNumOfOverflows
                0x20003674        0x4 src/ASF/thirdparty/freertos/freertos-7.3.0/source/tasks.o
 .bss.xTickCount
                0x20003678        0x4 src/ASF/thirdparty/freertos/freertos-7.3.0/source/tasks.o
 .bss.pxOverflowDelayedTaskList
                0x2000367c        0x4 src/ASF/thirdparty/freertos/freertos-7.3.0/source/tasks.o
 .bss.uxTaskNumber
                0x20003680        0x4 src/ASF/thirdparty/freertos/freertos-7.3.0/source/tasks.o
 .bss.xDelayedTaskList1
                0x20003684       0x14 src/ASF/thirdparty/freertos/freertos-7.3.0/source/tasks.o
 .bss.xMissedYield
                0x20003698        0x4 src/ASF/thirdparty/freertos/freertos-7.3.0/source/tasks.o
 .bss.uxCurrentNumberOfTasks
                0x2000369c        0x4 src/ASF/thirdparty/freertos/freertos-7.3.0/source/tasks.o
 .bss.uxTopUsedPriority
                0x200036a0        0x4 src/ASF/thirdparty/freertos/freertos-7.3.0/source/tasks.o
 .bss.pxCurrentTimerList
                0x200036a4        0x4 src/ASF/thirdparty/freertos/freertos-7.3.0/source/timers.o
 .bss.xActiveTimerList1
                0x200036a8       0x14 src/ASF/thirdparty/freertos/freertos-7.3.0/source/timers.o
 .bss.xActiveTimerList2
                0x200036bc       0x14 src/ASF/thirdparty/freertos/freertos-7.3.0/source/timers.o
 .bss.xLastTime.4487
                0x200036d0        0x4 src/ASF/thirdparty/freertos/freertos-7.3.0/source/timers.o
 .bss.xTimerQueue
                0x200036d4        0x4 src/ASF/thirdparty/freertos/freertos-7.3.0/source/timers.o
 .bss.pxOverflowTimerList
                0x200036d8        0x4 src/ASF/thirdparty/freertos/freertos-7.3.0/source/timers.o
 .bss.szList.8355
                0x200036dc      0x100 src/main.o
 .bss.__malloc_max_total_mem
                0x200037dc        0x4 c:/program files (x86)/atmel/atmel toolchain/arm gcc/native/4.8.1443/arm-gnu-toolchain/bin/../lib/gcc/arm-none-eabi/4.8.4/../../../../arm-none-eabi/lib/armv7-m\libc.a(lib_a-mallocr.o)
                0x200037dc                __malloc_max_total_mem
 .bss.__malloc_max_sbrked_mem
                0x200037e0        0x4 c:/program files (x86)/atmel/atmel toolchain/arm gcc/native/4.8.1443/arm-gnu-toolchain/bin/../lib/gcc/arm-none-eabi/4.8.4/../../../../arm-none-eabi/lib/armv7-m\libc.a(lib_a-mallocr.o)
                0x200037e0                __malloc_max_sbrked_mem
 .bss.__malloc_top_pad
                0x200037e4        0x4 c:/program files (x86)/atmel/atmel toolchain/arm gcc/native/4.8.1443/arm-gnu-toolchain/bin/../lib/gcc/arm-none-eabi/4.8.4/../../../../arm-none-eabi/lib/armv7-m\libc.a(lib_a-mallocr.o)
                0x200037e4                __malloc_top_pad
 .bss.__malloc_current_mallinfo
                0x200037e8       0x28 c:/program files (x86)/atmel/atmel toolchain/arm gcc/native/4.8.1443/arm-gnu-toolchain/bin/../lib/gcc/arm-none-eabi/4.8.4/../../../../arm-none-eabi/lib/armv7-m\libc.a(lib_a-mallocr.o)
                0x200037e8                __malloc_current_mallinfo
 *(COMMON)
 COMMON         0x20003810        0x4 src/ASF/common/utils/stdio/read.o
                0x20003810                ptr_get
 COMMON         0x20003814        0x8 src/ASF/common/utils/stdio/write.o
                0x20003814                ptr_put
                0x20003818                stdio_base
 COMMON         0x2000381c       0x1c src/main.o
                0x2000381c                xMux
                0x20003820                xSem
                0x20003824                xTimer
                0x20003828                g_ili9225_display_opt
 COMMON         0x20003838        0x4 c:/program files (x86)/atmel/atmel toolchain/arm gcc/native/4.8.1443/arm-gnu-toolchain/bin/../lib/gcc/arm-none-eabi/4.8.4/../../../../arm-none-eabi/lib/armv7-m\libc.a(lib_a-reent.o)
                0x20003838                errno
                0x2000383c                . = ALIGN (0x4)
                0x2000383c                _ebss = .
                0x2000383c                _ezero = .

.stack          0x2000383c      0x804 load address 0x0040f0d4
                0x20003840                . = ALIGN (0x8)
 *fill*         0x2000383c        0x4 
                0x20003840                _sstack = .
                0x20004040                . = (. + __stack_size__)
 *fill*         0x20003840      0x800 
                0x20004040                . = ALIGN (0x8)
                0x20004040                _estack = .
                0x20004040                . = ALIGN (0x4)
                0x20004040                _end = .
OUTPUT(IMU_FreeRTOS.elf elf32-littlearm)

.ARM.attributes
                0x00000000       0x29
 .ARM.attributes
                0x00000000       0x1d c:/program files (x86)/atmel/atmel toolchain/arm gcc/native/4.8.1443/arm-gnu-toolchain/bin/../lib/gcc/arm-none-eabi/4.8.4/armv7-m/crti.o
 .ARM.attributes
                0x0000001d       0x2d c:/program files (x86)/atmel/atmel toolchain/arm gcc/native/4.8.1443/arm-gnu-toolchain/bin/../lib/gcc/arm-none-eabi/4.8.4/armv7-m/crtbegin.o
 .ARM.attributes
                0x0000004a       0x33 src/ASF/common/services/clock/sam3n/sysclk.o
 .ARM.attributes
                0x0000007d       0x33 src/ASF/common/services/freertos/sam/freertos_twi_master.o
 .ARM.attributes
                0x000000b0       0x33 src/ASF/common/services/freertos/sam/freertos_uart_serial.o
 .ARM.attributes
                0x000000e3       0x33 src/ASF/common/services/spi/sam_spi/spi_master.o
 .ARM.attributes
                0x00000116       0x33 src/ASF/common/utils/stdio/read.o
 .ARM.attributes
                0x00000149       0x33 src/ASF/common/utils/stdio/write.o
 .ARM.attributes
                0x0000017c       0x33 src/ASF/sam/boards/sam3n_ek/init.o
 .ARM.attributes
                0x000001af       0x33 src/ASF/sam/components/display/aat31xx/aat31xx.o
 .ARM.attributes
                0x000001e2       0x33 src/ASF/sam/components/display/ili9225/ili9225.o
 .ARM.attributes
                0x00000215       0x33 src/ASF/sam/drivers/pdc/pdc.o
 .ARM.attributes
                0x00000248       0x33 src/ASF/sam/drivers/pio/pio.o
 .ARM.attributes
                0x0000027b       0x33 src/ASF/sam/drivers/pio/pio_handler.o
 .ARM.attributes
                0x000002ae       0x33 src/ASF/sam/drivers/pmc/pmc.o
 .ARM.attributes
                0x000002e1       0x33 src/ASF/sam/drivers/spi/spi.o
 .ARM.attributes
                0x00000314       0x33 src/ASF/sam/drivers/twi/twi.o
 .ARM.attributes
                0x00000347       0x33 src/ASF/sam/drivers/uart/uart.o
 .ARM.attributes
                0x0000037a       0x33 src/ASF/sam/drivers/usart/usart.o
 .ARM.attributes
                0x000003ad       0x33 src/ASF/sam/utils/cmsis/sam3n/source/templates/exceptions.o
 .ARM.attributes
                0x000003e0       0x33 src/ASF/sam/utils/cmsis/sam3n/source/templates/gcc/startup_sam3n.o
 .ARM.attributes
                0x00000413       0x33 src/ASF/sam/utils/cmsis/sam3n/source/templates/system_sam3n.o
 .ARM.attributes
                0x00000446       0x33 src/ASF/sam/utils/syscalls/gcc/syscalls.o
 .ARM.attributes
                0x00000479       0x33 src/ASF/thirdparty/freertos/freertos-7.3.0/source/list.o
 .ARM.attributes
                0x000004ac       0x33 src/ASF/thirdparty/freertos/freertos-7.3.0/source/portable/gcc/sam/port.o
 .ARM.attributes
                0x000004df       0x33 src/ASF/thirdparty/freertos/freertos-7.3.0/source/portable/memmang/heap_4.o
 .ARM.attributes
                0x00000512       0x33 src/ASF/thirdparty/freertos/freertos-7.3.0/source/queue.o
 .ARM.attributes
                0x00000545       0x33 src/ASF/thirdparty/freertos/freertos-7.3.0/source/tasks.o
 .ARM.attributes
                0x00000578       0x33 src/ASF/thirdparty/freertos/freertos-7.3.0/source/timers.o
 .ARM.attributes
                0x000005ab       0x33 src/main.o
 .ARM.attributes
                0x000005de       0x2d c:/program files (x86)/atmel/atmel toolchain/arm gcc/native/4.8.1443/arm-gnu-toolchain/bin/../lib/gcc/arm-none-eabi/4.8.4/../../../../arm-none-eabi/lib/armv7-m\libc.a(lib_a-impure.o)
 .ARM.attributes
                0x0000060b       0x2d c:/program files (x86)/atmel/atmel toolchain/arm gcc/native/4.8.1443/arm-gnu-toolchain/bin/../lib/gcc/arm-none-eabi/4.8.4/../../../../arm-none-eabi/lib/armv7-m\libc.a(lib_a-init.o)
 .ARM.attributes
                0x00000638       0x2d c:/program files (x86)/atmel/atmel toolchain/arm gcc/native/4.8.1443/arm-gnu-toolchain/bin/../lib/gcc/arm-none-eabi/4.8.4/../../../../arm-none-eabi/lib/armv7-m\libc.a(lib_a-iprintf.o)
 .ARM.attributes
                0x00000665       0x1b c:/program files (x86)/atmel/atmel toolchain/arm gcc/native/4.8.1443/arm-gnu-toolchain/bin/../lib/gcc/arm-none-eabi/4.8.4/../../../../arm-none-eabi/lib/armv7-m\libc.a(lib_a-memcpy.o)
 .ARM.attributes
                0x00000680       0x2d c:/program files (x86)/atmel/atmel toolchain/arm gcc/native/4.8.1443/arm-gnu-toolchain/bin/../lib/gcc/arm-none-eabi/4.8.4/../../../../arm-none-eabi/lib/armv7-m\libc.a(lib_a-memset.o)
 .ARM.attributes
                0x000006ad       0x2d c:/program files (x86)/atmel/atmel toolchain/arm gcc/native/4.8.1443/arm-gnu-toolchain/bin/../lib/gcc/arm-none-eabi/4.8.4/../../../../arm-none-eabi/lib/armv7-m\libc.a(lib_a-setbuf.o)
 .ARM.attributes
                0x000006da       0x2d c:/program files (x86)/atmel/atmel toolchain/arm gcc/native/4.8.1443/arm-gnu-toolchain/bin/../lib/gcc/arm-none-eabi/4.8.4/../../../../arm-none-eabi/lib/armv7-m\libc.a(lib_a-setvbuf.o)
 .ARM.attributes
                0x00000707       0x2d c:/program files (x86)/atmel/atmel toolchain/arm gcc/native/4.8.1443/arm-gnu-toolchain/bin/../lib/gcc/arm-none-eabi/4.8.4/../../../../arm-none-eabi/lib/armv7-m\libc.a(lib_a-sprintf.o)
 .ARM.attributes
                0x00000734       0x2d c:/program files (x86)/atmel/atmel toolchain/arm gcc/native/4.8.1443/arm-gnu-toolchain/bin/../lib/gcc/arm-none-eabi/4.8.4/../../../../arm-none-eabi/lib/armv7-m\libc.a(lib_a-strcat.o)
 .ARM.attributes
                0x00000761       0x2d c:/program files (x86)/atmel/atmel toolchain/arm gcc/native/4.8.1443/arm-gnu-toolchain/bin/../lib/gcc/arm-none-eabi/4.8.4/../../../../arm-none-eabi/lib/armv7-m\libc.a(lib_a-strcpy.o)
 .ARM.attributes
                0x0000078e       0x2d c:/program files (x86)/atmel/atmel toolchain/arm gcc/native/4.8.1443/arm-gnu-toolchain/bin/../lib/gcc/arm-none-eabi/4.8.4/../../../../arm-none-eabi/lib/armv7-m\libc.a(lib_a-strlen.o)
 .ARM.attributes
                0x000007bb       0x2d c:/program files (x86)/atmel/atmel toolchain/arm gcc/native/4.8.1443/arm-gnu-toolchain/bin/../lib/gcc/arm-none-eabi/4.8.4/../../../../arm-none-eabi/lib/armv7-m\libc.a(lib_a-strncpy.o)
 .ARM.attributes
                0x000007e8       0x2d c:/program files (x86)/atmel/atmel toolchain/arm gcc/native/4.8.1443/arm-gnu-toolchain/bin/../lib/gcc/arm-none-eabi/4.8.4/../../../../arm-none-eabi/lib/armv7-m\libc.a(lib_a-svfprintf.o)
 .ARM.attributes
                0x00000815       0x2d c:/program files (x86)/atmel/atmel toolchain/arm gcc/native/4.8.1443/arm-gnu-toolchain/bin/../lib/gcc/arm-none-eabi/4.8.4/../../../../arm-none-eabi/lib/armv7-m\libc.a(lib_a-vfiprintf.o)
 .ARM.attributes
                0x00000842       0x2d c:/program files (x86)/atmel/atmel toolchain/arm gcc/native/4.8.1443/arm-gnu-toolchain/bin/../lib/gcc/arm-none-eabi/4.8.4/../../../../arm-none-eabi/lib/armv7-m\libc.a(lib_a-vprintf.o)
 .ARM.attributes
                0x0000086f       0x2d c:/program files (x86)/atmel/atmel toolchain/arm gcc/native/4.8.1443/arm-gnu-toolchain/bin/../lib/gcc/arm-none-eabi/4.8.4/../../../../arm-none-eabi/lib/armv7-m\libc.a(lib_a-wsetup.o)
 .ARM.attributes
                0x0000089c       0x2d c:/program files (x86)/atmel/atmel toolchain/arm gcc/native/4.8.1443/arm-gnu-toolchain/bin/../lib/gcc/arm-none-eabi/4.8.4/../../../../arm-none-eabi/lib/armv7-m\libc.a(lib_a-__call_atexit.o)
 .ARM.attributes
                0x000008c9       0x2d c:/program files (x86)/atmel/atmel toolchain/arm gcc/native/4.8.1443/arm-gnu-toolchain/bin/../lib/gcc/arm-none-eabi/4.8.4/../../../../arm-none-eabi/lib/armv7-m\libc.a(lib_a-atexit.o)
 .ARM.attributes
                0x000008f6       0x2d c:/program files (x86)/atmel/atmel toolchain/arm gcc/native/4.8.1443/arm-gnu-toolchain/bin/../lib/gcc/arm-none-eabi/4.8.4/../../../../arm-none-eabi/lib/armv7-m\libc.a(lib_a-dtoa.o)
 .ARM.attributes
                0x00000923       0x2d c:/program files (x86)/atmel/atmel toolchain/arm gcc/native/4.8.1443/arm-gnu-toolchain/bin/../lib/gcc/arm-none-eabi/4.8.4/../../../../arm-none-eabi/lib/armv7-m\libc.a(lib_a-fflush.o)
 .ARM.attributes
                0x00000950       0x2d c:/program files (x86)/atmel/atmel toolchain/arm gcc/native/4.8.1443/arm-gnu-toolchain/bin/../lib/gcc/arm-none-eabi/4.8.4/../../../../arm-none-eabi/lib/armv7-m\libc.a(lib_a-findfp.o)
 .ARM.attributes
                0x0000097d       0x2d c:/program files (x86)/atmel/atmel toolchain/arm gcc/native/4.8.1443/arm-gnu-toolchain/bin/../lib/gcc/arm-none-eabi/4.8.4/../../../../arm-none-eabi/lib/armv7-m\libc.a(lib_a-fini.o)
 .ARM.attributes
                0x000009aa       0x2d c:/program files (x86)/atmel/atmel toolchain/arm gcc/native/4.8.1443/arm-gnu-toolchain/bin/../lib/gcc/arm-none-eabi/4.8.4/../../../../arm-none-eabi/lib/armv7-m\libc.a(lib_a-fputwc.o)
 .ARM.attributes
                0x000009d7       0x2d c:/program files (x86)/atmel/atmel toolchain/arm gcc/native/4.8.1443/arm-gnu-toolchain/bin/../lib/gcc/arm-none-eabi/4.8.4/../../../../arm-none-eabi/lib/armv7-m\libc.a(lib_a-freer.o)
 .ARM.attributes
                0x00000a04       0x2d c:/program files (x86)/atmel/atmel toolchain/arm gcc/native/4.8.1443/arm-gnu-toolchain/bin/../lib/gcc/arm-none-eabi/4.8.4/../../../../arm-none-eabi/lib/armv7-m\libc.a(lib_a-fvwrite.o)
 .ARM.attributes
                0x00000a31       0x2d c:/program files (x86)/atmel/atmel toolchain/arm gcc/native/4.8.1443/arm-gnu-toolchain/bin/../lib/gcc/arm-none-eabi/4.8.4/../../../../arm-none-eabi/lib/armv7-m\libc.a(lib_a-fwalk.o)
 .ARM.attributes
                0x00000a5e       0x2d c:/program files (x86)/atmel/atmel toolchain/arm gcc/native/4.8.1443/arm-gnu-toolchain/bin/../lib/gcc/arm-none-eabi/4.8.4/../../../../arm-none-eabi/lib/armv7-m\libc.a(lib_a-locale.o)
 .ARM.attributes
                0x00000a8b       0x2d c:/program files (x86)/atmel/atmel toolchain/arm gcc/native/4.8.1443/arm-gnu-toolchain/bin/../lib/gcc/arm-none-eabi/4.8.4/../../../../arm-none-eabi/lib/armv7-m\libc.a(lib_a-makebuf.o)
 .ARM.attributes
                0x00000ab8       0x2d c:/program files (x86)/atmel/atmel toolchain/arm gcc/native/4.8.1443/arm-gnu-toolchain/bin/../lib/gcc/arm-none-eabi/4.8.4/../../../../arm-none-eabi/lib/armv7-m\libc.a(lib_a-malloc.o)
 .ARM.attributes
                0x00000ae5       0x2d c:/program files (x86)/atmel/atmel toolchain/arm gcc/native/4.8.1443/arm-gnu-toolchain/bin/../lib/gcc/arm-none-eabi/4.8.4/../../../../arm-none-eabi/lib/armv7-m\libc.a(lib_a-mallocr.o)
 .ARM.attributes
                0x00000b12       0x2d c:/program files (x86)/atmel/atmel toolchain/arm gcc/native/4.8.1443/arm-gnu-toolchain/bin/../lib/gcc/arm-none-eabi/4.8.4/../../../../arm-none-eabi/lib/armv7-m\libc.a(lib_a-memchr-stub.o)
 .ARM.attributes
                0x00000b3f       0x2d c:/program files (x86)/atmel/atmel toolchain/arm gcc/native/4.8.1443/arm-gnu-toolchain/bin/../lib/gcc/arm-none-eabi/4.8.4/../../../../arm-none-eabi/lib/armv7-m\libc.a(lib_a-memmove.o)
 .ARM.attributes
                0x00000b6c       0x2d c:/program files (x86)/atmel/atmel toolchain/arm gcc/native/4.8.1443/arm-gnu-toolchain/bin/../lib/gcc/arm-none-eabi/4.8.4/../../../../arm-none-eabi/lib/armv7-m\libc.a(lib_a-mlock.o)
 .ARM.attributes
                0x00000b99       0x2d c:/program files (x86)/atmel/atmel toolchain/arm gcc/native/4.8.1443/arm-gnu-toolchain/bin/../lib/gcc/arm-none-eabi/4.8.4/../../../../arm-none-eabi/lib/armv7-m\libc.a(lib_a-mprec.o)
 .ARM.attributes
                0x00000bc6       0x2d c:/program files (x86)/atmel/atmel toolchain/arm gcc/native/4.8.1443/arm-gnu-toolchain/bin/../lib/gcc/arm-none-eabi/4.8.4/../../../../arm-none-eabi/lib/armv7-m\libc.a(lib_a-reallocr.o)
 .ARM.attributes
                0x00000bf3       0x2d c:/program files (x86)/atmel/atmel toolchain/arm gcc/native/4.8.1443/arm-gnu-toolchain/bin/../lib/gcc/arm-none-eabi/4.8.4/../../../../arm-none-eabi/lib/armv7-m\libc.a(lib_a-s_fpclassify.o)
 .ARM.attributes
                0x00000c20       0x2d c:/program files (x86)/atmel/atmel toolchain/arm gcc/native/4.8.1443/arm-gnu-toolchain/bin/../lib/gcc/arm-none-eabi/4.8.4/../../../../arm-none-eabi/lib/armv7-m\libc.a(lib_a-sbrkr.o)
 .ARM.attributes
                0x00000c4d       0x2d c:/program files (x86)/atmel/atmel toolchain/arm gcc/native/4.8.1443/arm-gnu-toolchain/bin/../lib/gcc/arm-none-eabi/4.8.4/../../../../arm-none-eabi/lib/armv7-m\libc.a(lib_a-stdio.o)
 .ARM.attributes
                0x00000c7a       0x2d c:/program files (x86)/atmel/atmel toolchain/arm gcc/native/4.8.1443/arm-gnu-toolchain/bin/../lib/gcc/arm-none-eabi/4.8.4/../../../../arm-none-eabi/lib/armv7-m\libc.a(lib_a-svfiprintf.o)
 .ARM.attributes
                0x00000ca7       0x2d c:/program files (x86)/atmel/atmel toolchain/arm gcc/native/4.8.1443/arm-gnu-toolchain/bin/../lib/gcc/arm-none-eabi/4.8.4/../../../../arm-none-eabi/lib/armv7-m\libc.a(lib_a-vfprintf.o)
 .ARM.attributes
                0x00000cd4       0x2d c:/program files (x86)/atmel/atmel toolchain/arm gcc/native/4.8.1443/arm-gnu-toolchain/bin/../lib/gcc/arm-none-eabi/4.8.4/../../../../arm-none-eabi/lib/armv7-m\libc.a(lib_a-wbuf.o)
 .ARM.attributes
                0x00000d01       0x2d c:/program files (x86)/atmel/atmel toolchain/arm gcc/native/4.8.1443/arm-gnu-toolchain/bin/../lib/gcc/arm-none-eabi/4.8.4/../../../../arm-none-eabi/lib/armv7-m\libc.a(lib_a-wcrtomb.o)
 .ARM.attributes
                0x00000d2e       0x2d c:/program files (x86)/atmel/atmel toolchain/arm gcc/native/4.8.1443/arm-gnu-toolchain/bin/../lib/gcc/arm-none-eabi/4.8.4/../../../../arm-none-eabi/lib/armv7-m\libc.a(lib_a-wctomb_r.o)
 .ARM.attributes
                0x00000d5b       0x2d c:/program files (x86)/atmel/atmel toolchain/arm gcc/native/4.8.1443/arm-gnu-toolchain/bin/../lib/gcc/arm-none-eabi/4.8.4/../../../../arm-none-eabi/lib/armv7-m\libc.a(lib_a-writer.o)
 .ARM.attributes
                0x00000d88       0x2d c:/program files (x86)/atmel/atmel toolchain/arm gcc/native/4.8.1443/arm-gnu-toolchain/bin/../lib/gcc/arm-none-eabi/4.8.4/../../../../arm-none-eabi/lib/armv7-m\libc.a(lib_a-__atexit.o)
 .ARM.attributes
                0x00000db5       0x2d c:/program files (x86)/atmel/atmel toolchain/arm gcc/native/4.8.1443/arm-gnu-toolchain/bin/../lib/gcc/arm-none-eabi/4.8.4/../../../../arm-none-eabi/lib/armv7-m\libc.a(lib_a-callocr.o)
 .ARM.attributes
                0x00000de2       0x2d c:/program files (x86)/atmel/atmel toolchain/arm gcc/native/4.8.1443/arm-gnu-toolchain/bin/../lib/gcc/arm-none-eabi/4.8.4/../../../../arm-none-eabi/lib/armv7-m\libc.a(lib_a-closer.o)
 .ARM.attributes
                0x00000e0f       0x2d c:/program files (x86)/atmel/atmel toolchain/arm gcc/native/4.8.1443/arm-gnu-toolchain/bin/../lib/gcc/arm-none-eabi/4.8.4/../../../../arm-none-eabi/lib/armv7-m\libc.a(lib_a-fclose.o)
 .ARM.attributes
                0x00000e3c       0x2d c:/program files (x86)/atmel/atmel toolchain/arm gcc/native/4.8.1443/arm-gnu-toolchain/bin/../lib/gcc/arm-none-eabi/4.8.4/../../../../arm-none-eabi/lib/armv7-m\libc.a(lib_a-fstatr.o)
 .ARM.attributes
                0x00000e69       0x2d c:/program files (x86)/atmel/atmel toolchain/arm gcc/native/4.8.1443/arm-gnu-toolchain/bin/../lib/gcc/arm-none-eabi/4.8.4/../../../../arm-none-eabi/lib/armv7-m\libc.a(lib_a-isattyr.o)
 .ARM.attributes
                0x00000e96       0x2d c:/program files (x86)/atmel/atmel toolchain/arm gcc/native/4.8.1443/arm-gnu-toolchain/bin/../lib/gcc/arm-none-eabi/4.8.4/../../../../arm-none-eabi/lib/armv7-m\libc.a(lib_a-lseekr.o)
 .ARM.attributes
                0x00000ec3       0x2d c:/program files (x86)/atmel/atmel toolchain/arm gcc/native/4.8.1443/arm-gnu-toolchain/bin/../lib/gcc/arm-none-eabi/4.8.4/../../../../arm-none-eabi/lib/armv7-m\libc.a(lib_a-readr.o)
 .ARM.attributes
                0x00000ef0       0x2d c:/program files (x86)/atmel/atmel toolchain/arm gcc/native/4.8.1443/arm-gnu-toolchain/bin/../lib/gcc/arm-none-eabi/4.8.4/../../../../arm-none-eabi/lib/armv7-m\libc.a(lib_a-reent.o)
 .ARM.attributes
                0x00000f1d       0x1d c:/program files (x86)/atmel/atmel toolchain/arm gcc/native/4.8.1443/arm-gnu-toolchain/bin/../lib/gcc/arm-none-eabi/4.8.4/armv7-m\libgcc.a(_arm_addsubdf3.o)
 .ARM.attributes