Archive member included because of file (symbol)

c:/program files (x86)/atmel/atmel toolchain/arm gcc/native/4.8.1443/arm-gnu-toolchain/bin/../lib/gcc/arm-none-eabi/4.8.4/armv7-m\libgcc.a(_arm_addsubdf3.o)
                              src/LCD.o (__aeabi_f2d)
c:/program files (x86)/atmel/atmel toolchain/arm gcc/native/4.8.1443/arm-gnu-toolchain/bin/../lib/gcc/arm-none-eabi/4.8.4/armv7-m\libgcc.a(_arm_muldivdf3.o)
                              src/IMU.o (__aeabi_dmul)
c:/program files (x86)/atmel/atmel toolchain/arm gcc/native/4.8.1443/arm-gnu-toolchain/bin/../lib/gcc/arm-none-eabi/4.8.4/armv7-m\libgcc.a(_arm_truncdfsf2.o)
                              src/IMU.o (__aeabi_d2f)
c:/program files (x86)/atmel/atmel toolchain/arm gcc/native/4.8.1443/arm-gnu-toolchain/bin/../lib/gcc/arm-none-eabi/4.8.4/armv7-m\libgcc.a(_arm_addsubsf3.o)
                              src/IMU.o (__aeabi_fadd)
c:/program files (x86)/atmel/atmel toolchain/arm gcc/native/4.8.1443/arm-gnu-toolchain/bin/../lib/gcc/arm-none-eabi/4.8.4/armv7-m\libgcc.a(_arm_muldivsf3.o)
                              src/IMU.o (__aeabi_fdiv)
c:/program files (x86)/atmel/atmel toolchain/arm gcc/native/4.8.1443/arm-gnu-toolchain/bin/../lib/gcc/arm-none-eabi/4.8.4/../../../../arm-none-eabi/lib/armv7-m\libc.a(lib_a-exit.o)
                              c:/program files (x86)/atmel/atmel toolchain/arm gcc/native/4.8.1443/arm-gnu-toolchain/bin/../lib/gcc/arm-none-eabi/4.8.4/../../../../arm-none-eabi/lib/armv7-m/crt0.o (exit)
c:/program files (x86)/atmel/atmel toolchain/arm gcc/native/4.8.1443/arm-gnu-toolchain/bin/../lib/gcc/arm-none-eabi/4.8.4/../../../../arm-none-eabi/lib/armv7-m\libc.a(lib_a-impure.o)
                              c:/program files (x86)/atmel/atmel toolchain/arm gcc/native/4.8.1443/arm-gnu-toolchain/bin/../lib/gcc/arm-none-eabi/4.8.4/../../../../arm-none-eabi/lib/armv7-m\libc.a(lib_a-exit.o) (_global_impure_ptr)
c:/program files (x86)/atmel/atmel toolchain/arm gcc/native/4.8.1443/arm-gnu-toolchain/bin/../lib/gcc/arm-none-eabi/4.8.4/../../../../arm-none-eabi/lib/armv7-m\libc.a(lib_a-init.o)
                              c:/program files (x86)/atmel/atmel toolchain/arm gcc/native/4.8.1443/arm-gnu-toolchain/bin/../lib/gcc/arm-none-eabi/4.8.4/../../../../arm-none-eabi/lib/armv7-m/crt0.o (__libc_init_array)
c:/program files (x86)/atmel/atmel toolchain/arm gcc/native/4.8.1443/arm-gnu-toolchain/bin/../lib/gcc/arm-none-eabi/4.8.4/../../../../arm-none-eabi/lib/armv7-m\libc.a(lib_a-iprintf.o)
                              src/ASF/sam/utils/syscalls/gcc/syscalls.o (iprintf)
c:/program files (x86)/atmel/atmel toolchain/arm gcc/native/4.8.1443/arm-gnu-toolchain/bin/../lib/gcc/arm-none-eabi/4.8.4/../../../../arm-none-eabi/lib/armv7-m\libc.a(lib_a-memcmp.o)
                              src/ASF/common/services/freertos/sam/freertos_twi_master.o (memcmp)
c:/program files (x86)/atmel/atmel toolchain/arm gcc/native/4.8.1443/arm-gnu-toolchain/bin/../lib/gcc/arm-none-eabi/4.8.4/../../../../arm-none-eabi/lib/armv7-m\libc.a(lib_a-memcpy.o)
                              src/ASF/common/services/freertos/sam/freertos_peripheral_control.o (memcpy)
c:/program files (x86)/atmel/atmel toolchain/arm gcc/native/4.8.1443/arm-gnu-toolchain/bin/../lib/gcc/arm-none-eabi/4.8.4/../../../../arm-none-eabi/lib/armv7-m\libc.a(lib_a-memset.o)
                              c:/program files (x86)/atmel/atmel toolchain/arm gcc/native/4.8.1443/arm-gnu-toolchain/bin/../lib/gcc/arm-none-eabi/4.8.4/../../../../arm-none-eabi/lib/armv7-m/crt0.o (memset)
c:/program files (x86)/atmel/atmel toolchain/arm gcc/native/4.8.1443/arm-gnu-toolchain/bin/../lib/gcc/arm-none-eabi/4.8.4/../../../../arm-none-eabi/lib/armv7-m\libc.a(lib_a-setbuf.o)
                              src/UART_Comm.o (setbuf)
c:/program files (x86)/atmel/atmel toolchain/arm gcc/native/4.8.1443/arm-gnu-toolchain/bin/../lib/gcc/arm-none-eabi/4.8.4/../../../../arm-none-eabi/lib/armv7-m\libc.a(lib_a-setvbuf.o)
                              c:/program files (x86)/atmel/atmel toolchain/arm gcc/native/4.8.1443/arm-gnu-toolchain/bin/../lib/gcc/arm-none-eabi/4.8.4/../../../../arm-none-eabi/lib/armv7-m\libc.a(lib_a-setbuf.o) (setvbuf)
c:/program files (x86)/atmel/atmel toolchain/arm gcc/native/4.8.1443/arm-gnu-toolchain/bin/../lib/gcc/arm-none-eabi/4.8.4/../../../../arm-none-eabi/lib/armv7-m\libc.a(lib_a-sprintf.o)
                              src/LCD.o (sprintf)
c:/program files (x86)/atmel/atmel toolchain/arm gcc/native/4.8.1443/arm-gnu-toolchain/bin/../lib/gcc/arm-none-eabi/4.8.4/../../../../arm-none-eabi/lib/armv7-m\libc.a(lib_a-strcat.o)
                              src/ASF/thirdparty/freertos/freertos-7.3.0/source/tasks.o (strcat)
c:/program files (x86)/atmel/atmel toolchain/arm gcc/native/4.8.1443/arm-gnu-toolchain/bin/../lib/gcc/arm-none-eabi/4.8.4/../../../../arm-none-eabi/lib/armv7-m\libc.a(lib_a-strcpy.o)
[...]
Memory Configuration

Name             Origin             Length             Attributes
rom              0x00400000         0x00040000         xr
ram              0x20000000         0x00006000         xrw
*default*        0x00000000         0xffffffff

Linker script and memory map

LOAD c:/program files (x86)/atmel/atmel toolchain/arm gcc/native/4.8.1443/arm-gnu-toolchain/bin/../lib/gcc/arm-none-eabi/4.8.4/armv7-m/crti.o
LOAD c:/program files (x86)/atmel/atmel toolchain/arm gcc/native/4.8.1443/arm-gnu-toolchain/bin/../lib/gcc/arm-none-eabi/4.8.4/armv7-m/crtbegin.o
LOAD c:/program files (x86)/atmel/atmel toolchain/arm gcc/native/4.8.1443/arm-gnu-toolchain/bin/../lib/gcc/arm-none-eabi/4.8.4/../../../../arm-none-eabi/lib/armv7-m/crt0.o
LOAD src/LCD.o
LOAD src/UART_Comm.o
LOAD src/ASF/common/services/clock/sam3n/sysclk.o
LOAD src/ASF/common/services/freertos/sam/freertos_peripheral_control.o
LOAD src/ASF/common/services/freertos/sam/freertos_twi_master.o
LOAD src/ASF/common/services/freertos/sam/freertos_uart_serial.o
LOAD src/ASF/common/services/serial/usart_serial.o
LOAD src/ASF/common/services/spi/sam_spi/spi_master.o
LOAD src/ASF/common/utils/interrupt/interrupt_sam_nvic.o
LOAD src/ASF/common/utils/stdio/read.o
LOAD src/ASF/common/utils/stdio/write.o
LOAD src/ASF/sam/boards/sam3n_ek/init.o
LOAD src/ASF/sam/boards/sam3n_ek/led.o
LOAD src/ASF/sam/components/display/aat31xx/aat31xx.o
LOAD src/ASF/sam/components/display/ili9225/ili9225.o
LOAD src/ASF/sam/drivers/pdc/pdc.o
LOAD src/ASF/sam/drivers/pio/pio.o
LOAD src/ASF/sam/drivers/pio/pio_handler.o
LOAD src/ASF/sam/drivers/pmc/pmc.o
LOAD src/ASF/sam/drivers/pmc/sleep.o
LOAD src/ASF/sam/drivers/spi/spi.o
LOAD src/ASF/sam/drivers/twi/twi.o
LOAD src/ASF/sam/drivers/uart/uart.o
LOAD src/ASF/sam/drivers/usart/usart.o
LOAD src/ASF/sam/utils/cmsis/sam3n/source/templates/exceptions.o
LOAD src/ASF/sam/utils/cmsis/sam3n/source/templates/gcc/startup_sam3n.o
LOAD src/ASF/sam/utils/cmsis/sam3n/source/templates/system_sam3n.o
LOAD src/ASF/sam/utils/syscalls/gcc/syscalls.o
LOAD src/ASF/thirdparty/freertos/freertos-7.3.0/source/FreeRTOS_CLI.o
LOAD src/ASF/thirdparty/freertos/freertos-7.3.0/source/list.o
LOAD src/ASF/thirdparty/freertos/freertos-7.3.0/source/portable/gcc/sam/port.o
LOAD src/ASF/thirdparty/freertos/freertos-7.3.0/source/portable/memmang/heap_4.o
LOAD src/ASF/thirdparty/freertos/freertos-7.3.0/source/queue.o
LOAD src/ASF/thirdparty/freertos/freertos-7.3.0/source/tasks.o
LOAD src/ASF/thirdparty/freertos/freertos-7.3.0/source/timers.o
LOAD src/IMU.o
LOAD src/main.o
START GROUP
LOAD ../src/ASF/thirdparty/CMSIS/Lib/GCC\libarm_cortexM3l_math.a
LOAD c:/program files (x86)/atmel/atmel toolchain/arm gcc/native/4.8.1443/arm-gnu-toolchain/bin/../lib/gcc/arm-none-eabi/4.8.4/../../../../arm-none-eabi/lib/armv7-m\libm.a
END GROUP
START GROUP
LOAD c:/program files (x86)/atmel/atmel toolchain/arm gcc/native/4.8.1443/arm-gnu-toolchain/bin/../lib/gcc/arm-none-eabi/4.8.4/armv7-m\libgcc.a
LOAD c:/program files (x86)/atmel/atmel toolchain/arm gcc/native/4.8.1443/arm-gnu-toolchain/bin/../lib/gcc/arm-none-eabi/4.8.4/../../../../arm-none-eabi/lib/armv7-m\libc.a
END GROUP
LOAD c:/program files (x86)/atmel/atmel toolchain/arm gcc/native/4.8.1443/arm-gnu-toolchain/bin/../lib/gcc/arm-none-eabi/4.8.4/armv7-m/crtend.o
LOAD c:/program files (x86)/atmel/atmel toolchain/arm gcc/native/4.8.1443/arm-gnu-toolchain/bin/../lib/gcc/arm-none-eabi/4.8.4/armv7-m/crtn.o
                0x00000800                __stack_size__ = DEFINED (__stack_size__)?__stack_size__:0x800
                0x20005ffc                __ram_end__ = ((ORIGIN (ram) + 0x6000) - 0x4)

.text           0x00400000     0xee20
                0x00400000                . = ALIGN (0x4)
                0x00400000                _sfixed = .
 *(.vectors .vectors.*)
 .vectors       0x00400000       0xc4 src/ASF/sam/utils/cmsis/sam3n/source/templates/gcc/startup_sam3n.o
                0x00400000                exception_table
 *(.text .text.* .gnu.linkonce.t.*)
 .text          0x004000c4       0x54 c:/program files (x86)/atmel/atmel toolchain/arm gcc/native/4.8.1443/arm-gnu-toolchain/bin/../lib/gcc/arm-none-eabi/4.8.4/armv7-m/crtbegin.o
 .text.SPI_Handler
                0x00400118       0x10 src/LCD.o
                0x00400118                SPI_Handler
 .text.config_lcd
                0x00400128       0xcc src/LCD.o
                0x00400128                config_lcd
 .text.LCDTask  0x004001f4      0x1f0 src/LCD.o
                0x004001f4                LCDTask
 .text.osc_get_rate
                0x004003e4       0x74 src/UART_Comm.o
 .text.sysclk_get_main_hz
                0x00400458       0x18 src/UART_Comm.o
 .text.sysclk_get_peripheral_hz
                0x00400470       0x14 src/UART_Comm.o
 .text.sysclk_enable_peripheral_clock
                0x00400484       0x18 src/UART_Comm.o
 .text.usart_serial_init
                0x0040049c       0xf8 src/UART_Comm.o
 .text.usart_serial_putchar
                0x00400594       0xa8 src/UART_Comm.o
 .text.usart_serial_getchar
                0x0040063c       0xa4 src/UART_Comm.o
 .text.stdio_serial_init
                0x004006e0       0x68 src/UART_Comm.o
 .text.printf_mux
                0x00400748       0x5c src/UART_Comm.o
                0x00400748                printf_mux
 .text.configure_console
                0x004007a4       0x98 src/UART_Comm.o
                0x004007a4                configure_console
 .text.UARTTXTask
                0x0040083c      0x1ec src/UART_Comm.o
                0x0040083c                UARTTXTask
 .text.osc_enable
                0x00400a28       0x84 src/ASF/common/services/clock/sam3n/sysclk.o
 .text.osc_is_ready
                0x00400aac       0x70 src/ASF/common/services/clock/sam3n/sysclk.o
 .text.osc_get_rate
                0x00400b1c       0x74 src/ASF/common/services/clock/sam3n/sysclk.o
 .text.osc_wait_ready
                0x00400b90       0x2c src/ASF/common/services/clock/sam3n/sysclk.o
 .text.pll_config_init
                0x00400bbc       0x54 src/ASF/common/services/clock/sam3n/sysclk.o
 .text.pll_enable
                0x00400c10       0x30 src/ASF/common/services/clock/sam3n/sysclk.o
 .text.pll_is_locked
                0x00400c40       0x24 src/ASF/common/services/clock/sam3n/sysclk.o
 .text.pll_enable_source
                0x00400c64       0x34 src/ASF/common/services/clock/sam3n/sysclk.o
 .text.pll_wait_for_lock
                0x00400c98       0x24 src/ASF/common/services/clock/sam3n/sysclk.o
 .text.sysclk_get_main_hz
                0x00400cbc       0x18 src/ASF/common/services/clock/sam3n/sysclk.o
 .text.sysclk_get_cpu_hz
                0x00400cd4       0x14 src/ASF/common/services/clock/sam3n/sysclk.o
 .text.sysclk_init
                0x00400ce8       0x70 src/ASF/common/services/clock/sam3n/sysclk.o
                0x00400ce8                sysclk_init
 .text.NVIC_EnableIRQ
                0x00400d58       0x30 src/ASF/common/services/freertos/sam/freertos_peripheral_control.o
 .text.NVIC_ClearPendingIRQ
                0x00400d88       0x34 src/ASF/common/services/freertos/sam/freertos_peripheral_control.o
 .text.NVIC_SetPriority
                0x00400dbc       0x54 src/ASF/common/services/freertos/sam/freertos_peripheral_control.o
 .text.get_pdc_peripheral_details
                0x00400e10       0x40 src/ASF/common/services/freertos/sam/freertos_peripheral_control.o
                0x00400e10                get_pdc_peripheral_details
 .text.check_requested_operating_mode
                0x00400e50       0x48 src/ASF/common/services/freertos/sam/freertos_peripheral_control.o
                0x00400e50                check_requested_operating_mode
 .text.create_peripheral_control_semaphores
                0x00400e98      0x108 src/ASF/common/services/freertos/sam/freertos_peripheral_control.o
                0x00400e98                create_peripheral_control_semaphores
 .text.configure_interrupt_controller
                0x00400fa0       0x60 src/ASF/common/services/freertos/sam/freertos_peripheral_control.o
                0x00400fa0                configure_interrupt_controller
 .text.freertos_obtain_peripheral_access_mutex
                0x00401000       0x70 src/ASF/common/services/freertos/sam/freertos_peripheral_control.o
                0x00401000                freertos_obtain_peripheral_access_mutex
 .text.freertos_start_pdc_transfer
                0x00401070       0xa0 src/ASF/common/services/freertos/sam/freertos_peripheral_control.o
                0x00401070                freertos_start_pdc_transfer
 .text.freertos_optionally_wait_transfer_completion
                0x00401110       0x48 src/ASF/common/services/freertos/sam/freertos_peripheral_control.o
                0x00401110                freertos_optionally_wait_transfer_completion
 .text.freertos_twi_master_init
                0x00401158      0x184 src/ASF/common/services/freertos/sam/freertos_twi_master.o
                0x00401158                freertos_twi_master_init
 .text.freertos_twi_write_packet_async
                0x004012dc      0x244 src/ASF/common/services/freertos/sam/freertos_twi_master.o
                0x004012dc                freertos_twi_write_packet_async
 .text.freertos_twi_read_packet_async
                0x00401520      0x2b4 src/ASF/common/services/freertos/sam/freertos_twi_master.o
                0x00401520                freertos_twi_read_packet_async
 .text.local_twi_handler
                0x004017d4      0x32c src/ASF/common/services/freertos/sam/freertos_twi_master.o
 .text.TWI0_Handler
                0x00401b00       0x10 src/ASF/common/services/freertos/sam/freertos_twi_master.o
                0x00401b00                TWI0_Handler
 .text.TWI1_Handler
                0x00401b10       0x10 src/ASF/common/services/freertos/sam/freertos_twi_master.o
                0x00401b10                TWI1_Handler
 .text.freertos_uart_serial_init
                0x00401b20      0x2d4 src/ASF/common/services/freertos/sam/freertos_uart_serial.o
                0x00401b20                freertos_uart_serial_init
 .text.freertos_uart_write_packet_async
                0x00401df4       0xb4 src/ASF/common/services/freertos/sam/freertos_uart_serial.o
                0x00401df4                freertos_uart_write_packet_async
 .text.configure_rx_dma
                0x00401ea8      0x10c src/ASF/common/services/freertos/sam/freertos_uart_serial.o
 .text.local_uart_handler
                0x00401fb4      0x1c0 src/ASF/common/services/freertos/sam/freertos_uart_serial.o
 .text.UART0_Handler
                0x00402174       0x10 src/ASF/common/services/freertos/sam/freertos_uart_serial.o
                0x00402174                UART0_Handler
 .text.UART1_Handler
                0x00402184       0x10 src/ASF/common/services/freertos/sam/freertos_uart_serial.o
                0x00402184                UART1_Handler
 .text.osc_get_rate
                0x00402194       0x74 src/ASF/common/services/spi/sam_spi/spi_master.o
 .text.sysclk_get_main_hz
                0x00402208       0x18 src/ASF/common/services/spi/sam_spi/spi_master.o
 .text.sysclk_get_cpu_hz
                0x00402220       0x14 src/ASF/common/services/spi/sam_spi/spi_master.o
 .text.spi_reset
                0x00402234       0x18 src/ASF/common/services/spi/sam_spi/spi_master.o
 .text.spi_set_master_mode
                0x0040224c       0x20 src/ASF/common/services/spi/sam_spi/spi_master.o
 .text.spi_set_fixed_peripheral_select
                0x0040226c       0x20 src/ASF/common/services/spi/sam_spi/spi_master.o
 .text.spi_disable_peripheral_select_decode
                0x0040228c       0x20 src/ASF/common/services/spi/sam_spi/spi_master.o
 .text.spi_get_peripheral_select_decode_setting
                0x004022ac       0x28 src/ASF/common/services/spi/sam_spi/spi_master.o
 .text.spi_disable_mode_fault_detect
                0x004022d4       0x20 src/ASF/common/services/spi/sam_spi/spi_master.o
 .text.spi_disable_loopback
                0x004022f4       0x20 src/ASF/common/services/spi/sam_spi/spi_master.o
 .text.spi_master_init
                0x00402314       0x6c src/ASF/common/services/spi/sam_spi/spi_master.o
                0x00402314                spi_master_init
 .text.spi_master_setup_device
                0x00402380       0xb8 src/ASF/common/services/spi/sam_spi/spi_master.o
                0x00402380                spi_master_setup_device
 .text.spi_select_device
                0x00402438       0x58 src/ASF/common/services/spi/sam_spi/spi_master.o
                0x00402438                spi_select_device
 .text._read    0x00402490       0x58 src/ASF/common/utils/stdio/read.o
                0x00402490                _read
 .text._write   0x004024e8       0x70 src/ASF/common/utils/stdio/write.o
                0x004024e8                _write
 .text.sysclk_enable_peripheral_clock
                0x00402558       0x18 src/ASF/sam/boards/sam3n_ek/init.o
 .text.ioport_init
                0x00402570       0x1c src/ASF/sam/boards/sam3n_ek/init.o
 .text.board_init
                0x0040258c      0x10c src/ASF/sam/boards/sam3n_ek/init.o
                0x0040258c                board_init
 .text.LED_On   0x00402698       0x58 src/ASF/sam/boards/sam3n_ek/led.o
                0x00402698                LED_On
 .text.ioport_set_pin_level
                0x004026f0       0x6c src/ASF/sam/components/display/aat31xx/aat31xx.o
 .text.aat31xx_set_backlight
                0x0040275c       0x88 src/ASF/sam/components/display/aat31xx/aat31xx.o
                0x0040275c                aat31xx_set_backlight
 .text.aat31xx_disable_backlight
                0x004027e4       0x2c src/ASF/sam/components/display/aat31xx/aat31xx.o
                0x004027e4                aat31xx_disable_backlight
 .text.NVIC_EnableIRQ
                0x00402810       0x30 src/ASF/sam/components/display/ili9225/ili9225.o
 .text.NVIC_DisableIRQ
                0x00402840       0x34 src/ASF/sam/components/display/ili9225/ili9225.o
 .text.NVIC_ClearPendingIRQ
                0x00402874       0x34 src/ASF/sam/components/display/ili9225/ili9225.o
 .text.NVIC_SetPriority
                0x004028a8       0x54 src/ASF/sam/components/display/ili9225/ili9225.o
 .text.spi_reset
                0x004028fc       0x18 src/ASF/sam/components/display/ili9225/ili9225.o
 .text.spi_enable
                0x00402914       0x18 src/ASF/sam/components/display/ili9225/ili9225.o
 .text.spi_disable
                0x0040292c       0x18 src/ASF/sam/components/display/ili9225/ili9225.o
 .text.spi_set_lastxfer
                0x00402944       0x1c src/ASF/sam/components/display/ili9225/ili9225.o
 .text.spi_enable_interrupt
                0x00402960       0x1c src/ASF/sam/components/display/ili9225/ili9225.o
 .text.spi_disable_interrupt
                0x0040297c       0x1c src/ASF/sam/components/display/ili9225/ili9225.o
 .text.spi_read_interrupt_mask
                0x00402998       0x18 src/ASF/sam/components/display/ili9225/ili9225.o
 .text.ili9225_write_cmd
                0x004029b0       0x60 src/ASF/sam/components/display/ili9225/ili9225.o
 .text.ili9225_write_ram_prepare
                0x00402a10       0x10 src/ASF/sam/components/display/ili9225/ili9225.o
 .text.ili9225_write_ram
                0x00402a20       0x44 src/ASF/sam/components/display/ili9225/ili9225.o
 .text.ili9225_write_ram_buffer
                0x00402a64       0x68 src/ASF/sam/components/display/ili9225/ili9225.o
 .text.ili9225_write_register
                0x00402acc       0x2c src/ASF/sam/components/display/ili9225/ili9225.o
 .text.ili9225_delay
                0x00402af8       0x40 src/ASF/sam/components/display/ili9225/ili9225.o
 .text.ili9225_check_box_coordinates
                0x00402b38       0x90 src/ASF/sam/components/display/ili9225/ili9225.o
 .text.ili9225_init
                0x00402bc8      0x244 src/ASF/sam/components/display/ili9225/ili9225.o
                0x00402bc8                ili9225_init
 .text.ili9225_spi_handler
                0x00402e0c       0x34 src/ASF/sam/components/display/ili9225/ili9225.o
                0x00402e0c                ili9225_spi_handler
 .text.ili9225_display_on
                0x00402e40       0x14 src/ASF/sam/components/display/ili9225/ili9225.o
                0x00402e40                ili9225_display_on
 .text.ili9225_display_off
                0x00402e54       0x14 src/ASF/sam/components/display/ili9225/ili9225.o
                0x00402e54                ili9225_display_off
 .text.ili9225_set_foreground_color
                0x00402e68       0x58 src/ASF/sam/components/display/ili9225/ili9225.o
                0x00402e68                ili9225_set_foreground_color
 .text.ili9225_fill
                0x00402ec0       0x44 src/ASF/sam/components/display/ili9225/ili9225.o
                0x00402ec0                ili9225_fill
 .text.ili9225_set_window
                0x00402f04       0x70 src/ASF/sam/components/display/ili9225/ili9225.o
                0x00402f04                ili9225_set_window
 .text.ili9225_set_cursor_position
                0x00402f74       0x34 src/ASF/sam/components/display/ili9225/ili9225.o
                0x00402f74                ili9225_set_cursor_position
 .text.ili9225_draw_pixel
                0x00402fa8       0x54 src/ASF/sam/components/display/ili9225/ili9225.o
                0x00402fa8                ili9225_draw_pixel
 .text.ili9225_draw_filled_rectangle
                0x00402ffc       0xc8 src/ASF/sam/components/display/ili9225/ili9225.o
                0x00402ffc                ili9225_draw_filled_rectangle
 .text.ili9225_draw_char
                0x004030c4       0xd4 src/ASF/sam/components/display/ili9225/ili9225.o
 .text.ili9225_draw_string
                0x00403198       0x60 src/ASF/sam/components/display/ili9225/ili9225.o
                0x00403198                ili9225_draw_string
 .text.pdc_tx_init
                0x004031f8       0x44 src/ASF/sam/drivers/pdc/pdc.o
                0x004031f8                pdc_tx_init
 .text.pdc_rx_init
                0x0040323c       0x44 src/ASF/sam/drivers/pdc/pdc.o
                0x0040323c                pdc_rx_init
 .text.pdc_enable_transfer
                0x00403280       0x20 src/ASF/sam/drivers/pdc/pdc.o
                0x00403280                pdc_enable_transfer
 .text.pdc_disable_transfer
                0x004032a0       0x20 src/ASF/sam/drivers/pdc/pdc.o
                0x004032a0                pdc_disable_transfer
 .text.pio_pull_up
                0x004032c0       0x2c src/ASF/sam/drivers/pio/pio.o
                0x004032c0                pio_pull_up
 .text.pio_set_peripheral
                0x004032ec      0x110 src/ASF/sam/drivers/pio/pio.o
                0x004032ec                pio_set_peripheral
 .text.pio_set_input
                0x004033fc       0x7c src/ASF/sam/drivers/pio/pio.o
                0x004033fc                pio_set_input
 .text.pio_set_output
                0x00403478       0x64 src/ASF/sam/drivers/pio/pio.o
                0x00403478                pio_set_output
 .text.pio_disable_interrupt
                0x004034dc       0x1c src/ASF/sam/drivers/pio/pio.o
                0x004034dc                pio_disable_interrupt
 .text.pio_get_interrupt_status
                0x004034f8       0x18 src/ASF/sam/drivers/pio/pio.o
                0x004034f8                pio_get_interrupt_status
 .text.pio_get_interrupt_mask
                0x00403510       0x18 src/ASF/sam/drivers/pio/pio.o
                0x00403510                pio_get_interrupt_mask
 .text.pio_set_pin_high
                0x00403528       0x2c src/ASF/sam/drivers/pio/pio.o
                0x00403528                pio_set_pin_high
 .text.pio_set_pin_low
                0x00403554       0x2c src/ASF/sam/drivers/pio/pio.o
                0x00403554                pio_set_pin_low
 .text.pio_toggle_pin
                0x00403580       0x58 src/ASF/sam/drivers/pio/pio.o
                0x00403580                pio_toggle_pin
 .text.pio_configure_pin
                0x004035d8      0x1b4 src/ASF/sam/drivers/pio/pio.o
                0x004035d8                pio_configure_pin
 .text.pio_configure_pin_group
                0x0040378c      0x128 src/ASF/sam/drivers/pio/pio.o
                0x0040378c                pio_configure_pin_group
 .text.pio_get_pin_group
                0x004038b4       0x28 src/ASF/sam/drivers/pio/pio.o
                0x004038b4                pio_get_pin_group
 .text.pio_handler_process
                0x004038dc       0xac src/ASF/sam/drivers/pio/pio_handler.o
                0x004038dc                pio_handler_process
 .text.PIOA_Handler
                0x00403988       0x18 src/ASF/sam/drivers/pio/pio_handler.o
                0x00403988                PIOA_Handler
 .text.PIOB_Handler
                0x004039a0       0x18 src/ASF/sam/drivers/pio/pio_handler.o
                0x004039a0                PIOB_Handler
 .text.PIOC_Handler
                0x004039b8       0x18 src/ASF/sam/drivers/pio/pio_handler.o
                0x004039b8                PIOC_Handler
 .text.pmc_switch_mck_to_pllack
                0x004039d0       0x84 src/ASF/sam/drivers/pmc/pmc.o
                0x004039d0                pmc_switch_mck_to_pllack
 .text.pmc_switch_sclk_to_32kxtal
                0x00403a54       0x38 src/ASF/sam/drivers/pmc/pmc.o
                0x00403a54                pmc_switch_sclk_to_32kxtal
 .text.pmc_osc_is_ready_32kxtal
                0x00403a8c       0x34 src/ASF/sam/drivers/pmc/pmc.o
                0x00403a8c                pmc_osc_is_ready_32kxtal
 .text.pmc_switch_mainck_to_fastrc
                0x00403ac0       0x70 src/ASF/sam/drivers/pmc/pmc.o
                0x00403ac0                pmc_switch_mainck_to_fastrc
 .text.pmc_switch_mainck_to_xtal
                0x00403b30       0x78 src/ASF/sam/drivers/pmc/pmc.o
                0x00403b30                pmc_switch_mainck_to_xtal
 .text.pmc_osc_is_ready_mainck
                0x00403ba8       0x1c src/ASF/sam/drivers/pmc/pmc.o
                0x00403ba8                pmc_osc_is_ready_mainck
 .text.pmc_disable_pllack
                0x00403bc4       0x18 src/ASF/sam/drivers/pmc/pmc.o
                0x00403bc4                pmc_disable_pllack
 .text.pmc_is_locked_pllack
                0x00403bdc       0x1c src/ASF/sam/drivers/pmc/pmc.o
                0x00403bdc                pmc_is_locked_pllack
 .text.pmc_enable_periph_clk
                0x00403bf8       0x50 src/ASF/sam/drivers/pmc/pmc.o
                0x00403bf8                pmc_enable_periph_clk
 .text.spi_get_peripheral_select_mode
                0x00403c48       0x28 src/ASF/sam/drivers/spi/spi.o
 .text.sysclk_enable_peripheral_clock
                0x00403c70       0x18 src/ASF/sam/drivers/spi/spi.o
 .text.spi_enable_clock
                0x00403c88       0x18 src/ASF/sam/drivers/spi/spi.o
                0x00403c88                spi_enable_clock
 .text.spi_set_peripheral_chip_select_value
                0x00403ca0       0x34 src/ASF/sam/drivers/spi/spi.o
                0x00403ca0                spi_set_peripheral_chip_select_value
 .text.spi_set_delay_between_chip_select
                0x00403cd4       0x30 src/ASF/sam/drivers/spi/spi.o
                0x00403cd4                spi_set_delay_between_chip_select
 .text.spi_write
                0x00403d04       0x74 src/ASF/sam/drivers/spi/spi.o
                0x00403d04                spi_write
 .text.spi_set_clock_polarity
                0x00403d78       0x50 src/ASF/sam/drivers/spi/spi.o
                0x00403d78                spi_set_clock_polarity
 .text.spi_set_clock_phase
                0x00403dc8       0x50 src/ASF/sam/drivers/spi/spi.o
                0x00403dc8                spi_set_clock_phase
 .text.spi_configure_cs_behavior
                0x00403e18       0xa4 src/ASF/sam/drivers/spi/spi.o
                0x00403e18                spi_configure_cs_behavior
 .text.spi_set_bits_per_transfer
                0x00403ebc       0x48 src/ASF/sam/drivers/spi/spi.o
                0x00403ebc                spi_set_bits_per_transfer
 .text.spi_calc_baudrate_div
                0x00403f04       0x40 src/ASF/sam/drivers/spi/spi.o
                0x00403f04                spi_calc_baudrate_div
 .text.spi_set_baudrate_div
                0x00403f44       0x50 src/ASF/sam/drivers/spi/spi.o
                0x00403f44                spi_set_baudrate_div
 .text.spi_set_transfer_delay
                0x00403f94       0x54 src/ASF/sam/drivers/spi/spi.o
                0x00403f94                spi_set_transfer_delay
 .text.twi_enable_master_mode
                0x00403fe8       0x24 src/ASF/sam/drivers/twi/twi.o
                0x00403fe8                twi_enable_master_mode
 .text.twi_set_speed
                0x0040400c       0x70 src/ASF/sam/drivers/twi/twi.o
                0x0040400c                twi_set_speed
 .text.twi_enable_interrupt
                0x0040407c       0x1c src/ASF/sam/drivers/twi/twi.o
                0x0040407c                twi_enable_interrupt
 .text.twi_disable_interrupt
                0x00404098       0x20 src/ASF/sam/drivers/twi/twi.o
                0x00404098                twi_disable_interrupt
 .text.twi_get_interrupt_status
                0x004040b8       0x18 src/ASF/sam/drivers/twi/twi.o
                0x004040b8                twi_get_interrupt_status
 .text.twi_get_interrupt_mask
                0x004040d0       0x18 src/ASF/sam/drivers/twi/twi.o
                0x004040d0                twi_get_interrupt_mask
 .text.twi_read_byte
                0x004040e8       0x1c src/ASF/sam/drivers/twi/twi.o
                0x004040e8                twi_read_byte
 .text.twi_reset
                0x00404104       0x1c src/ASF/sam/drivers/twi/twi.o
                0x00404104                twi_reset
 .text.uart_init
                0x00404120       0x64 src/ASF/sam/drivers/uart/uart.o
                0x00404120                uart_init
 .text.uart_enable_tx
                0x00404184       0x18 src/ASF/sam/drivers/uart/uart.o
                0x00404184                uart_enable_tx
 .text.uart_disable_tx
                0x0040419c       0x18 src/ASF/sam/drivers/uart/uart.o
                0x0040419c                uart_disable_tx
 .text.uart_enable_rx
                0x004041b4       0x18 src/ASF/sam/drivers/uart/uart.o
                0x004041b4                uart_enable_rx
 .text.uart_disable_rx
                0x004041cc       0x18 src/ASF/sam/drivers/uart/uart.o
                0x004041cc                uart_disable_rx
 .text.uart_enable_interrupt
                0x004041e4       0x1c src/ASF/sam/drivers/uart/uart.o
                0x004041e4                uart_enable_interrupt
 .text.uart_disable_interrupt
                0x00404200       0x1c src/ASF/sam/drivers/uart/uart.o
                0x00404200                uart_disable_interrupt
 .text.uart_get_interrupt_mask
                0x0040421c       0x18 src/ASF/sam/drivers/uart/uart.o
                0x0040421c                uart_get_interrupt_mask
 .text.uart_get_status
                0x00404234       0x18 src/ASF/sam/drivers/uart/uart.o
                0x00404234                uart_get_status
 .text.uart_reset_status
                0x0040424c       0x1c src/ASF/sam/drivers/uart/uart.o
                0x0040424c                uart_reset_status
 .text.uart_write
                0x00404268       0x30 src/ASF/sam/drivers/uart/uart.o
                0x00404268                uart_write
 .text.uart_read
                0x00404298       0x34 src/ASF/sam/drivers/uart/uart.o
                0x00404298                uart_read
 .text.usart_set_async_baudrate
                0x004042cc       0x8c src/ASF/sam/drivers/usart/usart.o
                0x004042cc                usart_set_async_baudrate
 .text.usart_reset
                0x00404358       0x54 src/ASF/sam/drivers/usart/usart.o
                0x00404358                usart_reset
 .text.usart_init_rs232
                0x004043ac       0x84 src/ASF/sam/drivers/usart/usart.o
                0x004043ac                usart_init_rs232
 .text.usart_enable_tx
                0x00404430       0x18 src/ASF/sam/drivers/usart/usart.o
                0x00404430                usart_enable_tx
 .text.usart_reset_tx
                0x00404448       0x18 src/ASF/sam/drivers/usart/usart.o
                0x00404448                usart_reset_tx
 .text.usart_enable_rx
                0x00404460       0x18 src/ASF/sam/drivers/usart/usart.o
                0x00404460                usart_enable_rx
 .text.usart_reset_rx
                0x00404478       0x18 src/ASF/sam/drivers/usart/usart.o
                0x00404478                usart_reset_rx
 .text.usart_reset_status
                0x00404490       0x1c src/ASF/sam/drivers/usart/usart.o
                0x00404490                usart_reset_status
 .text.usart_drive_RTS_pin_high
                0x004044ac       0x1c src/ASF/sam/drivers/usart/usart.o
                0x004044ac                usart_drive_RTS_pin_high
 .text.usart_write
                0x004044c8       0x34 src/ASF/sam/drivers/usart/usart.o
                0x004044c8                usart_write
 .text.usart_read
                0x004044fc       0x34 src/ASF/sam/drivers/usart/usart.o
                0x004044fc                usart_read
 .text.usart_disable_writeprotect
                0x00404530       0x20 src/ASF/sam/drivers/usart/usart.o
                0x00404530                usart_disable_writeprotect
 .text.Dummy_Handler
                0x00404550        0x8 src/ASF/sam/utils/cmsis/sam3n/source/templates/exceptions.o
                0x00404550                DACC_Handler
                0x00404550                DebugMon_Handler
                0x00404550                HardFault_Handler
                0x00404550                TC2_Handler
                0x00404550                NMI_Handler
                0x00404550                ADC_Handler
                0x00404550                USART0_Handler
                0x00404550                RTT_Handler
                0x00404550                RTC_Handler
                0x00404550                UsageFault_Handler
                0x00404550                WDT_Handler
                0x00404550                TC4_Handler
                0x00404550                TC1_Handler
                0x00404550                TC3_Handler
                0x00404550                Dummy_Handler
                0x00404550                USART1_Handler
                0x00404550                PMC_Handler
                0x00404550                PWM_Handler
                0x00404550                MemManage_Handler
                0x00404550                SUPC_Handler
                0x00404550                EFC_Handler
                0x00404550                BusFault_Handler
                0x00404550                RSTC_Handler
                0x00404550                TC0_Handler
                0x00404550                TC5_Handler
 .text.Reset_Handler
                0x00404558       0xa8 src/ASF/sam/utils/cmsis/sam3n/source/templates/gcc/startup_sam3n.o
                0x00404558                Reset_Handler
 .text.SystemCoreClockUpdate
                0x00404600      0x15c src/ASF/sam/utils/cmsis/sam3n/source/templates/system_sam3n.o
                0x00404600                SystemCoreClockUpdate
 .text._sbrk    0x0040475c       0x58 src/ASF/sam/utils/syscalls/gcc/syscalls.o
                0x0040475c                _sbrk
 .text._close   0x004047b4       0x18 src/ASF/sam/utils/syscalls/gcc/syscalls.o
                0x004047b4                _close
 .text._fstat   0x004047cc       0x20 src/ASF/sam/utils/syscalls/gcc/syscalls.o
                0x004047cc                _fstat
 .text._isatty  0x004047ec       0x18 src/ASF/sam/utils/syscalls/gcc/syscalls.o
                0x004047ec                _isatty
 .text._lseek   0x00404804       0x1c src/ASF/sam/utils/syscalls/gcc/syscalls.o
                0x00404804                _lseek
 .text.vListInitialise
                0x00404820       0x40 src/ASF/thirdparty/freertos/freertos-7.3.0/source/list.o
                0x00404820                vListInitialise
 .text.vListInitialiseItem
                0x00404860       0x18 src/ASF/thirdparty/freertos/freertos-7.3.0/source/list.o
                0x00404860                vListInitialiseItem
 .text.vListInsertEnd
                0x00404878       0x50 src/ASF/thirdparty/freertos/freertos-7.3.0/source/list.o
                0x00404878                vListInsertEnd
 .text.vListInsert
                0x004048c8       0x70 src/ASF/thirdparty/freertos/freertos-7.3.0/source/list.o
                0x004048c8                vListInsert
 .text.uxListRemove
                0x00404938       0x54 src/ASF/thirdparty/freertos/freertos-7.3.0/source/list.o
                0x00404938                uxListRemove
 .text.osc_get_rate
                0x0040498c       0x74 src/ASF/thirdparty/freertos/freertos-7.3.0/source/portable/gcc/sam/port.o
 .text.sysclk_get_main_hz
                0x00404a00       0x18 src/ASF/thirdparty/freertos/freertos-7.3.0/source/portable/gcc/sam/port.o
 .text.sysclk_get_cpu_hz
                0x00404a18       0x14 src/ASF/thirdparty/freertos/freertos-7.3.0/source/portable/gcc/sam/port.o
 .text.pxPortInitialiseStack
                0x00404a2c       0x54 src/ASF/thirdparty/freertos/freertos-7.3.0/source/portable/gcc/sam/port.o
                0x00404a2c                pxPortInitialiseStack
 .text.SVC_Handler
                0x00404a80       0x20 src/ASF/thirdparty/freertos/freertos-7.3.0/source/portable/gcc/sam/port.o
                0x00404a80                SVC_Handler
 .text.prvPortStartFirstTask
                0x00404aa0       0x14 src/ASF/thirdparty/freertos/freertos-7.3.0/source/portable/gcc/sam/port.o
 .text.xPortStartScheduler
                0x00404ab4       0x40 src/ASF/thirdparty/freertos/freertos-7.3.0/source/portable/gcc/sam/port.o
                0x00404ab4                xPortStartScheduler
 .text.vPortYieldFromISR
                0x00404af4       0x18 src/ASF/thirdparty/freertos/freertos-7.3.0/source/portable/gcc/sam/port.o
                0x00404af4                vPortYieldFromISR
 .text.vPortEnterCritical
                0x00404b0c       0x1c src/ASF/thirdparty/freertos/freertos-7.3.0/source/portable/gcc/sam/port.o
                0x00404b0c                vPortEnterCritical
 .text.vPortExitCritical
                0x00404b28       0x28 src/ASF/thirdparty/freertos/freertos-7.3.0/source/portable/gcc/sam/port.o
                0x00404b28                vPortExitCritical
 .text.ulPortSetInterruptMask
                0x00404b50       0x14 src/ASF/thirdparty/freertos/freertos-7.3.0/source/portable/gcc/sam/port.o
                0x00404b50                ulPortSetInterruptMask
 .text.vPortClearInterruptMask
                0x00404b64        0x8 src/ASF/thirdparty/freertos/freertos-7.3.0/source/portable/gcc/sam/port.o
                0x00404b64                vPortClearInterruptMask
 .text.PendSV_Handler
                0x00404b6c       0x3c src/ASF/thirdparty/freertos/freertos-7.3.0/source/portable/gcc/sam/port.o
                0x00404b6c                PendSV_Handler
 .text.SysTick_Handler
                0x00404ba8       0x2c src/ASF/thirdparty/freertos/freertos-7.3.0/source/portable/gcc/sam/port.o
                0x00404ba8                SysTick_Handler
 .text.vPortSetupTimerInterrupt
                0x00404bd4       0x30 src/ASF/thirdparty/freertos/freertos-7.3.0/source/portable/gcc/sam/port.o
                0x00404bd4                vPortSetupTimerInterrupt
 .text.pvPortMalloc
                0x00404c04      0x108 src/ASF/thirdparty/freertos/freertos-7.3.0/source/portable/memmang/heap_4.o
                0x00404c04                pvPortMalloc
 .text.vPortFree
                0x00404d0c       0x54 src/ASF/thirdparty/freertos/freertos-7.3.0/source/portable/memmang/heap_4.o
                0x00404d0c                vPortFree
 .text.xPortGetFreeHeapSize
                0x00404d60       0x18 src/ASF/thirdparty/freertos/freertos-7.3.0/source/portable/memmang/heap_4.o
                0x00404d60                xPortGetFreeHeapSize
 .text.prvHeapInit
                0x00404d78       0x90 src/ASF/thirdparty/freertos/freertos-7.3.0/source/portable/memmang/heap_4.o
 .text.prvInsertBlockIntoFreeList
                0x00404e08       0xb0 src/ASF/thirdparty/freertos/freertos-7.3.0/source/portable/memmang/heap_4.o
 .text.xQueueGenericReset
                0x00404eb8       0xc8 src/ASF/thirdparty/freertos/freertos-7.3.0/source/queue.o
                0x00404eb8                xQueueGenericReset
 .text.xQueueGenericCreate
                0x00404f80       0x98 src/ASF/thirdparty/freertos/freertos-7.3.0/source/queue.o
                0x00404f80                xQueueGenericCreate
 .text.xQueueCreateMutex
                0x00405018       0xa4 src/ASF/thirdparty/freertos/freertos-7.3.0/source/queue.o
                0x00405018                xQueueCreateMutex
 .text.xQueueCreateCountingSemaphore
                0x004050bc       0x44 src/ASF/thirdparty/freertos/freertos-7.3.0/source/queue.o
                0x004050bc                xQueueCreateCountingSemaphore
 .text.xQueueGenericSend
                0x00405100      0x170 src/ASF/thirdparty/freertos/freertos-7.3.0/source/queue.o
                0x00405100                xQueueGenericSend
 .text.xQueueGenericSendFromISR
                0x00405270       0xbc src/ASF/thirdparty/freertos/freertos-7.3.0/source/queue.o
                0x00405270                xQueueGenericSendFromISR
 .text.xQueueGenericReceive
                0x0040532c      0x1d8 src/ASF/thirdparty/freertos/freertos-7.3.0/source/queue.o
                0x0040532c                xQueueGenericReceive
 .text.prvCopyDataToQueue
                0x00405504       0xc0 src/ASF/thirdparty/freertos/freertos-7.3.0/source/queue.o
 .text.prvCopyDataFromQueue
                0x004055c4       0x50 src/ASF/thirdparty/freertos/freertos-7.3.0/source/queue.o
 .text.prvUnlockQueue
                0x00405614       0xa8 src/ASF/thirdparty/freertos/freertos-7.3.0/source/queue.o
 .text.prvIsQueueEmpty
                0x004056bc       0x34 src/ASF/thirdparty/freertos/freertos-7.3.0/source/queue.o
 .text.prvIsQueueFull
                0x004056f0       0x38 src/ASF/thirdparty/freertos/freertos-7.3.0/source/queue.o
 .text.vQueueWaitForMessageRestricted
                0x00405728       0x64 src/ASF/thirdparty/freertos/freertos-7.3.0/source/queue.o
                0x00405728                vQueueWaitForMessageRestricted
 .text.xTaskGenericCreate
                0x0040578c      0x1c0 src/ASF/thirdparty/freertos/freertos-7.3.0/source/tasks.o
                0x0040578c                xTaskGenericCreate
 .text.vTaskDelete
                0x0040594c       0xac src/ASF/thirdparty/freertos/freertos-7.3.0/source/tasks.o
                0x0040594c                vTaskDelete
 .text.vTaskDelay
                0x004059f8       0x64 src/ASF/thirdparty/freertos/freertos-7.3.0/source/tasks.o
                0x004059f8                vTaskDelay
 .text.vTaskStartScheduler
                0x00405a5c       0x80 src/ASF/thirdparty/freertos/freertos-7.3.0/source/tasks.o
                0x00405a5c                vTaskStartScheduler
 .text.vTaskSuspendAll
                0x00405adc       0x1c src/ASF/thirdparty/freertos/freertos-7.3.0/source/tasks.o
                0x00405adc                vTaskSuspendAll
 .text.xTaskResumeAll
                0x00405af8      0x120 src/ASF/thirdparty/freertos/freertos-7.3.0/source/tasks.o
                0x00405af8                xTaskResumeAll
 .text.xTaskGetTickCount
                0x00405c18       0x2c src/ASF/thirdparty/freertos/freertos-7.3.0/source/tasks.o
                0x00405c18                xTaskGetTickCount
 .text.vTaskIncrementTick
                0x00405c44      0x15c src/ASF/thirdparty/freertos/freertos-7.3.0/source/tasks.o
                0x00405c44                vTaskIncrementTick
 .text.vTaskSwitchContext
                0x00405da0       0xcc src/ASF/thirdparty/freertos/freertos-7.3.0/source/tasks.o
                0x00405da0                vTaskSwitchContext
 .text.vTaskPlaceOnEventList
                0x00405e6c       0x80 src/ASF/thirdparty/freertos/freertos-7.3.0/source/tasks.o
                0x00405e6c                vTaskPlaceOnEventList
 .text.vTaskPlaceOnEventListRestricted
                0x00405eec       0x60 src/ASF/thirdparty/freertos/freertos-7.3.0/source/tasks.o
                0x00405eec                vTaskPlaceOnEventListRestricted
 .text.xTaskRemoveFromEventList
                0x00405f4c       0xbc src/ASF/thirdparty/freertos/freertos-7.3.0/source/tasks.o
                0x00405f4c                xTaskRemoveFromEventList
 .text.vTaskSetTimeOutState
                0x00406008       0x38 src/ASF/thirdparty/freertos/freertos-7.3.0/source/tasks.o
                0x00406008                vTaskSetTimeOutState
 .text.xTaskCheckForTimeOut
                0x00406040       0xb4 src/ASF/thirdparty/freertos/freertos-7.3.0/source/tasks.o
                0x00406040                xTaskCheckForTimeOut
 .text.vTaskMissedYield
                0x004060f4       0x18 src/ASF/thirdparty/freertos/freertos-7.3.0/source/tasks.o
                0x004060f4                vTaskMissedYield
 .text.prvIdleTask
                0x0040610c       0x30 src/ASF/thirdparty/freertos/freertos-7.3.0/source/tasks.o
 .text.prvInitialiseTCBVariables
                0x0040613c       0x74 src/ASF/thirdparty/freertos/freertos-7.3.0/source/tasks.o
 .text.prvInitialiseTaskLists
                0x004061b0       0x80 src/ASF/thirdparty/freertos/freertos-7.3.0/source/tasks.o
 .text.prvCheckTasksWaitingTermination
                0x00406230       0x8c src/ASF/thirdparty/freertos/freertos-7.3.0/source/tasks.o
 .text.prvAddCurrentTaskToDelayedList
                0x004062bc       0x70 src/ASF/thirdparty/freertos/freertos-7.3.0/source/tasks.o
 .text.prvAllocateTCBAndStack
                0x0040632c       0x70 src/ASF/thirdparty/freertos/freertos-7.3.0/source/tasks.o
 .text.prvDeleteTCB
                0x0040639c       0x24 src/ASF/thirdparty/freertos/freertos-7.3.0/source/tasks.o
 .text.xTaskGetCurrentTaskHandle
                0x004063c0       0x20 src/ASF/thirdparty/freertos/freertos-7.3.0/source/tasks.o
                0x004063c0                xTaskGetCurrentTaskHandle
 .text.xTaskGetSchedulerState
                0x004063e0       0x3c src/ASF/thirdparty/freertos/freertos-7.3.0/source/tasks.o
                0x004063e0                xTaskGetSchedulerState
 .text.vTaskPriorityInherit
                0x0040641c       0xb0 src/ASF/thirdparty/freertos/freertos-7.3.0/source/tasks.o
                0x0040641c                vTaskPriorityInherit
 .text.vTaskPriorityDisinherit
                0x004064cc       0x84 src/ASF/thirdparty/freertos/freertos-7.3.0/source/tasks.o
                0x004064cc                vTaskPriorityDisinherit
 .text.xTimerCreateTimerTask
                0x00406550       0x64 src/ASF/thirdparty/freertos/freertos-7.3.0/source/timers.o
                0x00406550                xTimerCreateTimerTask
 .text.xTimerCreate
                0x004065b4       0x7c src/ASF/thirdparty/freertos/freertos-7.3.0/source/timers.o
                0x004065b4                xTimerCreate
 .text.xTimerGenericCommand
                0x00406630       0x98 src/ASF/thirdparty/freertos/freertos-7.3.0/source/timers.o
                0x00406630                xTimerGenericCommand
 .text.prvProcessExpiredTimer
                0x004066c8       0x84 src/ASF/thirdparty/freertos/freertos-7.3.0/source/timers.o
 .text.prvTimerTask
                0x0040674c       0x30 src/ASF/thirdparty/freertos/freertos-7.3.0/source/timers.o
 .text.prvProcessTimerOrBlockTask
                0x0040677c       0x84 src/ASF/thirdparty/freertos/freertos-7.3.0/source/timers.o
 .text.prvGetNextExpireTime
                0x00406800       0x48 src/ASF/thirdparty/freertos/freertos-7.3.0/source/timers.o
 .text.prvSampleTimeNow
                0x00406848       0x4c src/ASF/thirdparty/freertos/freertos-7.3.0/source/timers.o
 .text.prvInsertTimerInActiveList
                0x00406894       0x88 src/ASF/thirdparty/freertos/freertos-7.3.0/source/timers.o
 .text.prvProcessReceivedCommands
                0x0040691c      0x118 src/ASF/thirdparty/freertos/freertos-7.3.0/source/timers.o
 .text.prvSwitchTimerLists
                0x00406a34       0xc4 src/ASF/thirdparty/freertos/freertos-7.3.0/source/timers.o
 .text.prvCheckForValidListAndQueue
                0x00406af8       0x64 src/ASF/thirdparty/freertos/freertos-7.3.0/source/timers.o
 .text.osc_get_rate
                0x00406b5c       0x74 src/IMU.o
 .text.sysclk_get_main_hz
                0x00406bd0       0x18 src/IMU.o
 .text.sysclk_get_cpu_hz
                0x00406be8       0x14 src/IMU.o
 .text.vTimerIMU
                0x00406bfc       0x28 src/IMU.o
 .text.IMUTask  0x00406c24      0x244 src/IMU.o
                0x00406c24                IMUTask
 .text.getAllAcelValue
                0x00406e68      0x170 src/IMU.o
 .text.getAllGyroValue
                0x00406fd8      0x120 src/IMU.o
 .text.configIMU
                0x004070f8       0x7c src/IMU.o
 .text.twi_init
                0x00407174       0x70 src/IMU.o
                0x00407174                twi_init
 .text.adxl_init
                0x004071e4       0x70 src/IMU.o
 .text.itg_init
                0x00407254       0x70 src/IMU.o
 .text.itg_write
                0x004072c4       0x7c src/IMU.o
 .text.itg_read
                0x00407340       0x78 src/IMU.o
 .text.adxl_write
                0x004073b8       0x7c src/IMU.o
 .text.adxl_read
                0x00407434       0x78 src/IMU.o
 .text.NVIC_SetPriorityGrouping
                0x004074ac       0x48 src/main.o
 .text.vApplicationStackOverflowHook
                0x004074f4       0x28 src/main.o
                0x004074f4                vApplicationStackOverflowHook
 .text.vApplicationIdleHook
                0x0040751c        0xc src/main.o
                0x0040751c                vApplicationIdleHook
 .text.vApplicationTickHook
                0x00407528        0xc src/main.o
                0x00407528                vApplicationTickHook
 .text.vApplicationMallocFailedHook
                0x00407534       0x10 src/main.o
                0x00407534                vApplicationMallocFailedHook
 .text.task_led0
                0x00407544       0x20 src/main.o
 .text.main     0x00407564      0x14c src/main.o
                0x00407564                main
 .text          0x004076b0      0x370 c:/program files (x86)/atmel/atmel toolchain/arm gcc/native/4.8.1443/arm-gnu-toolchain/bin/../lib/gcc/arm-none-eabi/4.8.4/armv7-m\libgcc.a(_arm_addsubdf3.o)
                0x004076b0                __aeabi_drsub
                0x004076b8                __aeabi_dsub
                0x004076b8                __subdf3
                0x004076bc                __aeabi_dadd
                0x004076bc                __adddf3
                0x00407934                __floatunsidf
                0x00407934                __aeabi_ui2d
                0x00407954                __floatsidf
                0x00407954                __aeabi_i2d
                0x00407978                __aeabi_f2d
                0x00407978                __extendsfdf2
                0x004079b4                __floatundidf
                0x004079b4                __aeabi_ul2d
                0x004079c4                __floatdidf
                0x004079c4                __aeabi_l2d
 .text          0x00407a20      0x424 c:/program files (x86)/atmel/atmel toolchain/arm gcc/native/4.8.1443/arm-gnu-toolchain/bin/../lib/gcc/arm-none-eabi/4.8.4/armv7-m\libgcc.a(_arm_muldivdf3.o)
                0x00407a20                __aeabi_dmul
                0x00407a20                __muldf3
                0x00407c74                __divdf3
                0x00407c74                __aeabi_ddiv
 .text          0x00407e44       0xa0 c:/program files (x86)/atmel/atmel toolchain/arm gcc/native/4.8.1443/arm-gnu-toolchain/bin/../lib/gcc/arm-none-eabi/4.8.4/armv7-m\libgcc.a(_arm_truncdfsf2.o)
                0x00407e44                __truncdfsf2
                0x00407e44                __aeabi_d2f
 .text          0x00407ee4      0x21c c:/program files (x86)/atmel/atmel toolchain/arm gcc/native/4.8.1443/arm-gnu-toolchain/bin/../lib/gcc/arm-none-eabi/4.8.4/armv7-m\libgcc.a(_arm_addsubsf3.o)
                0x00407ee4                __aeabi_frsub
                0x00407eec                __subsf3
                0x00407eec                __aeabi_fsub
                0x00407ef0                __aeabi_fadd
                0x00407ef0                __addsf3
                0x00408050                __aeabi_ui2f
                0x00408050                __floatunsisf
                0x00408058                __aeabi_i2f
                0x00408058                __floatsisf
                0x00408074                __aeabi_ul2f
                0x00408074                __floatundisf
                0x00408084                __aeabi_l2f
                0x00408084                __floatdisf
 .text          0x00408100      0x2a0 c:/program files (x86)/atmel/atmel toolchain/arm gcc/native/4.8.1443/arm-gnu-toolchain/bin/../lib/gcc/arm-none-eabi/4.8.4/armv7-m\libgcc.a(_arm_muldivsf3.o)
                0x00408100                __mulsf3
                0x00408100                __aeabi_fmul
                0x00408268                __aeabi_fdiv
                0x00408268                __divsf3
 .text.__libc_init_array
                0x004083a0       0x50 c:/program files (x86)/atmel/atmel toolchain/arm gcc/native/4.8.1443/arm-gnu-toolchain/bin/../lib/gcc/arm-none-eabi/4.8.4/../../../../arm-none-eabi/lib/armv7-m\libc.a(lib_a-init.o)
                0x004083a0                __libc_init_array
 .text.iprintf  0x004083f0       0x28 c:/program files (x86)/atmel/atmel toolchain/arm gcc/native/4.8.1443/arm-gnu-toolchain/bin/../lib/gcc/arm-none-eabi/4.8.4/../../../../arm-none-eabi/lib/armv7-m\libc.a(lib_a-iprintf.o)
                0x004083f0                iprintf
 .text.memcmp   0x00408418       0x68 c:/program files (x86)/atmel/atmel toolchain/arm gcc/native/4.8.1443/arm-gnu-toolchain/bin/../lib/gcc/arm-none-eabi/4.8.4/../../../../arm-none-eabi/lib/armv7-m\libc.a(lib_a-memcmp.o)
                0x00408418                memcmp
 .text          0x00408480       0xec c:/program files (x86)/atmel/atmel toolchain/arm gcc/native/4.8.1443/arm-gnu-toolchain/bin/../lib/gcc/arm-none-eabi/4.8.4/../../../../arm-none-eabi/lib/armv7-m\libc.a(lib_a-memcpy.o)
                0x00408480                memcpy
 .text.memset   0x0040856c       0x94 c:/program files (x86)/atmel/atmel toolchain/arm gcc/native/4.8.1443/arm-gnu-toolchain/bin/../lib/gcc/arm-none-eabi/4.8.4/../../../../arm-none-eabi/lib/armv7-m\libc.a(lib_a-memset.o)
                0x0040856c                memset
 .text.setbuf   0x00408600       0x10 c:/program files (x86)/atmel/atmel toolchain/arm gcc/native/4.8.1443/arm-gnu-toolchain/bin/../lib/gcc/arm-none-eabi/4.8.4/../../../../arm-none-eabi/lib/armv7-m\libc.a(lib_a-setbuf.o)
                0x00408600                setbuf
 .text.setvbuf  0x00408610      0x100 c:/program files (x86)/atmel/atmel toolchain/arm gcc/native/4.8.1443/arm-gnu-toolchain/bin/../lib/gcc/arm-none-eabi/4.8.4/../../../../arm-none-eabi/lib/armv7-m\libc.a(lib_a-setvbuf.o)
                0x00408610                setvbuf
 .text.sprintf  0x00408710       0x4c c:/program files (x86)/atmel/atmel toolchain/arm gcc/native/4.8.1443/arm-gnu-toolchain/bin/../lib/gcc/arm-none-eabi/4.8.4/../../../../arm-none-eabi/lib/armv7-m\libc.a(lib_a-sprintf.o)
                0x00408710                sprintf
 .text.strlen   0x0040875c       0x60 c:/program files (x86)/atmel/atmel toolchain/arm gcc/native/4.8.1443/arm-gnu-toolchain/bin/../lib/gcc/arm-none-eabi/4.8.4/../../../../arm-none-eabi/lib/armv7-m\libc.a(lib_a-strlen.o)
                0x0040875c                strlen
 .text.strncpy  0x004087bc       0x64 c:/program files (x86)/atmel/atmel toolchain/arm gcc/native/4.8.1443/arm-gnu-toolchain/bin/../lib/gcc/arm-none-eabi/4.8.4/../../../../arm-none-eabi/lib/armv7-m\libc.a(lib_a-strncpy.o)
                0x004087bc                strncpy
 .text._svfprintf_r
                0x00408820     0x14e0 c:/program files (x86)/atmel/atmel toolchain/arm gcc/native/4.8.1443/arm-gnu-toolchain/bin/../lib/gcc/arm-none-eabi/4.8.4/../../../../arm-none-eabi/lib/armv7-m\libc.a(lib_a-svfprintf.o)
                0x00408820                _svfprintf_r
 .text.__sprint_r.part.0
                0x00409d00       0x78 c:/program files (x86)/atmel/atmel toolchain/arm gcc/native/4.8.1443/arm-gnu-toolchain/bin/../lib/gcc/arm-none-eabi/4.8.4/../../../../arm-none-eabi/lib/armv7-m\libc.a(lib_a-vfiprintf.o)
 .text._vfiprintf_r
                0x00409d78      0xc54 c:/program files (x86)/atmel/atmel toolchain/arm gcc/native/4.8.1443/arm-gnu-toolchain/bin/../lib/gcc/arm-none-eabi/4.8.4/../../../../arm-none-eabi/lib/armv7-m\libc.a(lib_a-vfiprintf.o)
                0x00409d78                _vfiprintf_r
 .text.__sbprintf
                0x0040a9cc       0x7c c:/program files (x86)/atmel/atmel toolchain/arm gcc/native/4.8.1443/arm-gnu-toolchain/bin/../lib/gcc/arm-none-eabi/4.8.4/../../../../arm-none-eabi/lib/armv7-m\libc.a(lib_a-vfiprintf.o)
 .text._vsprintf_r
                0x0040aa48       0x34 c:/program files (x86)/atmel/atmel toolchain/arm gcc/native/4.8.1443/arm-gnu-toolchain/bin/../lib/gcc/arm-none-eabi/4.8.4/../../../../arm-none-eabi/lib/armv7-m\libc.a(lib_a-vsprintf.o)
                0x0040aa48                _vsprintf_r
 .text.vsprintf
                0x0040aa7c       0x18 c:/program files (x86)/atmel/atmel toolchain/arm gcc/native/4.8.1443/arm-gnu-toolchain/bin/../lib/gcc/arm-none-eabi/4.8.4/../../../../arm-none-eabi/lib/armv7-m\libc.a(lib_a-vsprintf.o)
                0x0040aa7c                vsprintf
 .text.__swsetup_r
                0x0040aa94       0xc4 c:/program files (x86)/atmel/atmel toolchain/arm gcc/native/4.8.1443/arm-gnu-toolchain/bin/../lib/gcc/arm-none-eabi/4.8.4/../../../../arm-none-eabi/lib/armv7-m\libc.a(lib_a-wsetup.o)
                0x0040aa94                __swsetup_r
 .text.startup.register_fini
                0x0040ab58       0x14 c:/program files (x86)/atmel/atmel toolchain/arm gcc/native/4.8.1443/arm-gnu-toolchain/bin/../lib/gcc/arm-none-eabi/4.8.4/../../../../arm-none-eabi/lib/armv7-m\libc.a(lib_a-__call_atexit.o)
 .text.atexit   0x0040ab6c        0xc c:/program files (x86)/atmel/atmel toolchain/arm gcc/native/4.8.1443/arm-gnu-toolchain/bin/../lib/gcc/arm-none-eabi/4.8.4/../../../../arm-none-eabi/lib/armv7-m\libc.a(lib_a-atexit.o)
                0x0040ab6c                atexit
 .text.quorem   0x0040ab78      0x134 c:/program files (x86)/atmel/atmel toolchain/arm gcc/native/4.8.1443/arm-gnu-toolchain/bin/../lib/gcc/arm-none-eabi/4.8.4/../../../../arm-none-eabi/lib/armv7-m\libc.a(lib_a-dtoa.o)
 *fill*         0x0040acac        0x4 
 .text._dtoa_r  0x0040acb0      0xe38 c:/program files (x86)/atmel/atmel toolchain/arm gcc/native/4.8.1443/arm-gnu-toolchain/bin/../lib/gcc/arm-none-eabi/4.8.4/../../../../arm-none-eabi/lib/armv7-m\libc.a(lib_a-dtoa.o)
                0x0040acb0                _dtoa_r
 .text.__sflush_r
                0x0040bae8      0x148 c:/program files (x86)/atmel/atmel toolchain/arm gcc/native/4.8.1443/arm-gnu-toolchain/bin/../lib/gcc/arm-none-eabi/4.8.4/../../../../arm-none-eabi/lib/armv7-m\libc.a(lib_a-fflush.o)
                0x0040bae8                __sflush_r
 .text._fflush_r
                0x0040bc30       0x2c c:/program files (x86)/atmel/atmel toolchain/arm gcc/native/4.8.1443/arm-gnu-toolchain/bin/../lib/gcc/arm-none-eabi/4.8.4/../../../../arm-none-eabi/lib/armv7-m\libc.a(lib_a-fflush.o)
                0x0040bc30                _fflush_r
 .text._cleanup_r
                0x0040bc5c        0xc c:/program files (x86)/atmel/atmel toolchain/arm gcc/native/4.8.1443/arm-gnu-toolchain/bin/../lib/gcc/arm-none-eabi/4.8.4/../../../../arm-none-eabi/lib/armv7-m\libc.a(lib_a-findfp.o)
                0x0040bc5c                _cleanup_r
 .text.__sinit  0x0040bc68       0xf4 c:/program files (x86)/atmel/atmel toolchain/arm gcc/native/4.8.1443/arm-gnu-toolchain/bin/../lib/gcc/arm-none-eabi/4.8.4/../../../../arm-none-eabi/lib/armv7-m\libc.a(lib_a-findfp.o)
                0x0040bc68                __sinit
 .text.__sfp_lock_acquire
                0x0040bd5c        0x4 c:/program files (x86)/atmel/atmel toolchain/arm gcc/native/4.8.1443/arm-gnu-toolchain/bin/../lib/gcc/arm-none-eabi/4.8.4/../../../../arm-none-eabi/lib/armv7-m\libc.a(lib_a-findfp.o)
                0x0040bd5c                __sfp_lock_acquire
 .text.__sfp_lock_release
                0x0040bd60        0x4 c:/program files (x86)/atmel/atmel toolchain/arm gcc/native/4.8.1443/arm-gnu-toolchain/bin/../lib/gcc/arm-none-eabi/4.8.4/../../../../arm-none-eabi/lib/armv7-m\libc.a(lib_a-findfp.o)
                0x0040bd60                __sfp_lock_release
 .text.__libc_fini_array
                0x0040bd64       0x30 c:/program files (x86)/atmel/atmel toolchain/arm gcc/native/4.8.1443/arm-gnu-toolchain/bin/../lib/gcc/arm-none-eabi/4.8.4/../../../../arm-none-eabi/lib/armv7-m\libc.a(lib_a-fini.o)
                0x0040bd64                __libc_fini_array
 .text._fputwc_r
                0x0040bd94       0xc0 c:/program files (x86)/atmel/atmel toolchain/arm gcc/native/4.8.1443/arm-gnu-toolchain/bin/../lib/gcc/arm-none-eabi/4.8.4/../../../../arm-none-eabi/lib/armv7-m\libc.a(lib_a-fputwc.o)
                0x0040bd94                _fputwc_r
 .text._malloc_trim_r
                0x0040be54       0x9c c:/program files (x86)/atmel/atmel toolchain/arm gcc/native/4.8.1443/arm-gnu-toolchain/bin/../lib/gcc/arm-none-eabi/4.8.4/../../../../arm-none-eabi/lib/armv7-m\libc.a(lib_a-freer.o)
                0x0040be54                _malloc_trim_r
 .text._free_r  0x0040bef0      0x198 c:/program files (x86)/atmel/atmel toolchain/arm gcc/native/4.8.1443/arm-gnu-toolchain/bin/../lib/gcc/arm-none-eabi/4.8.4/../../../../arm-none-eabi/lib/armv7-m\libc.a(lib_a-freer.o)
                0x0040bef0                _free_r
 .text.__sfvwrite_r
                0x0040c088      0x318 c:/program files (x86)/atmel/atmel toolchain/arm gcc/native/4.8.1443/arm-gnu-toolchain/bin/../lib/gcc/arm-none-eabi/4.8.4/../../../../arm-none-eabi/lib/armv7-m\libc.a(lib_a-fvwrite.o)
                0x0040c088                __sfvwrite_r
 .text._fwalk   0x0040c3a0       0x48 c:/program files (x86)/atmel/atmel toolchain/arm gcc/native/4.8.1443/arm-gnu-toolchain/bin/../lib/gcc/arm-none-eabi/4.8.4/../../../../arm-none-eabi/lib/armv7-m\libc.a(lib_a-fwalk.o)
                0x0040c3a0                _fwalk
 .text.__locale_charset
                0x0040c3e8        0x8 c:/program files (x86)/atmel/atmel toolchain/arm gcc/native/4.8.1443/arm-gnu-toolchain/bin/../lib/gcc/arm-none-eabi/4.8.4/../../../../arm-none-eabi/lib/armv7-m\libc.a(lib_a-locale.o)
                0x0040c3e8                __locale_charset
 .text.__locale_mb_cur_max
                0x0040c3f0        0xc c:/program files (x86)/atmel/atmel toolchain/arm gcc/native/4.8.1443/arm-gnu-toolchain/bin/../lib/gcc/arm-none-eabi/4.8.4/../../../../arm-none-eabi/lib/armv7-m\libc.a(lib_a-locale.o)
                0x0040c3f0                __locale_mb_cur_max
 .text._localeconv_r
                0x0040c3fc        0x8 c:/program files (x86)/atmel/atmel toolchain/arm gcc/native/4.8.1443/arm-gnu-toolchain/bin/../lib/gcc/arm-none-eabi/4.8.4/../../../../arm-none-eabi/lib/armv7-m\libc.a(lib_a-locale.o)
                0x0040c3fc                _localeconv_r
 .text.__smakebuf_r
                0x0040c404       0xe0 c:/program files (x86)/atmel/atmel toolchain/arm gcc/native/4.8.1443/arm-gnu-toolchain/bin/../lib/gcc/arm-none-eabi/4.8.4/../../../../arm-none-eabi/lib/armv7-m\libc.a(lib_a-makebuf.o)
                0x0040c404                __smakebuf_r
 .text.malloc   0x0040c4e4       0x10 c:/program files (x86)/atmel/atmel toolchain/arm gcc/native/4.8.1443/arm-gnu-toolchain/bin/../lib/gcc/arm-none-eabi/4.8.4/../../../../arm-none-eabi/lib/armv7-m\libc.a(lib_a-malloc.o)
                0x0040c4e4                malloc
 .text._malloc_r
                0x0040c4f4      0x538 c:/program files (x86)/atmel/atmel toolchain/arm gcc/native/4.8.1443/arm-gnu-toolchain/bin/../lib/gcc/arm-none-eabi/4.8.4/../../../../arm-none-eabi/lib/armv7-m\libc.a(lib_a-mallocr.o)
                0x0040c4f4                _malloc_r
 .text.memchr   0x0040ca2c       0x94 c:/program files (x86)/atmel/atmel toolchain/arm gcc/native/4.8.1443/arm-gnu-toolchain/bin/../lib/gcc/arm-none-eabi/4.8.4/../../../../arm-none-eabi/lib/armv7-m\libc.a(lib_a-memchr-stub.o)
                0x0040ca2c                memchr
 .text.memmove  0x0040cac0       0xcc c:/program files (x86)/atmel/atmel toolchain/arm gcc/native/4.8.1443/arm-gnu-toolchain/bin/../lib/gcc/arm-none-eabi/4.8.4/../../../../arm-none-eabi/lib/armv7-m\libc.a(lib_a-memmove.o)
                0x0040cac0                memmove
 .text.__malloc_lock
                0x0040cb8c        0x4 c:/program files (x86)/atmel/atmel toolchain/arm gcc/native/4.8.1443/arm-gnu-toolchain/bin/../lib/gcc/arm-none-eabi/4.8.4/../../../../arm-none-eabi/lib/armv7-m\libc.a(lib_a-mlock.o)
                0x0040cb8c                __malloc_lock
 .text.__malloc_unlock
                0x0040cb90        0x4 c:/program files (x86)/atmel/atmel toolchain/arm gcc/native/4.8.1443/arm-gnu-toolchain/bin/../lib/gcc/arm-none-eabi/4.8.4/../../../../arm-none-eabi/lib/armv7-m\libc.a(lib_a-mlock.o)
                0x0040cb90                __malloc_unlock
 .text._Balloc  0x0040cb94       0x4c c:/program files (x86)/atmel/atmel toolchain/arm gcc/native/4.8.1443/arm-gnu-toolchain/bin/../lib/gcc/arm-none-eabi/4.8.4/../../../../arm-none-eabi/lib/armv7-m\libc.a(lib_a-mprec.o)
                0x0040cb94                _Balloc
 .text._Bfree   0x0040cbe0       0x14 c:/program files (x86)/atmel/atmel toolchain/arm gcc/native/4.8.1443/arm-gnu-toolchain/bin/../lib/gcc/arm-none-eabi/4.8.4/../../../../arm-none-eabi/lib/armv7-m\libc.a(lib_a-mprec.o)
                0x0040cbe0                _Bfree
 .text.__multadd
                0x0040cbf4       0x94 c:/program files (x86)/atmel/atmel toolchain/arm gcc/native/4.8.1443/arm-gnu-toolchain/bin/../lib/gcc/arm-none-eabi/4.8.4/../../../../arm-none-eabi/lib/armv7-m\libc.a(lib_a-mprec.o)
                0x0040cbf4                __multadd
 .text.__hi0bits
                0x0040cc88       0x40 c:/program files (x86)/atmel/atmel toolchain/arm gcc/native/4.8.1443/arm-gnu-toolchain/bin/../lib/gcc/arm-none-eabi/4.8.4/../../../../arm-none-eabi/lib/armv7-m\libc.a(lib_a-mprec.o)
                0x0040cc88                __hi0bits
 .text.__lo0bits
                0x0040ccc8       0x5c c:/program files (x86)/atmel/atmel toolchain/arm gcc/native/4.8.1443/arm-gnu-toolchain/bin/../lib/gcc/arm-none-eabi/4.8.4/../../../../arm-none-eabi/lib/armv7-m\libc.a(lib_a-mprec.o)
                0x0040ccc8                __lo0bits
 .text.__i2b    0x0040cd24       0x14 c:/program files (x86)/atmel/atmel toolchain/arm gcc/native/4.8.1443/arm-gnu-toolchain/bin/../lib/gcc/arm-none-eabi/4.8.4/../../../../arm-none-eabi/lib/armv7-m\libc.a(lib_a-mprec.o)
                0x0040cd24                __i2b
 .text.__multiply
                0x0040cd38      0x13c c:/program files (x86)/atmel/atmel toolchain/arm gcc/native/4.8.1443/arm-gnu-toolchain/bin/../lib/gcc/arm-none-eabi/4.8.4/../../../../arm-none-eabi/lib/armv7-m\libc.a(lib_a-mprec.o)
                0x0040cd38                __multiply
 .text.__pow5mult
                0x0040ce74       0x9c c:/program files (x86)/atmel/atmel toolchain/arm gcc/native/4.8.1443/arm-gnu-toolchain/bin/../lib/gcc/arm-none-eabi/4.8.4/../../../../arm-none-eabi/lib/armv7-m\libc.a(lib_a-mprec.o)
                0x0040ce74                __pow5mult
 .text.__lshift
                0x0040cf10       0xbc c:/program files (x86)/atmel/atmel toolchain/arm gcc/native/4.8.1443/arm-gnu-toolchain/bin/../lib/gcc/arm-none-eabi/4.8.4/../../../../arm-none-eabi/lib/armv7-m\libc.a(lib_a-mprec.o)
                0x0040cf10                __lshift
 .text.__mcmp   0x0040cfcc       0x48 c:/program files (x86)/atmel/atmel toolchain/arm gcc/native/4.8.1443/arm-gnu-toolchain/bin/../lib/gcc/arm-none-eabi/4.8.4/../../../../arm-none-eabi/lib/armv7-m\libc.a(lib_a-mprec.o)
                0x0040cfcc                __mcmp
 .text.__mdiff  0x0040d014       0xd8 c:/program files (x86)/atmel/atmel toolchain/arm gcc/native/4.8.1443/arm-gnu-toolchain/bin/../lib/gcc/arm-none-eabi/4.8.4/../../../../arm-none-eabi/lib/armv7-m\libc.a(lib_a-mprec.o)
                0x0040d014                __mdiff
 .text.__d2b    0x0040d0ec       0xbc c:/program files (x86)/atmel/atmel toolchain/arm gcc/native/4.8.1443/arm-gnu-toolchain/bin/../lib/gcc/arm-none-eabi/4.8.4/../../../../arm-none-eabi/lib/armv7-m\libc.a(lib_a-mprec.o)
                0x0040d0ec                __d2b
 .text._realloc_r
                0x0040d1a8      0x3c0 c:/program files (x86)/atmel/atmel toolchain/arm gcc/native/4.8.1443/arm-gnu-toolchain/bin/../lib/gcc/arm-none-eabi/4.8.4/../../../../arm-none-eabi/lib/armv7-m\libc.a(lib_a-reallocr.o)
                0x0040d1a8                _realloc_r
 .text.__fpclassifyd
                0x0040d568       0x50 c:/program files (x86)/atmel/atmel toolchain/arm gcc/native/4.8.1443/arm-gnu-toolchain/bin/../lib/gcc/arm-none-eabi/4.8.4/../../../../arm-none-eabi/lib/armv7-m\libc.a(lib_a-s_fpclassify.o)
                0x0040d568                __fpclassifyd
 .text._sbrk_r  0x0040d5b8       0x24 c:/program files (x86)/atmel/atmel toolchain/arm gcc/native/4.8.1443/arm-gnu-toolchain/bin/../lib/gcc/arm-none-eabi/4.8.4/../../../../arm-none-eabi/lib/armv7-m\libc.a(lib_a-sbrkr.o)
                0x0040d5b8                _sbrk_r
 .text.__sread  0x0040d5dc       0x24 c:/program files (x86)/atmel/atmel toolchain/arm gcc/native/4.8.1443/arm-gnu-toolchain/bin/../lib/gcc/arm-none-eabi/4.8.4/../../../../arm-none-eabi/lib/armv7-m\libc.a(lib_a-stdio.o)
                0x0040d5dc                __sread
 .text.__swrite
                0x0040d600       0x38 c:/program files (x86)/atmel/atmel toolchain/arm gcc/native/4.8.1443/arm-gnu-toolchain/bin/../lib/gcc/arm-none-eabi/4.8.4/../../../../arm-none-eabi/lib/armv7-m\libc.a(lib_a-stdio.o)
                0x0040d600                __swrite
 .text.__sseek  0x0040d638       0x20 c:/program files (x86)/atmel/atmel toolchain/arm gcc/native/4.8.1443/arm-gnu-toolchain/bin/../lib/gcc/arm-none-eabi/4.8.4/../../../../arm-none-eabi/lib/armv7-m\libc.a(lib_a-stdio.o)
                0x0040d638                __sseek
 .text.__sclose
                0x0040d658        0x8 c:/program files (x86)/atmel/atmel toolchain/arm gcc/native/4.8.1443/arm-gnu-toolchain/bin/../lib/gcc/arm-none-eabi/4.8.4/../../../../arm-none-eabi/lib/armv7-m\libc.a(lib_a-stdio.o)
                0x0040d658                __sclose
 .text.__ssprint_r
                0x0040d660      0x100 c:/program files (x86)/atmel/atmel toolchain/arm gcc/native/4.8.1443/arm-gnu-toolchain/bin/../lib/gcc/arm-none-eabi/4.8.4/../../../../arm-none-eabi/lib/armv7-m\libc.a(lib_a-svfiprintf.o)
                0x0040d660                __ssprint_r
 .text.__swbuf_r
                0x0040d760       0xa8 c:/program files (x86)/atmel/atmel toolchain/arm gcc/native/4.8.1443/arm-gnu-toolchain/bin/../lib/gcc/arm-none-eabi/4.8.4/../../../../arm-none-eabi/lib/armv7-m\libc.a(lib_a-wbuf.o)
                0x0040d760                __swbuf_r
 .text._wcrtomb_r
                0x0040d808       0x50 c:/program files (x86)/atmel/atmel toolchain/arm gcc/native/4.8.1443/arm-gnu-toolchain/bin/../lib/gcc/arm-none-eabi/4.8.4/../../../../arm-none-eabi/lib/armv7-m\libc.a(lib_a-wcrtomb.o)
                0x0040d808                _wcrtomb_r
 .text.__ascii_wctomb
                0x0040d858       0x1c c:/program files (x86)/atmel/atmel toolchain/arm gcc/native/4.8.1443/arm-gnu-toolchain/bin/../lib/gcc/arm-none-eabi/4.8.4/../../../../arm-none-eabi/lib/armv7-m\libc.a(lib_a-wctomb_r.o)
                0x0040d858                __ascii_wctomb
 .text._write_r
                0x0040d874       0x28 c:/program files (x86)/atmel/atmel toolchain/arm gcc/native/4.8.1443/arm-gnu-toolchain/bin/../lib/gcc/arm-none-eabi/4.8.4/../../../../arm-none-eabi/lib/armv7-m\libc.a(lib_a-writer.o)
                0x0040d874                _write_r
 .text.__register_exitproc
                0x0040d89c       0xa8 c:/program files (x86)/atmel/atmel toolchain/arm gcc/native/4.8.1443/arm-gnu-toolchain/bin/../lib/gcc/arm-none-eabi/4.8.4/../../../../arm-none-eabi/lib/armv7-m\libc.a(lib_a-__atexit.o)
                0x0040d89c                __register_exitproc
 .text._calloc_r
                0x0040d944       0x60 c:/program files (x86)/atmel/atmel toolchain/arm gcc/native/4.8.1443/arm-gnu-toolchain/bin/../lib/gcc/arm-none-eabi/4.8.4/../../../../arm-none-eabi/lib/armv7-m\libc.a(lib_a-callocr.o)
                0x0040d944                _calloc_r
 .text._close_r
                0x0040d9a4       0x24 c:/program files (x86)/atmel/atmel toolchain/arm gcc/native/4.8.1443/arm-gnu-toolchain/bin/../lib/gcc/arm-none-eabi/4.8.4/../../../../arm-none-eabi/lib/armv7-m\libc.a(lib_a-closer.o)
                0x0040d9a4                _close_r
 .text._fclose_r
                0x0040d9c8       0x80 c:/program files (x86)/atmel/atmel toolchain/arm gcc/native/4.8.1443/arm-gnu-toolchain/bin/../lib/gcc/arm-none-eabi/4.8.4/../../../../arm-none-eabi/lib/armv7-m\libc.a(lib_a-fclose.o)
                0x0040d9c8                _fclose_r
 .text.fclose   0x0040da48       0x10 c:/program files (x86)/atmel/atmel toolchain/arm gcc/native/4.8.1443/arm-gnu-toolchain/bin/../lib/gcc/arm-none-eabi/4.8.4/../../../../arm-none-eabi/lib/armv7-m\libc.a(lib_a-fclose.o)
                0x0040da48                fclose
 .text._fstat_r
                0x0040da58       0x28 c:/program files (x86)/atmel/atmel toolchain/arm gcc/native/4.8.1443/arm-gnu-toolchain/bin/../lib/gcc/arm-none-eabi/4.8.4/../../../../arm-none-eabi/lib/armv7-m\libc.a(lib_a-fstatr.o)
                0x0040da58                _fstat_r
 .text._isatty_r
                0x0040da80       0x24 c:/program files (x86)/atmel/atmel toolchain/arm gcc/native/4.8.1443/arm-gnu-toolchain/bin/../lib/gcc/arm-none-eabi/4.8.4/../../../../arm-none-eabi/lib/armv7-m\libc.a(lib_a-isattyr.o)
                0x0040da80                _isatty_r
 .text._lseek_r
                0x0040daa4       0x28 c:/program files (x86)/atmel/atmel toolchain/arm gcc/native/4.8.1443/arm-gnu-toolchain/bin/../lib/gcc/arm-none-eabi/4.8.4/../../../../arm-none-eabi/lib/armv7-m\libc.a(lib_a-lseekr.o)
                0x0040daa4                _lseek_r
 .text._read_r  0x0040dacc       0x28 c:/program files (x86)/atmel/atmel toolchain/arm gcc/native/4.8.1443/arm-gnu-toolchain/bin/../lib/gcc/arm-none-eabi/4.8.4/../../../../arm-none-eabi/lib/armv7-m\libc.a(lib_a-readr.o)
                0x0040dacc                _read_r
 .text          0x0040daf4      0x110 c:/program files (x86)/atmel/atmel toolchain/arm gcc/native/4.8.1443/arm-gnu-toolchain/bin/../lib/gcc/arm-none-eabi/4.8.4/armv7-m\libgcc.a(_arm_cmpdf2.o)
                0x0040daf4                __gtdf2
                0x0040daf4                __gedf2
                0x0040dafc                __ltdf2
                0x0040dafc                __ledf2
                0x0040db04                __nedf2
                0x0040db04                __eqdf2
                0x0040db04                __cmpdf2
                0x0040db80                __aeabi_cdrcmple
                0x0040db90                __aeabi_cdcmpeq
                0x0040db90                __aeabi_cdcmple
                0x0040dba0                __aeabi_dcmpeq
                0x0040dbb4                __aeabi_dcmplt
                0x0040dbc8                __aeabi_dcmple
                0x0040dbdc                __aeabi_dcmpge
                0x0040dbf0                __aeabi_dcmpgt
 .text          0x0040dc04       0x50 c:/program files (x86)/atmel/atmel toolchain/arm gcc/native/4.8.1443/arm-gnu-toolchain/bin/../lib/gcc/arm-none-eabi/4.8.4/armv7-m\libgcc.a(_arm_fixdfsi.o)
                0x0040dc04                __aeabi_d2iz
                0x0040dc04                __fixdfsi
 .text          0x0040dc54       0x2c c:/program files (x86)/atmel/atmel toolchain/arm gcc/native/4.8.1443/arm-gnu-toolchain/bin/../lib/gcc/arm-none-eabi/4.8.4/armv7-m\libgcc.a(_aeabi_uldivmod.o)
                0x0040dc54                __aeabi_uldivmod
 .text          0x0040dc80       0x60 c:/program files (x86)/atmel/atmel toolchain/arm gcc/native/4.8.1443/arm-gnu-toolchain/bin/../lib/gcc/arm-none-eabi/4.8.4/armv7-m\libgcc.a(bpabi.o)
                0x0040dc80                __gnu_ldivmod_helper
                0x0040dcb0                __gnu_uldivmod_helper
 .text          0x0040dce0        0x4 c:/program files (x86)/atmel/atmel toolchain/arm gcc/native/4.8.1443/arm-gnu-toolchain/bin/../lib/gcc/arm-none-eabi/4.8.4/armv7-m\libgcc.a(_dvmd_tls.o)
                0x0040dce0                __aeabi_idiv0
                0x0040dce0                __aeabi_ldiv0
 .text          0x0040dce4      0x2a0 c:/program files (x86)/atmel/atmel toolchain/arm gcc/native/4.8.1443/arm-gnu-toolchain/bin/../lib/gcc/arm-none-eabi/4.8.4/armv7-m\libgcc.a(_divdi3.o)
                0x0040dce4                __divdi3
 .text          0x0040df84      0x290 c:/program files (x86)/atmel/atmel toolchain/arm gcc/native/4.8.1443/arm-gnu-toolchain/bin/../lib/gcc/arm-none-eabi/4.8.4/armv7-m\libgcc.a(_udivdi3.o)
                0x0040df84                __udivdi3
 *(.glue_7t)
 .glue_7t       0x00000000        0x0 linker stubs
 *(.glue_7)
 .glue_7        0x00000000        0x0 linker stubs
 *(.rodata .rodata* .gnu.linkonce.r.*)
 .rodata        0x0040e214       0x68 src/LCD.o
 .rodata        0x0040e27c       0x5c src/UART_Comm.o
 .rodata.null_dma_control
                0x0040e2d8        0x8 src/ASF/common/services/freertos/sam/freertos_twi_master.o
 .rodata.all_twi_definitions
                0x0040e2e0       0x10 src/ASF/common/services/freertos/sam/freertos_twi_master.o
 .rodata.all_uart_definitions
                0x0040e2f0       0x10 src/ASF/common/services/freertos/sam/freertos_uart_serial.o
 .rodata.LED_DESCRIPTOR
                0x0040e300       0x20 src/ASF/sam/boards/sam3n_ek/led.o
 .rodata.p_uc_charset10x14
                0x0040e320      0x780 src/ASF/sam/components/display/ili9225/ili9225.o
                0x0040e320                p_uc_charset10x14
 .rodata        0x0040eaa0       0x20 src/ASF/thirdparty/freertos/freertos-7.3.0/source/tasks.o
 .rodata        0x0040eac0        0x8 src/ASF/thirdparty/freertos/freertos-7.3.0/source/timers.o
 .rodata.offsetAcel
                0x0040eac8        0xc src/IMU.o
 .rodata.offsetGyro
                0x0040ead4        0xc src/IMU.o
 .rodata        0x0040eae0       0x5c src/IMU.o
 .rodata        0x0040eb3c      0x118 src/main.o
 .rodata.str1.4
                0x0040ec54        0x2 c:/program files (x86)/atmel/atmel toolchain/arm gcc/native/4.8.1443/arm-gnu-toolchain/bin/../lib/gcc/arm-none-eabi/4.8.4/../../../../arm-none-eabi/lib/armv7-m\libc.a(lib_a-impure.o)
                                  0x4 (size before relaxing)
 *fill*         0x0040ec56        0x2 
 .rodata._global_impure_ptr
                0x0040ec58        0x4 c:/program files (x86)/atmel/atmel toolchain/arm gcc/native/4.8.1443/arm-gnu-toolchain/bin/../lib/gcc/arm-none-eabi/4.8.4/../../../../arm-none-eabi/lib/armv7-m\libc.a(lib_a-impure.o)
                0x0040ec58                _global_impure_ptr
 .rodata.zeroes.6763
                0x0040ec5c       0x10 c:/program files (x86)/atmel/atmel toolchain/arm gcc/native/4.8.1443/arm-gnu-toolchain/bin/../lib/gcc/arm-none-eabi/4.8.4/../../../../arm-none-eabi/lib/armv7-m\libc.a(lib_a-svfprintf.o)
 .rodata.str1.4
                0x0040ec6c       0x42 c:/program files (x86)/atmel/atmel toolchain/arm gcc/native/4.8.1443/arm-gnu-toolchain/bin/../lib/gcc/arm-none-eabi/4.8.4/../../../../arm-none-eabi/lib/armv7-m\libc.a(lib_a-svfprintf.o)
                                 0x44 (size before relaxing)
 *fill*         0x0040ecae        0x2 
 .rodata.blanks.6762
                0x0040ecb0       0x10 c:/program files (x86)/atmel/atmel toolchain/arm gcc/native/4.8.1443/arm-gnu-toolchain/bin/../lib/gcc/arm-none-eabi/4.8.4/../../../../arm-none-eabi/lib/armv7-m\libc.a(lib_a-svfprintf.o)
 .rodata.str1.4
                0x00000000       0x30 c:/program files (x86)/atmel/atmel toolchain/arm gcc/native/4.8.1443/arm-gnu-toolchain/bin/../lib/gcc/arm-none-eabi/4.8.4/../../../../arm-none-eabi/lib/armv7-m\libc.a(lib_a-vfiprintf.o)
 .rodata.zeroes.6721
                0x0040ecc0       0x10 c:/program files (x86)/atmel/atmel toolchain/arm gcc/native/4.8.1443/arm-gnu-toolchain/bin/../lib/gcc/arm-none-eabi/4.8.4/../../../../arm-none-eabi/lib/armv7-m\libc.a(lib_a-vfiprintf.o)
 .rodata.blanks.6720
                0x0040ecd0       0x10 c:/program files (x86)/atmel/atmel toolchain/arm gcc/native/4.8.1443/arm-gnu-toolchain/bin/../lib/gcc/arm-none-eabi/4.8.4/../../../../arm-none-eabi/lib/armv7-m\libc.a(lib_a-vfiprintf.o)
 .rodata.str1.4
                0x0040ece0       0x10 c:/program files (x86)/atmel/atmel toolchain/arm gcc/native/4.8.1443/arm-gnu-toolchain/bin/../lib/gcc/arm-none-eabi/4.8.4/../../../../arm-none-eabi/lib/armv7-m\libc.a(lib_a-dtoa.o)
                                 0x14 (size before relaxing)
 .rodata.str1.4
                0x0040ecf0        0xc c:/program files (x86)/atmel/atmel toolchain/arm gcc/native/4.8.1443/arm-gnu-toolchain/bin/../lib/gcc/arm-none-eabi/4.8.4/../../../../arm-none-eabi/lib/armv7-m\libc.a(lib_a-locale.o)
                                 0x14 (size before relaxing)
 *fill*         0x0040ecfc        0x4 
 .rodata.__mprec_tens
                0x0040ed00       0xc8 c:/program files (x86)/atmel/atmel toolchain/arm gcc/native/4.8.1443/arm-gnu-toolchain/bin/../lib/gcc/arm-none-eabi/4.8.4/../../../../arm-none-eabi/lib/armv7-m\libc.a(lib_a-mprec.o)
                0x0040ed00                __mprec_tens
 .rodata.__mprec_bigtens
                0x0040edc8       0x28 c:/program files (x86)/atmel/atmel toolchain/arm gcc/native/4.8.1443/arm-gnu-toolchain/bin/../lib/gcc/arm-none-eabi/4.8.4/../../../../arm-none-eabi/lib/armv7-m\libc.a(lib_a-mprec.o)
                0x0040edc8                __mprec_bigtens
 .rodata.p05.5269
                0x0040edf0        0xc c:/program files (x86)/atmel/atmel toolchain/arm gcc/native/4.8.1443/arm-gnu-toolchain/bin/../lib/gcc/arm-none-eabi/4.8.4/../../../../arm-none-eabi/lib/armv7-m\libc.a(lib_a-mprec.o)
 *(.ARM.extab* .gnu.linkonce.armextab.*)
                0x0040edfc                . = ALIGN (0x4)
 *(.init)
 .init          0x0040edfc        0x4 c:/program files (x86)/atmel/atmel toolchain/arm gcc/native/4.8.1443/arm-gnu-toolchain/bin/../lib/gcc/arm-none-eabi/4.8.4/armv7-m/crti.o
                0x0040edfc                _init
 .init          0x0040ee00        0x8 c:/program files (x86)/atmel/atmel toolchain/arm gcc/native/4.8.1443/arm-gnu-toolchain/bin/../lib/gcc/arm-none-eabi/4.8.4/armv7-m/crtn.o
                0x0040ee08                . = ALIGN (0x4)
                0x0040ee08                __preinit_array_start = .
 *(.preinit_array)
                0x0040ee08                __preinit_array_end = .
                0x0040ee08                . = ALIGN (0x4)
                0x0040ee08                __init_array_start = .
 *(SORT(.init_array.*))
 .init_array.00000
                0x0040ee08        0x4 c:/program files (x86)/atmel/atmel toolchain/arm gcc/native/4.8.1443/arm-gnu-toolchain/bin/../lib/gcc/arm-none-eabi/4.8.4/../../../../arm-none-eabi/lib/armv7-m\libc.a(lib_a-__call_atexit.o)
 *(.init_array)
 .init_array    0x0040ee0c        0x4 c:/program files (x86)/atmel/atmel toolchain/arm gcc/native/4.8.1443/arm-gnu-toolchain/bin/../lib/gcc/arm-none-eabi/4.8.4/armv7-m/crtbegin.o
                0x0040ee10                __init_array_end = .
                0x0040ee10                . = ALIGN (0x4)
 *crtbegin.o(.ctors)
 *(EXCLUDE_FILE(*crtend.o) .ctors)
 *(SORT(.ctors.*))
 *crtend.o(.ctors)
                0x0040ee10                . = ALIGN (0x4)
 *(.fini)
 .fini          0x0040ee10        0x4 c:/program files (x86)/atmel/atmel toolchain/arm gcc/native/4.8.1443/arm-gnu-toolchain/bin/../lib/gcc/arm-none-eabi/4.8.4/armv7-m/crti.o
                0x0040ee10                _fini
 .fini          0x0040ee14        0x8 c:/program files (x86)/atmel/atmel toolchain/arm gcc/native/4.8.1443/arm-gnu-toolchain/bin/../lib/gcc/arm-none-eabi/4.8.4/armv7-m/crtn.o
                0x0040ee1c                . = ALIGN (0x4)
                0x0040ee1c                __fini_array_start = .
 *(.fini_array)
 .fini_array    0x0040ee1c        0x4 c:/program files (x86)/atmel/atmel toolchain/arm gcc/native/4.8.1443/arm-gnu-toolchain/bin/../lib/gcc/arm-none-eabi/4.8.4/armv7-m/crtbegin.o
 *(SORT(.fini_array.*))
                0x0040ee20                __fini_array_end = .
 *crtbegin.o(.dtors)
 *(EXCLUDE_FILE(*crtend.o) .dtors)
 *(SORT(.dtors.*))
 *crtend.o(.dtors)
                0x0040ee20                . = ALIGN (0x4)
                0x0040ee20                _efixed = .
                0x0040ee20                PROVIDE (__exidx_start, .)

.vfp11_veneer   0x0040ee20        0x0
 .vfp11_veneer  0x00000000        0x0 linker stubs

.v4_bx          0x0040ee20        0x0
 .v4_bx         0x00000000        0x0 linker stubs

.iplt           0x0040ee20        0x0
 .iplt          0x00000000        0x0 c:/program files (x86)/atmel/atmel toolchain/arm gcc/native/4.8.1443/arm-gnu-toolchain/bin/../lib/gcc/arm-none-eabi/4.8.4/armv7-m/crtbegin.o

.ARM.exidx      0x0040ee20        0x8
 *(.ARM.exidx* .gnu.linkonce.armexidx.*)
 .ARM.exidx     0x0040ee20        0x8 c:/program files (x86)/atmel/atmel toolchain/arm gcc/native/4.8.1443/arm-gnu-toolchain/bin/../lib/gcc/arm-none-eabi/4.8.4/armv7-m\libgcc.a(_divdi3.o)
 .ARM.exidx     0x0040ee28        0x0 c:/program files (x86)/atmel/atmel toolchain/arm gcc/native/4.8.1443/arm-gnu-toolchain/bin/../lib/gcc/arm-none-eabi/4.8.4/armv7-m\libgcc.a(_udivdi3.o)
                                  0x8 (size before relaxing)
                0x0040ee28                PROVIDE (__exidx_end, .)

.eh_frame       0x0040ee28        0x0
 .eh_frame      0x0040ee28        0x0 c:/program files (x86)/atmel/atmel toolchain/arm gcc/native/4.8.1443/arm-gnu-toolchain/bin/../lib/gcc/arm-none-eabi/4.8.4/armv7-m/crtbegin.o

.rel.dyn        0x0040ee28        0x0
 .rel.iplt      0x00000000        0x0 c:/program files (x86)/atmel/atmel toolchain/arm gcc/native/4.8.1443/arm-gnu-toolchain/bin/../lib/gcc/arm-none-eabi/4.8.4/armv7-m/crtbegin.o

.jcr            0x0040ee28        0x0
 .jcr           0x0040ee28        0x0 c:/program files (x86)/atmel/atmel toolchain/arm gcc/native/4.8.1443/arm-gnu-toolchain/bin/../lib/gcc/arm-none-eabi/4.8.4/armv7-m/crtbegin.o

.igot.plt       0x0040ee28        0x0
 .igot.plt      0x00000000        0x0 c:/program files (x86)/atmel/atmel toolchain/arm gcc/native/4.8.1443/arm-gnu-toolchain/bin/../lib/gcc/arm-none-eabi/4.8.4/armv7-m/crtbegin.o
                0x0040ee28                . = ALIGN (0x4)
                0x0040ee28                _etext = .

.relocate       0x20000000      0x9d4 load address 0x0040ee28
                0x20000000                . = ALIGN (0x4)
                0x20000000                _srelocate = .
 *(.ramfunc .ramfunc.*)
 .ramfunc       0x20000000      0x124 src/ASF/sam/utils/cmsis/sam3n/source/templates/system_sam3n.o
                0x20000000                SystemInit
                0x200000c4                system_init_flash
 *(.data .data.*)
 .data.sizeRecBuf
                0x20000124        0x4 src/UART_Comm.o
                0x20000124                sizeRecBuf
 .data.SystemCoreClock
                0x20000128        0x4 src/ASF/sam/utils/cmsis/sam3n/source/templates/system_sam3n.o
                0x20000128                SystemCoreClock
 .data.uxCriticalNesting
                0x2000012c        0x4 src/ASF/thirdparty/freertos/freertos-7.3.0/source/portable/gcc/sam/port.o
 .data.xFreeBytesRemaining
                0x20000130        0x4 src/ASF/thirdparty/freertos/freertos-7.3.0/source/portable/memmang/heap_4.o
 .data.xNextTaskUnblockTime
                0x20000134        0x4 src/ASF/thirdparty/freertos/freertos-7.3.0/source/tasks.o
 .data.impure_data
                0x20000138      0x428 c:/program files (x86)/atmel/atmel toolchain/arm gcc/native/4.8.1443/arm-gnu-toolchain/bin/../lib/gcc/arm-none-eabi/4.8.4/../../../../arm-none-eabi/lib/armv7-m\libc.a(lib_a-impure.o)
 .data._impure_ptr
                0x20000560        0x4 c:/program files (x86)/atmel/atmel toolchain/arm gcc/native/4.8.1443/arm-gnu-toolchain/bin/../lib/gcc/arm-none-eabi/4.8.4/../../../../arm-none-eabi/lib/armv7-m\libc.a(lib_a-impure.o)
                0x20000560                _impure_ptr
 .data.lconv    0x20000564       0x38 c:/program files (x86)/atmel/atmel toolchain/arm gcc/native/4.8.1443/arm-gnu-toolchain/bin/../lib/gcc/arm-none-eabi/4.8.4/../../../../arm-none-eabi/lib/armv7-m\libc.a(lib_a-locale.o)
 .data.lc_ctype_charset
                0x2000059c       0x20 c:/program files (x86)/atmel/atmel toolchain/arm gcc/native/4.8.1443/arm-gnu-toolchain/bin/../lib/gcc/arm-none-eabi/4.8.4/../../../../arm-none-eabi/lib/armv7-m\libc.a(lib_a-locale.o)
 .data.__mb_cur_max
                0x200005bc        0x4 c:/program files (x86)/atmel/atmel toolchain/arm gcc/native/4.8.1443/arm-gnu-toolchain/bin/../lib/gcc/arm-none-eabi/4.8.4/../../../../arm-none-eabi/lib/armv7-m\libc.a(lib_a-locale.o)
                0x200005bc                __mb_cur_max
 .data.__malloc_av_
                0x200005c0      0x408 c:/program files (x86)/atmel/atmel toolchain/arm gcc/native/4.8.1443/arm-gnu-toolchain/bin/../lib/gcc/arm-none-eabi/4.8.4/../../../../arm-none-eabi/lib/armv7-m\libc.a(lib_a-mallocr.o)
                0x200005c0                __malloc_av_
 .data.__malloc_trim_threshold
                0x200009c8        0x4 c:/program files (x86)/atmel/atmel toolchain/arm gcc/native/4.8.1443/arm-gnu-toolchain/bin/../lib/gcc/arm-none-eabi/4.8.4/../../../../arm-none-eabi/lib/armv7-m\libc.a(lib_a-mallocr.o)
                0x200009c8                __malloc_trim_threshold
 .data.__malloc_sbrk_base
                0x200009cc        0x4 c:/program files (x86)/atmel/atmel toolchain/arm gcc/native/4.8.1443/arm-gnu-toolchain/bin/../lib/gcc/arm-none-eabi/4.8.4/../../../../arm-none-eabi/lib/armv7-m\libc.a(lib_a-mallocr.o)
                0x200009cc                __malloc_sbrk_base
 .data.__wctomb
                0x200009d0        0x4 c:/program files (x86)/atmel/atmel toolchain/arm gcc/native/4.8.1443/arm-gnu-toolchain/bin/../lib/gcc/arm-none-eabi/4.8.4/../../../../arm-none-eabi/lib/armv7-m\libc.a(lib_a-wctomb_r.o)
                0x200009d0                __wctomb
                0x200009d4                . = ALIGN (0x4)
                0x200009d4                _erelocate = .

.bss            0x200009d8     0x3588 load address 0x0040f800
                0x200009d8                . = ALIGN (0x4)
                0x200009d8                _sbss = .
                0x200009d8                _szero = .
 *(.bss .bss.*)
 .bss           0x200009d8       0x1c c:/program files (x86)/atmel/atmel toolchain/arm gcc/native/4.8.1443/arm-gnu-toolchain/bin/../lib/gcc/arm-none-eabi/4.8.4/armv7-m/crtbegin.o
 .bss.tx_dma_control
                0x200009f4        0x8 src/ASF/common/services/freertos/sam/freertos_twi_master.o
 .bss.rx_dma_control
                0x200009fc        0x8 src/ASF/common/services/freertos/sam/freertos_twi_master.o
 .bss.twis      0x20000a04        0x8 src/ASF/common/services/freertos/sam/freertos_twi_master.o
 .bss.rx_buffer_definitions
                0x20000a0c       0x1c src/ASF/common/services/freertos/sam/freertos_uart_serial.o
 .bss.tx_dma_control
                0x20000a28        0x8 src/ASF/common/services/freertos/sam/freertos_uart_serial.o
 .bss.g_ul_pixel_cache
                0x20000a30      0x160 src/ASF/sam/components/display/ili9225/ili9225.o
 .bss.g_by_transfend_flag
                0x20000b90        0x1 src/ASF/sam/components/display/ili9225/ili9225.o
 *fill*         0x20000b91        0x3 
 .bss.gs_interrupt_sources
                0x20000b94       0x70 src/ASF/sam/drivers/pio/pio_handler.o
 .bss.ul_reg_val.6735
                0x20000c04        0x4 src/ASF/sam/drivers/usart/usart.o
 .bss.heap.5098
                0x20000c08        0x4 src/ASF/sam/utils/syscalls/gcc/syscalls.o
 *fill*         0x20000c0c        0x4 
 .bss.xHeap     0x20000c10     0x30f0 src/ASF/thirdparty/freertos/freertos-7.3.0/source/portable/memmang/heap_4.o
 .bss.xStart    0x20003d00        0x8 src/ASF/thirdparty/freertos/freertos-7.3.0/source/portable/memmang/heap_4.o
 .bss.pxEnd     0x20003d08        0x4 src/ASF/thirdparty/freertos/freertos-7.3.0/source/portable/memmang/heap_4.o
 .bss.pxCurrentTCB
                0x20003d0c        0x4 src/ASF/thirdparty/freertos/freertos-7.3.0/source/tasks.o
                0x20003d0c                pxCurrentTCB
 .bss.pxReadyTasksLists
                0x20003d10       0x78 src/ASF/thirdparty/freertos/freertos-7.3.0/source/tasks.o
 .bss.xDelayedTaskList1
                0x20003d88       0x14 src/ASF/thirdparty/freertos/freertos-7.3.0/source/tasks.o
 .bss.xDelayedTaskList2
                0x20003d9c       0x14 src/ASF/thirdparty/freertos/freertos-7.3.0/source/tasks.o
 .bss.pxDelayedTaskList
                0x20003db0        0x4 src/ASF/thirdparty/freertos/freertos-7.3.0/source/tasks.o
 .bss.pxOverflowDelayedTaskList
                0x20003db4        0x4 src/ASF/thirdparty/freertos/freertos-7.3.0/source/tasks.o
 .bss.xPendingReadyList
                0x20003db8       0x14 src/ASF/thirdparty/freertos/freertos-7.3.0/source/tasks.o
 .bss.xTasksWaitingTermination
                0x20003dcc       0x14 src/ASF/thirdparty/freertos/freertos-7.3.0/source/tasks.o
 .bss.uxTasksDeleted
                0x20003de0        0x4 src/ASF/thirdparty/freertos/freertos-7.3.0/source/tasks.o
 .bss.xSuspendedTaskList
                0x20003de4       0x14 src/ASF/thirdparty/freertos/freertos-7.3.0/source/tasks.o
 .bss.uxCurrentNumberOfTasks
                0x20003df8        0x4 src/ASF/thirdparty/freertos/freertos-7.3.0/source/tasks.o
 .bss.xTickCount
                0x20003dfc        0x4 src/ASF/thirdparty/freertos/freertos-7.3.0/source/tasks.o
 .bss.uxTopUsedPriority
                0x20003e00        0x4 src/ASF/thirdparty/freertos/freertos-7.3.0/source/tasks.o
 .bss.uxTopReadyPriority
                0x20003e04        0x4 src/ASF/thirdparty/freertos/freertos-7.3.0/source/tasks.o
 .bss.xSchedulerRunning
                0x20003e08        0x4 src/ASF/thirdparty/freertos/freertos-7.3.0/source/tasks.o
 .bss.uxSchedulerSuspended
                0x20003e0c        0x4 src/ASF/thirdparty/freertos/freertos-7.3.0/source/tasks.o
 .bss.uxMissedTicks
                0x20003e10        0x4 src/ASF/thirdparty/freertos/freertos-7.3.0/source/tasks.o
 .bss.xMissedYield
                0x20003e14        0x4 src/ASF/thirdparty/freertos/freertos-7.3.0/source/tasks.o
 .bss.xNumOfOverflows
                0x20003e18        0x4 src/ASF/thirdparty/freertos/freertos-7.3.0/source/tasks.o
 .bss.uxTaskNumber
                0x20003e1c        0x4 src/ASF/thirdparty/freertos/freertos-7.3.0/source/tasks.o
 .bss.xActiveTimerList1
                0x20003e20       0x14 src/ASF/thirdparty/freertos/freertos-7.3.0/source/timers.o
 .bss.xActiveTimerList2
                0x20003e34       0x14 src/ASF/thirdparty/freertos/freertos-7.3.0/source/timers.o
 .bss.pxCurrentTimerList
                0x20003e48        0x4 src/ASF/thirdparty/freertos/freertos-7.3.0/source/timers.o
 .bss.pxOverflowTimerList
                0x20003e4c        0x4 src/ASF/thirdparty/freertos/freertos-7.3.0/source/timers.o
 .bss.xTimerQueue
                0x20003e50        0x4 src/ASF/thirdparty/freertos/freertos-7.3.0/source/timers.o
 .bss.xLastTime.4487
                0x20003e54        0x4 src/ASF/thirdparty/freertos/freertos-7.3.0/source/timers.o
 .bss.__malloc_max_total_mem
                0x20003e58        0x4 c:/program files (x86)/atmel/atmel toolchain/arm gcc/native/4.8.1443/arm-gnu-toolchain/bin/../lib/gcc/arm-none-eabi/4.8.4/../../../../arm-none-eabi/lib/armv7-m\libc.a(lib_a-mallocr.o)
                0x20003e58                __malloc_max_total_mem
 .bss.__malloc_max_sbrked_mem
                0x20003e5c        0x4 c:/program files (x86)/atmel/atmel toolchain/arm gcc/native/4.8.1443/arm-gnu-toolchain/bin/../lib/gcc/arm-none-eabi/4.8.4/../../../../arm-none-eabi/lib/armv7-m\libc.a(lib_a-mallocr.o)
                0x20003e5c                __malloc_max_sbrked_mem
 .bss.__malloc_top_pad
                0x20003e60        0x4 c:/program files (x86)/atmel/atmel toolchain/arm gcc/native/4.8.1443/arm-gnu-toolchain/bin/../lib/gcc/arm-none-eabi/4.8.4/../../../../arm-none-eabi/lib/armv7-m\libc.a(lib_a-mallocr.o)
                0x20003e60                __malloc_top_pad
 .bss.__malloc_current_mallinfo
                0x20003e64       0x28 c:/program files (x86)/atmel/atmel toolchain/arm gcc/native/4.8.1443/arm-gnu-toolchain/bin/../lib/gcc/arm-none-eabi/4.8.4/../../../../arm-none-eabi/lib/armv7-m\libc.a(lib_a-mallocr.o)
                0x20003e64                __malloc_current_mallinfo
 *(COMMON)
 COMMON         0x20003e8c       0x2c src/LCD.o
                0x20003e8c                xQueueGyro
                0x20003e98                xseIMUValues
                0x20003e9c                xQueueAcel
                0x20003ea8                g_ili9225_display_opt
 COMMON         0x20003eb8       0x54 src/UART_Comm.o
                0x20003eb8                xMux
                0x20003ebc                recBuf
                0x20003ef0                xQueueUARTGyro
                0x20003efc                freertos_uart
                0x20003f00                xQueueUARTAcel
 COMMON         0x20003f0c        0x4 src/ASF/common/utils/stdio/read.o
                0x20003f0c                ptr_get
 COMMON         0x20003f10        0x8 src/ASF/common/utils/stdio/write.o
                0x20003f10                ptr_put
                0x20003f14                stdio_base
 COMMON         0x20003f18       0x44 src/IMU.o
                0x20003f18                freertos_twi
                0x20003f1c                xSemIMUTimer
                0x20003f20                xseIMU
                0x20003f24                buffer
                0x20003f58                xTimerIMU