Archive member included to satisfy reference by file (symbol)

c:/program files (x86)/atmel/studio/7.0/toolchain/arm/arm-gnu-toolchain/bin/../lib/gcc/arm-none-eabi/5.3.1/../../../../arm-none-eabi/lib/armv7-m\libm.a(lib_a-s_sin.o)
                              src/HAL/HAL_IMU_MPU6050.o (sin)
c:/program files (x86)/atmel/studio/7.0/toolchain/arm/arm-gnu-toolchain/bin/../lib/gcc/arm-none-eabi/5.3.1/../../../../arm-none-eabi/lib/armv7-m\libm.a(lib_a-e_rem_pio2.o)
                              c:/program files (x86)/atmel/studio/7.0/toolchain/arm/arm-gnu-toolchain/bin/../lib/gcc/arm-none-eabi/5.3.1/../../../../arm-none-eabi/lib/armv7-m\libm.a(lib_a-s_sin.o) (__ieee754_rem_pio2)
c:/program files (x86)/atmel/studio/7.0/toolchain/arm/arm-gnu-toolchain/bin/../lib/gcc/arm-none-eabi/5.3.1/../../../../arm-none-eabi/lib/armv7-m\libm.a(lib_a-k_cos.o)
                              c:/program files (x86)/atmel/studio/7.0/toolchain/arm/arm-gnu-toolchain/bin/../lib/gcc/arm-none-eabi/5.3.1/../../../../arm-none-eabi/lib/armv7-m\libm.a(lib_a-s_sin.o) (__kernel_cos)
c:/program files (x86)/atmel/studio/7.0/toolchain/arm/arm-gnu-toolchain/bin/../lib/gcc/arm-none-eabi/5.3.1/../../../../arm-none-eabi/lib/armv7-m\libm.a(lib_a-k_rem_pio2.o)
                              c:/program files (x86)/atmel/studio/7.0/toolchain/arm/arm-gnu-toolchain/bin/../lib/gcc/arm-none-eabi/5.3.1/../../../../arm-none-eabi/lib/armv7-m\libm.a(lib_a-e_rem_pio2.o) (__kernel_rem_pio2)
c:/program files (x86)/atmel/studio/7.0/toolchain/arm/arm-gnu-toolchain/bin/../lib/gcc/arm-none-eabi/5.3.1/../../../../arm-none-eabi/lib/armv7-m\libm.a(lib_a-k_sin.o)
                              c:/program files (x86)/atmel/studio/7.0/toolchain/arm/arm-gnu-toolchain/bin/../lib/gcc/arm-none-eabi/5.3.1/../../../../arm-none-eabi/lib/armv7-m\libm.a(lib_a-s_sin.o) (__kernel_sin)
c:/program files (x86)/atmel/studio/7.0/toolchain/arm/arm-gnu-toolchain/bin/../lib/gcc/arm-none-eabi/5.3.1/../../../../arm-none-eabi/lib/armv7-m\libm.a(lib_a-s_fabs.o)
                              c:/program files (x86)/atmel/studio/7.0/toolchain/arm/arm-gnu-toolchain/bin/../lib/gcc/arm-none-eabi/5.3.1/../../../../arm-none-eabi/lib/armv7-m\libm.a(lib_a-e_rem_pio2.o) (fabs)
c:/program files (x86)/atmel/studio/7.0/toolchain/arm/arm-gnu-toolchain/bin/../lib/gcc/arm-none-eabi/5.3.1/../../../../arm-none-eabi/lib/armv7-m\libm.a(lib_a-s_floor.o)
                              c:/program files (x86)/atmel/studio/7.0/toolchain/arm/arm-gnu-toolchain/bin/../lib/gcc/arm-none-eabi/5.3.1/../../../../arm-none-eabi/lib/armv7-m\libm.a(lib_a-k_rem_pio2.o) (floor)
c:/program files (x86)/atmel/studio/7.0/toolchain/arm/arm-gnu-toolchain/bin/../lib/gcc/arm-none-eabi/5.3.1/../../../../arm-none-eabi/lib/armv7-m\libm.a(lib_a-s_scalbn.o)
                              c:/program files (x86)/atmel/studio/7.0/toolchain/arm/arm-gnu-toolchain/bin/../lib/gcc/arm-none-eabi/5.3.1/../../../../arm-none-eabi/lib/armv7-m\libm.a(lib_a-k_rem_pio2.o) (scalbn)
c:/program files (x86)/atmel/studio/7.0/toolchain/arm/arm-gnu-toolchain/bin/../lib/gcc/arm-none-eabi/5.3.1/../../../../arm-none-eabi/lib/armv7-m\libm.a(lib_a-s_copysign.o)
                              c:/program files (x86)/atmel/studio/7.0/toolchain/arm/arm-gnu-toolchain/bin/../lib/gcc/arm-none-eabi/5.3.1/../../../../arm-none-eabi/lib/armv7-m\libm.a(lib_a-s_scalbn.o) (copysign)
c:/program files (x86)/atmel/studio/7.0/toolchain/arm/arm-gnu-toolchain/bin/../lib/gcc/arm-none-eabi/5.3.1/armv7-m\libgcc.a(_arm_addsubdf3.o)
                              src/Filter/ComplementaryFilter.o (__aeabi_dsub)
c:/program files (x86)/atmel/studio/7.0/toolchain/arm/arm-gnu-toolchain/bin/../lib/gcc/arm-none-eabi/5.3.1/armv7-m\libgcc.a(_arm_muldivdf3.o)
                              src/Filter/ComplementaryFilter.o (__aeabi_dmul)
c:/program files (x86)/atmel/studio/7.0/toolchain/arm/arm-gnu-toolchain/bin/../lib/gcc/arm-none-eabi/5.3.1/armv7-m\libgcc.a(_arm_cmpdf2.o)
                              c:/program files (x86)/atmel/studio/7.0/toolchain/arm/arm-gnu-toolchain/bin/../lib/gcc/arm-none-eabi/5.3.1/../../../../arm-none-eabi/lib/armv7-m\libm.a(lib_a-e_rem_pio2.o) (__aeabi_dcmpeq)
c:/program files (x86)/atmel/studio/7.0/toolchain/arm/arm-gnu-toolchain/bin/../lib/gcc/arm-none-eabi/5.3.1/armv7-m\libgcc.a(_arm_fixdfsi.o)
                              src/HAL/HAL_Encoder.o (__aeabi_d2iz)
c:/program files (x86)/atmel/studio/7.0/toolchain/arm/arm-gnu-toolchain/bin/../lib/gcc/arm-none-eabi/5.3.1/armv7-m\libgcc.a(_arm_truncdfsf2.o)
                              src/IMU.o (__aeabi_d2f)
c:/program files (x86)/atmel/studio/7.0/toolchain/arm/arm-gnu-toolchain/bin/../lib/gcc/arm-none-eabi/5.3.1/armv7-m\libgcc.a(_arm_addsubsf3.o)
                              src/HAL/HAL_IMU_MPU6050.o (__aeabi_ui2f)
c:/program files (x86)/atmel/studio/7.0/toolchain/arm/arm-gnu-toolchain/bin/../lib/gcc/arm-none-eabi/5.3.1/armv7-m\libgcc.a(_arm_muldivsf3.o)
                              src/HAL/HAL_IMU_MPU6050.o (__aeabi_fmul)
[...]
Memory Configuration

Name             Origin             Length             Attributes
rom              0x00400000         0x00040000         xr
ram              0x20000000         0x00006000         xrw
*default*        0x00000000         0xffffffff

Linker script and memory map

LOAD c:/program files (x86)/atmel/studio/7.0/toolchain/arm/arm-gnu-toolchain/bin/../lib/gcc/arm-none-eabi/5.3.1/armv7-m/crti.o
LOAD c:/program files (x86)/atmel/studio/7.0/toolchain/arm/arm-gnu-toolchain/bin/../lib/gcc/arm-none-eabi/5.3.1/armv7-m/crtbegin.o
LOAD c:/program files (x86)/atmel/studio/7.0/toolchain/arm/arm-gnu-toolchain/bin/../lib/gcc/arm-none-eabi/5.3.1/../../../../arm-none-eabi/lib/armv7-m/crt0.o
LOAD src/Commands.o
LOAD src/Filter/ComplementaryFilter.o
LOAD src/Filter/KalmanFilter.o
LOAD src/HAL/HAL_Encoder.o
LOAD src/utils.o
LOAD src/HAL/HAL_IMU_MPU6050.o
LOAD src/HAL/HAL_UART.o
LOAD src/LCD.o
LOAD src/UART_Comm.o
LOAD src/ASF/common/services/clock/sam3n/sysclk.o
LOAD src/ASF/common/services/freertos/sam/freertos_peripheral_control.o
LOAD src/ASF/common/services/freertos/sam/freertos_twi_master.o
LOAD src/ASF/common/services/freertos/sam/freertos_uart_serial.o
LOAD src/ASF/common/services/serial/usart_serial.o
LOAD src/ASF/common/services/spi/sam_spi/spi_master.o
LOAD src/ASF/common/utils/interrupt/interrupt_sam_nvic.o
LOAD src/ASF/common/utils/stdio/read.o
LOAD src/ASF/common/utils/stdio/write.o
LOAD src/ASF/sam/boards/sam3n_ek/init.o
LOAD src/ASF/sam/boards/sam3n_ek/led.o
LOAD src/ASF/sam/components/display/aat31xx/aat31xx.o
LOAD src/ASF/sam/components/display/ili9225/ili9225.o
LOAD src/ASF/sam/drivers/pdc/pdc.o
LOAD src/ASF/sam/drivers/pio/pio.o
LOAD src/ASF/sam/drivers/pio/pio_handler.o
LOAD src/ASF/sam/drivers/pmc/pmc.o
LOAD src/ASF/sam/drivers/pmc/sleep.o
LOAD src/ASF/sam/drivers/spi/spi.o
LOAD src/ASF/sam/drivers/twi/twi.o
LOAD src/ASF/sam/drivers/uart/uart.o
LOAD src/ASF/sam/drivers/usart/usart.o
LOAD src/ASF/sam/utils/cmsis/sam3n/source/templates/exceptions.o
LOAD src/ASF/sam/utils/cmsis/sam3n/source/templates/gcc/startup_sam3n.o
LOAD src/ASF/sam/utils/cmsis/sam3n/source/templates/system_sam3n.o
LOAD src/ASF/sam/utils/syscalls/gcc/syscalls.o
LOAD src/ASF/thirdparty/freertos/freertos-7.3.0/source/FreeRTOS_CLI.o
LOAD src/ASF/thirdparty/freertos/freertos-7.3.0/source/list.o
LOAD src/ASF/thirdparty/freertos/freertos-7.3.0/source/portable/gcc/sam/port.o
LOAD src/ASF/thirdparty/freertos/freertos-7.3.0/source/portable/memmang/heap_4.o
LOAD src/ASF/thirdparty/freertos/freertos-7.3.0/source/queue.o
LOAD src/ASF/thirdparty/freertos/freertos-7.3.0/source/tasks.o
LOAD src/ASF/thirdparty/freertos/freertos-7.3.0/source/timers.o
LOAD src/IMU.o
LOAD src/main.o
START GROUP
LOAD ../src/ASF/thirdparty/CMSIS/Lib/GCC\libarm_cortexM3l_math.a
LOAD c:/program files (x86)/atmel/studio/7.0/toolchain/arm/arm-gnu-toolchain/bin/../lib/gcc/arm-none-eabi/5.3.1/../../../../arm-none-eabi/lib/armv7-m\libm.a
END GROUP
START GROUP
LOAD c:/program files (x86)/atmel/studio/7.0/toolchain/arm/arm-gnu-toolchain/bin/../lib/gcc/arm-none-eabi/5.3.1/armv7-m\libgcc.a
LOAD c:/program files (x86)/atmel/studio/7.0/toolchain/arm/arm-gnu-toolchain/bin/../lib/gcc/arm-none-eabi/5.3.1/../../../../arm-none-eabi/lib/armv7-m\libc.a
END GROUP
LOAD c:/program files (x86)/atmel/studio/7.0/toolchain/arm/arm-gnu-toolchain/bin/../lib/gcc/arm-none-eabi/5.3.1/armv7-m/crtend.o
LOAD c:/program files (x86)/atmel/studio/7.0/toolchain/arm/arm-gnu-toolchain/bin/../lib/gcc/arm-none-eabi/5.3.1/armv7-m/crtn.o
                0x00000800                __stack_size__ = DEFINED (__stack_size__)?__stack_size__:0x800
                0x20005ffc                __ram_end__ = ((ORIGIN (ram) + LENGTH (ram)) - 0x4)

.text           0x00400000    0x11068
                0x00400000                . = ALIGN (0x4)
                0x00400000                _sfixed = .
 *(.vectors .vectors.*)
 .vectors       0x00400000       0xc4 src/ASF/sam/utils/cmsis/sam3n/source/templates/gcc/startup_sam3n.o
                0x00400000                exception_table
 *(.text .text.* .gnu.linkonce.t.*)
 .text          0x004000c4       0x5c c:/program files (x86)/atmel/studio/7.0/toolchain/arm/arm-gnu-toolchain/bin/../lib/gcc/arm-none-eabi/5.3.1/armv7-m/crtbegin.o
 .text.isFloat  0x00400120       0x2c src/Commands.o
 .text.cmdToFunc
                0x0040014c       0x34 src/Commands.o
 .text.cUnknowCommand
                0x00400180       0x18 src/Commands.o
                0x00400180                cUnknowCommand
 .text.sendErrorCMD
                0x00400198       0x10 src/Commands.o
                0x00400198                sendErrorCMD
 .text.receiveCMD
                0x004001a8       0xc4 src/Commands.o
                0x004001a8                receiveCMD
 .text.setAlpha
                0x0040026c       0x38 src/Filter/ComplementaryFilter.o
                0x0040026c                setAlpha
 .text.getAlpha
                0x004002a4        0xc src/Filter/ComplementaryFilter.o
                0x004002a4                getAlpha
 .text.initComplFilter
                0x004002b0       0x1c src/Filter/ComplementaryFilter.o
                0x004002b0                initComplFilter
 .text.getComplFilterAngle
                0x004002cc       0x78 src/Filter/ComplementaryFilter.o
                0x004002cc                getComplFilterAngle
 .text.initKalman
                0x00400344       0x74 src/Filter/KalmanFilter.o
                0x00400344                initKalman
 .text.getKalmanAngle
                0x004003b8      0x1c0 src/Filter/KalmanFilter.o
                0x004003b8                getKalmanAngle
 .text.pin_handler
                0x00400578       0x58 src/HAL/HAL_Encoder.o
                0x00400578                pin_handler
 .text.resetCounterEncoder
                0x004005d0       0x1c src/HAL/HAL_Encoder.o
                0x004005d0                resetCounterEncoder
 *fill*         0x004005ec        0x4 
 .text.setCounterEncoder
                0x004005f0       0x58 src/HAL/HAL_Encoder.o
                0x004005f0                setCounterEncoder
 .text.getAngleEncoder
                0x00400648       0x4c src/HAL/HAL_Encoder.o
                0x00400648                getAngleEncoder
 .text.configEncoderPin
                0x00400694       0xb8 src/HAL/HAL_Encoder.o
                0x00400694                configEncoderPin
 .text.formatVersion
                0x0040074c       0x24 src/utils.o
                0x0040074c                formatVersion
 .text.imu_read
                0x00400770       0x48 src/HAL/HAL_IMU_MPU6050.o
 .text.imu_write.constprop.1
                0x004007b8       0x4c src/HAL/HAL_IMU_MPU6050.o
 .text.setOffsetAccel
                0x00400804       0x38 src/HAL/HAL_IMU_MPU6050.o
                0x00400804                setOffsetAccel
 .text.getOffsetAccel
                0x0040083c        0xc src/HAL/HAL_IMU_MPU6050.o
                0x0040083c                getOffsetAccel
 .text.setOffsetGyro
                0x00400848       0x38 src/HAL/HAL_IMU_MPU6050.o
                0x00400848                setOffsetGyro
 .text.getOffsetGyro
                0x00400880        0xc src/HAL/HAL_IMU_MPU6050.o
                0x00400880                getOffsetGyro
 *fill*         0x0040088c        0x4 
 .text.getPureAngle
                0x00400890       0x3c src/HAL/HAL_IMU_MPU6050.o
                0x00400890                getPureAngle
 .text.getAllAcelValue
                0x004008cc       0xa8 src/HAL/HAL_IMU_MPU6050.o
                0x004008cc                getAllAcelValue
 .text.getAllGyroValue
                0x00400974       0xa8 src/HAL/HAL_IMU_MPU6050.o
                0x00400974                getAllGyroValue
 .text.configIMU
                0x00400a1c       0xcc src/HAL/HAL_IMU_MPU6050.o
                0x00400a1c                configIMU
 .text.usart_serial_getchar
                0x00400ae8       0x78 src/HAL/HAL_UART.o
 .text.usart_serial_putchar
                0x00400b60       0x74 src/HAL/HAL_UART.o
 .text.send_uart
                0x00400bd4       0x24 src/HAL/HAL_UART.o
                0x00400bd4                send_uart
 .text.read_uart
                0x00400bf8       0x20 src/HAL/HAL_UART.o
                0x00400bf8                read_uart
 .text.printf_mux
                0x00400c18       0x48 src/HAL/HAL_UART.o
                0x00400c18                printf_mux
 .text.configure_console
                0x00400c60       0xa8 src/HAL/HAL_UART.o
                0x00400c60                configure_console
 .text.SPI_Handler
                0x00400d08        0x8 src/LCD.o
                0x00400d08                SPI_Handler
 .text.config_lcd
                0x00400d10       0x4c src/LCD.o
                0x00400d10                config_lcd
 .text.LCDTask  0x00400d5c      0x154 src/LCD.o
                0x00400d5c                LCDTask
 .text.vTimerTX
                0x00400eb0       0x2c src/UART_Comm.o
 .text.cTotalTimeTest
                0x00400edc       0xa8 src/UART_Comm.o
                0x00400edc                cTotalTimeTest
 .text.cStartSample
                0x00400f84       0x58 src/UART_Comm.o
                0x00400f84                cStartSample
 .text.UARTTXTask
                0x00400fdc      0x19c src/UART_Comm.o
                0x00400fdc                UARTTXTask
 .text.UARTRXTask
                0x00401178       0x84 src/UART_Comm.o
                0x00401178                UARTRXTask
 .text.sysclk_init
                0x004011fc       0x68 src/ASF/common/services/clock/sam3n/sysclk.o
                0x004011fc                sysclk_init
 .text.get_pdc_peripheral_details
                0x00401264       0x1c src/ASF/common/services/freertos/sam/freertos_peripheral_control.o
                0x00401264                get_pdc_peripheral_details
 .text.check_requested_operating_mode
                0x00401280       0x1a src/ASF/common/services/freertos/sam/freertos_peripheral_control.o
                0x00401280                check_requested_operating_mode
 *fill*         0x0040129a        0x2 
 .text.create_peripheral_control_semaphores
                0x0040129c       0xb4 src/ASF/common/services/freertos/sam/freertos_peripheral_control.o
                0x0040129c                create_peripheral_control_semaphores
 .text.configure_interrupt_controller
                0x00401350       0x6c src/ASF/common/services/freertos/sam/freertos_peripheral_control.o
                0x00401350                configure_interrupt_controller
 .text.freertos_copy_bytes_from_pdc_circular_buffer
                0x004013bc       0x74 src/ASF/common/services/freertos/sam/freertos_peripheral_control.o
                0x004013bc                freertos_copy_bytes_from_pdc_circular_buffer
 .text.freertos_obtain_peripheral_access_mutex
                0x00401430       0x48 src/ASF/common/services/freertos/sam/freertos_peripheral_control.o
                0x00401430                freertos_obtain_peripheral_access_mutex
 .text.freertos_start_pdc_transfer
                0x00401478       0x78 src/ASF/common/services/freertos/sam/freertos_peripheral_control.o
                0x00401478                freertos_start_pdc_transfer
 .text.freertos_optionally_wait_transfer_completion
                0x004014f0       0x24 src/ASF/common/services/freertos/sam/freertos_peripheral_control.o
                0x004014f0                freertos_optionally_wait_transfer_completion
 .text.local_twi_handler
                0x00401514      0x1cc src/ASF/common/services/freertos/sam/freertos_twi_master.o
 .text.freertos_twi_master_init
                0x004016e0      0x118 src/ASF/common/services/freertos/sam/freertos_twi_master.o
                0x004016e0                freertos_twi_master_init
 .text.freertos_twi_write_packet_async
                0x004017f8      0x168 src/ASF/common/services/freertos/sam/freertos_twi_master.o
                0x004017f8                freertos_twi_write_packet_async
 .text.freertos_twi_read_packet_async
                0x00401960      0x1b0 src/ASF/common/services/freertos/sam/freertos_twi_master.o
                0x00401960                freertos_twi_read_packet_async
 .text.TWI0_Handler
                0x00401b10        0xc src/ASF/common/services/freertos/sam/freertos_twi_master.o
                0x00401b10                TWI0_Handler
 .text.TWI1_Handler
                0x00401b1c        0xc src/ASF/common/services/freertos/sam/freertos_twi_master.o
                0x00401b1c                TWI1_Handler
 .text.configure_rx_dma
                0x00401b28       0x8c src/ASF/common/services/freertos/sam/freertos_uart_serial.o
 .text.local_uart_handler
                0x00401bb4      0x11c src/ASF/common/services/freertos/sam/freertos_uart_serial.o
 .text.freertos_uart_serial_init
                0x00401cd0      0x1ac src/ASF/common/services/freertos/sam/freertos_uart_serial.o
                0x00401cd0                freertos_uart_serial_init
 .text.freertos_uart_write_packet_async
                0x00401e7c       0x80 src/ASF/common/services/freertos/sam/freertos_uart_serial.o
                0x00401e7c                freertos_uart_write_packet_async
 .text.freertos_uart_serial_read_packet
                0x00401efc      0x12c src/ASF/common/services/freertos/sam/freertos_uart_serial.o
                0x00401efc                freertos_uart_serial_read_packet
 .text.UART0_Handler
                0x00402028        0xc src/ASF/common/services/freertos/sam/freertos_uart_serial.o
                0x00402028                UART0_Handler
 .text.UART1_Handler
                0x00402034        0xc src/ASF/common/services/freertos/sam/freertos_uart_serial.o
                0x00402034                UART1_Handler
 .text.spi_master_init
                0x00402040       0x54 src/ASF/common/services/spi/sam_spi/spi_master.o
                0x00402040                spi_master_init
 .text.spi_master_setup_device
                0x00402094       0x80 src/ASF/common/services/spi/sam_spi/spi_master.o
                0x00402094                spi_master_setup_device
 .text.spi_select_device
                0x00402114       0x24 src/ASF/common/services/spi/sam_spi/spi_master.o
                0x00402114                spi_select_device
 .text._read    0x00402138       0x40 src/ASF/common/utils/stdio/read.o
                0x00402138                _read
 .text._write   0x00402178       0x44 src/ASF/common/utils/stdio/write.o
                0x00402178                _write
 .text.board_init
                0x004021bc       0xf0 src/ASF/sam/boards/sam3n_ek/init.o
                0x004021bc                board_init
 .text.LED_Off  0x004022ac       0x3c src/ASF/sam/boards/sam3n_ek/led.o
                0x004022ac                LED_Off
 .text.LED_On   0x004022e8       0x3c src/ASF/sam/boards/sam3n_ek/led.o
                0x004022e8                LED_On
 .text.aat31xx_set_backlight
                0x00402324       0x58 src/ASF/sam/components/display/aat31xx/aat31xx.o
                0x00402324                aat31xx_set_backlight
 .text.aat31xx_disable_backlight
                0x0040237c       0x24 src/ASF/sam/components/display/aat31xx/aat31xx.o
                0x0040237c                aat31xx_disable_backlight
 .text.ili9225_delay
                0x004023a0       0x28 src/ASF/sam/components/display/ili9225/ili9225.o
 .text.ili9225_check_box_coordinates
                0x004023c8       0x44 src/ASF/sam/components/display/ili9225/ili9225.o
 .text.ili9225_write_cmd
                0x0040240c       0x48 src/ASF/sam/components/display/ili9225/ili9225.o
 .text.ili9225_write_ram
                0x00402454       0x30 src/ASF/sam/components/display/ili9225/ili9225.o
 .text.ili9225_write_register
                0x00402484       0x1c src/ASF/sam/components/display/ili9225/ili9225.o
 .text.ili9225_write_ram_buffer.part.0
                0x004024a0       0x4c src/ASF/sam/components/display/ili9225/ili9225.o
 .text.ili9225_spi_handler
                0x004024ec       0x18 src/ASF/sam/components/display/ili9225/ili9225.o
                0x004024ec                ili9225_spi_handler
 .text.ili9225_display_on
                0x00402504       0x10 src/ASF/sam/components/display/ili9225/ili9225.o
                0x00402504                ili9225_display_on
 .text.ili9225_display_off
                0x00402514        0xc src/ASF/sam/components/display/ili9225/ili9225.o
                0x00402514                ili9225_display_off
 .text.ili9225_set_foreground_color
                0x00402520       0x30 src/ASF/sam/components/display/ili9225/ili9225.o
                0x00402520                ili9225_set_foreground_color
 .text.ili9225_set_window
                0x00402550       0x38 src/ASF/sam/components/display/ili9225/ili9225.o
                0x00402550                ili9225_set_window
 .text.ili9225_set_cursor_position
                0x00402588       0x1c src/ASF/sam/components/display/ili9225/ili9225.o
                0x00402588                ili9225_set_cursor_position
 .text.ili9225_init
                0x004025a4      0x1c4 src/ASF/sam/components/display/ili9225/ili9225.o
                0x004025a4                ili9225_init
 .text.ili9225_fill
                0x00402768       0x30 src/ASF/sam/components/display/ili9225/ili9225.o
                0x00402768                ili9225_fill
 .text.ili9225_draw_pixel
                0x00402798       0x38 src/ASF/sam/components/display/ili9225/ili9225.o
                0x00402798                ili9225_draw_pixel
 .text.ili9225_draw_filled_rectangle
                0x004027d0       0xa4 src/ASF/sam/components/display/ili9225/ili9225.o
                0x004027d0                ili9225_draw_filled_rectangle
 .text.ili9225_draw_string
                0x00402874       0xac src/ASF/sam/components/display/ili9225/ili9225.o
                0x00402874                ili9225_draw_string
 .text.pdc_tx_init
                0x00402920       0x16 src/ASF/sam/drivers/pdc/pdc.o
                0x00402920                pdc_tx_init
 .text.pdc_rx_init
                0x00402936       0x16 src/ASF/sam/drivers/pdc/pdc.o
                0x00402936                pdc_rx_init
 .text.pdc_enable_transfer
                0x0040294c        0xc src/ASF/sam/drivers/pdc/pdc.o
                0x0040294c                pdc_enable_transfer
 .text.pdc_disable_transfer
                0x00402958       0x10 src/ASF/sam/drivers/pdc/pdc.o
                0x00402958                pdc_disable_transfer
 .text.pio_set_peripheral
                0x00402968       0x7c src/ASF/sam/drivers/pio/pio.o
                0x00402968                pio_set_peripheral
 .text.pio_set_input
                0x004029e4       0x2c src/ASF/sam/drivers/pio/pio.o
                0x004029e4                pio_set_input
 .text.pio_set_output
                0x00402a10       0x24 src/ASF/sam/drivers/pio/pio.o
                0x00402a10                pio_set_output
 .text.pio_pull_down
                0x00402a34        0xe src/ASF/sam/drivers/pio/pio.o
                0x00402a34                pio_pull_down
 .text.pio_enable_interrupt
                0x00402a42        0x6 src/ASF/sam/drivers/pio/pio.o
                0x00402a42                pio_enable_interrupt
 .text.pio_get_interrupt_status
                0x00402a48        0x4 src/ASF/sam/drivers/pio/pio.o
                0x00402a48                pio_get_interrupt_status
 .text.pio_get_interrupt_mask
                0x00402a4c        0x4 src/ASF/sam/drivers/pio/pio.o
                0x00402a4c                pio_get_interrupt_mask
 .text.pio_set_additional_interrupt_mode
                0x00402a50       0x28 src/ASF/sam/drivers/pio/pio.o
                0x00402a50                pio_set_additional_interrupt_mode
 .text.pio_configure_interrupt
                0x00402a78        0x8 src/ASF/sam/drivers/pio/pio.o
                0x00402a78                pio_configure_interrupt
 .text.pio_set_pin_high
                0x00402a80       0x1a src/ASF/sam/drivers/pio/pio.o
                0x00402a80                pio_set_pin_high
 .text.pio_set_pin_low
                0x00402a9a       0x1a src/ASF/sam/drivers/pio/pio.o
                0x00402a9a                pio_set_pin_low
 .text.pio_toggle_pin
                0x00402ab4       0x22 src/ASF/sam/drivers/pio/pio.o
                0x00402ab4                pio_toggle_pin
 *fill*         0x00402ad6        0x2 
 .text.pio_configure_pin
                0x00402ad8       0xb4 src/ASF/sam/drivers/pio/pio.o
                0x00402ad8                pio_configure_pin
 .text.pio_configure_pin_group
                0x00402b8c       0x88 src/ASF/sam/drivers/pio/pio.o
                0x00402b8c                pio_configure_pin_group
 .text.pio_handler_process
                0x00402c14       0x5c src/ASF/sam/drivers/pio/pio_handler.o
                0x00402c14                pio_handler_process
 .text.pio_handler_set
                0x00402c70       0x40 src/ASF/sam/drivers/pio/pio_handler.o
                0x00402c70                pio_handler_set
 .text.PIOA_Handler
                0x00402cb0       0x10 src/ASF/sam/drivers/pio/pio_handler.o
                0x00402cb0                PIOA_Handler
 .text.PIOB_Handler
                0x00402cc0       0x10 src/ASF/sam/drivers/pio/pio_handler.o
                0x00402cc0                PIOB_Handler
 .text.PIOC_Handler
                0x00402cd0       0x10 src/ASF/sam/drivers/pio/pio_handler.o
                0x00402cd0                PIOC_Handler
 .text.pmc_switch_mck_to_pllack
                0x00402ce0       0x44 src/ASF/sam/drivers/pmc/pmc.o
                0x00402ce0                pmc_switch_mck_to_pllack
 .text.pmc_switch_mainck_to_xtal
                0x00402d24       0x50 src/ASF/sam/drivers/pmc/pmc.o
                0x00402d24                pmc_switch_mainck_to_xtal
 .text.pmc_osc_is_ready_mainck
                0x00402d74       0x10 src/ASF/sam/drivers/pmc/pmc.o
                0x00402d74                pmc_osc_is_ready_mainck
 .text.pmc_disable_pllack
                0x00402d84       0x10 src/ASF/sam/drivers/pmc/pmc.o
                0x00402d84                pmc_disable_pllack
 .text.pmc_is_locked_pllack
                0x00402d94       0x10 src/ASF/sam/drivers/pmc/pmc.o
                0x00402d94                pmc_is_locked_pllack
 .text.pmc_enable_periph_clk
                0x00402da4       0x28 src/ASF/sam/drivers/pmc/pmc.o
                0x00402da4                pmc_enable_periph_clk
 .text.spi_enable_clock
                0x00402dcc        0xc src/ASF/sam/drivers/spi/spi.o
                0x00402dcc                spi_enable_clock
 .text.spi_set_peripheral_chip_select_value
                0x00402dd8       0x16 src/ASF/sam/drivers/spi/spi.o
                0x00402dd8                spi_set_peripheral_chip_select_value
 .text.spi_set_delay_between_chip_select
                0x00402dee       0x12 src/ASF/sam/drivers/spi/spi.o
                0x00402dee                spi_set_delay_between_chip_select
 .text.spi_write
                0x00402e00       0x2e src/ASF/sam/drivers/spi/spi.o
                0x00402e00                spi_write
 .text.spi_set_clock_polarity
                0x00402e2e       0x16 src/ASF/sam/drivers/spi/spi.o
                0x00402e2e                spi_set_clock_polarity
 .text.spi_set_clock_phase
                0x00402e44       0x16 src/ASF/sam/drivers/spi/spi.o
                0x00402e44                spi_set_clock_phase
 .text.spi_configure_cs_behavior
                0x00402e5a       0x40 src/ASF/sam/drivers/spi/spi.o
                0x00402e5a                spi_configure_cs_behavior
 .text.spi_set_bits_per_transfer
                0x00402e9a       0x14 src/ASF/sam/drivers/spi/spi.o
                0x00402e9a                spi_set_bits_per_transfer
 .text.spi_calc_baudrate_div
                0x00402eae       0x16 src/ASF/sam/drivers/spi/spi.o
                0x00402eae                spi_calc_baudrate_div
 .text.spi_set_baudrate_div
                0x00402ec4       0x16 src/ASF/sam/drivers/spi/spi.o
                0x00402ec4                spi_set_baudrate_div
 .text.spi_set_transfer_delay
                0x00402eda       0x1a src/ASF/sam/drivers/spi/spi.o
                0x00402eda                spi_set_transfer_delay
 .text.twi_enable_master_mode
                0x00402ef4        0xe src/ASF/sam/drivers/twi/twi.o
                0x00402ef4                twi_enable_master_mode
 *fill*         0x00402f02        0x2 
 .text.twi_set_speed
                0x00402f04       0x3c src/ASF/sam/drivers/twi/twi.o
                0x00402f04                twi_set_speed
 .text.twi_master_write
                0x00402f40       0x7e src/ASF/sam/drivers/twi/twi.o
                0x00402f40                twi_master_write
 *fill*         0x00402fbe        0x2 
 .text.twi_probe
                0x00402fc0       0x2c src/ASF/sam/drivers/twi/twi.o
                0x00402fc0                twi_probe
 .text.twi_enable_interrupt
                0x00402fec        0x4 src/ASF/sam/drivers/twi/twi.o
                0x00402fec                twi_enable_interrupt
 .text.twi_disable_interrupt
                0x00402ff0        0x6 src/ASF/sam/drivers/twi/twi.o
                0x00402ff0                twi_disable_interrupt
 .text.twi_get_interrupt_status
                0x00402ff6        0x4 src/ASF/sam/drivers/twi/twi.o
                0x00402ff6                twi_get_interrupt_status
 .text.twi_get_interrupt_mask
                0x00402ffa        0x4 src/ASF/sam/drivers/twi/twi.o
                0x00402ffa                twi_get_interrupt_mask
 .text.twi_read_byte
                0x00402ffe        0x6 src/ASF/sam/drivers/twi/twi.o
                0x00402ffe                twi_read_byte
 .text.twi_reset
                0x00403004        0x8 src/ASF/sam/drivers/twi/twi.o
                0x00403004                twi_reset
 .text.uart_init
                0x0040300c       0x34 src/ASF/sam/drivers/uart/uart.o
                0x0040300c                uart_init
 .text.uart_enable_tx
                0x00403040        0x6 src/ASF/sam/drivers/uart/uart.o
                0x00403040                uart_enable_tx
 .text.uart_disable_tx
                0x00403046        0x6 src/ASF/sam/drivers/uart/uart.o
                0x00403046                uart_disable_tx
 .text.uart_enable_rx
                0x0040304c        0x6 src/ASF/sam/drivers/uart/uart.o
                0x0040304c                uart_enable_rx
 .text.uart_disable_rx
                0x00403052        0x6 src/ASF/sam/drivers/uart/uart.o
                0x00403052                uart_disable_rx
 .text.uart_enable_interrupt
                0x00403058        0x4 src/ASF/sam/drivers/uart/uart.o
                0x00403058                uart_enable_interrupt
 .text.uart_disable_interrupt
                0x0040305c        0x4 src/ASF/sam/drivers/uart/uart.o
                0x0040305c                uart_disable_interrupt
 .text.uart_get_interrupt_mask
                0x00403060        0x4 src/ASF/sam/drivers/uart/uart.o
                0x00403060                uart_get_interrupt_mask
 .text.uart_get_status
                0x00403064        0x4 src/ASF/sam/drivers/uart/uart.o
                0x00403064                uart_get_status
 .text.uart_reset_status
                0x00403068        0x8 src/ASF/sam/drivers/uart/uart.o
                0x00403068                uart_reset_status
 .text.uart_write
                0x00403070        0xe src/ASF/sam/drivers/uart/uart.o
                0x00403070                uart_write
 .text.uart_read
                0x0040307e       0x10 src/ASF/sam/drivers/uart/uart.o
                0x0040307e                uart_read
 .text.usart_write
                0x0040308e       0x12 src/ASF/sam/drivers/usart/usart.o
                0x0040308e                usart_write
 .text.usart_read
                0x004030a0       0x16 src/ASF/sam/drivers/usart/usart.o
                0x004030a0                usart_read
 .text.Dummy_Handler
                0x004030b6        0x2 src/ASF/sam/utils/cmsis/sam3n/source/templates/exceptions.o
                0x004030b6                DACC_Handler
                0x004030b6                DebugMon_Handler
                0x004030b6                HardFault_Handler
                0x004030b6                TC2_Handler
                0x004030b6                NMI_Handler
                0x004030b6                ADC_Handler
                0x004030b6                USART0_Handler
                0x004030b6                RTT_Handler
                0x004030b6                RTC_Handler
                0x004030b6                UsageFault_Handler
                0x004030b6                WDT_Handler
                0x004030b6                TC4_Handler
                0x004030b6                TC1_Handler
                0x004030b6                TC3_Handler
                0x004030b6                Dummy_Handler
                0x004030b6                USART1_Handler
                0x004030b6                PMC_Handler
                0x004030b6                PWM_Handler
                0x004030b6                MemManage_Handler
                0x004030b6                SUPC_Handler
                0x004030b6                EFC_Handler
                0x004030b6                BusFault_Handler
                0x004030b6                RSTC_Handler
                0x004030b6                TC0_Handler
                0x004030b6                TC5_Handler
 .text.Reset_Handler
                0x004030b8       0x80 src/ASF/sam/utils/cmsis/sam3n/source/templates/gcc/startup_sam3n.o
                0x004030b8                Reset_Handler
 .text.SystemCoreClockUpdate
                0x00403138       0xc0 src/ASF/sam/utils/cmsis/sam3n/source/templates/system_sam3n.o
                0x00403138                SystemCoreClockUpdate
 .text._sbrk    0x004031f8       0x2c src/ASF/sam/utils/syscalls/gcc/syscalls.o
                0x004031f8                _sbrk
 .text._close   0x00403224        0x6 src/ASF/sam/utils/syscalls/gcc/syscalls.o
                0x00403224                _close
 .text._fstat   0x0040322a        0xa src/ASF/sam/utils/syscalls/gcc/syscalls.o
                0x0040322a                _fstat
 .text._isatty  0x00403234        0x4 src/ASF/sam/utils/syscalls/gcc/syscalls.o
                0x00403234                _isatty
 .text._lseek   0x00403238        0x4 src/ASF/sam/utils/syscalls/gcc/syscalls.o
                0x00403238                _lseek
 .text.vListInitialise
                0x0040323c       0x16 src/ASF/thirdparty/freertos/freertos-7.3.0/source/list.o
                0x0040323c                vListInitialise
 .text.vListInitialiseItem
                0x00403252        0x6 src/ASF/thirdparty/freertos/freertos-7.3.0/source/list.o
                0x00403252                vListInitialiseItem
 .text.vListInsertEnd
                0x00403258       0x1c src/ASF/thirdparty/freertos/freertos-7.3.0/source/list.o
                0x00403258                vListInsertEnd
 .text.vListInsert
                0x00403274       0x30 src/ASF/thirdparty/freertos/freertos-7.3.0/source/list.o
                0x00403274                vListInsert
 .text.uxListRemove
                0x004032a4       0x26 src/ASF/thirdparty/freertos/freertos-7.3.0/source/list.o
                0x004032a4                uxListRemove
 *fill*         0x004032ca        0x2 
 .text.prvPortStartFirstTask
                0x004032cc       0x14 src/ASF/thirdparty/freertos/freertos-7.3.0/source/portable/gcc/sam/port.o
 .text.pxPortInitialiseStack
                0x004032e0       0x16 src/ASF/thirdparty/freertos/freertos-7.3.0/source/portable/gcc/sam/port.o
                0x004032e0                pxPortInitialiseStack
 *fill*         0x004032f6        0x2 
 .text.SVC_Handler
                0x004032f8       0x20 src/ASF/thirdparty/freertos/freertos-7.3.0/source/portable/gcc/sam/port.o
                0x004032f8                SVC_Handler
 .text.vPortYieldFromISR
                0x00403318       0x10 src/ASF/thirdparty/freertos/freertos-7.3.0/source/portable/gcc/sam/port.o
                0x00403318                vPortYieldFromISR
 .text.ulPortSetInterruptMask
                0x00403328       0x10 src/ASF/thirdparty/freertos/freertos-7.3.0/source/portable/gcc/sam/port.o
                0x00403328                ulPortSetInterruptMask
 .text.vPortEnterCritical
                0x00403338       0x18 src/ASF/thirdparty/freertos/freertos-7.3.0/source/portable/gcc/sam/port.o
                0x00403338                vPortEnterCritical
 .text.vPortClearInterruptMask
                0x00403350        0x6 src/ASF/thirdparty/freertos/freertos-7.3.0/source/portable/gcc/sam/port.o
                0x00403350                vPortClearInterruptMask
 *fill*         0x00403356        0x2 
 .text.vPortExitCritical
                0x00403358       0x18 src/ASF/thirdparty/freertos/freertos-7.3.0/source/portable/gcc/sam/port.o
                0x00403358                vPortExitCritical
 .text.PendSV_Handler
                0x00403370       0x3c src/ASF/thirdparty/freertos/freertos-7.3.0/source/portable/gcc/sam/port.o
                0x00403370                PendSV_Handler
 .text.SysTick_Handler
                0x004033ac       0x2c src/ASF/thirdparty/freertos/freertos-7.3.0/source/portable/gcc/sam/port.o
                0x004033ac                SysTick_Handler
 .text.vPortSetupTimerInterrupt
                0x004033d8       0x14 src/ASF/thirdparty/freertos/freertos-7.3.0/source/portable/gcc/sam/port.o
                0x004033d8                vPortSetupTimerInterrupt
 .text.xPortStartScheduler
                0x004033ec       0x34 src/ASF/thirdparty/freertos/freertos-7.3.0/source/portable/gcc/sam/port.o
                0x004033ec                xPortStartScheduler
 .text.prvInsertBlockIntoFreeList
                0x00403420       0x4c src/ASF/thirdparty/freertos/freertos-7.3.0/source/portable/memmang/heap_4.o
 .text.pvPortMalloc
                0x0040346c       0xc4 src/ASF/thirdparty/freertos/freertos-7.3.0/source/portable/memmang/heap_4.o
                0x0040346c                pvPortMalloc
 .text.vPortFree
                0x00403530       0x38 src/ASF/thirdparty/freertos/freertos-7.3.0/source/portable/memmang/heap_4.o
                0x00403530                vPortFree
 .text.xPortGetFreeHeapSize
                0x00403568        0xc src/ASF/thirdparty/freertos/freertos-7.3.0/source/portable/memmang/heap_4.o
                0x00403568                xPortGetFreeHeapSize
 .text.prvCopyDataToQueue
                0x00403574       0x60 src/ASF/thirdparty/freertos/freertos-7.3.0/source/queue.o
 .text.prvCopyDataFromQueue
                0x004035d4       0x2c src/ASF/thirdparty/freertos/freertos-7.3.0/source/queue.o
 .text.prvUnlockQueue
                0x00403600       0x80 src/ASF/thirdparty/freertos/freertos-7.3.0/source/queue.o
 .text.xQueueGenericReset
                0x00403680       0x7c src/ASF/thirdparty/freertos/freertos-7.3.0/source/queue.o
                0x00403680                xQueueGenericReset
 .text.xQueueGenericCreate
                0x004036fc       0x58 src/ASF/thirdparty/freertos/freertos-7.3.0/source/queue.o
                0x004036fc                xQueueGenericCreate
 .text.xQueueCreateCountingSemaphore
                0x00403754       0x24 src/ASF/thirdparty/freertos/freertos-7.3.0/source/queue.o
                0x00403754                xQueueCreateCountingSemaphore
 .text.xQueueGenericSend
                0x00403778      0x120 src/ASF/thirdparty/freertos/freertos-7.3.0/source/queue.o
                0x00403778                xQueueGenericSend
 .text.xQueueCreateMutex
                0x00403898       0x60 src/ASF/thirdparty/freertos/freertos-7.3.0/source/queue.o
                0x00403898                xQueueCreateMutex
 .text.xQueueGenericSendFromISR
                0x004038f8       0x7c src/ASF/thirdparty/freertos/freertos-7.3.0/source/queue.o
                0x004038f8                xQueueGenericSendFromISR
 .text.xQueueGenericReceive
                0x00403974      0x154 src/ASF/thirdparty/freertos/freertos-7.3.0/source/queue.o
                0x00403974                xQueueGenericReceive
 .text.vQueueWaitForMessageRestricted
                0x00403ac8       0x4c src/ASF/thirdparty/freertos/freertos-7.3.0/source/queue.o
                0x00403ac8                vQueueWaitForMessageRestricted
 .text.prvListTaskWithinSingleList
                0x00403b14       0x80 src/ASF/thirdparty/freertos/freertos-7.3.0/source/tasks.o
 .text.prvAddCurrentTaskToDelayedList
                0x00403b94       0x50 src/ASF/thirdparty/freertos/freertos-7.3.0/source/tasks.o
 .text.xTaskGenericCreate
                0x00403be4      0x1d4 src/ASF/thirdparty/freertos/freertos-7.3.0/source/tasks.o
                0x00403be4                xTaskGenericCreate
 .text.vTaskDelete
                0x00403db8       0x88 src/ASF/thirdparty/freertos/freertos-7.3.0/source/tasks.o
                0x00403db8                vTaskDelete
 .text.xTaskIsTaskSuspended
                0x00403e40       0x34 src/ASF/thirdparty/freertos/freertos-7.3.0/source/tasks.o
                0x00403e40                xTaskIsTaskSuspended
 .text.vTaskResume
                0x00403e74       0x88 src/ASF/thirdparty/freertos/freertos-7.3.0/source/tasks.o
                0x00403e74                vTaskResume
 .text.vTaskStartScheduler
                0x00403efc       0x70 src/ASF/thirdparty/freertos/freertos-7.3.0/source/tasks.o
                0x00403efc                vTaskStartScheduler
 .text.vTaskSuspendAll
                0x00403f6c       0x10 src/ASF/thirdparty/freertos/freertos-7.3.0/source/tasks.o
                0x00403f6c                vTaskSuspendAll
 .text.xTaskGetTickCount
                0x00403f7c       0x20 src/ASF/thirdparty/freertos/freertos-7.3.0/source/tasks.o
                0x00403f7c                xTaskGetTickCount
 .text.uxTaskGetNumberOfTasks
                0x00403f9c        0xc src/ASF/thirdparty/freertos/freertos-7.3.0/source/tasks.o
                0x00403f9c                uxTaskGetNumberOfTasks
 .text.vTaskIncrementTick
                0x00403fa8      0x10c src/ASF/thirdparty/freertos/freertos-7.3.0/source/tasks.o
                0x00403fa8                vTaskIncrementTick
 .text.xTaskResumeAll
                0x004040b4       0xf0 src/ASF/thirdparty/freertos/freertos-7.3.0/source/tasks.o
                0x004040b4                xTaskResumeAll
 .text.vTaskDelay
                0x004041a4       0x4c src/ASF/thirdparty/freertos/freertos-7.3.0/source/tasks.o
                0x004041a4                vTaskDelay
 .text.prvIdleTask
                0x004041f0       0x90 src/ASF/thirdparty/freertos/freertos-7.3.0/source/tasks.o
 .text.vTaskList
                0x00404280       0xb8 src/ASF/thirdparty/freertos/freertos-7.3.0/source/tasks.o
                0x00404280                vTaskList
 .text.vTaskSwitchContext
                0x00404338       0x94 src/ASF/thirdparty/freertos/freertos-7.3.0/source/tasks.o
                0x00404338                vTaskSwitchContext
 .text.vTaskSuspend
                0x004043cc       0x94 src/ASF/thirdparty/freertos/freertos-7.3.0/source/tasks.o
                0x004043cc                vTaskSuspend
 .text.vTaskPlaceOnEventList
                0x00404460       0x60 src/ASF/thirdparty/freertos/freertos-7.3.0/source/tasks.o
                0x00404460                vTaskPlaceOnEventList
 .text.vTaskPlaceOnEventListRestricted
                0x004044c0       0x48 src/ASF/thirdparty/freertos/freertos-7.3.0/source/tasks.o
                0x004044c0                vTaskPlaceOnEventListRestricted
 .text.xTaskRemoveFromEventList
                0x00404508       0x78 src/ASF/thirdparty/freertos/freertos-7.3.0/source/tasks.o
                0x00404508                xTaskRemoveFromEventList
 .text.vTaskSetTimeOutState
                0x00404580       0x28 src/ASF/thirdparty/freertos/freertos-7.3.0/source/tasks.o
                0x00404580                vTaskSetTimeOutState
 .text.xTaskCheckForTimeOut
                0x004045a8       0x78 src/ASF/thirdparty/freertos/freertos-7.3.0/source/tasks.o
                0x004045a8                xTaskCheckForTimeOut
 .text.vTaskMissedYield
                0x00404620        0xc src/ASF/thirdparty/freertos/freertos-7.3.0/source/tasks.o
                0x00404620                vTaskMissedYield
 .text.xTaskGetCurrentTaskHandle
                0x0040462c        0xc src/ASF/thirdparty/freertos/freertos-7.3.0/source/tasks.o
                0x0040462c                xTaskGetCurrentTaskHandle
 .text.xTaskGetSchedulerState
                0x00404638       0x1c src/ASF/thirdparty/freertos/freertos-7.3.0/source/tasks.o
                0x00404638                xTaskGetSchedulerState
 .text.vTaskPriorityInherit
                0x00404654       0x74 src/ASF/thirdparty/freertos/freertos-7.3.0/source/tasks.o
                0x00404654                vTaskPriorityInherit
 .text.vTaskPriorityDisinherit
                0x004046c8       0x50 src/ASF/thirdparty/freertos/freertos-7.3.0/source/tasks.o
                0x004046c8                vTaskPriorityDisinherit
 .text.prvCheckForValidListAndQueue
                0x00404718       0x60 src/ASF/thirdparty/freertos/freertos-7.3.0/source/timers.o
 .text.prvInsertTimerInActiveList
                0x00404778       0x40 src/ASF/thirdparty/freertos/freertos-7.3.0/source/timers.o
 .text.xTimerCreateTimerTask
                0x004047b8       0x4c src/ASF/thirdparty/freertos/freertos-7.3.0/source/timers.o
                0x004047b8                xTimerCreateTimerTask
 .text.xTimerCreate
                0x00404804       0x50 src/ASF/thirdparty/freertos/freertos-7.3.0/source/timers.o
                0x00404804                xTimerCreate
 .text.xTimerGenericCommand
                0x00404854       0x4c src/ASF/thirdparty/freertos/freertos-7.3.0/source/timers.o
                0x00404854                xTimerGenericCommand
 .text.prvSwitchTimerLists.isra.1
                0x004048a0       0x88 src/ASF/thirdparty/freertos/freertos-7.3.0/source/timers.o
 .text.prvTimerTask
                0x00404928      0x19c src/ASF/thirdparty/freertos/freertos-7.3.0/source/timers.o
 .text.initializeIMUVariables
                0x00404ac4       0x7c src/IMU.o
 .text.vTimerIMU
                0x00404b40       0x1c src/IMU.o
 .text.cmdHandlerKalman.isra.0
                0x00404b5c       0x68 src/IMU.o
 .text.cmdHandlerOffset.isra.2
                0x00404bc4       0xc4 src/IMU.o
 .text.initIMUQueue
                0x00404c88       0x78 src/IMU.o
                0x00404c88                initIMUQueue
 .text.cTaskSample
                0x00404d00       0xb8 src/IMU.o
                0x00404d00                cTaskSample
 .text.cResetVariables
                0x00404db8       0x5c src/IMU.o
                0x00404db8                cResetVariables
 .text.cStartSampleReset
                0x00404e14       0x28 src/IMU.o
                0x00404e14                cStartSampleReset
 *fill*         0x00404e3c        0x4 
 .text.IMUTask  0x00404e40      0x2b8 src/IMU.o
                0x00404e40                IMUTask
 .text.cAlphaComplFilter
                0x004050f8       0x6c src/IMU.o
                0x004050f8                cAlphaComplFilter
 .text.cOffsetAccelX
                0x00405164       0x28 src/IMU.o
                0x00405164                cOffsetAccelX
 .text.cOffsetAccelY
                0x0040518c       0x28 src/IMU.o
                0x0040518c                cOffsetAccelY
 .text.cOffsetAccelZ
                0x004051b4       0x28 src/IMU.o
                0x004051b4                cOffsetAccelZ
 .text.cOffsetGyroX
                0x004051dc       0x28 src/IMU.o
                0x004051dc                cOffsetGyroX
 .text.cOffsetGyroY
                0x00405204       0x28 src/IMU.o
                0x00405204                cOffsetGyroY
 .text.cOffsetGyroZ
                0x0040522c       0x28 src/IMU.o
                0x0040522c                cOffsetGyroZ
 .text.cKalQAngle
                0x00405254       0x2c src/IMU.o
                0x00405254                cKalQAngle
 .text.cKalQBias
                0x00405280       0x2c src/IMU.o
                0x00405280                cKalQBias
 .text.cKalRMeasure
                0x004052ac       0x2c src/IMU.o
                0x004052ac                cKalRMeasure
 .text.button_handler
                0x004052d8       0x1c src/main.o
                0x004052d8                button_handler
 .text.task_led0
                0x004052f4       0x1c src/main.o
 .text.task_monitor
                0x00405310       0x6c src/main.o
 .text.vApplicationStackOverflowHook
                0x0040537c       0x20 src/main.o
                0x0040537c                vApplicationStackOverflowHook
 .text.vApplicationIdleHook
                0x0040539c        0x2 src/main.o
                0x0040539c                vApplicationIdleHook
 *fill*         0x0040539e        0x2 
 .text.vApplicationTickHook
                0x004053a0       0x10 src/main.o
                0x004053a0                vApplicationTickHook
 .text.vApplicationMallocFailedHook
                0x004053b0       0x18 src/main.o
                0x004053b0                vApplicationMallocFailedHook
 .text.config_interrupt
                0x004053c8       0xa0 src/main.o
                0x004053c8                config_interrupt
 .text.startup.main
                0x00405468      0x1f4 src/main.o
                0x00405468                main
 .text.sin      0x0040565c       0x90 c:/program files (x86)/atmel/studio/7.0/toolchain/arm/arm-gnu-toolchain/bin/../lib/gcc/arm-none-eabi/5.3.1/../../../../arm-none-eabi/lib/armv7-m\libm.a(lib_a-s_sin.o)
                0x0040565c                sin
 *fill*         0x004056ec        0x4 
 .text.__ieee754_rem_pio2
                0x004056f0      0x42c c:/program files (x86)/atmel/studio/7.0/toolchain/arm/arm-gnu-toolchain/bin/../lib/gcc/arm-none-eabi/5.3.1/../../../../arm-none-eabi/lib/armv7-m\libm.a(lib_a-e_rem_pio2.o)
                0x004056f0                __ieee754_rem_pio2
 *fill*         0x00405b1c        0x4 
 .text.__kernel_cos
                0x00405b20      0x248 c:/program files (x86)/atmel/studio/7.0/toolchain/arm/arm-gnu-toolchain/bin/../lib/gcc/arm-none-eabi/5.3.1/../../../../arm-none-eabi/lib/armv7-m\libm.a(lib_a-k_cos.o)
                0x00405b20                __kernel_cos
 .text.__kernel_rem_pio2
                0x00405d68      0x7f8 c:/program files (x86)/atmel/studio/7.0/toolchain/arm/arm-gnu-toolchain/bin/../lib/gcc/arm-none-eabi/5.3.1/../../../../arm-none-eabi/lib/armv7-m\libm.a(lib_a-k_rem_pio2.o)
                0x00405d68                __kernel_rem_pio2
 .text.__kernel_sin
                0x00406560      0x16c c:/program files (x86)/atmel/studio/7.0/toolchain/arm/arm-gnu-toolchain/bin/../lib/gcc/arm-none-eabi/5.3.1/../../../../arm-none-eabi/lib/armv7-m\libm.a(lib_a-k_sin.o)
                0x00406560                __kernel_sin
 .text.fabs     0x004066cc        0x8 c:/program files (x86)/atmel/studio/7.0/toolchain/arm/arm-gnu-toolchain/bin/../lib/gcc/arm-none-eabi/5.3.1/../../../../arm-none-eabi/lib/armv7-m\libm.a(lib_a-s_fabs.o)
                0x004066cc                fabs
 *fill*         0x004066d4        0x4 
 .text.floor    0x004066d8      0x110 c:/program files (x86)/atmel/studio/7.0/toolchain/arm/arm-gnu-toolchain/bin/../lib/gcc/arm-none-eabi/5.3.1/../../../../arm-none-eabi/lib/armv7-m\libm.a(lib_a-s_floor.o)
                0x004066d8                floor
 .text.scalbn   0x004067e8       0xe4 c:/program files (x86)/atmel/studio/7.0/toolchain/arm/arm-gnu-toolchain/bin/../lib/gcc/arm-none-eabi/5.3.1/../../../../arm-none-eabi/lib/armv7-m\libm.a(lib_a-s_scalbn.o)
                0x004067e8                scalbn
 .text.copysign
                0x004068cc       0x10 c:/program files (x86)/atmel/studio/7.0/toolchain/arm/arm-gnu-toolchain/bin/../lib/gcc/arm-none-eabi/5.3.1/../../../../arm-none-eabi/lib/armv7-m\libm.a(lib_a-s_copysign.o)
                0x004068cc                copysign
 .text          0x004068dc      0x370 c:/program files (x86)/atmel/studio/7.0/toolchain/arm/arm-gnu-toolchain/bin/../lib/gcc/arm-none-eabi/5.3.1/armv7-m\libgcc.a(_arm_addsubdf3.o)
                0x004068dc                __aeabi_drsub
                0x004068e4                __aeabi_dsub
                0x004068e4                __subdf3
                0x004068e8                __aeabi_dadd
                0x004068e8                __adddf3
                0x00406b60                __floatunsidf
                0x00406b60                __aeabi_ui2d
                0x00406b80                __floatsidf
                0x00406b80                __aeabi_i2d
                0x00406ba4                __aeabi_f2d
                0x00406ba4                __extendsfdf2
                0x00406be0                __floatundidf
                0x00406be0                __aeabi_ul2d
                0x00406bf0                __floatdidf
                0x00406bf0                __aeabi_l2d
 .text          0x00406c4c      0x424 c:/program files (x86)/atmel/studio/7.0/toolchain/arm/arm-gnu-toolchain/bin/../lib/gcc/arm-none-eabi/5.3.1/armv7-m\libgcc.a(_arm_muldivdf3.o)
                0x00406c4c                __aeabi_dmul
                0x00406c4c                __muldf3
                0x00406ea0                __divdf3
                0x00406ea0                __aeabi_ddiv
 .text          0x00407070      0x110 c:/program files (x86)/atmel/studio/7.0/toolchain/arm/arm-gnu-toolchain/bin/../lib/gcc/arm-none-eabi/5.3.1/armv7-m\libgcc.a(_arm_cmpdf2.o)
                0x00407070                __gtdf2
                0x00407070                __gedf2
                0x00407078                __ltdf2
                0x00407078                __ledf2
                0x00407080                __nedf2
                0x00407080                __eqdf2
                0x00407080                __cmpdf2
                0x004070fc                __aeabi_cdrcmple
                0x0040710c                __aeabi_cdcmpeq
                0x0040710c                __aeabi_cdcmple
                0x0040711c                __aeabi_dcmpeq
                0x00407130                __aeabi_dcmplt
                0x00407144                __aeabi_dcmple
                0x00407158                __aeabi_dcmpge
                0x0040716c                __aeabi_dcmpgt
 .text          0x00407180       0x50 c:/program files (x86)/atmel/studio/7.0/toolchain/arm/arm-gnu-toolchain/bin/../lib/gcc/arm-none-eabi/5.3.1/armv7-m\libgcc.a(_arm_fixdfsi.o)
                0x00407180                __aeabi_d2iz
                0x00407180                __fixdfsi
 .text          0x004071d0       0xa0 c:/program files (x86)/atmel/studio/7.0/toolchain/arm/arm-gnu-toolchain/bin/../lib/gcc/arm-none-eabi/5.3.1/armv7-m\libgcc.a(_arm_truncdfsf2.o)
                0x004071d0                __truncdfsf2
                0x004071d0                __aeabi_d2f
 .text          0x00407270      0x21c c:/program files (x86)/atmel/studio/7.0/toolchain/arm/arm-gnu-toolchain/bin/../lib/gcc/arm-none-eabi/5.3.1/armv7-m\libgcc.a(_arm_addsubsf3.o)
                0x00407270                __aeabi_frsub
                0x00407278                __subsf3
                0x00407278                __aeabi_fsub
                0x0040727c                __aeabi_fadd
                0x0040727c                __addsf3
                0x004073dc                __aeabi_ui2f
                0x004073dc                __floatunsisf
                0x004073e4                __aeabi_i2f
                0x004073e4                __floatsisf
                0x00407400                __aeabi_ul2f
                0x00407400                __floatundisf
                0x00407410                __aeabi_l2f
                0x00407410                __floatdisf
 .text          0x0040748c      0x2a0 c:/program files (x86)/atmel/studio/7.0/toolchain/arm/arm-gnu-toolchain/bin/../lib/gcc/arm-none-eabi/5.3.1/armv7-m\libgcc.a(_arm_muldivsf3.o)
                0x0040748c                __mulsf3
                0x0040748c                __aeabi_fmul
                0x004075f4                __aeabi_fdiv
                0x004075f4                __divsf3
 .text          0x0040772c       0xec c:/program files (x86)/atmel/studio/7.0/toolchain/arm/arm-gnu-toolchain/bin/../lib/gcc/arm-none-eabi/5.3.1/armv7-m\libgcc.a(_arm_cmpsf2.o)
                0x0040772c                __gesf2
                0x0040772c                __gtsf2
                0x00407734                __lesf2
                0x00407734                __ltsf2
                0x0040773c                __nesf2
                0x0040773c                __eqsf2
                0x0040773c                __cmpsf2
                0x0040779c                __aeabi_cfrcmple
                0x004077a4                __aeabi_cfcmpeq
                0x004077a4                __aeabi_cfcmple
                0x004077b4                __aeabi_fcmpeq
                0x004077c8                __aeabi_fcmplt
                0x004077dc                __aeabi_fcmple
                0x004077f0                __aeabi_fcmpge
                0x00407804                __aeabi_fcmpgt
 .text          0x00407818       0x40 c:/program files (x86)/atmel/studio/7.0/toolchain/arm/arm-gnu-toolchain/bin/../lib/gcc/arm-none-eabi/5.3.1/armv7-m\libgcc.a(_arm_fixunssfsi.o)
                0x00407818                __fixunssfsi
                0x00407818                __aeabi_f2uiz
 .text.atoff    0x00407858        0x8 c:/program files (x86)/atmel/studio/7.0/toolchain/arm/arm-gnu-toolchain/bin/../lib/gcc/arm-none-eabi/5.3.1/../../../../arm-none-eabi/lib/armv7-m\libc.a(lib_a-atoff.o)
                0x00407858                atoff
 .text.atoi     0x00407860        0x8 c:/program files (x86)/atmel/studio/7.0/toolchain/arm/arm-gnu-toolchain/bin/../lib/gcc/arm-none-eabi/5.3.1/../../../../arm-none-eabi/lib/armv7-m\libc.a(lib_a-atoi.o)
                0x00407860                atoi
 .text.__libc_init_array
                0x00407868       0x50 c:/program files (x86)/atmel/studio/7.0/toolchain/arm/arm-gnu-toolchain/bin/../lib/gcc/arm-none-eabi/5.3.1/../../../../arm-none-eabi/lib/armv7-m\libc.a(lib_a-init.o)
                0x00407868                __libc_init_array
 .text.iprintf  0x004078b8       0x28 c:/program files (x86)/atmel/studio/7.0/toolchain/arm/arm-gnu-toolchain/bin/../lib/gcc/arm-none-eabi/5.3.1/../../../../arm-none-eabi/lib/armv7-m\libc.a(lib_a-iprintf.o)
                0x004078b8                iprintf
 .text.memcmp   0x004078e0       0x64 c:/program files (x86)/atmel/studio/7.0/toolchain/arm/arm-gnu-toolchain/bin/../lib/gcc/arm-none-eabi/5.3.1/../../../../arm-none-eabi/lib/armv7-m\libc.a(lib_a-memcmp.o)
                0x004078e0                memcmp
 .text          0x00407944       0xec c:/program files (x86)/atmel/studio/7.0/toolchain/arm/arm-gnu-toolchain/bin/../lib/gcc/arm-none-eabi/5.3.1/../../../../arm-none-eabi/lib/armv7-m\libc.a(lib_a-memcpy.o)
                0x00407944                memcpy
 .text.memset   0x00407a30       0x9c c:/program files (x86)/atmel/studio/7.0/toolchain/arm/arm-gnu-toolchain/bin/../lib/gcc/arm-none-eabi/5.3.1/../../../../arm-none-eabi/lib/armv7-m\libc.a(lib_a-memset.o)
                0x00407a30                memset
 .text.setbuf   0x00407acc       0x10 c:/program files (x86)/atmel/studio/7.0/toolchain/arm/arm-gnu-toolchain/bin/../lib/gcc/arm-none-eabi/5.3.1/../../../../arm-none-eabi/lib/armv7-m\libc.a(lib_a-setbuf.o)
                0x00407acc                setbuf
 .text.setvbuf  0x00407adc      0x150 c:/program files (x86)/atmel/studio/7.0/toolchain/arm/arm-gnu-toolchain/bin/../lib/gcc/arm-none-eabi/5.3.1/../../../../arm-none-eabi/lib/armv7-m\libc.a(lib_a-setvbuf.o)
                0x00407adc                setvbuf
 .text.sprintf  0x00407c2c       0x4c c:/program files (x86)/atmel/studio/7.0/toolchain/arm/arm-gnu-toolchain/bin/../lib/gcc/arm-none-eabi/5.3.1/../../../../arm-none-eabi/lib/armv7-m\libc.a(lib_a-sprintf.o)
                0x00407c2c                sprintf
 .text.strcat   0x00407c78       0x40 c:/program files (x86)/atmel/studio/7.0/toolchain/arm/arm-gnu-toolchain/bin/../lib/gcc/arm-none-eabi/5.3.1/../../../../arm-none-eabi/lib/armv7-m\libc.a(lib_a-strcat.o)
                0x00407c78                strcat
 .text.strchr   0x00407cb8       0xd0 c:/program files (x86)/atmel/studio/7.0/toolchain/arm/arm-gnu-toolchain/bin/../lib/gcc/arm-none-eabi/5.3.1/../../../../arm-none-eabi/lib/armv7-m\libc.a(lib_a-strchr.o)
                0x00407cb8                strchr
 .text          0x00407d88      0x1bc c:/program files (x86)/atmel/studio/7.0/toolchain/arm/arm-gnu-toolchain/bin/../lib/gcc/arm-none-eabi/5.3.1/../../../../arm-none-eabi/lib/armv7-m\libc.a(lib_a-strcmp.o)
                0x00407d88                strcmp
 .text.strcpy   0x00407f44       0xbc c:/program files (x86)/atmel/studio/7.0/toolchain/arm/arm-gnu-toolchain/bin/../lib/gcc/arm-none-eabi/5.3.1/../../../../arm-none-eabi/lib/armv7-m\libc.a(lib_a-strcpy.o)
                0x00407f44                strcpy
 .text.strlen   0x00408000       0x5c c:/program files (x86)/atmel/studio/7.0/toolchain/arm/arm-gnu-toolchain/bin/../lib/gcc/arm-none-eabi/5.3.1/../../../../arm-none-eabi/lib/armv7-m\libc.a(lib_a-strlen-stub.o)
                0x00408000                strlen
 .text.strncmp  0x0040805c       0x9c c:/program files (x86)/atmel/studio/7.0/toolchain/arm/arm-gnu-toolchain/bin/../lib/gcc/arm-none-eabi/5.3.1/../../../../arm-none-eabi/lib/armv7-m\libc.a(lib_a-strncmp.o)
                0x0040805c                strncmp
 .text.strncpy  0x004080f8       0x68 c:/program files (x86)/atmel/studio/7.0/toolchain/arm/arm-gnu-toolchain/bin/../lib/gcc/arm-none-eabi/5.3.1/../../../../arm-none-eabi/lib/armv7-m\libc.a(lib_a-strncpy.o)
                0x004080f8                strncpy
 .text.critical_factorization
                0x00408160       0xb8 c:/program files (x86)/atmel/studio/7.0/toolchain/arm/arm-gnu-toolchain/bin/../lib/gcc/arm-none-eabi/5.3.1/../../../../arm-none-eabi/lib/armv7-m\libc.a(lib_a-strstr.o)
 .text.two_way_long_needle
                0x00408218      0x200 c:/program files (x86)/atmel/studio/7.0/toolchain/arm/arm-gnu-toolchain/bin/../lib/gcc/arm-none-eabi/5.3.1/../../../../arm-none-eabi/lib/armv7-m\libc.a(lib_a-strstr.o)
 .text.strstr   0x00408418      0x220 c:/program files (x86)/atmel/studio/7.0/toolchain/arm/arm-gnu-toolchain/bin/../lib/gcc/arm-none-eabi/5.3.1/../../../../arm-none-eabi/lib/armv7-m\libc.a(lib_a-strstr.o)
                0x00408418                strstr
 .text.sulp     0x00408638       0x44 c:/program files (x86)/atmel/studio/7.0/toolchain/arm/arm-gnu-toolchain/bin/../lib/gcc/arm-none-eabi/5.3.1/../../../../arm-none-eabi/lib/armv7-m\libc.a(lib_a-strtod.o)
 *fill*         0x0040867c        0x4 
 .text._strtod_r
                0x00408680      0xecc c:/program files (x86)/atmel/studio/7.0/toolchain/arm/arm-gnu-toolchain/bin/../lib/gcc/arm-none-eabi/5.3.1/../../../../arm-none-eabi/lib/armv7-m\libc.a(lib_a-strtod.o)
                0x00408680                _strtod_r
 .text.strtof   0x0040954c       0x34 c:/program files (x86)/atmel/studio/7.0/toolchain/arm/arm-gnu-toolchain/bin/../lib/gcc/arm-none-eabi/5.3.1/../../../../arm-none-eabi/lib/armv7-m\libc.a(lib_a-strtod.o)
                0x0040954c                strtof
 .text.strtok   0x00409580       0x10 c:/program files (x86)/atmel/studio/7.0/toolchain/arm/arm-gnu-toolchain/bin/../lib/gcc/arm-none-eabi/5.3.1/../../../../arm-none-eabi/lib/armv7-m\libc.a(lib_a-strtok.o)
                0x00409580                strtok
 .text.__strtok_r
                0x00409590       0x64 c:/program files (x86)/atmel/studio/7.0/toolchain/arm/arm-gnu-toolchain/bin/../lib/gcc/arm-none-eabi/5.3.1/../../../../arm-none-eabi/lib/armv7-m\libc.a(lib_a-strtok_r.o)
                0x00409590                __strtok_r
 .text._strtol_r
                0x004095f4      0x128 c:/program files (x86)/atmel/studio/7.0/toolchain/arm/arm-gnu-toolchain/bin/../lib/gcc/arm-none-eabi/5.3.1/../../../../arm-none-eabi/lib/armv7-m\libc.a(lib_a-strtol.o)
                0x004095f4                _strtol_r
 .text.strtol   0x0040971c       0x18 c:/program files (x86)/atmel/studio/7.0/toolchain/arm/arm-gnu-toolchain/bin/../lib/gcc/arm-none-eabi/5.3.1/../../../../arm-none-eabi/lib/armv7-m\libc.a(lib_a-strtol.o)
                0x0040971c                strtol
 .text._svfprintf_r
                0x00409734     0x175c c:/program files (x86)/atmel/studio/7.0/toolchain/arm/arm-gnu-toolchain/bin/../lib/gcc/arm-none-eabi/5.3.1/../../../../arm-none-eabi/lib/armv7-m\libc.a(lib_a-svfprintf.o)
                0x00409734                _svfprintf_r
 .text.__sprint_r.part.0
                0x0040ae90       0x78 c:/program files (x86)/atmel/studio/7.0/toolchain/arm/arm-gnu-toolchain/bin/../lib/gcc/arm-none-eabi/5.3.1/../../../../arm-none-eabi/lib/armv7-m\libc.a(lib_a-vfiprintf.o)
 .text._vfiprintf_r
                0x0040af08      0xde8 c:/program files (x86)/atmel/studio/7.0/toolchain/arm/arm-gnu-toolchain/bin/../lib/gcc/arm-none-eabi/5.3.1/../../../../arm-none-eabi/lib/armv7-m\libc.a(lib_a-vfiprintf.o)
                0x0040af08                _vfiprintf_r
 .text.__sbprintf
                0x0040bcf0       0x6c c:/program files (x86)/atmel/studio/7.0/toolchain/arm/arm-gnu-toolchain/bin/../lib/gcc/arm-none-eabi/5.3.1/../../../../arm-none-eabi/lib/armv7-m\libc.a(lib_a-vfiprintf.o)
 .text._vsprintf_r
                0x0040bd5c       0x34 c:/program files (x86)/atmel/studio/7.0/toolchain/arm/arm-gnu-toolchain/bin/../lib/gcc/arm-none-eabi/5.3.1/../../../../arm-none-eabi/lib/armv7-m\libc.a(lib_a-vsprintf.o)
                0x0040bd5c                _vsprintf_r
 .text.vsprintf
                0x0040bd90       0x18 c:/program files (x86)/atmel/studio/7.0/toolchain/arm/arm-gnu-toolchain/bin/../lib/gcc/arm-none-eabi/5.3.1/../../../../arm-none-eabi/lib/armv7-m\libc.a(lib_a-vsprintf.o)
                0x0040bd90                vsprintf
 .text.__swsetup_r
                0x0040bda8       0xc8 c:/program files (x86)/atmel/studio/7.0/toolchain/arm/arm-gnu-toolchain/bin/../lib/gcc/arm-none-eabi/5.3.1/../../../../arm-none-eabi/lib/armv7-m\libc.a(lib_a-wsetup.o)
                0x0040bda8                __swsetup_r
 .text.startup.register_fini
                0x0040be70       0x14 c:/program files (x86)/atmel/studio/7.0/toolchain/arm/arm-gnu-toolchain/bin/../lib/gcc/arm-none-eabi/5.3.1/../../../../arm-none-eabi/lib/armv7-m\libc.a(lib_a-__call_atexit.o)
 .text.atexit   0x0040be84        0xc c:/program files (x86)/atmel/studio/7.0/toolchain/arm/arm-gnu-toolchain/bin/../lib/gcc/arm-none-eabi/5.3.1/../../../../arm-none-eabi/lib/armv7-m\libc.a(lib_a-atexit.o)
                0x0040be84                atexit
 .text.quorem   0x0040be90      0x12c c:/program files (x86)/atmel/studio/7.0/toolchain/arm/arm-gnu-toolchain/bin/../lib/gcc/arm-none-eabi/5.3.1/../../../../arm-none-eabi/lib/armv7-m\libc.a(lib_a-dtoa.o)
 *fill*         0x0040bfbc        0x4 
 .text._dtoa_r  0x0040bfc0      0xe4c c:/program files (x86)/atmel/studio/7.0/toolchain/arm/arm-gnu-toolchain/bin/../lib/gcc/arm-none-eabi/5.3.1/../../../../arm-none-eabi/lib/armv7-m\libc.a(lib_a-dtoa.o)
                0x0040bfc0                _dtoa_r
 .text.__sflush_r
                0x0040ce0c      0x148 c:/program files (x86)/atmel/studio/7.0/toolchain/arm/arm-gnu-toolchain/bin/../lib/gcc/arm-none-eabi/5.3.1/../../../../arm-none-eabi/lib/armv7-m\libc.a(lib_a-fflush.o)
                0x0040ce0c                __sflush_r
 .text._fflush_r
                0x0040cf54       0x2c c:/program files (x86)/atmel/studio/7.0/toolchain/arm/arm-gnu-toolchain/bin/../lib/gcc/arm-none-eabi/5.3.1/../../../../arm-none-eabi/lib/armv7-m\libc.a(lib_a-fflush.o)
                0x0040cf54                _fflush_r
 .text._cleanup_r
                0x0040cf80        0xc c:/program files (x86)/atmel/studio/7.0/toolchain/arm/arm-gnu-toolchain/bin/../lib/gcc/arm-none-eabi/5.3.1/../../../../arm-none-eabi/lib/armv7-m\libc.a(lib_a-findfp.o)
                0x0040cf80                _cleanup_r
 .text.__sinit.part.1
                0x0040cf8c       0xf0 c:/program files (x86)/atmel/studio/7.0/toolchain/arm/arm-gnu-toolchain/bin/../lib/gcc/arm-none-eabi/5.3.1/../../../../arm-none-eabi/lib/armv7-m\libc.a(lib_a-findfp.o)
 .text.__sinit  0x0040d07c        0xc c:/program files (x86)/atmel/studio/7.0/toolchain/arm/arm-gnu-toolchain/bin/../lib/gcc/arm-none-eabi/5.3.1/../../../../arm-none-eabi/lib/armv7-m\libc.a(lib_a-findfp.o)
                0x0040d07c                __sinit
 .text.__sfp_lock_acquire
                0x0040d088        0x4 c:/program files (x86)/atmel/studio/7.0/toolchain/arm/arm-gnu-toolchain/bin/../lib/gcc/arm-none-eabi/5.3.1/../../../../arm-none-eabi/lib/armv7-m\libc.a(lib_a-findfp.o)
                0x0040d088                __sfp_lock_acquire
 .text.__sfp_lock_release
                0x0040d08c        0x4 c:/program files (x86)/atmel/studio/7.0/toolchain/arm/arm-gnu-toolchain/bin/../lib/gcc/arm-none-eabi/5.3.1/../../../../arm-none-eabi/lib/armv7-m\libc.a(lib_a-findfp.o)
                0x0040d08c                __sfp_lock_release
 .text.__libc_fini_array
                0x0040d090       0x28 c:/program files (x86)/atmel/studio/7.0/toolchain/arm/arm-gnu-toolchain/bin/../lib/gcc/arm-none-eabi/5.3.1/../../../../arm-none-eabi/lib/armv7-m\libc.a(lib_a-fini.o)
                0x0040d090                __libc_fini_array
 .text.__fputwc
                0x0040d0b8       0x94 c:/program files (x86)/atmel/studio/7.0/toolchain/arm/arm-gnu-toolchain/bin/../lib/gcc/arm-none-eabi/5.3.1/../../../../arm-none-eabi/lib/armv7-m\libc.a(lib_a-fputwc.o)
                0x0040d0b8                __fputwc
 .text._fputwc_r
                0x0040d14c       0x24 c:/program files (x86)/atmel/studio/7.0/toolchain/arm/arm-gnu-toolchain/bin/../lib/gcc/arm-none-eabi/5.3.1/../../../../arm-none-eabi/lib/armv7-m\libc.a(lib_a-fputwc.o)
                0x0040d14c                _fputwc_r
 .text._malloc_trim_r
                0x0040d170       0x9c c:/program files (x86)/atmel/studio/7.0/toolchain/arm/arm-gnu-toolchain/bin/../lib/gcc/arm-none-eabi/5.3.1/../../../../arm-none-eabi/lib/armv7-m\libc.a(lib_a-freer.o)
                0x0040d170                _malloc_trim_r
 .text._free_r  0x0040d20c      0x1d0 c:/program files (x86)/atmel/studio/7.0/toolchain/arm/arm-gnu-toolchain/bin/../lib/gcc/arm-none-eabi/5.3.1/../../../../arm-none-eabi/lib/armv7-m\libc.a(lib_a-freer.o)
                0x0040d20c                _free_r
 .text.__sfvwrite_r
                0x0040d3dc      0x308 c:/program files (x86)/atmel/studio/7.0/toolchain/arm/arm-gnu-toolchain/bin/../lib/gcc/arm-none-eabi/5.3.1/../../../../arm-none-eabi/lib/armv7-m\libc.a(lib_a-fvwrite.o)
                0x0040d3dc                __sfvwrite_r
 .text._fwalk_reent
                0x0040d6e4       0x50 c:/program files (x86)/atmel/studio/7.0/toolchain/arm/arm-gnu-toolchain/bin/../lib/gcc/arm-none-eabi/5.3.1/../../../../arm-none-eabi/lib/armv7-m\libc.a(lib_a-fwalk.o)
                0x0040d6e4                _fwalk_reent
 .text.rshift   0x0040d734       0xa8 c:/program files (x86)/atmel/studio/7.0/toolchain/arm/arm-gnu-toolchain/bin/../lib/gcc/arm-none-eabi/5.3.1/../../../../arm-none-eabi/lib/armv7-m\libc.a(lib_a-gdtoa-gethex.o)
 .text.__gethex
                0x0040d7dc      0x50c c:/program files (x86)/atmel/studio/7.0/toolchain/arm/arm-gnu-toolchain/bin/../lib/gcc/arm-none-eabi/5.3.1/../../../../arm-none-eabi/lib/armv7-m\libc.a(lib_a-gdtoa-gethex.o)
                0x0040d7dc                __gethex
 .text.__match  0x0040dce8       0x30 c:/program files (x86)/atmel/studio/7.0/toolchain/arm/arm-gnu-toolchain/bin/../lib/gcc/arm-none-eabi/5.3.1/../../../../arm-none-eabi/lib/armv7-m\libc.a(lib_a-gdtoa-hexnan.o)
                0x0040dce8                __match
 .text.__hexnan
                0x0040dd18      0x180 c:/program files (x86)/atmel/studio/7.0/toolchain/arm/arm-gnu-toolchain/bin/../lib/gcc/arm-none-eabi/5.3.1/../../../../arm-none-eabi/lib/armv7-m\libc.a(lib_a-gdtoa-hexnan.o)
                0x0040dd18                __hexnan
 .text.__locale_charset
                0x0040de98        0x8 c:/program files (x86)/atmel/studio/7.0/toolchain/arm/arm-gnu-toolchain/bin/../lib/gcc/arm-none-eabi/5.3.1/../../../../arm-none-eabi/lib/armv7-m\libc.a(lib_a-locale.o)
                0x0040de98                __locale_charset
 .text.__locale_mb_cur_max
                0x0040dea0        0xc c:/program files (x86)/atmel/studio/7.0/toolchain/arm/arm-gnu-toolchain/bin/../lib/gcc/arm-none-eabi/5.3.1/../../../../arm-none-eabi/lib/armv7-m\libc.a(lib_a-locale.o)
                0x0040dea0                __locale_mb_cur_max
 .text._localeconv_r
                0x0040deac        0x8 c:/program files (x86)/atmel/studio/7.0/toolchain/arm/arm-gnu-toolchain/bin/../lib/gcc/arm-none-eabi/5.3.1/../../../../arm-none-eabi/lib/armv7-m\libc.a(lib_a-locale.o)
                0x0040deac                _localeconv_r
 .text.__swhatbuf_r
                0x0040deb4       0x60 c:/program files (x86)/atmel/studio/7.0/toolchain/arm/arm-gnu-toolchain/bin/../lib/gcc/arm-none-eabi/5.3.1/../../../../arm-none-eabi/lib/armv7-m\libc.a(lib_a-makebuf.o)
                0x0040deb4                __swhatbuf_r
 .text.__smakebuf_r
                0x0040df14       0x88 c:/program files (x86)/atmel/studio/7.0/toolchain/arm/arm-gnu-toolchain/bin/../lib/gcc/arm-none-eabi/5.3.1/../../../../arm-none-eabi/lib/armv7-m\libc.a(lib_a-makebuf.o)
                0x0040df14                __smakebuf_r
 .text.malloc   0x0040df9c       0x10 c:/program files (x86)/atmel/studio/7.0/toolchain/arm/arm-gnu-toolchain/bin/../lib/gcc/arm-none-eabi/5.3.1/../../../../arm-none-eabi/lib/armv7-m\libc.a(lib_a-malloc.o)
                0x0040df9c                malloc
 .text._malloc_r
                0x0040dfac      0x558 c:/program files (x86)/atmel/studio/7.0/toolchain/arm/arm-gnu-toolchain/bin/../lib/gcc/arm-none-eabi/5.3.1/../../../../arm-none-eabi/lib/armv7-m\libc.a(lib_a-mallocr.o)
                0x0040dfac                _malloc_r
 .text.memchr   0x0040e504       0x8c c:/program files (x86)/atmel/studio/7.0/toolchain/arm/arm-gnu-toolchain/bin/../lib/gcc/arm-none-eabi/5.3.1/../../../../arm-none-eabi/lib/armv7-m\libc.a(lib_a-memchr-stub.o)
                0x0040e504                memchr
 .text.memmove  0x0040e590       0xc8 c:/program files (x86)/atmel/studio/7.0/toolchain/arm/arm-gnu-toolchain/bin/../lib/gcc/arm-none-eabi/5.3.1/../../../../arm-none-eabi/lib/armv7-m\libc.a(lib_a-memmove.o)
                0x0040e590                memmove
 .text.__malloc_lock
                0x0040e658        0x4 c:/program files (x86)/atmel/studio/7.0/toolchain/arm/arm-gnu-toolchain/bin/../lib/gcc/arm-none-eabi/5.3.1/../../../../arm-none-eabi/lib/armv7-m\libc.a(lib_a-mlock.o)
                0x0040e658                __malloc_lock
 .text.__malloc_unlock
                0x0040e65c        0x4 c:/program files (x86)/atmel/studio/7.0/toolchain/arm/arm-gnu-toolchain/bin/../lib/gcc/arm-none-eabi/5.3.1/../../../../arm-none-eabi/lib/armv7-m\libc.a(lib_a-mlock.o)
                0x0040e65c                __malloc_unlock
 .text._Balloc  0x0040e660       0x50 c:/program files (x86)/atmel/studio/7.0/toolchain/arm/arm-gnu-toolchain/bin/../lib/gcc/arm-none-eabi/5.3.1/../../../../arm-none-eabi/lib/armv7-m\libc.a(lib_a-mprec.o)
                0x0040e660                _Balloc
 .text._Bfree   0x0040e6b0       0x14 c:/program files (x86)/atmel/studio/7.0/toolchain/arm/arm-gnu-toolchain/bin/../lib/gcc/arm-none-eabi/5.3.1/../../../../arm-none-eabi/lib/armv7-m\libc.a(lib_a-mprec.o)
                0x0040e6b0                _Bfree
 .text.__multadd
                0x0040e6c4       0x80 c:/program files (x86)/atmel/studio/7.0/toolchain/arm/arm-gnu-toolchain/bin/../lib/gcc/arm-none-eabi/5.3.1/../../../../arm-none-eabi/lib/armv7-m\libc.a(lib_a-mprec.o)
                0x0040e6c4                __multadd
 .text.__s2b    0x0040e744       0x98 c:/program files (x86)/atmel/studio/7.0/toolchain/arm/arm-gnu-toolchain/bin/../lib/gcc/arm-none-eabi/5.3.1/../../../../arm-none-eabi/lib/armv7-m\libc.a(lib_a-mprec.o)
                0x0040e744                __s2b
 .text.__hi0bits
                0x0040e7dc       0x40 c:/program files (x86)/atmel/studio/7.0/toolchain/arm/arm-gnu-toolchain/bin/../lib/gcc/arm-none-eabi/5.3.1/../../../../arm-none-eabi/lib/armv7-m\libc.a(lib_a-mprec.o)
                0x0040e7dc                __hi0bits
 .text.__lo0bits
                0x0040e81c       0x5c c:/program files (x86)/atmel/studio/7.0/toolchain/arm/arm-gnu-toolchain/bin/../lib/gcc/arm-none-eabi/5.3.1/../../../../arm-none-eabi/lib/armv7-m\libc.a(lib_a-mprec.o)
                0x0040e81c                __lo0bits
 .text.__i2b    0x0040e878       0x14 c:/program files (x86)/atmel/studio/7.0/toolchain/arm/arm-gnu-toolchain/bin/../lib/gcc/arm-none-eabi/5.3.1/../../../../arm-none-eabi/lib/armv7-m\libc.a(lib_a-mprec.o)
                0x0040e878                __i2b
 .text.__multiply
                0x0040e88c      0x13c c:/program files (x86)/atmel/studio/7.0/toolchain/arm/arm-gnu-toolchain/bin/../lib/gcc/arm-none-eabi/5.3.1/../../../../arm-none-eabi/lib/armv7-m\libc.a(lib_a-mprec.o)
                0x0040e88c                __multiply
 .text.__pow5mult
                0x0040e9c8       0xa0 c:/program files (x86)/atmel/studio/7.0/toolchain/arm/arm-gnu-toolchain/bin/../lib/gcc/arm-none-eabi/5.3.1/../../../../arm-none-eabi/lib/armv7-m\libc.a(lib_a-mprec.o)
                0x0040e9c8                __pow5mult
 .text.__lshift
                0x0040ea68       0xac c:/program files (x86)/atmel/studio/7.0/toolchain/arm/arm-gnu-toolchain/bin/../lib/gcc/arm-none-eabi/5.3.1/../../../../arm-none-eabi/lib/armv7-m\libc.a(lib_a-mprec.o)
                0x0040ea68                __lshift
 .text.__mcmp   0x0040eb14       0x40 c:/program files (x86)/atmel/studio/7.0/toolchain/arm/arm-gnu-toolchain/bin/../lib/gcc/arm-none-eabi/5.3.1/../../../../arm-none-eabi/lib/armv7-m\libc.a(lib_a-mprec.o)
                0x0040eb14                __mcmp
 .text.__mdiff  0x0040eb54      0x128 c:/program files (x86)/atmel/studio/7.0/toolchain/arm/arm-gnu-toolchain/bin/../lib/gcc/arm-none-eabi/5.3.1/../../../../arm-none-eabi/lib/armv7-m\libc.a(lib_a-mprec.o)
                0x0040eb54                __mdiff
 .text.__ulp    0x0040ec7c       0x44 c:/program files (x86)/atmel/studio/7.0/toolchain/arm/arm-gnu-toolchain/bin/../lib/gcc/arm-none-eabi/5.3.1/../../../../arm-none-eabi/lib/armv7-m\libc.a(lib_a-mprec.o)
                0x0040ec7c                __ulp
 .text.__b2d    0x0040ecc0       0xd4 c:/program files (x86)/atmel/studio/7.0/toolchain/arm/arm-gnu-toolchain/bin/../lib/gcc/arm-none-eabi/5.3.1/../../../../arm-none-eabi/lib/armv7-m\libc.a(lib_a-mprec.o)
                0x0040ecc0                __b2d
 .text.__d2b    0x0040ed94       0xa8 c:/program files (x86)/atmel/studio/7.0/toolchain/arm/arm-gnu-toolchain/bin/../lib/gcc/arm-none-eabi/5.3.1/../../../../arm-none-eabi/lib/armv7-m\libc.a(lib_a-mprec.o)
                0x0040ed94                __d2b
 .text.__ratio  0x0040ee3c       0x54 c:/program files (x86)/atmel/studio/7.0/toolchain/arm/arm-gnu-toolchain/bin/../lib/gcc/arm-none-eabi/5.3.1/../../../../arm-none-eabi/lib/armv7-m\libc.a(lib_a-mprec.o)
                0x0040ee3c                __ratio
 .text.__copybits
                0x0040ee90       0x48 c:/program files (x86)/atmel/studio/7.0/toolchain/arm/arm-gnu-toolchain/bin/../lib/gcc/arm-none-eabi/5.3.1/../../../../arm-none-eabi/lib/armv7-m\libc.a(lib_a-mprec.o)
                0x0040ee90                __copybits
 .text.__any_on
                0x0040eed8       0x5c c:/program files (x86)/atmel/studio/7.0/toolchain/arm/arm-gnu-toolchain/bin/../lib/gcc/arm-none-eabi/5.3.1/../../../../arm-none-eabi/lib/armv7-m\libc.a(lib_a-mprec.o)
                0x0040eed8                __any_on
 .text._realloc_r
                0x0040ef34      0x3d4 c:/program files (x86)/atmel/studio/7.0/toolchain/arm/arm-gnu-toolchain/bin/../lib/gcc/arm-none-eabi/5.3.1/../../../../arm-none-eabi/lib/armv7-m\libc.a(lib_a-reallocr.o)
                0x0040ef34                _realloc_r
 .text._sbrk_r  0x0040f308       0x24 c:/program files (x86)/atmel/studio/7.0/toolchain/arm/arm-gnu-toolchain/bin/../lib/gcc/arm-none-eabi/5.3.1/../../../../arm-none-eabi/lib/armv7-m\libc.a(lib_a-sbrkr.o)
                0x0040f308                _sbrk_r
 .text.nanf     0x0040f32c        0x8 c:/program files (x86)/atmel/studio/7.0/toolchain/arm/arm-gnu-toolchain/bin/../lib/gcc/arm-none-eabi/5.3.1/../../../../arm-none-eabi/lib/armv7-m\libc.a(lib_a-sf_nan.o)
                0x0040f32c                nanf
 .text.__sread  0x0040f334       0x24 c:/program files (x86)/atmel/studio/7.0/toolchain/arm/arm-gnu-toolchain/bin/../lib/gcc/arm-none-eabi/5.3.1/../../../../arm-none-eabi/lib/armv7-m\libc.a(lib_a-stdio.o)
                0x0040f334                __sread
 .text.__swrite
                0x0040f358       0x3c c:/program files (x86)/atmel/studio/7.0/toolchain/arm/arm-gnu-toolchain/bin/../lib/gcc/arm-none-eabi/5.3.1/../../../../arm-none-eabi/lib/armv7-m\libc.a(lib_a-stdio.o)
                0x0040f358                __swrite
 .text.__sseek  0x0040f394       0x20 c:/program files (x86)/atmel/studio/7.0/toolchain/arm/arm-gnu-toolchain/bin/../lib/gcc/arm-none-eabi/5.3.1/../../../../arm-none-eabi/lib/armv7-m\libc.a(lib_a-stdio.o)
                0x0040f394                __sseek
 .text.__sclose
                0x0040f3b4        0x8 c:/program files (x86)/atmel/studio/7.0/toolchain/arm/arm-gnu-toolchain/bin/../lib/gcc/arm-none-eabi/5.3.1/../../../../arm-none-eabi/lib/armv7-m\libc.a(lib_a-stdio.o)
                0x0040f3b4                __sclose
 .text.__ssprint_r
                0x0040f3bc      0x100 c:/program files (x86)/atmel/studio/7.0/toolchain/arm/arm-gnu-toolchain/bin/../lib/gcc/arm-none-eabi/5.3.1/../../../../arm-none-eabi/lib/armv7-m\libc.a(lib_a-svfiprintf.o)
                0x0040f3bc                __ssprint_r
 .text.__swbuf_r
                0x0040f4bc       0xac c:/program files (x86)/atmel/studio/7.0/toolchain/arm/arm-gnu-toolchain/bin/../lib/gcc/arm-none-eabi/5.3.1/../../../../arm-none-eabi/lib/armv7-m\libc.a(lib_a-wbuf.o)
                0x0040f4bc                __swbuf_r
 .text._wcrtomb_r
                0x0040f568       0x54 c:/program files (x86)/atmel/studio/7.0/toolchain/arm/arm-gnu-toolchain/bin/../lib/gcc/arm-none-eabi/5.3.1/../../../../arm-none-eabi/lib/armv7-m\libc.a(lib_a-wcrtomb.o)
                0x0040f568                _wcrtomb_r
 .text.__ascii_wctomb
                0x0040f5bc       0x1c c:/program files (x86)/atmel/studio/7.0/toolchain/arm/arm-gnu-toolchain/bin/../lib/gcc/arm-none-eabi/5.3.1/../../../../arm-none-eabi/lib/armv7-m\libc.a(lib_a-wctomb_r.o)
                0x0040f5bc                __ascii_wctomb
 .text._write_r
                0x0040f5d8       0x2c c:/program files (x86)/atmel/studio/7.0/toolchain/arm/arm-gnu-toolchain/bin/../lib/gcc/arm-none-eabi/5.3.1/../../../../arm-none-eabi/lib/armv7-m\libc.a(lib_a-writer.o)
                0x0040f5d8                _write_r
 .text.__register_exitproc
                0x0040f604       0xa4 c:/program files (x86)/atmel/studio/7.0/toolchain/arm/arm-gnu-toolchain/bin/../lib/gcc/arm-none-eabi/5.3.1/../../../../arm-none-eabi/lib/armv7-m\libc.a(lib_a-__atexit.o)
                0x0040f604                __register_exitproc
 .text._calloc_r
                0x0040f6a8       0x60 c:/program files (x86)/atmel/studio/7.0/toolchain/arm/arm-gnu-toolchain/bin/../lib/gcc/arm-none-eabi/5.3.1/../../../../arm-none-eabi/lib/armv7-m\libc.a(lib_a-callocr.o)
                0x0040f6a8                _calloc_r
 .text._close_r
                0x0040f708       0x24 c:/program files (x86)/atmel/studio/7.0/toolchain/arm/arm-gnu-toolchain/bin/../lib/gcc/arm-none-eabi/5.3.1/../../../../arm-none-eabi/lib/armv7-m\libc.a(lib_a-closer.o)
                0x0040f708                _close_r
 .text._fclose_r
                0x0040f72c       0x84 c:/program files (x86)/atmel/studio/7.0/toolchain/arm/arm-gnu-toolchain/bin/../lib/gcc/arm-none-eabi/5.3.1/../../../../arm-none-eabi/lib/armv7-m\libc.a(lib_a-fclose.o)
                0x0040f72c                _fclose_r
 .text._fstat_r
                0x0040f7b0       0x28 c:/program files (x86)/atmel/studio/7.0/toolchain/arm/arm-gnu-toolchain/bin/../lib/gcc/arm-none-eabi/5.3.1/../../../../arm-none-eabi/lib/armv7-m\libc.a(lib_a-fstatr.o)
                0x0040f7b0                _fstat_r
 .text._isatty_r
                0x0040f7d8       0x24 c:/program files (x86)/atmel/studio/7.0/toolchain/arm/arm-gnu-toolchain/bin/../lib/gcc/arm-none-eabi/5.3.1/../../../../arm-none-eabi/lib/armv7-m\libc.a(lib_a-isattyr.o)
                0x0040f7d8                _isatty_r
 .text._lseek_r
                0x0040f7fc       0x2c c:/program files (x86)/atmel/studio/7.0/toolchain/arm/arm-gnu-toolchain/bin/../lib/gcc/arm-none-eabi/5.3.1/../../../../arm-none-eabi/lib/armv7-m\libc.a(lib_a-lseekr.o)
                0x0040f7fc                _lseek_r
 .text._read_r  0x0040f828       0x2c c:/program files (x86)/atmel/studio/7.0/toolchain/arm/arm-gnu-toolchain/bin/../lib/gcc/arm-none-eabi/5.3.1/../../../../arm-none-eabi/lib/armv7-m\libc.a(lib_a-readr.o)
                0x0040f828                _read_r
 .text          0x0040f854       0x2c c:/program files (x86)/atmel/studio/7.0/toolchain/arm/arm-gnu-toolchain/bin/../lib/gcc/arm-none-eabi/5.3.1/armv7-m\libgcc.a(_arm_unorddf2.o)
                0x0040f854                __unorddf2
                0x0040f854                __aeabi_dcmpun
 .text          0x0040f880       0x40 c:/program files (x86)/atmel/studio/7.0/toolchain/arm/arm-gnu-toolchain/bin/../lib/gcc/arm-none-eabi/5.3.1/armv7-m\libgcc.a(_arm_fixunsdfsi.o)
                0x0040f880                __aeabi_d2uiz
                0x0040f880                __fixunsdfsi
 .text          0x0040f8c0       0x30 c:/program files (x86)/atmel/studio/7.0/toolchain/arm/arm-gnu-toolchain/bin/../lib/gcc/arm-none-eabi/5.3.1/armv7-m\libgcc.a(_aeabi_uldivmod.o)
                0x0040f8c0                __aeabi_uldivmod
 .text          0x0040f8f0      0x2ec c:/program files (x86)/atmel/studio/7.0/toolchain/arm/arm-gnu-toolchain/bin/../lib/gcc/arm-none-eabi/5.3.1/armv7-m\libgcc.a(_udivmoddi4.o)
                0x0040f8f0                __udivmoddi4
 .text          0x0040fbdc        0x4 c:/program files (x86)/atmel/studio/7.0/toolchain/arm/arm-gnu-toolchain/bin/../lib/gcc/arm-none-eabi/5.3.1/armv7-m\libgcc.a(_dvmd_tls.o)
                0x0040fbdc                __aeabi_idiv0
                0x0040fbdc                __aeabi_ldiv0
 *(.glue_7t)
 .glue_7t       0x0040fbe0        0x0 linker stubs
 *(.glue_7)
 .glue_7        0x0040fbe0        0x0 linker stubs
 *(.rodata .rodata* .gnu.linkonce.r.*)
 .rodata.functionsMap
                0x0040fbe0      0x240 src/Commands.o
                0x0040fbe0                functionsMap
 .rodata.str1.1
                0x0040fe20       0x2a src/Commands.o
 .rodata.str1.1
                0x0040fe4a        0xc src/utils.o
 *fill*         0x0040fe56        0x2 
 .rodata        0x0040fe58       0x10 src/HAL/HAL_IMU_MPU6050.o
 .rodata.str1.1
                0x0040fe68       0x24 src/HAL/HAL_IMU_MPU6050.o
 .rodata.str1.1
                0x0040fe8c       0x88 src/LCD.o
 .rodata.str1.1
                0x0040ff14       0x80 src/UART_Comm.o
 .rodata.all_twi_definitions
                0x0040ff94       0x10 src/ASF/common/services/freertos/sam/freertos_twi_master.o
 .rodata.null_dma_control
                0x0040ffa4        0x8 src/ASF/common/services/freertos/sam/freertos_twi_master.o
 .rodata.all_uart_definitions
                0x0040ffac       0x10 src/ASF/common/services/freertos/sam/freertos_uart_serial.o
 .rodata.LED_DESCRIPTOR
                0x0040ffbc       0x20 src/ASF/sam/boards/sam3n_ek/led.o
 .rodata.p_uc_charset10x14
                0x0040ffdc      0x780 src/ASF/sam/components/display/ili9225/ili9225.o
                0x0040ffdc                p_uc_charset10x14
 .rodata.str1.1
                0x0041075c       0x17 src/ASF/thirdparty/freertos/freertos-7.3.0/source/tasks.o
                                 0x1a (size before relaxing)
 .rodata.str1.1
                0x00410773        0x8 src/ASF/thirdparty/freertos/freertos-7.3.0/source/timers.o
 .rodata.str1.1
                0x0041077b       0xfc src/IMU.o
                                0x105 (size before relaxing)
 .rodata.str1.1
                0x00410877      0x1e5 src/main.o
 .rodata.npio2_hw
                0x00410a5c       0x80 c:/program files (x86)/atmel/studio/7.0/toolchain/arm/arm-gnu-toolchain/bin/../lib/gcc/arm-none-eabi/5.3.1/../../../../arm-none-eabi/lib/armv7-m\libm.a(lib_a-e_rem_pio2.o)
 .rodata.two_over_pi
                0x00410adc      0x108 c:/program files (x86)/atmel/studio/7.0/toolchain/arm/arm-gnu-toolchain/bin/../lib/gcc/arm-none-eabi/5.3.1/../../../../arm-none-eabi/lib/armv7-m\libm.a(lib_a-e_rem_pio2.o)
 .rodata.init_jk
                0x00410be4       0x10 c:/program files (x86)/atmel/studio/7.0/toolchain/arm/arm-gnu-toolchain/bin/../lib/gcc/arm-none-eabi/5.3.1/../../../../arm-none-eabi/lib/armv7-m\libm.a(lib_a-k_rem_pio2.o)
 *fill*         0x00410bf4        0x4 
 .rodata.PIo2   0x00410bf8       0x40 c:/program files (x86)/atmel/studio/7.0/toolchain/arm/arm-gnu-toolchain/bin/../lib/gcc/arm-none-eabi/5.3.1/../../../../arm-none-eabi/lib/armv7-m\libm.a(lib_a-k_rem_pio2.o)
 .rodata._ctype_
                0x00410c38      0x101 c:/program files (x86)/atmel/studio/7.0/toolchain/arm/arm-gnu-toolchain/bin/../lib/gcc/arm-none-eabi/5.3.1/../../../../arm-none-eabi/lib/armv7-m\libc.a(lib_a-ctype_.o)
                0x00410c38                _ctype_
 *fill*         0x00410d39        0x3 
 .rodata.str1.4
                0x00410d3c        0x2 c:/program files (x86)/atmel/studio/7.0/toolchain/arm/arm-gnu-toolchain/bin/../lib/gcc/arm-none-eabi/5.3.1/../../../../arm-none-eabi/lib/armv7-m\libc.a(lib_a-impure.o)
 *fill*         0x00410d3e        0x2 
 .rodata._global_impure_ptr
                0x00410d40        0x4 c:/program files (x86)/atmel/studio/7.0/toolchain/arm/arm-gnu-toolchain/bin/../lib/gcc/arm-none-eabi/5.3.1/../../../../arm-none-eabi/lib/armv7-m\libc.a(lib_a-impure.o)
                0x00410d40                _global_impure_ptr
 .rodata.fpinan.5370
                0x00410d44       0x14 c:/program files (x86)/atmel/studio/7.0/toolchain/arm/arm-gnu-toolchain/bin/../lib/gcc/arm-none-eabi/5.3.1/../../../../arm-none-eabi/lib/armv7-m\libc.a(lib_a-strtod.o)
 .rodata.str1.4
                0x00410d58        0xf c:/program files (x86)/atmel/studio/7.0/toolchain/arm/arm-gnu-toolchain/bin/../lib/gcc/arm-none-eabi/5.3.1/../../../../arm-none-eabi/lib/armv7-m\libc.a(lib_a-strtod.o)
 *fill*         0x00410d67        0x1 
 .rodata.tinytens
                0x00410d68       0x28 c:/program files (x86)/atmel/studio/7.0/toolchain/arm/arm-gnu-toolchain/bin/../lib/gcc/arm-none-eabi/5.3.1/../../../../arm-none-eabi/lib/armv7-m\libc.a(lib_a-strtod.o)
 .rodata.fpi.5334
                0x00410d90       0x14 c:/program files (x86)/atmel/studio/7.0/toolchain/arm/arm-gnu-toolchain/bin/../lib/gcc/arm-none-eabi/5.3.1/../../../../arm-none-eabi/lib/armv7-m\libc.a(lib_a-strtod.o)
 .rodata.zeroes.7035
                0x00410da4       0x10 c:/program files (x86)/atmel/studio/7.0/toolchain/arm/arm-gnu-toolchain/bin/../lib/gcc/arm-none-eabi/5.3.1/../../../../arm-none-eabi/lib/armv7-m\libc.a(lib_a-svfprintf.o)
 .rodata.str1.4
                0x00410db4       0x42 c:/program files (x86)/atmel/studio/7.0/toolchain/arm/arm-gnu-toolchain/bin/../lib/gcc/arm-none-eabi/5.3.1/../../../../arm-none-eabi/lib/armv7-m\libc.a(lib_a-svfprintf.o)
 *fill*         0x00410df6        0x2 
 .rodata.blanks.7034
                0x00410df8       0x10 c:/program files (x86)/atmel/studio/7.0/toolchain/arm/arm-gnu-toolchain/bin/../lib/gcc/arm-none-eabi/5.3.1/../../../../arm-none-eabi/lib/armv7-m\libc.a(lib_a-svfprintf.o)
 .rodata.zeroes.6993
                0x00410e08       0x10 c:/program files (x86)/atmel/studio/7.0/toolchain/arm/arm-gnu-toolchain/bin/../lib/gcc/arm-none-eabi/5.3.1/../../../../arm-none-eabi/lib/armv7-m\libc.a(lib_a-vfiprintf.o)
 .rodata.str1.4
                0x00410e18       0x2f c:/program files (x86)/atmel/studio/7.0/toolchain/arm/arm-gnu-toolchain/bin/../lib/gcc/arm-none-eabi/5.3.1/../../../../arm-none-eabi/lib/armv7-m\libc.a(lib_a-vfiprintf.o)
 .rodata.blanks.6992
                0x00410e18       0x10 c:/program files (x86)/atmel/studio/7.0/toolchain/arm/arm-gnu-toolchain/bin/../lib/gcc/arm-none-eabi/5.3.1/../../../../arm-none-eabi/lib/armv7-m\libc.a(lib_a-vfiprintf.o)
 .rodata.str1.4
                0x00410e28       0x10 c:/program files (x86)/atmel/studio/7.0/toolchain/arm/arm-gnu-toolchain/bin/../lib/gcc/arm-none-eabi/5.3.1/../../../../arm-none-eabi/lib/armv7-m\libc.a(lib_a-dtoa.o)
                                 0x12 (size before relaxing)
 .rodata.__hexdig
                0x00410e38      0x100 c:/program files (x86)/atmel/studio/7.0/toolchain/arm/arm-gnu-toolchain/bin/../lib/gcc/arm-none-eabi/5.3.1/../../../../arm-none-eabi/lib/armv7-m\libc.a(lib_a-gdtoa-gethex.o)
                0x00410e38                __hexdig
 .rodata.str1.4
                0x00410f38        0xc c:/program files (x86)/atmel/studio/7.0/toolchain/arm/arm-gnu-toolchain/bin/../lib/gcc/arm-none-eabi/5.3.1/../../../../arm-none-eabi/lib/armv7-m\libc.a(lib_a-locale.o)
                                 0x12 (size before relaxing)
 *fill*         0x00410f44        0x4 
 .rodata.__mprec_tens
                0x00410f48       0xc8 c:/program files (x86)/atmel/studio/7.0/toolchain/arm/arm-gnu-toolchain/bin/../lib/gcc/arm-none-eabi/5.3.1/../../../../arm-none-eabi/lib/armv7-m\libc.a(lib_a-mprec.o)
                0x00410f48                __mprec_tens
 .rodata.__mprec_bigtens
                0x00411010       0x28 c:/program files (x86)/atmel/studio/7.0/toolchain/arm/arm-gnu-toolchain/bin/../lib/gcc/arm-none-eabi/5.3.1/../../../../arm-none-eabi/lib/armv7-m\libc.a(lib_a-mprec.o)
                0x00411010                __mprec_bigtens
 .rodata.p05.5373
                0x00411038        0xc c:/program files (x86)/atmel/studio/7.0/toolchain/arm/arm-gnu-toolchain/bin/../lib/gcc/arm-none-eabi/5.3.1/../../../../arm-none-eabi/lib/armv7-m\libc.a(lib_a-mprec.o)
 *(.ARM.extab* .gnu.linkonce.armextab.*)
                0x00411044                . = ALIGN (0x4)
 *(.init)
 .init          0x00411044        0x4 c:/program files (x86)/atmel/studio/7.0/toolchain/arm/arm-gnu-toolchain/bin/../lib/gcc/arm-none-eabi/5.3.1/armv7-m/crti.o
                0x00411044                _init
 .init          0x00411048        0x8 c:/program files (x86)/atmel/studio/7.0/toolchain/arm/arm-gnu-toolchain/bin/../lib/gcc/arm-none-eabi/5.3.1/armv7-m/crtn.o
                0x00411050                . = ALIGN (0x4)
                0x00411050                __preinit_array_start = .
 *(.preinit_array)
                0x00411050                __preinit_array_end = .
                0x00411050                . = ALIGN (0x4)
                0x00411050                __init_array_start = .
 *(SORT(.init_array.*))
 .init_array.00000
                0x00411050        0x4 c:/program files (x86)/atmel/studio/7.0/toolchain/arm/arm-gnu-toolchain/bin/../lib/gcc/arm-none-eabi/5.3.1/../../../../arm-none-eabi/lib/armv7-m\libc.a(lib_a-__call_atexit.o)
 *(.init_array)
 .init_array    0x00411054        0x4 c:/program files (x86)/atmel/studio/7.0/toolchain/arm/arm-gnu-toolchain/bin/../lib/gcc/arm-none-eabi/5.3.1/armv7-m/crtbegin.o
                0x00411058                __init_array_end = .
                0x00411058                . = ALIGN (0x4)
 *crtbegin.o(.ctors)
 *(EXCLUDE_FILE(*crtend.o) .ctors)
 *(SORT(.ctors.*))
 *crtend.o(.ctors)
                0x00411058                . = ALIGN (0x4)
 *(.fini)
 .fini          0x00411058        0x4 c:/program files (x86)/atmel/studio/7.0/toolchain/arm/arm-gnu-toolchain/bin/../lib/gcc/arm-none-eabi/5.3.1/armv7-m/crti.o
                0x00411058                _fini
 .fini          0x0041105c        0x8 c:/program files (x86)/atmel/studio/7.0/toolchain/arm/arm-gnu-toolchain/bin/../lib/gcc/arm-none-eabi/5.3.1/armv7-m/crtn.o
                0x00411064                . = ALIGN (0x4)
                0x00411064                __fini_array_start = .
 *(.fini_array)
 .fini_array    0x00411064        0x4 c:/program files (x86)/atmel/studio/7.0/toolchain/arm/arm-gnu-toolchain/bin/../lib/gcc/arm-none-eabi/5.3.1/armv7-m/crtbegin.o
 *(SORT(.fini_array.*))
                0x00411068                __fini_array_end = .
 *crtbegin.o(.dtors)
 *(EXCLUDE_FILE(*crtend.o) .dtors)
 *(SORT(.dtors.*))
 *crtend.o(.dtors)
                0x00411068                . = ALIGN (0x4)
                0x00411068                _efixed = .
                [!provide]                PROVIDE (__exidx_start, .)

.vfp11_veneer   0x00411068        0x0
 .vfp11_veneer  0x00411068        0x0 linker stubs

.v4_bx          0x00411068        0x0
 .v4_bx         0x00411068        0x0 linker stubs

.iplt           0x00411068        0x0
 .iplt          0x00411068        0x0 c:/program files (x86)/atmel/studio/7.0/toolchain/arm/arm-gnu-toolchain/bin/../lib/gcc/arm-none-eabi/5.3.1/armv7-m/crtbegin.o

.ARM.exidx      0x00411068        0x8
 *(.ARM.exidx* .gnu.linkonce.armexidx.*)
 .ARM.exidx     0x00411068        0x8 c:/program files (x86)/atmel/studio/7.0/toolchain/arm/arm-gnu-toolchain/bin/../lib/gcc/arm-none-eabi/5.3.1/armv7-m\libgcc.a(_udivmoddi4.o)
                [!provide]                PROVIDE (__exidx_end, .)

.eh_frame       0x00411070        0x0
 .eh_frame      0x00411070        0x0 c:/program files (x86)/atmel/studio/7.0/toolchain/arm/arm-gnu-toolchain/bin/../lib/gcc/arm-none-eabi/5.3.1/armv7-m/crtbegin.o

.rel.dyn        0x00411070        0x0
 .rel.iplt      0x00411070        0x0 c:/program files (x86)/atmel/studio/7.0/toolchain/arm/arm-gnu-toolchain/bin/../lib/gcc/arm-none-eabi/5.3.1/armv7-m/crtbegin.o

.jcr            0x00411070        0x0
 .jcr           0x00411070        0x0 c:/program files (x86)/atmel/studio/7.0/toolchain/arm/arm-gnu-toolchain/bin/../lib/gcc/arm-none-eabi/5.3.1/armv7-m/crtbegin.o

.igot.plt       0x00411070        0x0
 .igot.plt      0x00411070        0x0 c:/program files (x86)/atmel/studio/7.0/toolchain/arm/arm-gnu-toolchain/bin/../lib/gcc/arm-none-eabi/5.3.1/armv7-m/crtbegin.o
                0x00411070                . = ALIGN (0x4)
                0x00411070                _etext = .

.relocate       0x20000000      0x9ac load address 0x00411070
                0x20000000                . = ALIGN (0x4)