Archive member included because of file (symbol)

c:/program files (x86)/atmel/atmel toolchain/arm gcc/native/4.8.1443/arm-gnu-toolchain/bin/../lib/gcc/arm-none-eabi/4.8.4/../../../../arm-none-eabi/lib/armv7-m\libm.a(lib_a-s_sin.o)
                              src/IMU.o (sin)
c:/program files (x86)/atmel/atmel toolchain/arm gcc/native/4.8.1443/arm-gnu-toolchain/bin/../lib/gcc/arm-none-eabi/4.8.4/../../../../arm-none-eabi/lib/armv7-m\libm.a(lib_a-e_rem_pio2.o)
                              c:/program files (x86)/atmel/atmel toolchain/arm gcc/native/4.8.1443/arm-gnu-toolchain/bin/../lib/gcc/arm-none-eabi/4.8.4/../../../../arm-none-eabi/lib/armv7-m\libm.a(lib_a-s_sin.o) (__ieee754_rem_pio2)
c:/program files (x86)/atmel/atmel toolchain/arm gcc/native/4.8.1443/arm-gnu-toolchain/bin/../lib/gcc/arm-none-eabi/4.8.4/../../../../arm-none-eabi/lib/armv7-m\libm.a(lib_a-k_cos.o)
                              c:/program files (x86)/atmel/atmel toolchain/arm gcc/native/4.8.1443/arm-gnu-toolchain/bin/../lib/gcc/arm-none-eabi/4.8.4/../../../../arm-none-eabi/lib/armv7-m\libm.a(lib_a-s_sin.o) (__kernel_cos)
c:/program files (x86)/atmel/atmel toolchain/arm gcc/native/4.8.1443/arm-gnu-toolchain/bin/../lib/gcc/arm-none-eabi/4.8.4/../../../../arm-none-eabi/lib/armv7-m\libm.a(lib_a-k_rem_pio2.o)
                              c:/program files (x86)/atmel/atmel toolchain/arm gcc/native/4.8.1443/arm-gnu-toolchain/bin/../lib/gcc/arm-none-eabi/4.8.4/../../../../arm-none-eabi/lib/armv7-m\libm.a(lib_a-e_rem_pio2.o) (__kernel_rem_pio2)
c:/program files (x86)/atmel/atmel toolchain/arm gcc/native/4.8.1443/arm-gnu-toolchain/bin/../lib/gcc/arm-none-eabi/4.8.4/../../../../arm-none-eabi/lib/armv7-m\libm.a(lib_a-k_sin.o)
                              c:/program files (x86)/atmel/atmel toolchain/arm gcc/native/4.8.1443/arm-gnu-toolchain/bin/../lib/gcc/arm-none-eabi/4.8.4/../../../../arm-none-eabi/lib/armv7-m\libm.a(lib_a-s_sin.o) (__kernel_sin)
c:/program files (x86)/atmel/atmel toolchain/arm gcc/native/4.8.1443/arm-gnu-toolchain/bin/../lib/gcc/arm-none-eabi/4.8.4/../../../../arm-none-eabi/lib/armv7-m\libm.a(lib_a-s_fabs.o)
                              c:/program files (x86)/atmel/atmel toolchain/arm gcc/native/4.8.1443/arm-gnu-toolchain/bin/../lib/gcc/arm-none-eabi/4.8.4/../../../../arm-none-eabi/lib/armv7-m\libm.a(lib_a-e_rem_pio2.o) (fabs)
c:/program files (x86)/atmel/atmel toolchain/arm gcc/native/4.8.1443/arm-gnu-toolchain/bin/../lib/gcc/arm-none-eabi/4.8.4/../../../../arm-none-eabi/lib/armv7-m\libm.a(lib_a-s_floor.o)
                              c:/program files (x86)/atmel/atmel toolchain/arm gcc/native/4.8.1443/arm-gnu-toolchain/bin/../lib/gcc/arm-none-eabi/4.8.4/../../../../arm-none-eabi/lib/armv7-m\libm.a(lib_a-k_rem_pio2.o) (floor)
c:/program files (x86)/atmel/atmel toolchain/arm gcc/native/4.8.1443/arm-gnu-toolchain/bin/../lib/gcc/arm-none-eabi/4.8.4/../../../../arm-none-eabi/lib/armv7-m\libm.a(lib_a-s_scalbn.o)
                              c:/program files (x86)/atmel/atmel toolchain/arm gcc/native/4.8.1443/arm-gnu-toolchain/bin/../lib/gcc/arm-none-eabi/4.8.4/../../../../arm-none-eabi/lib/armv7-m\libm.a(lib_a-k_rem_pio2.o) (scalbn)
c:/program files (x86)/atmel/atmel toolchain/arm gcc/native/4.8.1443/arm-gnu-toolchain/bin/../lib/gcc/arm-none-eabi/4.8.4/../../../../arm-none-eabi/lib/armv7-m\libm.a(lib_a-s_copysign.o)
                              c:/program files (x86)/atmel/atmel toolchain/arm gcc/native/4.8.1443/arm-gnu-toolchain/bin/../lib/gcc/arm-none-eabi/4.8.4/../../../../arm-none-eabi/lib/armv7-m\libm.a(lib_a-s_scalbn.o) (copysign)
c:/program files (x86)/atmel/atmel toolchain/arm gcc/native/4.8.1443/arm-gnu-toolchain/bin/../lib/gcc/arm-none-eabi/4.8.4/armv7-m\libgcc.a(_arm_addsubdf3.o)
                              c:/program files (x86)/atmel/atmel toolchain/arm gcc/native/4.8.1443/arm-gnu-toolchain/bin/../lib/gcc/arm-none-eabi/4.8.4/../../../../arm-none-eabi/lib/armv7-m\libm.a(lib_a-s_sin.o) (__aeabi_dsub)
c:/program files (x86)/atmel/atmel toolchain/arm gcc/native/4.8.1443/arm-gnu-toolchain/bin/../lib/gcc/arm-none-eabi/4.8.4/armv7-m\libgcc.a(_arm_muldivdf3.o)
                              src/IMU.o (__aeabi_dmul)
c:/program files (x86)/atmel/atmel toolchain/arm gcc/native/4.8.1443/arm-gnu-toolchain/bin/../lib/gcc/arm-none-eabi/4.8.4/armv7-m\libgcc.a(_arm_cmpdf2.o)
                              c:/program files (x86)/atmel/atmel toolchain/arm gcc/native/4.8.1443/arm-gnu-toolchain/bin/../lib/gcc/arm-none-eabi/4.8.4/../../../../arm-none-eabi/lib/armv7-m\libm.a(lib_a-e_rem_pio2.o) (__aeabi_dcmpeq)
c:/program files (x86)/atmel/atmel toolchain/arm gcc/native/4.8.1443/arm-gnu-toolchain/bin/../lib/gcc/arm-none-eabi/4.8.4/armv7-m\libgcc.a(_arm_fixdfsi.o)
                              c:/program files (x86)/atmel/atmel toolchain/arm gcc/native/4.8.1443/arm-gnu-toolchain/bin/../lib/gcc/arm-none-eabi/4.8.4/../../../../arm-none-eabi/lib/armv7-m\libm.a(lib_a-e_rem_pio2.o) (__aeabi_d2iz)
[...]
Memory Configuration

Name             Origin             Length             Attributes
rom              0x00400000         0x00040000         xr
ram              0x20000000         0x00006000         xrw
*default*        0x00000000         0xffffffff

Linker script and memory map

LOAD c:/program files (x86)/atmel/atmel toolchain/arm gcc/native/4.8.1443/arm-gnu-toolchain/bin/../lib/gcc/arm-none-eabi/4.8.4/armv7-m/crti.o
LOAD c:/program files (x86)/atmel/atmel toolchain/arm gcc/native/4.8.1443/arm-gnu-toolchain/bin/../lib/gcc/arm-none-eabi/4.8.4/armv7-m/crtbegin.o
LOAD c:/program files (x86)/atmel/atmel toolchain/arm gcc/native/4.8.1443/arm-gnu-toolchain/bin/../lib/gcc/arm-none-eabi/4.8.4/../../../../arm-none-eabi/lib/armv7-m/crt0.o
LOAD src/LCD.o
LOAD src/UART_Comm.o
LOAD src/ASF/common/services/clock/sam3n/sysclk.o
LOAD src/ASF/common/services/freertos/sam/freertos_peripheral_control.o
LOAD src/ASF/common/services/freertos/sam/freertos_twi_master.o
LOAD src/ASF/common/services/freertos/sam/freertos_uart_serial.o
LOAD src/ASF/common/services/serial/usart_serial.o
LOAD src/ASF/common/services/spi/sam_spi/spi_master.o
LOAD src/ASF/common/utils/interrupt/interrupt_sam_nvic.o
LOAD src/ASF/common/utils/stdio/read.o
LOAD src/ASF/common/utils/stdio/write.o
LOAD src/ASF/sam/boards/sam3n_ek/init.o
LOAD src/ASF/sam/boards/sam3n_ek/led.o
LOAD src/ASF/sam/components/display/aat31xx/aat31xx.o
LOAD src/ASF/sam/components/display/ili9225/ili9225.o
LOAD src/ASF/sam/drivers/pdc/pdc.o
LOAD src/ASF/sam/drivers/pio/pio.o
LOAD src/ASF/sam/drivers/pio/pio_handler.o
LOAD src/ASF/sam/drivers/pmc/pmc.o
LOAD src/ASF/sam/drivers/pmc/sleep.o
LOAD src/ASF/sam/drivers/spi/spi.o
LOAD src/ASF/sam/drivers/twi/twi.o
LOAD src/ASF/sam/drivers/uart/uart.o
LOAD src/ASF/sam/drivers/usart/usart.o
LOAD src/ASF/sam/utils/cmsis/sam3n/source/templates/exceptions.o
LOAD src/ASF/sam/utils/cmsis/sam3n/source/templates/gcc/startup_sam3n.o
LOAD src/ASF/sam/utils/cmsis/sam3n/source/templates/system_sam3n.o
LOAD src/ASF/sam/utils/syscalls/gcc/syscalls.o
LOAD src/ASF/thirdparty/freertos/freertos-7.3.0/source/FreeRTOS_CLI.o
LOAD src/ASF/thirdparty/freertos/freertos-7.3.0/source/list.o
LOAD src/ASF/thirdparty/freertos/freertos-7.3.0/source/portable/gcc/sam/port.o
LOAD src/ASF/thirdparty/freertos/freertos-7.3.0/source/portable/memmang/heap_4.o
LOAD src/ASF/thirdparty/freertos/freertos-7.3.0/source/queue.o
LOAD src/ASF/thirdparty/freertos/freertos-7.3.0/source/tasks.o
LOAD src/ASF/thirdparty/freertos/freertos-7.3.0/source/timers.o
LOAD src/IMU.o
LOAD src/main.o
START GROUP
LOAD ../src/ASF/thirdparty/CMSIS/Lib/GCC\libarm_cortexM3l_math.a
LOAD c:/program files (x86)/atmel/atmel toolchain/arm gcc/native/4.8.1443/arm-gnu-toolchain/bin/../lib/gcc/arm-none-eabi/4.8.4/../../../../arm-none-eabi/lib/armv7-m\libm.a
END GROUP
START GROUP
LOAD c:/program files (x86)/atmel/atmel toolchain/arm gcc/native/4.8.1443/arm-gnu-toolchain/bin/../lib/gcc/arm-none-eabi/4.8.4/armv7-m\libgcc.a
LOAD c:/program files (x86)/atmel/atmel toolchain/arm gcc/native/4.8.1443/arm-gnu-toolchain/bin/../lib/gcc/arm-none-eabi/4.8.4/../../../../arm-none-eabi/lib/armv7-m\libc.a
END GROUP
LOAD c:/program files (x86)/atmel/atmel toolchain/arm gcc/native/4.8.1443/arm-gnu-toolchain/bin/../lib/gcc/arm-none-eabi/4.8.4/armv7-m/crtend.o
LOAD c:/program files (x86)/atmel/atmel toolchain/arm gcc/native/4.8.1443/arm-gnu-toolchain/bin/../lib/gcc/arm-none-eabi/4.8.4/armv7-m/crtn.o
                0x00000800                __stack_size__ = DEFINED (__stack_size__)?__stack_size__:0x800
                0x20005ffc                __ram_end__ = ((ORIGIN (ram) + 0x6000) - 0x4)

.text           0x00400000     0xc8f0
                0x00400000                . = ALIGN (0x4)
                0x00400000                _sfixed = .
 *(.vectors .vectors.*)
 .vectors       0x00400000       0xc4 src/ASF/sam/utils/cmsis/sam3n/source/templates/gcc/startup_sam3n.o
                0x00400000                exception_table
 *(.text .text.* .gnu.linkonce.t.*)
 .text          0x004000c4       0x54 c:/program files (x86)/atmel/atmel toolchain/arm gcc/native/4.8.1443/arm-gnu-toolchain/bin/../lib/gcc/arm-none-eabi/4.8.4/armv7-m/crtbegin.o
 .text.SPI_Handler
                0x00400118        0xc src/LCD.o
                0x00400118                SPI_Handler
 .text.config_lcd
                0x00400124       0xbc src/LCD.o
                0x00400124                config_lcd
 .text.LCDTask  0x004001e0      0x12c src/LCD.o
                0x004001e0                LCDTask
 .text.usart_serial_getchar
                0x0040030c       0x78 src/UART_Comm.o
 .text.usart_serial_putchar
                0x00400384       0x74 src/UART_Comm.o
 .text.printf_mux
                0x004003f8       0x40 src/UART_Comm.o
                0x004003f8                printf_mux
 .text.configure_console
                0x00400438       0xa8 src/UART_Comm.o
                0x00400438                configure_console
 .text.UARTTXTask
                0x004004e0      0x150 src/UART_Comm.o
                0x004004e0                UARTTXTask
 .text.sysclk_init
                0x00400630       0x64 src/ASF/common/services/clock/sam3n/sysclk.o
                0x00400630                sysclk_init
 .text.get_pdc_peripheral_details
                0x00400694       0x18 src/ASF/common/services/freertos/sam/freertos_peripheral_control.o
                0x00400694                get_pdc_peripheral_details
 .text.check_requested_operating_mode
                0x004006ac       0x1a src/ASF/common/services/freertos/sam/freertos_peripheral_control.o
                0x004006ac                check_requested_operating_mode
 *fill*         0x004006c6        0x2 
 .text.create_peripheral_control_semaphores
                0x004006c8       0xac src/ASF/common/services/freertos/sam/freertos_peripheral_control.o
                0x004006c8                create_peripheral_control_semaphores
 .text.configure_interrupt_controller
                0x00400774       0x64 src/ASF/common/services/freertos/sam/freertos_peripheral_control.o
                0x00400774                configure_interrupt_controller
 .text.freertos_obtain_peripheral_access_mutex
                0x004007d8       0x48 src/ASF/common/services/freertos/sam/freertos_peripheral_control.o
                0x004007d8                freertos_obtain_peripheral_access_mutex
 .text.freertos_start_pdc_transfer
                0x00400820       0x74 src/ASF/common/services/freertos/sam/freertos_peripheral_control.o
                0x00400820                freertos_start_pdc_transfer
 .text.freertos_optionally_wait_transfer_completion
                0x00400894       0x24 src/ASF/common/services/freertos/sam/freertos_peripheral_control.o
                0x00400894                freertos_optionally_wait_transfer_completion
 .text.local_twi_handler
                0x004008b8      0x1cc src/ASF/common/services/freertos/sam/freertos_twi_master.o
 .text.freertos_twi_master_init
                0x00400a84      0x10c src/ASF/common/services/freertos/sam/freertos_twi_master.o
                0x00400a84                freertos_twi_master_init
 .text.freertos_twi_write_packet_async
                0x00400b90      0x160 src/ASF/common/services/freertos/sam/freertos_twi_master.o
                0x00400b90                freertos_twi_write_packet_async
 .text.freertos_twi_read_packet_async
                0x00400cf0      0x1a4 src/ASF/common/services/freertos/sam/freertos_twi_master.o
                0x00400cf0                freertos_twi_read_packet_async
 .text.TWI0_Handler
                0x00400e94       0x10 src/ASF/common/services/freertos/sam/freertos_twi_master.o
                0x00400e94                TWI0_Handler
 .text.TWI1_Handler
                0x00400ea4       0x10 src/ASF/common/services/freertos/sam/freertos_twi_master.o
                0x00400ea4                TWI1_Handler
 .text.configure_rx_dma
                0x00400eb4       0x80 src/ASF/common/services/freertos/sam/freertos_uart_serial.o
 .text.local_uart_handler
                0x00400f34      0x11c src/ASF/common/services/freertos/sam/freertos_uart_serial.o
 .text.freertos_uart_serial_init
                0x00401050      0x1b4 src/ASF/common/services/freertos/sam/freertos_uart_serial.o
                0x00401050                freertos_uart_serial_init
 .text.freertos_uart_write_packet_async
                0x00401204       0x80 src/ASF/common/services/freertos/sam/freertos_uart_serial.o
                0x00401204                freertos_uart_write_packet_async
 .text.UART0_Handler
                0x00401284       0x10 src/ASF/common/services/freertos/sam/freertos_uart_serial.o
                0x00401284                UART0_Handler
 .text.UART1_Handler
                0x00401294       0x10 src/ASF/common/services/freertos/sam/freertos_uart_serial.o
                0x00401294                UART1_Handler
 .text.spi_master_init
                0x004012a4       0x54 src/ASF/common/services/spi/sam_spi/spi_master.o
                0x004012a4                spi_master_init
 .text.spi_master_setup_device
                0x004012f8       0x7c src/ASF/common/services/spi/sam_spi/spi_master.o
                0x004012f8                spi_master_setup_device
 .text.spi_select_device
                0x00401374       0x28 src/ASF/common/services/spi/sam_spi/spi_master.o
                0x00401374                spi_select_device
 .text._read    0x0040139c       0x38 src/ASF/common/utils/stdio/read.o
                0x0040139c                _read
 .text._write   0x004013d4       0x38 src/ASF/common/utils/stdio/write.o
                0x004013d4                _write
 .text.board_init
                0x0040140c       0xec src/ASF/sam/boards/sam3n_ek/init.o
                0x0040140c                board_init
 .text.LED_On   0x004014f8       0x34 src/ASF/sam/boards/sam3n_ek/led.o
                0x004014f8                LED_On
 .text.aat31xx_set_backlight
                0x0040152c       0x5c src/ASF/sam/components/display/aat31xx/aat31xx.o
                0x0040152c                aat31xx_set_backlight
 .text.aat31xx_disable_backlight
                0x00401588       0x24 src/ASF/sam/components/display/aat31xx/aat31xx.o
                0x00401588                aat31xx_disable_backlight
 .text.ili9225_delay
                0x004015ac       0x28 src/ASF/sam/components/display/ili9225/ili9225.o
 .text.ili9225_check_box_coordinates
                0x004015d4       0x44 src/ASF/sam/components/display/ili9225/ili9225.o
 .text.ili9225_write_cmd
                0x00401618       0x44 src/ASF/sam/components/display/ili9225/ili9225.o
 .text.ili9225_write_ram
                0x0040165c       0x30 src/ASF/sam/components/display/ili9225/ili9225.o
 .text.ili9225_write_register
                0x0040168c       0x18 src/ASF/sam/components/display/ili9225/ili9225.o
 .text.ili9225_write_ram_buffer.part.0
                0x004016a4       0x48 src/ASF/sam/components/display/ili9225/ili9225.o
 .text.ili9225_spi_handler
                0x004016ec       0x18 src/ASF/sam/components/display/ili9225/ili9225.o
                0x004016ec                ili9225_spi_handler
 .text.ili9225_display_on
                0x00401704       0x14 src/ASF/sam/components/display/ili9225/ili9225.o
                0x00401704                ili9225_display_on
 .text.ili9225_display_off
                0x00401718       0x10 src/ASF/sam/components/display/ili9225/ili9225.o
                0x00401718                ili9225_display_off
 .text.ili9225_set_foreground_color
                0x00401728       0x28 src/ASF/sam/components/display/ili9225/ili9225.o
                0x00401728                ili9225_set_foreground_color
 .text.ili9225_set_window
                0x00401750       0x30 src/ASF/sam/components/display/ili9225/ili9225.o
                0x00401750                ili9225_set_window
 .text.ili9225_set_cursor_position
                0x00401780       0x18 src/ASF/sam/components/display/ili9225/ili9225.o
                0x00401780                ili9225_set_cursor_position
 .text.ili9225_init
                0x00401798      0x1c8 src/ASF/sam/components/display/ili9225/ili9225.o
                0x00401798                ili9225_init
 .text.ili9225_fill
                0x00401960       0x30 src/ASF/sam/components/display/ili9225/ili9225.o
                0x00401960                ili9225_fill
 .text.ili9225_draw_pixel
                0x00401990       0x38 src/ASF/sam/components/display/ili9225/ili9225.o
                0x00401990                ili9225_draw_pixel
 .text.ili9225_draw_filled_rectangle
                0x004019c8       0x9c src/ASF/sam/components/display/ili9225/ili9225.o
                0x004019c8                ili9225_draw_filled_rectangle
 .text.ili9225_draw_string
                0x00401a64       0x84 src/ASF/sam/components/display/ili9225/ili9225.o
                0x00401a64                ili9225_draw_string
 .text.pdc_tx_init
                0x00401ae8       0x16 src/ASF/sam/drivers/pdc/pdc.o
                0x00401ae8                pdc_tx_init
 .text.pdc_rx_init
                0x00401afe       0x16 src/ASF/sam/drivers/pdc/pdc.o
                0x00401afe                pdc_rx_init
 .text.pdc_enable_transfer
                0x00401b14        0xc src/ASF/sam/drivers/pdc/pdc.o
                0x00401b14                pdc_enable_transfer
 .text.pdc_disable_transfer
                0x00401b20       0x10 src/ASF/sam/drivers/pdc/pdc.o
                0x00401b20                pdc_disable_transfer
 .text.pio_set_peripheral
                0x00401b30       0x7c src/ASF/sam/drivers/pio/pio.o
                0x00401b30                pio_set_peripheral
 .text.pio_set_input
                0x00401bac       0x2c src/ASF/sam/drivers/pio/pio.o
                0x00401bac                pio_set_input
 .text.pio_set_output
                0x00401bd8       0x24 src/ASF/sam/drivers/pio/pio.o
                0x00401bd8                pio_set_output
 .text.pio_pull_down
                0x00401bfc        0xe src/ASF/sam/drivers/pio/pio.o
                0x00401bfc                pio_pull_down
 .text.pio_configure_interrupt
                0x00401c0a       0x28 src/ASF/sam/drivers/pio/pio.o
                0x00401c0a                pio_configure_interrupt
 .text.pio_enable_interrupt
                0x00401c32        0x6 src/ASF/sam/drivers/pio/pio.o
                0x00401c32                pio_enable_interrupt
 .text.pio_get_interrupt_status
                0x00401c38        0x4 src/ASF/sam/drivers/pio/pio.o
                0x00401c38                pio_get_interrupt_status
 .text.pio_get_interrupt_mask
                0x00401c3c        0x4 src/ASF/sam/drivers/pio/pio.o
                0x00401c3c                pio_get_interrupt_mask
 .text.pio_set_pin_high
                0x00401c40       0x1a src/ASF/sam/drivers/pio/pio.o
                0x00401c40                pio_set_pin_high
 .text.pio_set_pin_low
                0x00401c5a       0x1a src/ASF/sam/drivers/pio/pio.o
                0x00401c5a                pio_set_pin_low
 .text.pio_toggle_pin
                0x00401c74       0x22 src/ASF/sam/drivers/pio/pio.o
                0x00401c74                pio_toggle_pin
 *fill*         0x00401c96        0x2 
 .text.pio_configure_pin
                0x00401c98       0xb4 src/ASF/sam/drivers/pio/pio.o
                0x00401c98                pio_configure_pin
 .text.pio_configure_pin_group
                0x00401d4c       0x88 src/ASF/sam/drivers/pio/pio.o
                0x00401d4c                pio_configure_pin_group
 .text.pio_handler_process
                0x00401dd4       0x54 src/ASF/sam/drivers/pio/pio_handler.o
                0x00401dd4                pio_handler_process
 .text.pio_handler_set
                0x00401e28       0x40 src/ASF/sam/drivers/pio/pio_handler.o
                0x00401e28                pio_handler_set
 .text.PIOA_Handler
                0x00401e68       0x14 src/ASF/sam/drivers/pio/pio_handler.o
                0x00401e68                PIOA_Handler
 .text.PIOB_Handler
                0x00401e7c       0x14 src/ASF/sam/drivers/pio/pio_handler.o
                0x00401e7c                PIOB_Handler
 .text.PIOC_Handler
                0x00401e90       0x14 src/ASF/sam/drivers/pio/pio_handler.o
                0x00401e90                PIOC_Handler
 .text.pmc_switch_mck_to_pllack
                0x00401ea4       0x44 src/ASF/sam/drivers/pmc/pmc.o
                0x00401ea4                pmc_switch_mck_to_pllack
 .text.pmc_switch_mainck_to_xtal
                0x00401ee8       0x4c src/ASF/sam/drivers/pmc/pmc.o
                0x00401ee8                pmc_switch_mainck_to_xtal
 .text.pmc_osc_is_ready_mainck
                0x00401f34       0x10 src/ASF/sam/drivers/pmc/pmc.o
                0x00401f34                pmc_osc_is_ready_mainck
 .text.pmc_disable_pllack
                0x00401f44       0x10 src/ASF/sam/drivers/pmc/pmc.o
                0x00401f44                pmc_disable_pllack
 .text.pmc_is_locked_pllack
                0x00401f54       0x10 src/ASF/sam/drivers/pmc/pmc.o
                0x00401f54                pmc_is_locked_pllack
 .text.pmc_enable_periph_clk
                0x00401f64       0x28 src/ASF/sam/drivers/pmc/pmc.o
                0x00401f64                pmc_enable_periph_clk
 .text.spi_enable_clock
                0x00401f8c       0x10 src/ASF/sam/drivers/spi/spi.o
                0x00401f8c                spi_enable_clock
 .text.spi_set_peripheral_chip_select_value
                0x00401f9c       0x16 src/ASF/sam/drivers/spi/spi.o
                0x00401f9c                spi_set_peripheral_chip_select_value
 .text.spi_set_delay_between_chip_select
                0x00401fb2       0x12 src/ASF/sam/drivers/spi/spi.o
                0x00401fb2                spi_set_delay_between_chip_select
 .text.spi_write
                0x00401fc4       0x30 src/ASF/sam/drivers/spi/spi.o
                0x00401fc4                spi_write
 .text.spi_set_clock_polarity
                0x00401ff4       0x16 src/ASF/sam/drivers/spi/spi.o
                0x00401ff4                spi_set_clock_polarity
 .text.spi_set_clock_phase
                0x0040200a       0x16 src/ASF/sam/drivers/spi/spi.o
                0x0040200a                spi_set_clock_phase
 .text.spi_configure_cs_behavior
                0x00402020       0x40 src/ASF/sam/drivers/spi/spi.o
                0x00402020                spi_configure_cs_behavior
 .text.spi_set_bits_per_transfer
                0x00402060       0x14 src/ASF/sam/drivers/spi/spi.o
                0x00402060                spi_set_bits_per_transfer
 .text.spi_calc_baudrate_div
                0x00402074       0x18 src/ASF/sam/drivers/spi/spi.o
                0x00402074                spi_calc_baudrate_div
 .text.spi_set_baudrate_div
                0x0040208c       0x16 src/ASF/sam/drivers/spi/spi.o
                0x0040208c                spi_set_baudrate_div
 .text.spi_set_transfer_delay
                0x004020a2       0x18 src/ASF/sam/drivers/spi/spi.o
                0x004020a2                spi_set_transfer_delay
 .text.twi_enable_master_mode
                0x004020ba        0xe src/ASF/sam/drivers/twi/twi.o
                0x004020ba                twi_enable_master_mode
 .text.twi_set_speed
                0x004020c8       0x3c src/ASF/sam/drivers/twi/twi.o
                0x004020c8                twi_set_speed
 .text.twi_enable_interrupt
                0x00402104        0x4 src/ASF/sam/drivers/twi/twi.o
                0x00402104                twi_enable_interrupt
 .text.twi_disable_interrupt
                0x00402108        0x6 src/ASF/sam/drivers/twi/twi.o
                0x00402108                twi_disable_interrupt
 .text.twi_get_interrupt_status
                0x0040210e        0x4 src/ASF/sam/drivers/twi/twi.o
                0x0040210e                twi_get_interrupt_status
 .text.twi_get_interrupt_mask
                0x00402112        0x4 src/ASF/sam/drivers/twi/twi.o
                0x00402112                twi_get_interrupt_mask
 .text.twi_read_byte
                0x00402116        0x6 src/ASF/sam/drivers/twi/twi.o
                0x00402116                twi_read_byte
 .text.twi_reset
                0x0040211c        0x8 src/ASF/sam/drivers/twi/twi.o
                0x0040211c                twi_reset
 .text.uart_init
                0x00402124       0x34 src/ASF/sam/drivers/uart/uart.o
                0x00402124                uart_init
 .text.uart_enable_tx
                0x00402158        0x6 src/ASF/sam/drivers/uart/uart.o
                0x00402158                uart_enable_tx
 .text.uart_disable_tx
                0x0040215e        0x6 src/ASF/sam/drivers/uart/uart.o
                0x0040215e                uart_disable_tx
 .text.uart_enable_rx
                0x00402164        0x6 src/ASF/sam/drivers/uart/uart.o
                0x00402164                uart_enable_rx
 .text.uart_disable_rx
                0x0040216a        0x6 src/ASF/sam/drivers/uart/uart.o
                0x0040216a                uart_disable_rx
 .text.uart_enable_interrupt
                0x00402170        0x4 src/ASF/sam/drivers/uart/uart.o
                0x00402170                uart_enable_interrupt
 .text.uart_disable_interrupt
                0x00402174        0x4 src/ASF/sam/drivers/uart/uart.o
                0x00402174                uart_disable_interrupt
 .text.uart_get_interrupt_mask
                0x00402178        0x4 src/ASF/sam/drivers/uart/uart.o
                0x00402178                uart_get_interrupt_mask
 .text.uart_get_status
                0x0040217c        0x4 src/ASF/sam/drivers/uart/uart.o
                0x0040217c                uart_get_status
 .text.uart_reset_status
                0x00402180        0x8 src/ASF/sam/drivers/uart/uart.o
                0x00402180                uart_reset_status
 .text.uart_write
                0x00402188        0xe src/ASF/sam/drivers/uart/uart.o
                0x00402188                uart_write
 .text.uart_read
                0x00402196       0x10 src/ASF/sam/drivers/uart/uart.o
                0x00402196                uart_read
 .text.usart_write
                0x004021a6       0x12 src/ASF/sam/drivers/usart/usart.o
                0x004021a6                usart_write
 .text.usart_read
                0x004021b8       0x16 src/ASF/sam/drivers/usart/usart.o
                0x004021b8                usart_read
 .text.Dummy_Handler
                0x004021ce        0x2 src/ASF/sam/utils/cmsis/sam3n/source/templates/exceptions.o
                0x004021ce                DACC_Handler
                0x004021ce                DebugMon_Handler
                0x004021ce                HardFault_Handler
                0x004021ce                TC2_Handler
                0x004021ce                NMI_Handler
                0x004021ce                ADC_Handler
                0x004021ce                USART0_Handler
                0x004021ce                RTT_Handler
                0x004021ce                RTC_Handler
                0x004021ce                UsageFault_Handler
                0x004021ce                WDT_Handler
                0x004021ce                TC4_Handler
                0x004021ce                TC1_Handler
                0x004021ce                TC3_Handler
                0x004021ce                Dummy_Handler
                0x004021ce                USART1_Handler
                0x004021ce                PMC_Handler
                0x004021ce                PWM_Handler
                0x004021ce                MemManage_Handler
                0x004021ce                SUPC_Handler
                0x004021ce                EFC_Handler
                0x004021ce                BusFault_Handler
                0x004021ce                RSTC_Handler
                0x004021ce                TC0_Handler
                0x004021ce                TC5_Handler
 .text.Reset_Handler
                0x004021d0       0x80 src/ASF/sam/utils/cmsis/sam3n/source/templates/gcc/startup_sam3n.o
                0x004021d0                Reset_Handler
 .text.SystemCoreClockUpdate
                0x00402250       0xc0 src/ASF/sam/utils/cmsis/sam3n/source/templates/system_sam3n.o
                0x00402250                SystemCoreClockUpdate
 .text._sbrk    0x00402310       0x2c src/ASF/sam/utils/syscalls/gcc/syscalls.o
                0x00402310                _sbrk
 .text._close   0x0040233c        0x6 src/ASF/sam/utils/syscalls/gcc/syscalls.o
                0x0040233c                _close
 .text._fstat   0x00402342        0xa src/ASF/sam/utils/syscalls/gcc/syscalls.o
                0x00402342                _fstat
 .text._isatty  0x0040234c        0x4 src/ASF/sam/utils/syscalls/gcc/syscalls.o
                0x0040234c                _isatty
 .text._lseek   0x00402350        0x4 src/ASF/sam/utils/syscalls/gcc/syscalls.o
                0x00402350                _lseek
 .text.vListInitialise
                0x00402354       0x16 src/ASF/thirdparty/freertos/freertos-7.3.0/source/list.o
                0x00402354                vListInitialise
 .text.vListInitialiseItem
                0x0040236a        0x6 src/ASF/thirdparty/freertos/freertos-7.3.0/source/list.o
                0x0040236a                vListInitialiseItem
 .text.vListInsertEnd
                0x00402370       0x1c src/ASF/thirdparty/freertos/freertos-7.3.0/source/list.o
                0x00402370                vListInsertEnd
 .text.vListInsert
                0x0040238c       0x30 src/ASF/thirdparty/freertos/freertos-7.3.0/source/list.o
                0x0040238c                vListInsert
 .text.uxListRemove
                0x004023bc       0x26 src/ASF/thirdparty/freertos/freertos-7.3.0/source/list.o
                0x004023bc                uxListRemove
 *fill*         0x004023e2        0x2 
 .text.prvPortStartFirstTask
                0x004023e4       0x14 src/ASF/thirdparty/freertos/freertos-7.3.0/source/portable/gcc/sam/port.o
 .text.pxPortInitialiseStack
                0x004023f8       0x16 src/ASF/thirdparty/freertos/freertos-7.3.0/source/portable/gcc/sam/port.o
                0x004023f8                pxPortInitialiseStack
 *fill*         0x0040240e        0x2 
 .text.SVC_Handler
                0x00402410       0x20 src/ASF/thirdparty/freertos/freertos-7.3.0/source/portable/gcc/sam/port.o
                0x00402410                SVC_Handler
 .text.vPortYieldFromISR
                0x00402430       0x10 src/ASF/thirdparty/freertos/freertos-7.3.0/source/portable/gcc/sam/port.o
                0x00402430                vPortYieldFromISR
 .text.ulPortSetInterruptMask
                0x00402440       0x10 src/ASF/thirdparty/freertos/freertos-7.3.0/source/portable/gcc/sam/port.o
                0x00402440                ulPortSetInterruptMask
 .text.vPortEnterCritical
                0x00402450       0x18 src/ASF/thirdparty/freertos/freertos-7.3.0/source/portable/gcc/sam/port.o
                0x00402450                vPortEnterCritical
 .text.vPortClearInterruptMask
                0x00402468        0x6 src/ASF/thirdparty/freertos/freertos-7.3.0/source/portable/gcc/sam/port.o
                0x00402468                vPortClearInterruptMask
 *fill*         0x0040246e        0x2 
 .text.vPortExitCritical
                0x00402470       0x1c src/ASF/thirdparty/freertos/freertos-7.3.0/source/portable/gcc/sam/port.o
                0x00402470                vPortExitCritical
 .text.PendSV_Handler
                0x0040248c       0x3c src/ASF/thirdparty/freertos/freertos-7.3.0/source/portable/gcc/sam/port.o
                0x0040248c                PendSV_Handler
 .text.SysTick_Handler
                0x004024c8       0x2c src/ASF/thirdparty/freertos/freertos-7.3.0/source/portable/gcc/sam/port.o
                0x004024c8                SysTick_Handler
 .text.vPortSetupTimerInterrupt
                0x004024f4       0x14 src/ASF/thirdparty/freertos/freertos-7.3.0/source/portable/gcc/sam/port.o
                0x004024f4                vPortSetupTimerInterrupt
 .text.xPortStartScheduler
                0x00402508       0x38 src/ASF/thirdparty/freertos/freertos-7.3.0/source/portable/gcc/sam/port.o
                0x00402508                xPortStartScheduler
 .text.prvInsertBlockIntoFreeList
                0x00402540       0x4c src/ASF/thirdparty/freertos/freertos-7.3.0/source/portable/memmang/heap_4.o
 .text.pvPortMalloc
                0x0040258c       0xc4 src/ASF/thirdparty/freertos/freertos-7.3.0/source/portable/memmang/heap_4.o
                0x0040258c                pvPortMalloc
 .text.vPortFree
                0x00402650       0x34 src/ASF/thirdparty/freertos/freertos-7.3.0/source/portable/memmang/heap_4.o
                0x00402650                vPortFree
 .text.xPortGetFreeHeapSize
                0x00402684        0xc src/ASF/thirdparty/freertos/freertos-7.3.0/source/portable/memmang/heap_4.o
                0x00402684                xPortGetFreeHeapSize
 .text.prvCopyDataToQueue
                0x00402690       0x60 src/ASF/thirdparty/freertos/freertos-7.3.0/source/queue.o
 .text.prvCopyDataFromQueue
                0x004026f0       0x28 src/ASF/thirdparty/freertos/freertos-7.3.0/source/queue.o
 .text.prvUnlockQueue
                0x00402718       0x70 src/ASF/thirdparty/freertos/freertos-7.3.0/source/queue.o
 .text.xQueueGenericReset
                0x00402788       0x7c src/ASF/thirdparty/freertos/freertos-7.3.0/source/queue.o
                0x00402788                xQueueGenericReset
 .text.xQueueGenericCreate
                0x00402804       0x58 src/ASF/thirdparty/freertos/freertos-7.3.0/source/queue.o
                0x00402804                xQueueGenericCreate
 .text.xQueueCreateCountingSemaphore
                0x0040285c       0x24 src/ASF/thirdparty/freertos/freertos-7.3.0/source/queue.o
                0x0040285c                xQueueCreateCountingSemaphore
 .text.xQueueGenericSend
                0x00402880      0x114 src/ASF/thirdparty/freertos/freertos-7.3.0/source/queue.o
                0x00402880                xQueueGenericSend
 .text.xQueueCreateMutex
                0x00402994       0x60 src/ASF/thirdparty/freertos/freertos-7.3.0/source/queue.o
                0x00402994                xQueueCreateMutex
 .text.xQueueGenericSendFromISR
                0x004029f4       0x7c src/ASF/thirdparty/freertos/freertos-7.3.0/source/queue.o
                0x004029f4                xQueueGenericSendFromISR
 .text.xQueueGenericReceive
                0x00402a70      0x154 src/ASF/thirdparty/freertos/freertos-7.3.0/source/queue.o
                0x00402a70                xQueueGenericReceive
 .text.vQueueWaitForMessageRestricted
                0x00402bc4       0x48 src/ASF/thirdparty/freertos/freertos-7.3.0/source/queue.o
                0x00402bc4                vQueueWaitForMessageRestricted
 .text.prvAddCurrentTaskToDelayedList
                0x00402c0c       0x50 src/ASF/thirdparty/freertos/freertos-7.3.0/source/tasks.o
 .text.xTaskGenericCreate
                0x00402c5c      0x1dc src/ASF/thirdparty/freertos/freertos-7.3.0/source/tasks.o
                0x00402c5c                xTaskGenericCreate
 .text.vTaskDelete
                0x00402e38       0x7c src/ASF/thirdparty/freertos/freertos-7.3.0/source/tasks.o
                0x00402e38                vTaskDelete
 .text.vTaskStartScheduler
                0x00402eb4       0x6c src/ASF/thirdparty/freertos/freertos-7.3.0/source/tasks.o
                0x00402eb4                vTaskStartScheduler
 .text.vTaskSuspendAll
                0x00402f20       0x10 src/ASF/thirdparty/freertos/freertos-7.3.0/source/tasks.o
                0x00402f20                vTaskSuspendAll
 .text.xTaskGetTickCount
                0x00402f30       0x20 src/ASF/thirdparty/freertos/freertos-7.3.0/source/tasks.o
                0x00402f30                xTaskGetTickCount
 .text.vTaskIncrementTick
                0x00402f50       0xfc src/ASF/thirdparty/freertos/freertos-7.3.0/source/tasks.o
                0x00402f50                vTaskIncrementTick
 .text.xTaskResumeAll
                0x0040304c       0xe8 src/ASF/thirdparty/freertos/freertos-7.3.0/source/tasks.o
                0x0040304c                xTaskResumeAll
 .text.vTaskDelay
                0x00403134       0x4c src/ASF/thirdparty/freertos/freertos-7.3.0/source/tasks.o
                0x00403134                vTaskDelay
 .text.prvIdleTask
                0x00403180       0x88 src/ASF/thirdparty/freertos/freertos-7.3.0/source/tasks.o
 .text.vTaskSwitchContext
                0x00403208       0x88 src/ASF/thirdparty/freertos/freertos-7.3.0/source/tasks.o
                0x00403208                vTaskSwitchContext
 .text.vTaskPlaceOnEventList
                0x00403290       0x5c src/ASF/thirdparty/freertos/freertos-7.3.0/source/tasks.o
                0x00403290                vTaskPlaceOnEventList
 .text.vTaskPlaceOnEventListRestricted
                0x004032ec       0x44 src/ASF/thirdparty/freertos/freertos-7.3.0/source/tasks.o
                0x004032ec                vTaskPlaceOnEventListRestricted
 .text.xTaskRemoveFromEventList
                0x00403330       0x78 src/ASF/thirdparty/freertos/freertos-7.3.0/source/tasks.o
                0x00403330                xTaskRemoveFromEventList
 .text.vTaskSetTimeOutState
                0x004033a8       0x28 src/ASF/thirdparty/freertos/freertos-7.3.0/source/tasks.o
                0x004033a8                vTaskSetTimeOutState
 .text.xTaskCheckForTimeOut
                0x004033d0       0x78 src/ASF/thirdparty/freertos/freertos-7.3.0/source/tasks.o
                0x004033d0                xTaskCheckForTimeOut
 .text.vTaskMissedYield
                0x00403448        0xc src/ASF/thirdparty/freertos/freertos-7.3.0/source/tasks.o
                0x00403448                vTaskMissedYield
 .text.xTaskGetCurrentTaskHandle
                0x00403454        0xc src/ASF/thirdparty/freertos/freertos-7.3.0/source/tasks.o
                0x00403454                xTaskGetCurrentTaskHandle
 .text.xTaskGetSchedulerState
                0x00403460       0x1c src/ASF/thirdparty/freertos/freertos-7.3.0/source/tasks.o
                0x00403460                xTaskGetSchedulerState
 .text.vTaskPriorityInherit
                0x0040347c       0x70 src/ASF/thirdparty/freertos/freertos-7.3.0/source/tasks.o
                0x0040347c                vTaskPriorityInherit
 .text.vTaskPriorityDisinherit
                0x004034ec       0x4c src/ASF/thirdparty/freertos/freertos-7.3.0/source/tasks.o
                0x004034ec                vTaskPriorityDisinherit
 .text.prvCheckForValidListAndQueue
                0x00403538       0x60 src/ASF/thirdparty/freertos/freertos-7.3.0/source/timers.o
 .text.prvInsertTimerInActiveList
                0x00403598       0x40 src/ASF/thirdparty/freertos/freertos-7.3.0/source/timers.o
 .text.xTimerCreateTimerTask
                0x004035d8       0x4c src/ASF/thirdparty/freertos/freertos-7.3.0/source/timers.o
                0x004035d8                xTimerCreateTimerTask
 .text.xTimerGenericCommand
                0x00403624       0x50 src/ASF/thirdparty/freertos/freertos-7.3.0/source/timers.o
                0x00403624                xTimerGenericCommand
 .text.prvSwitchTimerLists.isra.1
                0x00403674       0x7c src/ASF/thirdparty/freertos/freertos-7.3.0/source/timers.o
 .text.prvTimerTask
                0x004036f0      0x194 src/ASF/thirdparty/freertos/freertos-7.3.0/source/timers.o
 *fill*         0x00403884        0x4 
 .text.getPureAngle
                0x00403888       0x38 src/IMU.o
 .text.adxl_write.constprop.2
                0x004038c0       0x4c src/IMU.o
 .text.itg_write.constprop.4
                0x0040390c       0x4c src/IMU.o
 .text.adxl_read.constprop.7
                0x00403958       0x48 src/IMU.o
 .text.getAllAcelValue.constprop.6
                0x004039a0       0xb8 src/IMU.o
 .text.intpin_handler
                0x00403a58       0x1c src/IMU.o
                0x00403a58                intpin_handler
 .text.twi_init
                0x00403a74       0x50 src/IMU.o
                0x00403a74                twi_init
 *fill*         0x00403ac4        0x4 
 .text.IMUTask  0x00403ac8      0x388 src/IMU.o
                0x00403ac8                IMUTask
 .text.button_handler
                0x00403e50       0x1c src/main.o
                0x00403e50                button_handler
 .text.task_led0
                0x00403e6c       0x1c src/main.o
 .text.vApplicationStackOverflowHook
                0x00403e88       0x24 src/main.o
                0x00403e88                vApplicationStackOverflowHook
 .text.vApplicationIdleHook
                0x00403eac        0x2 src/main.o
                0x00403eac                vApplicationIdleHook
 .text.vApplicationTickHook
                0x00403eae        0x2 src/main.o
                0x00403eae                vApplicationTickHook
 .text.vApplicationMallocFailedHook
                0x00403eb0        0xc src/main.o
                0x00403eb0                vApplicationMallocFailedHook
 .text.config_interrupt
                0x00403ebc       0xd0 src/main.o
                0x00403ebc                config_interrupt
 .text.startup.main
                0x00403f8c      0x124 src/main.o
                0x00403f8c                main
 .text.sin      0x004040b0       0x94 c:/program files (x86)/atmel/atmel toolchain/arm gcc/native/4.8.1443/arm-gnu-toolchain/bin/../lib/gcc/arm-none-eabi/4.8.4/../../../../arm-none-eabi/lib/armv7-m\libm.a(lib_a-s_sin.o)
                0x004040b0                sin
 *fill*         0x00404144        0x4 
 .text.__ieee754_rem_pio2
                0x00404148      0x440 c:/program files (x86)/atmel/atmel toolchain/arm gcc/native/4.8.1443/arm-gnu-toolchain/bin/../lib/gcc/arm-none-eabi/4.8.4/../../../../arm-none-eabi/lib/armv7-m\libm.a(lib_a-e_rem_pio2.o)
                0x00404148                __ieee754_rem_pio2
 .text.__kernel_cos
                0x00404588      0x248 c:/program files (x86)/atmel/atmel toolchain/arm gcc/native/4.8.1443/arm-gnu-toolchain/bin/../lib/gcc/arm-none-eabi/4.8.4/../../../../arm-none-eabi/lib/armv7-m\libm.a(lib_a-k_cos.o)
                0x00404588                __kernel_cos
 .text.__kernel_rem_pio2
                0x004047d0      0x7bc c:/program files (x86)/atmel/atmel toolchain/arm gcc/native/4.8.1443/arm-gnu-toolchain/bin/../lib/gcc/arm-none-eabi/4.8.4/../../../../arm-none-eabi/lib/armv7-m\libm.a(lib_a-k_rem_pio2.o)
                0x004047d0                __kernel_rem_pio2
 *fill*         0x00404f8c        0x4 
 .text.__kernel_sin
                0x00404f90      0x170 c:/program files (x86)/atmel/atmel toolchain/arm gcc/native/4.8.1443/arm-gnu-toolchain/bin/../lib/gcc/arm-none-eabi/4.8.4/../../../../arm-none-eabi/lib/armv7-m\libm.a(lib_a-k_sin.o)
                0x00404f90                __kernel_sin
 .text.fabs     0x00405100        0x8 c:/program files (x86)/atmel/atmel toolchain/arm gcc/native/4.8.1443/arm-gnu-toolchain/bin/../lib/gcc/arm-none-eabi/4.8.4/../../../../arm-none-eabi/lib/armv7-m\libm.a(lib_a-s_fabs.o)
                0x00405100                fabs
 .text.floor    0x00405108      0x120 c:/program files (x86)/atmel/atmel toolchain/arm gcc/native/4.8.1443/arm-gnu-toolchain/bin/../lib/gcc/arm-none-eabi/4.8.4/../../../../arm-none-eabi/lib/armv7-m\libm.a(lib_a-s_floor.o)
                0x00405108                floor
 .text.scalbn   0x00405228      0x100 c:/program files (x86)/atmel/atmel toolchain/arm gcc/native/4.8.1443/arm-gnu-toolchain/bin/../lib/gcc/arm-none-eabi/4.8.4/../../../../arm-none-eabi/lib/armv7-m\libm.a(lib_a-s_scalbn.o)
                0x00405228                scalbn
 .text.copysign
                0x00405328       0x14 c:/program files (x86)/atmel/atmel toolchain/arm gcc/native/4.8.1443/arm-gnu-toolchain/bin/../lib/gcc/arm-none-eabi/4.8.4/../../../../arm-none-eabi/lib/armv7-m\libm.a(lib_a-s_copysign.o)
                0x00405328                copysign
 .text          0x0040533c      0x370 c:/program files (x86)/atmel/atmel toolchain/arm gcc/native/4.8.1443/arm-gnu-toolchain/bin/../lib/gcc/arm-none-eabi/4.8.4/armv7-m\libgcc.a(_arm_addsubdf3.o)
                0x0040533c                __aeabi_drsub
                0x00405344                __aeabi_dsub
                0x00405344                __subdf3
                0x00405348                __aeabi_dadd
                0x00405348                __adddf3
                0x004055c0                __floatunsidf
                0x004055c0                __aeabi_ui2d
                0x004055e0                __floatsidf
                0x004055e0                __aeabi_i2d
                0x00405604                __aeabi_f2d
                0x00405604                __extendsfdf2
                0x00405640                __floatundidf
                0x00405640                __aeabi_ul2d
                0x00405650                __floatdidf
                0x00405650                __aeabi_l2d
 .text          0x004056ac      0x424 c:/program files (x86)/atmel/atmel toolchain/arm gcc/native/4.8.1443/arm-gnu-toolchain/bin/../lib/gcc/arm-none-eabi/4.8.4/armv7-m\libgcc.a(_arm_muldivdf3.o)
                0x004056ac                __aeabi_dmul
                0x004056ac                __muldf3
                0x00405900                __divdf3
                0x00405900                __aeabi_ddiv
 .text          0x00405ad0      0x110 c:/program files (x86)/atmel/atmel toolchain/arm gcc/native/4.8.1443/arm-gnu-toolchain/bin/../lib/gcc/arm-none-eabi/4.8.4/armv7-m\libgcc.a(_arm_cmpdf2.o)
                0x00405ad0                __gtdf2
                0x00405ad0                __gedf2
                0x00405ad8                __ltdf2
                0x00405ad8                __ledf2
                0x00405ae0                __nedf2
                0x00405ae0                __eqdf2
                0x00405ae0                __cmpdf2
                0x00405b5c                __aeabi_cdrcmple
                0x00405b6c                __aeabi_cdcmpeq
                0x00405b6c                __aeabi_cdcmple
                0x00405b7c                __aeabi_dcmpeq
                0x00405b90                __aeabi_dcmplt
                0x00405ba4                __aeabi_dcmple
                0x00405bb8                __aeabi_dcmpge
                0x00405bcc                __aeabi_dcmpgt
 .text          0x00405be0       0x50 c:/program files (x86)/atmel/atmel toolchain/arm gcc/native/4.8.1443/arm-gnu-toolchain/bin/../lib/gcc/arm-none-eabi/4.8.4/armv7-m\libgcc.a(_arm_fixdfsi.o)
                0x00405be0                __aeabi_d2iz
                0x00405be0                __fixdfsi
 .text          0x00405c30      0x21c c:/program files (x86)/atmel/atmel toolchain/arm gcc/native/4.8.1443/arm-gnu-toolchain/bin/../lib/gcc/arm-none-eabi/4.8.4/armv7-m\libgcc.a(_arm_addsubsf3.o)
                0x00405c30                __aeabi_frsub
                0x00405c38                __subsf3
                0x00405c38                __aeabi_fsub
                0x00405c3c                __aeabi_fadd
                0x00405c3c                __addsf3
                0x00405d9c                __aeabi_ui2f
                0x00405d9c                __floatunsisf
                0x00405da4                __aeabi_i2f
                0x00405da4                __floatsisf
                0x00405dc0                __aeabi_ul2f
                0x00405dc0                __floatundisf
                0x00405dd0                __aeabi_l2f
                0x00405dd0                __floatdisf
 .text.__libc_init_array
                0x00405e4c       0x50 c:/program files (x86)/atmel/atmel toolchain/arm gcc/native/4.8.1443/arm-gnu-toolchain/bin/../lib/gcc/arm-none-eabi/4.8.4/../../../../arm-none-eabi/lib/armv7-m\libc.a(lib_a-init.o)
                0x00405e4c                __libc_init_array
 .text.iprintf  0x00405e9c       0x28 c:/program files (x86)/atmel/atmel toolchain/arm gcc/native/4.8.1443/arm-gnu-toolchain/bin/../lib/gcc/arm-none-eabi/4.8.4/../../../../arm-none-eabi/lib/armv7-m\libc.a(lib_a-iprintf.o)
                0x00405e9c                iprintf
 .text.malloc   0x00405ec4       0x10 c:/program files (x86)/atmel/atmel toolchain/arm gcc/native/4.8.1443/arm-gnu-toolchain/bin/../lib/gcc/arm-none-eabi/4.8.4/../../../../arm-none-eabi/lib/armv7-m\libc.a(lib_a-malloc.o)
                0x00405ec4                malloc
 .text._malloc_r
                0x00405ed4      0x538 c:/program files (x86)/atmel/atmel toolchain/arm gcc/native/4.8.1443/arm-gnu-toolchain/bin/../lib/gcc/arm-none-eabi/4.8.4/../../../../arm-none-eabi/lib/armv7-m\libc.a(lib_a-mallocr.o)
                0x00405ed4                _malloc_r
 .text.memcmp   0x0040640c       0x68 c:/program files (x86)/atmel/atmel toolchain/arm gcc/native/4.8.1443/arm-gnu-toolchain/bin/../lib/gcc/arm-none-eabi/4.8.4/../../../../arm-none-eabi/lib/armv7-m\libc.a(lib_a-memcmp.o)
                0x0040640c                memcmp
 .text          0x00406474       0xec c:/program files (x86)/atmel/atmel toolchain/arm gcc/native/4.8.1443/arm-gnu-toolchain/bin/../lib/gcc/arm-none-eabi/4.8.4/../../../../arm-none-eabi/lib/armv7-m\libc.a(lib_a-memcpy.o)
                0x00406474                memcpy
 .text.memset   0x00406560       0x94 c:/program files (x86)/atmel/atmel toolchain/arm gcc/native/4.8.1443/arm-gnu-toolchain/bin/../lib/gcc/arm-none-eabi/4.8.4/../../../../arm-none-eabi/lib/armv7-m\libc.a(lib_a-memset.o)
                0x00406560                memset
 .text.__malloc_lock
                0x004065f4        0x4 c:/program files (x86)/atmel/atmel toolchain/arm gcc/native/4.8.1443/arm-gnu-toolchain/bin/../lib/gcc/arm-none-eabi/4.8.4/../../../../arm-none-eabi/lib/armv7-m\libc.a(lib_a-mlock.o)
                0x004065f4                __malloc_lock
 .text.__malloc_unlock
                0x004065f8        0x4 c:/program files (x86)/atmel/atmel toolchain/arm gcc/native/4.8.1443/arm-gnu-toolchain/bin/../lib/gcc/arm-none-eabi/4.8.4/../../../../arm-none-eabi/lib/armv7-m\libc.a(lib_a-mlock.o)
                0x004065f8                __malloc_unlock
 .text._realloc_r
                0x004065fc      0x3c0 c:/program files (x86)/atmel/atmel toolchain/arm gcc/native/4.8.1443/arm-gnu-toolchain/bin/../lib/gcc/arm-none-eabi/4.8.4/../../../../arm-none-eabi/lib/armv7-m\libc.a(lib_a-reallocr.o)
                0x004065fc                _realloc_r
 .text._sbrk_r  0x004069bc       0x24 c:/program files (x86)/atmel/atmel toolchain/arm gcc/native/4.8.1443/arm-gnu-toolchain/bin/../lib/gcc/arm-none-eabi/4.8.4/../../../../arm-none-eabi/lib/armv7-m\libc.a(lib_a-sbrkr.o)
                0x004069bc                _sbrk_r
 .text.setbuf   0x004069e0       0x10 c:/program files (x86)/atmel/atmel toolchain/arm gcc/native/4.8.1443/arm-gnu-toolchain/bin/../lib/gcc/arm-none-eabi/4.8.4/../../../../arm-none-eabi/lib/armv7-m\libc.a(lib_a-setbuf.o)
                0x004069e0                setbuf
 .text.setvbuf  0x004069f0      0x100 c:/program files (x86)/atmel/atmel toolchain/arm gcc/native/4.8.1443/arm-gnu-toolchain/bin/../lib/gcc/arm-none-eabi/4.8.4/../../../../arm-none-eabi/lib/armv7-m\libc.a(lib_a-setvbuf.o)
                0x004069f0                setvbuf
 .text.sprintf  0x00406af0       0x4c c:/program files (x86)/atmel/atmel toolchain/arm gcc/native/4.8.1443/arm-gnu-toolchain/bin/../lib/gcc/arm-none-eabi/4.8.4/../../../../arm-none-eabi/lib/armv7-m\libc.a(lib_a-sprintf.o)
                0x00406af0                sprintf
 .text.strlen   0x00406b3c       0x60 c:/program files (x86)/atmel/atmel toolchain/arm gcc/native/4.8.1443/arm-gnu-toolchain/bin/../lib/gcc/arm-none-eabi/4.8.4/../../../../arm-none-eabi/lib/armv7-m\libc.a(lib_a-strlen.o)
                0x00406b3c                strlen
 .text.strncpy  0x00406b9c       0x64 c:/program files (x86)/atmel/atmel toolchain/arm gcc/native/4.8.1443/arm-gnu-toolchain/bin/../lib/gcc/arm-none-eabi/4.8.4/../../../../arm-none-eabi/lib/armv7-m\libc.a(lib_a-strncpy.o)
                0x00406b9c                strncpy
 .text._svfprintf_r
                0x00406c00     0x14e0 c:/program files (x86)/atmel/atmel toolchain/arm gcc/native/4.8.1443/arm-gnu-toolchain/bin/../lib/gcc/arm-none-eabi/4.8.4/../../../../arm-none-eabi/lib/armv7-m\libc.a(lib_a-svfprintf.o)
                0x00406c00                _svfprintf_r
 .text.__sprint_r.part.0
                0x004080e0       0x78 c:/program files (x86)/atmel/atmel toolchain/arm gcc/native/4.8.1443/arm-gnu-toolchain/bin/../lib/gcc/arm-none-eabi/4.8.4/../../../../arm-none-eabi/lib/armv7-m\libc.a(lib_a-vfiprintf.o)
 .text._vfiprintf_r
                0x00408158      0xc54 c:/program files (x86)/atmel/atmel toolchain/arm gcc/native/4.8.1443/arm-gnu-toolchain/bin/../lib/gcc/arm-none-eabi/4.8.4/../../../../arm-none-eabi/lib/armv7-m\libc.a(lib_a-vfiprintf.o)
                0x00408158                _vfiprintf_r
 .text.__sbprintf
                0x00408dac       0x7c c:/program files (x86)/atmel/atmel toolchain/arm gcc/native/4.8.1443/arm-gnu-toolchain/bin/../lib/gcc/arm-none-eabi/4.8.4/../../../../arm-none-eabi/lib/armv7-m\libc.a(lib_a-vfiprintf.o)
 .text._vsprintf_r
                0x00408e28       0x34 c:/program files (x86)/atmel/atmel toolchain/arm gcc/native/4.8.1443/arm-gnu-toolchain/bin/../lib/gcc/arm-none-eabi/4.8.4/../../../../arm-none-eabi/lib/armv7-m\libc.a(lib_a-vsprintf.o)
                0x00408e28                _vsprintf_r
 .text.vsprintf
                0x00408e5c       0x18 c:/program files (x86)/atmel/atmel toolchain/arm gcc/native/4.8.1443/arm-gnu-toolchain/bin/../lib/gcc/arm-none-eabi/4.8.4/../../../../arm-none-eabi/lib/armv7-m\libc.a(lib_a-vsprintf.o)
                0x00408e5c                vsprintf
 .text.__swsetup_r
                0x00408e74       0xc4 c:/program files (x86)/atmel/atmel toolchain/arm gcc/native/4.8.1443/arm-gnu-toolchain/bin/../lib/gcc/arm-none-eabi/4.8.4/../../../../arm-none-eabi/lib/armv7-m\libc.a(lib_a-wsetup.o)
                0x00408e74                __swsetup_r
 .text.startup.register_fini
                0x00408f38       0x14 c:/program files (x86)/atmel/atmel toolchain/arm gcc/native/4.8.1443/arm-gnu-toolchain/bin/../lib/gcc/arm-none-eabi/4.8.4/../../../../arm-none-eabi/lib/armv7-m\libc.a(lib_a-__call_atexit.o)
 .text.atexit   0x00408f4c        0xc c:/program files (x86)/atmel/atmel toolchain/arm gcc/native/4.8.1443/arm-gnu-toolchain/bin/../lib/gcc/arm-none-eabi/4.8.4/../../../../arm-none-eabi/lib/armv7-m\libc.a(lib_a-atexit.o)
                0x00408f4c                atexit
 .text.quorem   0x00408f58      0x134 c:/program files (x86)/atmel/atmel toolchain/arm gcc/native/4.8.1443/arm-gnu-toolchain/bin/../lib/gcc/arm-none-eabi/4.8.4/../../../../arm-none-eabi/lib/armv7-m\libc.a(lib_a-dtoa.o)
 *fill*         0x0040908c        0x4 
 .text._dtoa_r  0x00409090      0xe38 c:/program files (x86)/atmel/atmel toolchain/arm gcc/native/4.8.1443/arm-gnu-toolchain/bin/../lib/gcc/arm-none-eabi/4.8.4/../../../../arm-none-eabi/lib/armv7-m\libc.a(lib_a-dtoa.o)
                0x00409090                _dtoa_r
 .text.__sflush_r
                0x00409ec8      0x148 c:/program files (x86)/atmel/atmel toolchain/arm gcc/native/4.8.1443/arm-gnu-toolchain/bin/../lib/gcc/arm-none-eabi/4.8.4/../../../../arm-none-eabi/lib/armv7-m\libc.a(lib_a-fflush.o)
                0x00409ec8                __sflush_r
 .text._fflush_r
                0x0040a010       0x2c c:/program files (x86)/atmel/atmel toolchain/arm gcc/native/4.8.1443/arm-gnu-toolchain/bin/../lib/gcc/arm-none-eabi/4.8.4/../../../../arm-none-eabi/lib/armv7-m\libc.a(lib_a-fflush.o)
                0x0040a010                _fflush_r
 .text._cleanup_r
                0x0040a03c        0xc c:/program files (x86)/atmel/atmel toolchain/arm gcc/native/4.8.1443/arm-gnu-toolchain/bin/../lib/gcc/arm-none-eabi/4.8.4/../../../../arm-none-eabi/lib/armv7-m\libc.a(lib_a-findfp.o)
                0x0040a03c                _cleanup_r
 .text.__sinit  0x0040a048       0xf4 c:/program files (x86)/atmel/atmel toolchain/arm gcc/native/4.8.1443/arm-gnu-toolchain/bin/../lib/gcc/arm-none-eabi/4.8.4/../../../../arm-none-eabi/lib/armv7-m\libc.a(lib_a-findfp.o)
                0x0040a048                __sinit
 .text.__sfp_lock_acquire
                0x0040a13c        0x4 c:/program files (x86)/atmel/atmel toolchain/arm gcc/native/4.8.1443/arm-gnu-toolchain/bin/../lib/gcc/arm-none-eabi/4.8.4/../../../../arm-none-eabi/lib/armv7-m\libc.a(lib_a-findfp.o)
                0x0040a13c                __sfp_lock_acquire
 .text.__sfp_lock_release
                0x0040a140        0x4 c:/program files (x86)/atmel/atmel toolchain/arm gcc/native/4.8.1443/arm-gnu-toolchain/bin/../lib/gcc/arm-none-eabi/4.8.4/../../../../arm-none-eabi/lib/armv7-m\libc.a(lib_a-findfp.o)
                0x0040a140                __sfp_lock_release
 .text.__libc_fini_array
                0x0040a144       0x30 c:/program files (x86)/atmel/atmel toolchain/arm gcc/native/4.8.1443/arm-gnu-toolchain/bin/../lib/gcc/arm-none-eabi/4.8.4/../../../../arm-none-eabi/lib/armv7-m\libc.a(lib_a-fini.o)
                0x0040a144                __libc_fini_array
 .text._fputwc_r
                0x0040a174       0xc0 c:/program files (x86)/atmel/atmel toolchain/arm gcc/native/4.8.1443/arm-gnu-toolchain/bin/../lib/gcc/arm-none-eabi/4.8.4/../../../../arm-none-eabi/lib/armv7-m\libc.a(lib_a-fputwc.o)
                0x0040a174                _fputwc_r
 .text._malloc_trim_r
                0x0040a234       0x9c c:/program files (x86)/atmel/atmel toolchain/arm gcc/native/4.8.1443/arm-gnu-toolchain/bin/../lib/gcc/arm-none-eabi/4.8.4/../../../../arm-none-eabi/lib/armv7-m\libc.a(lib_a-freer.o)
                0x0040a234                _malloc_trim_r
 .text._free_r  0x0040a2d0      0x198 c:/program files (x86)/atmel/atmel toolchain/arm gcc/native/4.8.1443/arm-gnu-toolchain/bin/../lib/gcc/arm-none-eabi/4.8.4/../../../../arm-none-eabi/lib/armv7-m\libc.a(lib_a-freer.o)
                0x0040a2d0                _free_r
 .text.__sfvwrite_r
                0x0040a468      0x318 c:/program files (x86)/atmel/atmel toolchain/arm gcc/native/4.8.1443/arm-gnu-toolchain/bin/../lib/gcc/arm-none-eabi/4.8.4/../../../../arm-none-eabi/lib/armv7-m\libc.a(lib_a-fvwrite.o)
                0x0040a468                __sfvwrite_r
 .text._fwalk   0x0040a780       0x48 c:/program files (x86)/atmel/atmel toolchain/arm gcc/native/4.8.1443/arm-gnu-toolchain/bin/../lib/gcc/arm-none-eabi/4.8.4/../../../../arm-none-eabi/lib/armv7-m\libc.a(lib_a-fwalk.o)
                0x0040a780                _fwalk
 .text.__locale_charset
                0x0040a7c8        0x8 c:/program files (x86)/atmel/atmel toolchain/arm gcc/native/4.8.1443/arm-gnu-toolchain/bin/../lib/gcc/arm-none-eabi/4.8.4/../../../../arm-none-eabi/lib/armv7-m\libc.a(lib_a-locale.o)
                0x0040a7c8                __locale_charset
 .text.__locale_mb_cur_max
                0x0040a7d0        0xc c:/program files (x86)/atmel/atmel toolchain/arm gcc/native/4.8.1443/arm-gnu-toolchain/bin/../lib/gcc/arm-none-eabi/4.8.4/../../../../arm-none-eabi/lib/armv7-m\libc.a(lib_a-locale.o)
                0x0040a7d0                __locale_mb_cur_max
 .text._localeconv_r
                0x0040a7dc        0x8 c:/program files (x86)/atmel/atmel toolchain/arm gcc/native/4.8.1443/arm-gnu-toolchain/bin/../lib/gcc/arm-none-eabi/4.8.4/../../../../arm-none-eabi/lib/armv7-m\libc.a(lib_a-locale.o)
                0x0040a7dc                _localeconv_r
 .text.__smakebuf_r
                0x0040a7e4       0xe0 c:/program files (x86)/atmel/atmel toolchain/arm gcc/native/4.8.1443/arm-gnu-toolchain/bin/../lib/gcc/arm-none-eabi/4.8.4/../../../../arm-none-eabi/lib/armv7-m\libc.a(lib_a-makebuf.o)
                0x0040a7e4                __smakebuf_r
 .text.memchr   0x0040a8c4       0x94 c:/program files (x86)/atmel/atmel toolchain/arm gcc/native/4.8.1443/arm-gnu-toolchain/bin/../lib/gcc/arm-none-eabi/4.8.4/../../../../arm-none-eabi/lib/armv7-m\libc.a(lib_a-memchr-stub.o)
                0x0040a8c4                memchr
 .text.memmove  0x0040a958       0xcc c:/program files (x86)/atmel/atmel toolchain/arm gcc/native/4.8.1443/arm-gnu-toolchain/bin/../lib/gcc/arm-none-eabi/4.8.4/../../../../arm-none-eabi/lib/armv7-m\libc.a(lib_a-memmove.o)
                0x0040a958                memmove
 .text._Balloc  0x0040aa24       0x4c c:/program files (x86)/atmel/atmel toolchain/arm gcc/native/4.8.1443/arm-gnu-toolchain/bin/../lib/gcc/arm-none-eabi/4.8.4/../../../../arm-none-eabi/lib/armv7-m\libc.a(lib_a-mprec.o)
                0x0040aa24                _Balloc
 .text._Bfree   0x0040aa70       0x14 c:/program files (x86)/atmel/atmel toolchain/arm gcc/native/4.8.1443/arm-gnu-toolchain/bin/../lib/gcc/arm-none-eabi/4.8.4/../../../../arm-none-eabi/lib/armv7-m\libc.a(lib_a-mprec.o)
                0x0040aa70                _Bfree
 .text.__multadd
                0x0040aa84       0x94 c:/program files (x86)/atmel/atmel toolchain/arm gcc/native/4.8.1443/arm-gnu-toolchain/bin/../lib/gcc/arm-none-eabi/4.8.4/../../../../arm-none-eabi/lib/armv7-m\libc.a(lib_a-mprec.o)
                0x0040aa84                __multadd
 .text.__hi0bits
                0x0040ab18       0x40 c:/program files (x86)/atmel/atmel toolchain/arm gcc/native/4.8.1443/arm-gnu-toolchain/bin/../lib/gcc/arm-none-eabi/4.8.4/../../../../arm-none-eabi/lib/armv7-m\libc.a(lib_a-mprec.o)
                0x0040ab18                __hi0bits
 .text.__lo0bits
                0x0040ab58       0x5c c:/program files (x86)/atmel/atmel toolchain/arm gcc/native/4.8.1443/arm-gnu-toolchain/bin/../lib/gcc/arm-none-eabi/4.8.4/../../../../arm-none-eabi/lib/armv7-m\libc.a(lib_a-mprec.o)
                0x0040ab58                __lo0bits
 .text.__i2b    0x0040abb4       0x14 c:/program files (x86)/atmel/atmel toolchain/arm gcc/native/4.8.1443/arm-gnu-toolchain/bin/../lib/gcc/arm-none-eabi/4.8.4/../../../../arm-none-eabi/lib/armv7-m\libc.a(lib_a-mprec.o)
                0x0040abb4                __i2b
 .text.__multiply
                0x0040abc8      0x13c c:/program files (x86)/atmel/atmel toolchain/arm gcc/native/4.8.1443/arm-gnu-toolchain/bin/../lib/gcc/arm-none-eabi/4.8.4/../../../../arm-none-eabi/lib/armv7-m\libc.a(lib_a-mprec.o)
                0x0040abc8                __multiply
 .text.__pow5mult
                0x0040ad04       0x9c c:/program files (x86)/atmel/atmel toolchain/arm gcc/native/4.8.1443/arm-gnu-toolchain/bin/../lib/gcc/arm-none-eabi/4.8.4/../../../../arm-none-eabi/lib/armv7-m\libc.a(lib_a-mprec.o)
                0x0040ad04                __pow5mult
 .text.__lshift
                0x0040ada0       0xbc c:/program files (x86)/atmel/atmel toolchain/arm gcc/native/4.8.1443/arm-gnu-toolchain/bin/../lib/gcc/arm-none-eabi/4.8.4/../../../../arm-none-eabi/lib/armv7-m\libc.a(lib_a-mprec.o)
                0x0040ada0                __lshift
 .text.__mcmp   0x0040ae5c       0x48 c:/program files (x86)/atmel/atmel toolchain/arm gcc/native/4.8.1443/arm-gnu-toolchain/bin/../lib/gcc/arm-none-eabi/4.8.4/../../../../arm-none-eabi/lib/armv7-m\libc.a(lib_a-mprec.o)
                0x0040ae5c                __mcmp
 .text.__mdiff  0x0040aea4       0xd8 c:/program files (x86)/atmel/atmel toolchain/arm gcc/native/4.8.1443/arm-gnu-toolchain/bin/../lib/gcc/arm-none-eabi/4.8.4/../../../../arm-none-eabi/lib/armv7-m\libc.a(lib_a-mprec.o)
                0x0040aea4                __mdiff
 .text.__d2b    0x0040af7c       0xbc c:/program files (x86)/atmel/atmel toolchain/arm gcc/native/4.8.1443/arm-gnu-toolchain/bin/../lib/gcc/arm-none-eabi/4.8.4/../../../../arm-none-eabi/lib/armv7-m\libc.a(lib_a-mprec.o)
                0x0040af7c                __d2b
 .text.__fpclassifyd
                0x0040b038       0x50 c:/program files (x86)/atmel/atmel toolchain/arm gcc/native/4.8.1443/arm-gnu-toolchain/bin/../lib/gcc/arm-none-eabi/4.8.4/../../../../arm-none-eabi/lib/armv7-m\libc.a(lib_a-s_fpclassify.o)
                0x0040b038                __fpclassifyd
 .text.__sread  0x0040b088       0x24 c:/program files (x86)/atmel/atmel toolchain/arm gcc/native/4.8.1443/arm-gnu-toolchain/bin/../lib/gcc/arm-none-eabi/4.8.4/../../../../arm-none-eabi/lib/armv7-m\libc.a(lib_a-stdio.o)
                0x0040b088                __sread
 .text.__swrite
                0x0040b0ac       0x38 c:/program files (x86)/atmel/atmel toolchain/arm gcc/native/4.8.1443/arm-gnu-toolchain/bin/../lib/gcc/arm-none-eabi/4.8.4/../../../../arm-none-eabi/lib/armv7-m\libc.a(lib_a-stdio.o)
                0x0040b0ac                __swrite
 .text.__sseek  0x0040b0e4       0x20 c:/program files (x86)/atmel/atmel toolchain/arm gcc/native/4.8.1443/arm-gnu-toolchain/bin/../lib/gcc/arm-none-eabi/4.8.4/../../../../arm-none-eabi/lib/armv7-m\libc.a(lib_a-stdio.o)
                0x0040b0e4                __sseek
 .text.__sclose
                0x0040b104        0x8 c:/program files (x86)/atmel/atmel toolchain/arm gcc/native/4.8.1443/arm-gnu-toolchain/bin/../lib/gcc/arm-none-eabi/4.8.4/../../../../arm-none-eabi/lib/armv7-m\libc.a(lib_a-stdio.o)
                0x0040b104                __sclose
 .text.__ssprint_r
                0x0040b10c      0x100 c:/program files (x86)/atmel/atmel toolchain/arm gcc/native/4.8.1443/arm-gnu-toolchain/bin/../lib/gcc/arm-none-eabi/4.8.4/../../../../arm-none-eabi/lib/armv7-m\libc.a(lib_a-svfiprintf.o)
                0x0040b10c                __ssprint_r
 .text.__swbuf_r
                0x0040b20c       0xa8 c:/program files (x86)/atmel/atmel toolchain/arm gcc/native/4.8.1443/arm-gnu-toolchain/bin/../lib/gcc/arm-none-eabi/4.8.4/../../../../arm-none-eabi/lib/armv7-m\libc.a(lib_a-wbuf.o)
                0x0040b20c                __swbuf_r
 .text._wcrtomb_r
                0x0040b2b4       0x50 c:/program files (x86)/atmel/atmel toolchain/arm gcc/native/4.8.1443/arm-gnu-toolchain/bin/../lib/gcc/arm-none-eabi/4.8.4/../../../../arm-none-eabi/lib/armv7-m\libc.a(lib_a-wcrtomb.o)
                0x0040b2b4                _wcrtomb_r
 .text.__ascii_wctomb
                0x0040b304       0x1c c:/program files (x86)/atmel/atmel toolchain/arm gcc/native/4.8.1443/arm-gnu-toolchain/bin/../lib/gcc/arm-none-eabi/4.8.4/../../../../arm-none-eabi/lib/armv7-m\libc.a(lib_a-wctomb_r.o)
                0x0040b304                __ascii_wctomb
 .text._write_r
                0x0040b320       0x28 c:/program files (x86)/atmel/atmel toolchain/arm gcc/native/4.8.1443/arm-gnu-toolchain/bin/../lib/gcc/arm-none-eabi/4.8.4/../../../../arm-none-eabi/lib/armv7-m\libc.a(lib_a-writer.o)
                0x0040b320                _write_r
 .text.__register_exitproc
                0x0040b348       0xa8 c:/program files (x86)/atmel/atmel toolchain/arm gcc/native/4.8.1443/arm-gnu-toolchain/bin/../lib/gcc/arm-none-eabi/4.8.4/../../../../arm-none-eabi/lib/armv7-m\libc.a(lib_a-__atexit.o)
                0x0040b348                __register_exitproc
 .text._calloc_r
                0x0040b3f0       0x60 c:/program files (x86)/atmel/atmel toolchain/arm gcc/native/4.8.1443/arm-gnu-toolchain/bin/../lib/gcc/arm-none-eabi/4.8.4/../../../../arm-none-eabi/lib/armv7-m\libc.a(lib_a-callocr.o)
                0x0040b3f0                _calloc_r
 .text._close_r
                0x0040b450       0x24 c:/program files (x86)/atmel/atmel toolchain/arm gcc/native/4.8.1443/arm-gnu-toolchain/bin/../lib/gcc/arm-none-eabi/4.8.4/../../../../arm-none-eabi/lib/armv7-m\libc.a(lib_a-closer.o)
                0x0040b450                _close_r
 .text._fclose_r
                0x0040b474       0x80 c:/program files (x86)/atmel/atmel toolchain/arm gcc/native/4.8.1443/arm-gnu-toolchain/bin/../lib/gcc/arm-none-eabi/4.8.4/../../../../arm-none-eabi/lib/armv7-m\libc.a(lib_a-fclose.o)
                0x0040b474                _fclose_r
 .text.fclose   0x0040b4f4       0x10 c:/program files (x86)/atmel/atmel toolchain/arm gcc/native/4.8.1443/arm-gnu-toolchain/bin/../lib/gcc/arm-none-eabi/4.8.4/../../../../arm-none-eabi/lib/armv7-m\libc.a(lib_a-fclose.o)
                0x0040b4f4                fclose
 .text._fstat_r
                0x0040b504       0x28 c:/program files (x86)/atmel/atmel toolchain/arm gcc/native/4.8.1443/arm-gnu-toolchain/bin/../lib/gcc/arm-none-eabi/4.8.4/../../../../arm-none-eabi/lib/armv7-m\libc.a(lib_a-fstatr.o)
                0x0040b504                _fstat_r
 .text._isatty_r
                0x0040b52c       0x24 c:/program files (x86)/atmel/atmel toolchain/arm gcc/native/4.8.1443/arm-gnu-toolchain/bin/../lib/gcc/arm-none-eabi/4.8.4/../../../../arm-none-eabi/lib/armv7-m\libc.a(lib_a-isattyr.o)
                0x0040b52c                _isatty_r
 .text._lseek_r
                0x0040b550       0x28 c:/program files (x86)/atmel/atmel toolchain/arm gcc/native/4.8.1443/arm-gnu-toolchain/bin/../lib/gcc/arm-none-eabi/4.8.4/../../../../arm-none-eabi/lib/armv7-m\libc.a(lib_a-lseekr.o)
                0x0040b550                _lseek_r
 .text._read_r  0x0040b578       0x28 c:/program files (x86)/atmel/atmel toolchain/arm gcc/native/4.8.1443/arm-gnu-toolchain/bin/../lib/gcc/arm-none-eabi/4.8.4/../../../../arm-none-eabi/lib/armv7-m\libc.a(lib_a-readr.o)
                0x0040b578                _read_r
 .text          0x0040b5a0       0x2c c:/program files (x86)/atmel/atmel toolchain/arm gcc/native/4.8.1443/arm-gnu-toolchain/bin/../lib/gcc/arm-none-eabi/4.8.4/armv7-m\libgcc.a(_aeabi_uldivmod.o)
                0x0040b5a0                __aeabi_uldivmod
 .text          0x0040b5cc       0x60 c:/program files (x86)/atmel/atmel toolchain/arm gcc/native/4.8.1443/arm-gnu-toolchain/bin/../lib/gcc/arm-none-eabi/4.8.4/armv7-m\libgcc.a(bpabi.o)
                0x0040b5cc                __gnu_ldivmod_helper
                0x0040b5fc                __gnu_uldivmod_helper
 .text          0x0040b62c        0x4 c:/program files (x86)/atmel/atmel toolchain/arm gcc/native/4.8.1443/arm-gnu-toolchain/bin/../lib/gcc/arm-none-eabi/4.8.4/armv7-m\libgcc.a(_dvmd_tls.o)
                0x0040b62c                __aeabi_idiv0
                0x0040b62c                __aeabi_ldiv0
 .text          0x0040b630      0x2a0 c:/program files (x86)/atmel/atmel toolchain/arm gcc/native/4.8.1443/arm-gnu-toolchain/bin/../lib/gcc/arm-none-eabi/4.8.4/armv7-m\libgcc.a(_divdi3.o)
                0x0040b630                __divdi3
 .text          0x0040b8d0      0x290 c:/program files (x86)/atmel/atmel toolchain/arm gcc/native/4.8.1443/arm-gnu-toolchain/bin/../lib/gcc/arm-none-eabi/4.8.4/armv7-m\libgcc.a(_udivdi3.o)
                0x0040b8d0                __udivdi3
 *(.glue_7t)
 .glue_7t       0x00000000        0x0 linker stubs
 *(.glue_7)
 .glue_7        0x00000000        0x0 linker stubs
 *(.rodata .rodata* .gnu.linkonce.r.*)
 .rodata.str1.1
                0x0040bb60       0x5d src/LCD.o
 .rodata.str1.1
                0x0040bbbd       0x8a src/UART_Comm.o
 *fill*         0x0040bc47        0x1 
 .rodata.all_twi_definitions
                0x0040bc48       0x10 src/ASF/common/services/freertos/sam/freertos_twi_master.o
 .rodata.null_dma_control
                0x0040bc58        0x8 src/ASF/common/services/freertos/sam/freertos_twi_master.o
 .rodata.all_uart_definitions
                0x0040bc60       0x10 src/ASF/common/services/freertos/sam/freertos_uart_serial.o
 .rodata.LED_DESCRIPTOR
                0x0040bc70       0x20 src/ASF/sam/boards/sam3n_ek/led.o
 .rodata.p_uc_charset10x14
                0x0040bc90      0x780 src/ASF/sam/components/display/ili9225/ili9225.o
                0x0040bc90                p_uc_charset10x14
 .rodata.str1.1
                0x0040c410       0x17 src/ASF/thirdparty/freertos/freertos-7.3.0/source/tasks.o
                                 0x1a (size before relaxing)
 .rodata.str1.1
                0x0040c427        0x8 src/ASF/thirdparty/freertos/freertos-7.3.0/source/timers.o
 *fill*         0x0040c42f        0x1 
 .rodata        0x0040c430       0x10 src/IMU.o
 .rodata.offsetAcel
                0x0040c440        0xc src/IMU.o
 .rodata.offsetGyro
                0x0040c44c        0xc src/IMU.o
 .rodata.str1.1
                0x0040c458       0x3c src/IMU.o
 .rodata.str1.1
                0x0040c494       0xbb src/main.o
 *fill*         0x0040c54f        0x1 
 .rodata.npio2_hw
                0x0040c550       0x80 c:/program files (x86)/atmel/atmel toolchain/arm gcc/native/4.8.1443/arm-gnu-toolchain/bin/../lib/gcc/arm-none-eabi/4.8.4/../../../../arm-none-eabi/lib/armv7-m\libm.a(lib_a-e_rem_pio2.o)
 .rodata.two_over_pi
                0x0040c5d0      0x108 c:/program files (x86)/atmel/atmel toolchain/arm gcc/native/4.8.1443/arm-gnu-toolchain/bin/../lib/gcc/arm-none-eabi/4.8.4/../../../../arm-none-eabi/lib/armv7-m\libm.a(lib_a-e_rem_pio2.o)
 .rodata.init_jk
                0x0040c6d8       0x10 c:/program files (x86)/atmel/atmel toolchain/arm gcc/native/4.8.1443/arm-gnu-toolchain/bin/../lib/gcc/arm-none-eabi/4.8.4/../../../../arm-none-eabi/lib/armv7-m\libm.a(lib_a-k_rem_pio2.o)
 .rodata.PIo2   0x0040c6e8       0x40 c:/program files (x86)/atmel/atmel toolchain/arm gcc/native/4.8.1443/arm-gnu-toolchain/bin/../lib/gcc/arm-none-eabi/4.8.4/../../../../arm-none-eabi/lib/armv7-m\libm.a(lib_a-k_rem_pio2.o)
 .rodata.str1.4
                0x0040c728        0x2 c:/program files (x86)/atmel/atmel toolchain/arm gcc/native/4.8.1443/arm-gnu-toolchain/bin/../lib/gcc/arm-none-eabi/4.8.4/../../../../arm-none-eabi/lib/armv7-m\libc.a(lib_a-impure.o)
                                  0x4 (size before relaxing)
 *fill*         0x0040c72a        0x2 
 .rodata._global_impure_ptr
                0x0040c72c        0x4 c:/program files (x86)/atmel/atmel toolchain/arm gcc/native/4.8.1443/arm-gnu-toolchain/bin/../lib/gcc/arm-none-eabi/4.8.4/../../../../arm-none-eabi/lib/armv7-m\libc.a(lib_a-impure.o)
                0x0040c72c                _global_impure_ptr
 .rodata.zeroes.6763
                0x0040c730       0x10 c:/program files (x86)/atmel/atmel toolchain/arm gcc/native/4.8.1443/arm-gnu-toolchain/bin/../lib/gcc/arm-none-eabi/4.8.4/../../../../arm-none-eabi/lib/armv7-m\libc.a(lib_a-svfprintf.o)
 .rodata.str1.4
                0x0040c740       0x42 c:/program files (x86)/atmel/atmel toolchain/arm gcc/native/4.8.1443/arm-gnu-toolchain/bin/../lib/gcc/arm-none-eabi/4.8.4/../../../../arm-none-eabi/lib/armv7-m\libc.a(lib_a-svfprintf.o)
                                 0x44 (size before relaxing)
 *fill*         0x0040c782        0x2 
 .rodata.blanks.6762
                0x0040c784       0x10 c:/program files (x86)/atmel/atmel toolchain/arm gcc/native/4.8.1443/arm-gnu-toolchain/bin/../lib/gcc/arm-none-eabi/4.8.4/../../../../arm-none-eabi/lib/armv7-m\libc.a(lib_a-svfprintf.o)
 .rodata.str1.4
                0x00000000       0x30 c:/program files (x86)/atmel/atmel toolchain/arm gcc/native/4.8.1443/arm-gnu-toolchain/bin/../lib/gcc/arm-none-eabi/4.8.4/../../../../arm-none-eabi/lib/armv7-m\libc.a(lib_a-vfiprintf.o)
 .rodata.zeroes.6721
                0x0040c794       0x10 c:/program files (x86)/atmel/atmel toolchain/arm gcc/native/4.8.1443/arm-gnu-toolchain/bin/../lib/gcc/arm-none-eabi/4.8.4/../../../../arm-none-eabi/lib/armv7-m\libc.a(lib_a-vfiprintf.o)
 .rodata.blanks.6720
                0x0040c7a4       0x10 c:/program files (x86)/atmel/atmel toolchain/arm gcc/native/4.8.1443/arm-gnu-toolchain/bin/../lib/gcc/arm-none-eabi/4.8.4/../../../../arm-none-eabi/lib/armv7-m\libc.a(lib_a-vfiprintf.o)
 .rodata.str1.4
                0x0040c7b4       0x10 c:/program files (x86)/atmel/atmel toolchain/arm gcc/native/4.8.1443/arm-gnu-toolchain/bin/../lib/gcc/arm-none-eabi/4.8.4/../../../../arm-none-eabi/lib/armv7-m\libc.a(lib_a-dtoa.o)
                                 0x14 (size before relaxing)
 .rodata.str1.4
                0x0040c7c4        0xc c:/program files (x86)/atmel/atmel toolchain/arm gcc/native/4.8.1443/arm-gnu-toolchain/bin/../lib/gcc/arm-none-eabi/4.8.4/../../../../arm-none-eabi/lib/armv7-m\libc.a(lib_a-locale.o)
                                 0x14 (size before relaxing)
 .rodata.__mprec_tens
                0x0040c7d0       0xc8 c:/program files (x86)/atmel/atmel toolchain/arm gcc/native/4.8.1443/arm-gnu-toolchain/bin/../lib/gcc/arm-none-eabi/4.8.4/../../../../arm-none-eabi/lib/armv7-m\libc.a(lib_a-mprec.o)
                0x0040c7d0                __mprec_tens
 .rodata.__mprec_bigtens
                0x0040c898       0x28 c:/program files (x86)/atmel/atmel toolchain/arm gcc/native/4.8.1443/arm-gnu-toolchain/bin/../lib/gcc/arm-none-eabi/4.8.4/../../../../arm-none-eabi/lib/armv7-m\libc.a(lib_a-mprec.o)
                0x0040c898                __mprec_bigtens
 .rodata.p05.5269
                0x0040c8c0        0xc c:/program files (x86)/atmel/atmel toolchain/arm gcc/native/4.8.1443/arm-gnu-toolchain/bin/../lib/gcc/arm-none-eabi/4.8.4/../../../../arm-none-eabi/lib/armv7-m\libc.a(lib_a-mprec.o)
 *(.ARM.extab* .gnu.linkonce.armextab.*)
                0x0040c8cc                . = ALIGN (0x4)
 *(.init)
 .init          0x0040c8cc        0x4 c:/program files (x86)/atmel/atmel toolchain/arm gcc/native/4.8.1443/arm-gnu-toolchain/bin/../lib/gcc/arm-none-eabi/4.8.4/armv7-m/crti.o
                0x0040c8cc                _init
 .init          0x0040c8d0        0x8 c:/program files (x86)/atmel/atmel toolchain/arm gcc/native/4.8.1443/arm-gnu-toolchain/bin/../lib/gcc/arm-none-eabi/4.8.4/armv7-m/crtn.o
                0x0040c8d8                . = ALIGN (0x4)
                0x0040c8d8                __preinit_array_start = .
 *(.preinit_array)
                0x0040c8d8                __preinit_array_end = .
                0x0040c8d8                . = ALIGN (0x4)
                0x0040c8d8                __init_array_start = .
 *(SORT(.init_array.*))
 .init_array.00000
                0x0040c8d8        0x4 c:/program files (x86)/atmel/atmel toolchain/arm gcc/native/4.8.1443/arm-gnu-toolchain/bin/../lib/gcc/arm-none-eabi/4.8.4/../../../../arm-none-eabi/lib/armv7-m\libc.a(lib_a-__call_atexit.o)
 *(.init_array)
 .init_array    0x0040c8dc        0x4 c:/program files (x86)/atmel/atmel toolchain/arm gcc/native/4.8.1443/arm-gnu-toolchain/bin/../lib/gcc/arm-none-eabi/4.8.4/armv7-m/crtbegin.o
                0x0040c8e0                __init_array_end = .
                0x0040c8e0                . = ALIGN (0x4)
 *crtbegin.o(.ctors)
 *(EXCLUDE_FILE(*crtend.o) .ctors)
 *(SORT(.ctors.*))
 *crtend.o(.ctors)
                0x0040c8e0                . = ALIGN (0x4)
 *(.fini)
 .fini          0x0040c8e0        0x4 c:/program files (x86)/atmel/atmel toolchain/arm gcc/native/4.8.1443/arm-gnu-toolchain/bin/../lib/gcc/arm-none-eabi/4.8.4/armv7-m/crti.o
                0x0040c8e0                _fini
 .fini          0x0040c8e4        0x8 c:/program files (x86)/atmel/atmel toolchain/arm gcc/native/4.8.1443/arm-gnu-toolchain/bin/../lib/gcc/arm-none-eabi/4.8.4/armv7-m/crtn.o
                0x0040c8ec                . = ALIGN (0x4)
                0x0040c8ec                __fini_array_start = .
 *(.fini_array)
 .fini_array    0x0040c8ec        0x4 c:/program files (x86)/atmel/atmel toolchain/arm gcc/native/4.8.1443/arm-gnu-toolchain/bin/../lib/gcc/arm-none-eabi/4.8.4/armv7-m/crtbegin.o
 *(SORT(.fini_array.*))
                0x0040c8f0                __fini_array_end = .
 *crtbegin.o(.dtors)
 *(EXCLUDE_FILE(*crtend.o) .dtors)
 *(SORT(.dtors.*))
 *crtend.o(.dtors)
                0x0040c8f0                . = ALIGN (0x4)
                0x0040c8f0                _efixed = .
                0x0040c8f0                PROVIDE (__exidx_start, .)

.vfp11_veneer   0x0040c8f0        0x0
 .vfp11_veneer  0x00000000        0x0 linker stubs

.v4_bx          0x0040c8f0        0x0
 .v4_bx         0x00000000        0x0 linker stubs

.iplt           0x0040c8f0        0x0
 .iplt          0x00000000        0x0 c:/program files (x86)/atmel/atmel toolchain/arm gcc/native/4.8.1443/arm-gnu-toolchain/bin/../lib/gcc/arm-none-eabi/4.8.4/armv7-m/crtbegin.o

.ARM.exidx      0x0040c8f0        0x8
 *(.ARM.exidx* .gnu.linkonce.armexidx.*)
 .ARM.exidx     0x0040c8f0        0x8 c:/program files (x86)/atmel/atmel toolchain/arm gcc/native/4.8.1443/arm-gnu-toolchain/bin/../lib/gcc/arm-none-eabi/4.8.4/armv7-m\libgcc.a(_divdi3.o)
 .ARM.exidx     0x0040c8f8        0x0 c:/program files (x86)/atmel/atmel toolchain/arm gcc/native/4.8.1443/arm-gnu-toolchain/bin/../lib/gcc/arm-none-eabi/4.8.4/armv7-m\libgcc.a(_udivdi3.o)
                                  0x8 (size before relaxing)
                0x0040c8f8                PROVIDE (__exidx_end, .)

.eh_frame       0x0040c8f8        0x0
 .eh_frame      0x0040c8f8        0x0 c:/program files (x86)/atmel/atmel toolchain/arm gcc/native/4.8.1443/arm-gnu-toolchain/bin/../lib/gcc/arm-none-eabi/4.8.4/armv7-m/crtbegin.o

.rel.dyn        0x0040c8f8        0x0
 .rel.iplt      0x00000000        0x0 c:/program files (x86)/atmel/atmel toolchain/arm gcc/native/4.8.1443/arm-gnu-toolchain/bin/../lib/gcc/arm-none-eabi/4.8.4/armv7-m/crtbegin.o

.jcr            0x0040c8f8        0x0
 .jcr           0x0040c8f8        0x0 c:/program files (x86)/atmel/atmel toolchain/arm gcc/native/4.8.1443/arm-gnu-toolchain/bin/../lib/gcc/arm-none-eabi/4.8.4/armv7-m/crtbegin.o

.igot.plt       0x0040c8f8        0x0
 .igot.plt      0x00000000        0x0 c:/program files (x86)/atmel/atmel toolchain/arm gcc/native/4.8.1443/arm-gnu-toolchain/bin/../lib/gcc/arm-none-eabi/4.8.4/armv7-m/crtbegin.o
                0x0040c8f8                . = ALIGN (0x4)
                0x0040c8f8                _etext = .

.relocate       0x20000000      0x97c load address 0x0040c8f8
                0x20000000                . = ALIGN (0x4)
                0x20000000                _srelocate = .
 *(.ramfunc .ramfunc.*)
 .ramfunc       0x20000000       0xc4 src/ASF/sam/utils/cmsis/sam3n/source/templates/system_sam3n.o
                0x20000000                SystemInit
                0x20000088                system_init_flash
 *(.data .data.*)
 .data.sizeRecBuf
                0x200000c4        0x4 src/UART_Comm.o
                0x200000c4                sizeRecBuf
 .data.SystemCoreClock
                0x200000c8        0x4 src/ASF/sam/utils/cmsis/sam3n/source/templates/system_sam3n.o
                0x200000c8                SystemCoreClock
 .data.uxCriticalNesting
                0x200000cc        0x4 src/ASF/thirdparty/freertos/freertos-7.3.0/source/portable/gcc/sam/port.o
 .data.xFreeBytesRemaining
                0x200000d0        0x4 src/ASF/thirdparty/freertos/freertos-7.3.0/source/portable/memmang/heap_4.o
 .data.xNextTaskUnblockTime
                0x200000d4        0x4 src/ASF/thirdparty/freertos/freertos-7.3.0/source/tasks.o
 .data.configBWRate
                0x200000d8        0x1 src/IMU.o
                0x200000d8                configBWRate
 *fill*         0x200000d9        0x7 
 .data.impure_data
                0x200000e0      0x428 c:/program files (x86)/atmel/atmel toolchain/arm gcc/native/4.8.1443/arm-gnu-toolchain/bin/../lib/gcc/arm-none-eabi/4.8.4/../../../../arm-none-eabi/lib/armv7-m\libc.a(lib_a-impure.o)
 .data._impure_ptr
                0x20000508        0x4 c:/program files (x86)/atmel/atmel toolchain/arm gcc/native/4.8.1443/arm-gnu-toolchain/bin/../lib/gcc/arm-none-eabi/4.8.4/../../../../arm-none-eabi/lib/armv7-m\libc.a(lib_a-impure.o)
                0x20000508                _impure_ptr
 .data.__malloc_av_
                0x2000050c      0x408 c:/program files (x86)/atmel/atmel toolchain/arm gcc/native/4.8.1443/arm-gnu-toolchain/bin/../lib/gcc/arm-none-eabi/4.8.4/../../../../arm-none-eabi/lib/armv7-m\libc.a(lib_a-mallocr.o)
                0x2000050c                __malloc_av_
 .data.__malloc_trim_threshold
                0x20000914        0x4 c:/program files (x86)/atmel/atmel toolchain/arm gcc/native/4.8.1443/arm-gnu-toolchain/bin/../lib/gcc/arm-none-eabi/4.8.4/../../../../arm-none-eabi/lib/armv7-m\libc.a(lib_a-mallocr.o)
                0x20000914                __malloc_trim_threshold
 .data.__malloc_sbrk_base
                0x20000918        0x4 c:/program files (x86)/atmel/atmel toolchain/arm gcc/native/4.8.1443/arm-gnu-toolchain/bin/../lib/gcc/arm-none-eabi/4.8.4/../../../../arm-none-eabi/lib/armv7-m\libc.a(lib_a-mallocr.o)
                0x20000918                __malloc_sbrk_base
 .data.lconv    0x2000091c       0x38 c:/program files (x86)/atmel/atmel toolchain/arm gcc/native/4.8.1443/arm-gnu-toolchain/bin/../lib/gcc/arm-none-eabi/4.8.4/../../../../arm-none-eabi/lib/armv7-m\libc.a(lib_a-locale.o)
 .data.lc_ctype_charset
                0x20000954       0x20 c:/program files (x86)/atmel/atmel toolchain/arm gcc/native/4.8.1443/arm-gnu-toolchain/bin/../lib/gcc/arm-none-eabi/4.8.4/../../../../arm-none-eabi/lib/armv7-m\libc.a(lib_a-locale.o)
 .data.__mb_cur_max
                0x20000974        0x4 c:/program files (x86)/atmel/atmel toolchain/arm gcc/native/4.8.1443/arm-gnu-toolchain/bin/../lib/gcc/arm-none-eabi/4.8.4/../../../../arm-none-eabi/lib/armv7-m\libc.a(lib_a-locale.o)
                0x20000974                __mb_cur_max
 .data.__wctomb
                0x20000978        0x4 c:/program files (x86)/atmel/atmel toolchain/arm gcc/native/4.8.1443/arm-gnu-toolchain/bin/../lib/gcc/arm-none-eabi/4.8.4/../../../../arm-none-eabi/lib/armv7-m\libc.a(lib_a-wctomb_r.o)
                0x20000978                __wctomb
                0x2000097c                . = ALIGN (0x4)
                0x2000097c                _erelocate = .

.bss            0x20000980     0x35a4 load address 0x0040d278
                0x20000980                . = ALIGN (0x4)
                0x20000980                _sbss = .
                0x20000980                _szero = .
 *(.bss .bss.*)
 .bss           0x20000980       0x1c c:/program files (x86)/atmel/atmel toolchain/arm gcc/native/4.8.1443/arm-gnu-toolchain/bin/../lib/gcc/arm-none-eabi/4.8.4/armv7-m/crtbegin.o
 .bss.rx_dma_control
                0x2000099c        0x8 src/ASF/common/services/freertos/sam/freertos_twi_master.o
 .bss.twis      0x200009a4        0x8 src/ASF/common/services/freertos/sam/freertos_twi_master.o
 .bss.tx_dma_control
                0x200009ac        0x8 src/ASF/common/services/freertos/sam/freertos_twi_master.o
 .bss.rx_buffer_definitions
                0x200009b4       0x1c src/ASF/common/services/freertos/sam/freertos_uart_serial.o
 .bss.tx_dma_control
                0x200009d0        0x8 src/ASF/common/services/freertos/sam/freertos_uart_serial.o
 .bss.g_ul_pixel_cache
                0x200009d8      0x160 src/ASF/sam/components/display/ili9225/ili9225.o
 .bss.g_by_transfend_flag
                0x20000b38        0x1 src/ASF/sam/components/display/ili9225/ili9225.o
 *fill*         0x20000b39        0x3 
 .bss.gs_ul_nb_sources
                0x20000b3c        0x4 src/ASF/sam/drivers/pio/pio_handler.o
 .bss.gs_interrupt_sources
                0x20000b40       0x70 src/ASF/sam/drivers/pio/pio_handler.o
 .bss.heap.5098
                0x20000bb0        0x4 src/ASF/sam/utils/syscalls/gcc/syscalls.o
 *fill*         0x20000bb4        0x4 
 .bss.xHeap     0x20000bb8     0x30f0 src/ASF/thirdparty/freertos/freertos-7.3.0/source/portable/memmang/heap_4.o
 .bss.pxEnd     0x20003ca8        0x4 src/ASF/thirdparty/freertos/freertos-7.3.0/source/portable/memmang/heap_4.o
 .bss.xStart    0x20003cac        0x8 src/ASF/thirdparty/freertos/freertos-7.3.0/source/portable/memmang/heap_4.o
 .bss.uxMissedTicks
                0x20003cb4        0x4 src/ASF/thirdparty/freertos/freertos-7.3.0/source/tasks.o
 .bss.xSuspendedTaskList
                0x20003cb8       0x14 src/ASF/thirdparty/freertos/freertos-7.3.0/source/tasks.o
 .bss.pxDelayedTaskList
                0x20003ccc        0x4 src/ASF/thirdparty/freertos/freertos-7.3.0/source/tasks.o
 .bss.xSchedulerRunning
                0x20003cd0        0x4 src/ASF/thirdparty/freertos/freertos-7.3.0/source/tasks.o
 .bss.uxTasksDeleted
                0x20003cd4        0x4 src/ASF/thirdparty/freertos/freertos-7.3.0/source/tasks.o
 .bss.xTasksWaitingTermination
                0x20003cd8       0x14 src/ASF/thirdparty/freertos/freertos-7.3.0/source/tasks.o
 .bss.xTickCount
                0x20003cec        0x4 src/ASF/thirdparty/freertos/freertos-7.3.0/source/tasks.o
 .bss.uxTopReadyPriority
                0x20003cf0        0x4 src/ASF/thirdparty/freertos/freertos-7.3.0/source/tasks.o
 .bss.pxReadyTasksLists
                0x20003cf4       0x78 src/ASF/thirdparty/freertos/freertos-7.3.0/source/tasks.o
 .bss.xNumOfOverflows
                0x20003d6c        0x4 src/ASF/thirdparty/freertos/freertos-7.3.0/source/tasks.o
 .bss.pxCurrentTCB
                0x20003d70        0x4 src/ASF/thirdparty/freertos/freertos-7.3.0/source/tasks.o
                0x20003d70                pxCurrentTCB
 .bss.xPendingReadyList
                0x20003d74       0x14 src/ASF/thirdparty/freertos/freertos-7.3.0/source/tasks.o
 .bss.uxSchedulerSuspended
                0x20003d88        0x4 src/ASF/thirdparty/freertos/freertos-7.3.0/source/tasks.o
 .bss.pxOverflowDelayedTaskList
                0x20003d8c        0x4 src/ASF/thirdparty/freertos/freertos-7.3.0/source/tasks.o
 .bss.xDelayedTaskList2
                0x20003d90       0x14 src/ASF/thirdparty/freertos/freertos-7.3.0/source/tasks.o
 .bss.uxTaskNumber
                0x20003da4        0x4 src/ASF/thirdparty/freertos/freertos-7.3.0/source/tasks.o
 .bss.xDelayedTaskList1
                0x20003da8       0x14 src/ASF/thirdparty/freertos/freertos-7.3.0/source/tasks.o
 .bss.xMissedYield
                0x20003dbc        0x4 src/ASF/thirdparty/freertos/freertos-7.3.0/source/tasks.o
 .bss.uxCurrentNumberOfTasks
                0x20003dc0        0x4 src/ASF/thirdparty/freertos/freertos-7.3.0/source/tasks.o
 .bss.uxTopUsedPriority
                0x20003dc4        0x4 src/ASF/thirdparty/freertos/freertos-7.3.0/source/tasks.o
 .bss.pxCurrentTimerList
                0x20003dc8        0x4 src/ASF/thirdparty/freertos/freertos-7.3.0/source/timers.o
 .bss.xActiveTimerList1
                0x20003dcc       0x14 src/ASF/thirdparty/freertos/freertos-7.3.0/source/timers.o
 .bss.xActiveTimerList2
                0x20003de0       0x14 src/ASF/thirdparty/freertos/freertos-7.3.0/source/timers.o
 .bss.xLastTime.4487
                0x20003df4        0x4 src/ASF/thirdparty/freertos/freertos-7.3.0/source/timers.o
 .bss.xTimerQueue
                0x20003df8        0x4 src/ASF/thirdparty/freertos/freertos-7.3.0/source/timers.o
 .bss.pxOverflowTimerList
                0x20003dfc        0x4 src/ASF/thirdparty/freertos/freertos-7.3.0/source/timers.o
 .bss.__malloc_max_total_mem
                0x20003e00        0x4 c:/program files (x86)/atmel/atmel toolchain/arm gcc/native/4.8.1443/arm-gnu-toolchain/bin/../lib/gcc/arm-none-eabi/4.8.4/../../../../arm-none-eabi/lib/armv7-m\libc.a(lib_a-mallocr.o)
                0x20003e00                __malloc_max_total_mem
 .bss.__malloc_max_sbrked_mem
                0x20003e04        0x4 c:/program files (x86)/atmel/atmel toolchain/arm gcc/native/4.8.1443/arm-gnu-toolchain/bin/../lib/gcc/arm-none-eabi/4.8.4/../../../../arm-none-eabi/lib/armv7-m\libc.a(lib_a-mallocr.o)
                0x20003e04                __malloc_max_sbrked_mem
 .bss.__malloc_top_pad
                0x20003e08        0x4 c:/program files (x86)/atmel/atmel toolchain/arm gcc/native/4.8.1443/arm-gnu-toolchain/bin/../lib/gcc/arm-none-eabi/4.8.4/../../../../arm-none-eabi/lib/armv7-m\libc.a(lib_a-mallocr.o)
                0x20003e08                __malloc_top_pad
 .bss.__malloc_current_mallinfo
                0x20003e0c       0x28 c:/program files (x86)/atmel/atmel toolchain/arm gcc/native/4.8.1443/arm-gnu-toolchain/bin/../lib/gcc/arm-none-eabi/4.8.4/../../../../arm-none-eabi/lib/armv7-m\libc.a(lib_a-mallocr.o)
                0x20003e0c                __malloc_current_mallinfo
 *(COMMON)
 COMMON         0x20003e34       0x38 src/LCD.o
                0x20003e34                xQueueAngle
                0x20003e40                xQueueGyro
                0x20003e4c                xseIMUValues
                0x20003e50                xQueueAcel
                0x20003e5c                g_ili9225_display_opt
 COMMON         0x20003e6c       0x54 src/UART_Comm.o
                0x20003e6c                xMux
                0x20003e70                recBuf
                0x20003ea4                xQueueUARTGyro
                0x20003eb0                freertos_uart
                0x20003eb4                xQueueUARTAcel
 COMMON         0x20003ec0        0x4 src/ASF/common/utils/stdio/read.o
                0x20003ec0                ptr_get
 COMMON         0x20003ec4        0x8 src/ASF/common/utils/stdio/write.o
                0x20003ec4                ptr_put
                0x20003ec8                stdio_base
 *fill*         0x20003ecc        0x4 
 COMMON         0x20003ed0       0x4c src/IMU.o
                0x20003ed0                freertos_twi
                0x20003ed4                xseIMU
                0x20003ed8                xSemIMUInt
                0x20003edc                buffer
                0x20003f10                dt
                0x20003f18                xTimerIMU
 COMMON         0x20003f1c        0x4 src/main.o
                0x20003f1c                xseMonitor
 COMMON         0x20003f20        0x4 c:/program files (x86)/atmel/atmel toolchain/arm gcc/native/4.8.1443/arm-gnu-toolchain/bin/../lib/gcc/arm-none-eabi/4.8.4/../../../../arm-none-eabi/lib/armv7-m\libc.a(lib_a-reent.o)
                0x20003f20                errno
                0x20003f24                . = ALIGN (0x4)
                0x20003f24                _ebss = .
                0x20003f24                _ezero = .

.stack          0x20003f24      0x804 load address 0x0041081c
                0x20003f28                . = ALIGN (0x8)
 *fill*         0x20003f24        0x4 
                0x20003f28                _sstack = .
                0x20004728                . = (. + __stack_size__)
 *fill*         0x20003f28      0x800 
                0x20004728                . = ALIGN (0x8)
                0x20004728                _estack = .
                0x20004728                . = ALIGN (0x4)
                0x20004728                _end = .
OUTPUT(IMU_FreeRTOS.elf elf32-littlearm)

.ARM.attributes
                0x00000000       0x29
 .ARM.attributes
                0x00000000       0x1d c:/program files (x86)/atmel/atmel toolchain/arm gcc/native/4.8.1443/arm-gnu-toolchain/bin/../lib/gcc/arm-none-eabi/4.8.4/armv7-m/crti.o
 .ARM.attributes
                0x0000001d       0x2d c:/program files (x86)/atmel/atmel toolchain/arm gcc/native/4.8.1443/arm-gnu-toolchain/bin/../lib/gcc/arm-none-eabi/4.8.4/armv7-m/crtbegin.o
 .ARM.attributes
                0x0000004a       0x33 src/LCD.o
 .ARM.attributes
                0x0000007d       0x33 src/UART_Comm.o
 .ARM.attributes
                0x000000b0       0x33 src/ASF/common/services/clock/sam3n/sysclk.o
 .ARM.attributes
                0x000000e3       0x33 src/ASF/common/services/freertos/sam/freertos_peripheral_control.o
 .ARM.attributes
                0x00000116       0x33 src/ASF/common/services/freertos/sam/freertos_twi_master.o
 .ARM.attributes
                0x00000149       0x33 src/ASF/common/services/freertos/sam/freertos_uart_serial.o
 .ARM.attributes
                0x0000017c       0x33 src/ASF/common/services/spi/sam_spi/spi_master.o
 .ARM.attributes
                0x000001af       0x33 src/ASF/common/utils/stdio/read.o
 .ARM.attributes
                0x000001e2       0x33 src/ASF/common/utils/stdio/write.o
 .ARM.attributes
                0x00000215       0x33 src/ASF/sam/boards/sam3n_ek/init.o
 .ARM.attributes
                0x00000248       0x33 src/ASF/sam/boards/sam3n_ek/led.o
 .ARM.attributes
                0x0000027b       0x33 src/ASF/sam/components/display/aat31xx/aat31xx.o
 .ARM.attributes
                0x000002ae       0x33 src/ASF/sam/components/display/ili9225/ili9225.o
 .ARM.attributes
                0x000002e1       0x33 src/ASF/sam/drivers/pdc/pdc.o
 .ARM.attributes
                0x00000314       0x33 src/ASF/sam/drivers/pio/pio.o
 .ARM.attributes
                0x00000347       0x33 src/ASF/sam/drivers/pio/pio_handler.o
 .ARM.attributes
                0x0000037a       0x33 src/ASF/sam/drivers/pmc/pmc.o
 .ARM.attributes
                0x000003ad       0x33 src/ASF/sam/drivers/spi/spi.o
 .ARM.attributes
                0x000003e0       0x33 src/ASF/sam/drivers/twi/twi.o
 .ARM.attributes
                0x00000413       0x33 src/ASF/sam/drivers/uart/uart.o
 .ARM.attributes
                0x00000446       0x33 src/ASF/sam/drivers/usart/usart.o
 .ARM.attributes
                0x00000479       0x33 src/ASF/sam/utils/cmsis/sam3n/source/templates/exceptions.o
 .ARM.attributes
                0x000004ac       0x33 src/ASF/sam/utils/cmsis/sam3n/source/templates/gcc/startup_sam3n.o
 .ARM.attributes
                0x000004df       0x33 src/ASF/sam/utils/cmsis/sam3n/source/templates/system_sam3n.o
 .ARM.attributes
                0x00000512       0x33 src/ASF/sam/utils/syscalls/gcc/syscalls.o
 .ARM.attributes
                0x00000545       0x33 src/ASF/thirdparty/freertos/freertos-7.3.0/source/list.o
 .ARM.attributes
                0x00000578       0x33 src/ASF/thirdparty/freertos/freertos-7.3.0/source/portable/gcc/sam/port.o
 .ARM.attributes
                0x000005ab       0x33 src/ASF/thirdparty/freertos/freertos-7.3.0/source/portable/memmang/heap_4.o
 .ARM.attributes
                0x000005de       0x33 src/ASF/thirdparty/freertos/freertos-7.3.0/source/queue.o
 .ARM.attributes
                0x00000611       0x33 src/ASF/thirdparty/freertos/freertos-7.3.0/source/tasks.o
 .ARM.attributes
                0x00000644       0x33 src/ASF/thirdparty/freertos/freertos-7.3.0/source/timers.o
 .ARM.attributes
                0x00000677       0x33 src/IMU.o
 .ARM.attributes
                0x000006aa       0x33 src/main.o
 .ARM.attributes
                0x000006dd       0x2d c:/program files (x86)/atmel/atmel toolchain/arm gcc/native/4.8.1443/arm-gnu-toolchain/bin/../lib/gcc/arm-none-eabi/4.8.4/../../../../arm-none-eabi/lib/armv7-m\libm.a(lib_a-s_sin.o)
 .ARM.attributes
                0x0000070a       0x2d c:/program files (x86)/atmel/atmel toolchain/arm gcc/native/4.8.1443/arm-gnu-toolchain/bin/../lib/gcc/arm-none-eabi/4.8.4/../../../../arm-none-eabi/lib/armv7-m\libm.a(lib_a-e_rem_pio2.o)
 .ARM.attributes
                0x00000737       0x2d c:/program files (x86)/atmel/atmel toolchain/arm gcc/native/4.8.1443/arm-gnu-toolchain/bin/../lib/gcc/arm-none-eabi/4.8.4/../../../../arm-none-eabi/lib/armv7-m\libm.a(lib_a-k_cos.o)
 .ARM.attributes
                0x00000764       0x2d c:/program files (x86)/atmel/atmel toolchain/arm gcc/native/4.8.1443/arm-gnu-toolchain/bin/../lib/gcc/arm-none-eabi/4.8.4/../../../../arm-none-eabi/lib/armv7-m\libm.a(lib_a-k_rem_pio2.o)
 .ARM.attributes