Archive member included to satisfy reference by file (symbol)

c:/program files (x86)/atmel/studio/7.0/toolchain/arm/arm-gnu-toolchain/bin/../lib/gcc/arm-none-eabi/5.3.1/../../../../arm-none-eabi/lib/armv7-m\libm.a(lib_a-s_sin.o)
                              src/HAL/HAL_IMU.o (sin)
c:/program files (x86)/atmel/studio/7.0/toolchain/arm/arm-gnu-toolchain/bin/../lib/gcc/arm-none-eabi/5.3.1/../../../../arm-none-eabi/lib/armv7-m\libm.a(lib_a-e_rem_pio2.o)
                              c:/program files (x86)/atmel/studio/7.0/toolchain/arm/arm-gnu-toolchain/bin/../lib/gcc/arm-none-eabi/5.3.1/../../../../arm-none-eabi/lib/armv7-m\libm.a(lib_a-s_sin.o) (__ieee754_rem_pio2)
c:/program files (x86)/atmel/studio/7.0/toolchain/arm/arm-gnu-toolchain/bin/../lib/gcc/arm-none-eabi/5.3.1/../../../../arm-none-eabi/lib/armv7-m\libm.a(lib_a-k_cos.o)
                              c:/program files (x86)/atmel/studio/7.0/toolchain/arm/arm-gnu-toolchain/bin/../lib/gcc/arm-none-eabi/5.3.1/../../../../arm-none-eabi/lib/armv7-m\libm.a(lib_a-s_sin.o) (__kernel_cos)
c:/program files (x86)/atmel/studio/7.0/toolchain/arm/arm-gnu-toolchain/bin/../lib/gcc/arm-none-eabi/5.3.1/../../../../arm-none-eabi/lib/armv7-m\libm.a(lib_a-k_rem_pio2.o)
                              c:/program files (x86)/atmel/studio/7.0/toolchain/arm/arm-gnu-toolchain/bin/../lib/gcc/arm-none-eabi/5.3.1/../../../../arm-none-eabi/lib/armv7-m\libm.a(lib_a-e_rem_pio2.o) (__kernel_rem_pio2)
c:/program files (x86)/atmel/studio/7.0/toolchain/arm/arm-gnu-toolchain/bin/../lib/gcc/arm-none-eabi/5.3.1/../../../../arm-none-eabi/lib/armv7-m\libm.a(lib_a-k_sin.o)
                              c:/program files (x86)/atmel/studio/7.0/toolchain/arm/arm-gnu-toolchain/bin/../lib/gcc/arm-none-eabi/5.3.1/../../../../arm-none-eabi/lib/armv7-m\libm.a(lib_a-s_sin.o) (__kernel_sin)
c:/program files (x86)/atmel/studio/7.0/toolchain/arm/arm-gnu-toolchain/bin/../lib/gcc/arm-none-eabi/5.3.1/../../../../arm-none-eabi/lib/armv7-m\libm.a(lib_a-s_fabs.o)
                              c:/program files (x86)/atmel/studio/7.0/toolchain/arm/arm-gnu-toolchain/bin/../lib/gcc/arm-none-eabi/5.3.1/../../../../arm-none-eabi/lib/armv7-m\libm.a(lib_a-e_rem_pio2.o) (fabs)
c:/program files (x86)/atmel/studio/7.0/toolchain/arm/arm-gnu-toolchain/bin/../lib/gcc/arm-none-eabi/5.3.1/../../../../arm-none-eabi/lib/armv7-m\libm.a(lib_a-s_floor.o)
                              c:/program files (x86)/atmel/studio/7.0/toolchain/arm/arm-gnu-toolchain/bin/../lib/gcc/arm-none-eabi/5.3.1/../../../../arm-none-eabi/lib/armv7-m\libm.a(lib_a-k_rem_pio2.o) (floor)
c:/program files (x86)/atmel/studio/7.0/toolchain/arm/arm-gnu-toolchain/bin/../lib/gcc/arm-none-eabi/5.3.1/../../../../arm-none-eabi/lib/armv7-m\libm.a(lib_a-s_scalbn.o)
                              c:/program files (x86)/atmel/studio/7.0/toolchain/arm/arm-gnu-toolchain/bin/../lib/gcc/arm-none-eabi/5.3.1/../../../../arm-none-eabi/lib/armv7-m\libm.a(lib_a-k_rem_pio2.o) (scalbn)
c:/program files (x86)/atmel/studio/7.0/toolchain/arm/arm-gnu-toolchain/bin/../lib/gcc/arm-none-eabi/5.3.1/../../../../arm-none-eabi/lib/armv7-m\libm.a(lib_a-s_copysign.o)
                              c:/program files (x86)/atmel/studio/7.0/toolchain/arm/arm-gnu-toolchain/bin/../lib/gcc/arm-none-eabi/5.3.1/../../../../arm-none-eabi/lib/armv7-m\libm.a(lib_a-s_scalbn.o) (copysign)
c:/program files (x86)/atmel/studio/7.0/toolchain/arm/arm-gnu-toolchain/bin/../lib/gcc/arm-none-eabi/5.3.1/armv7-m\libgcc.a(_arm_addsubdf3.o)
                              src/Filter/ComplementaryFilter.o (__aeabi_dsub)
c:/program files (x86)/atmel/studio/7.0/toolchain/arm/arm-gnu-toolchain/bin/../lib/gcc/arm-none-eabi/5.3.1/armv7-m\libgcc.a(_arm_muldivdf3.o)
                              src/Filter/ComplementaryFilter.o (__aeabi_dmul)
c:/program files (x86)/atmel/studio/7.0/toolchain/arm/arm-gnu-toolchain/bin/../lib/gcc/arm-none-eabi/5.3.1/armv7-m\libgcc.a(_arm_cmpdf2.o)
                              c:/program files (x86)/atmel/studio/7.0/toolchain/arm/arm-gnu-toolchain/bin/../lib/gcc/arm-none-eabi/5.3.1/../../../../arm-none-eabi/lib/armv7-m\libm.a(lib_a-e_rem_pio2.o) (__aeabi_dcmpeq)
c:/program files (x86)/atmel/studio/7.0/toolchain/arm/arm-gnu-toolchain/bin/../lib/gcc/arm-none-eabi/5.3.1/armv7-m\libgcc.a(_arm_fixdfsi.o)
                              src/HAL/HAL_Encoder.o (__aeabi_d2iz)
c:/program files (x86)/atmel/studio/7.0/toolchain/arm/arm-gnu-toolchain/bin/../lib/gcc/arm-none-eabi/5.3.1/armv7-m\libgcc.a(_arm_truncdfsf2.o)
                              src/HAL/HAL_IMU.o (__aeabi_d2f)
c:/program files (x86)/atmel/studio/7.0/toolchain/arm/arm-gnu-toolchain/bin/../lib/gcc/arm-none-eabi/5.3.1/armv7-m\libgcc.a(_arm_addsubsf3.o)
                              src/HAL/HAL_IMU.o (__aeabi_ui2f)
c:/program files (x86)/atmel/studio/7.0/toolchain/arm/arm-gnu-toolchain/bin/../lib/gcc/arm-none-eabi/5.3.1/armv7-m\libgcc.a(_arm_muldivsf3.o)
                              src/UART_Comm.o (__aeabi_fmul)
[...]
Memory Configuration

Name             Origin             Length             Attributes
rom              0x00400000         0x00040000         xr
ram              0x20000000         0x00006000         xrw
*default*        0x00000000         0xffffffff

Linker script and memory map

LOAD c:/program files (x86)/atmel/studio/7.0/toolchain/arm/arm-gnu-toolchain/bin/../lib/gcc/arm-none-eabi/5.3.1/armv7-m/crti.o
LOAD c:/program files (x86)/atmel/studio/7.0/toolchain/arm/arm-gnu-toolchain/bin/../lib/gcc/arm-none-eabi/5.3.1/armv7-m/crtbegin.o
LOAD c:/program files (x86)/atmel/studio/7.0/toolchain/arm/arm-gnu-toolchain/bin/../lib/gcc/arm-none-eabi/5.3.1/../../../../arm-none-eabi/lib/armv7-m/crt0.o
LOAD src/Commands.o
LOAD src/Filter/ComplementaryFilter.o
LOAD src/Filter/KalmanFilter.o
LOAD src/HAL/HAL_Encoder.o
LOAD src/HAL/HAL_IMU.o
LOAD src/HAL/HAL_UART.o
LOAD src/LCD.o
LOAD src/UART_Comm.o
LOAD src/ASF/common/services/clock/sam3n/sysclk.o
LOAD src/ASF/common/services/freertos/sam/freertos_peripheral_control.o
LOAD src/ASF/common/services/freertos/sam/freertos_twi_master.o
LOAD src/ASF/common/services/freertos/sam/freertos_uart_serial.o
LOAD src/ASF/common/services/serial/usart_serial.o
LOAD src/ASF/common/services/spi/sam_spi/spi_master.o
LOAD src/ASF/common/utils/interrupt/interrupt_sam_nvic.o
LOAD src/ASF/common/utils/stdio/read.o
LOAD src/ASF/common/utils/stdio/write.o
LOAD src/ASF/sam/boards/sam3n_ek/init.o
LOAD src/ASF/sam/boards/sam3n_ek/led.o
LOAD src/ASF/sam/components/display/aat31xx/aat31xx.o
LOAD src/ASF/sam/components/display/ili9225/ili9225.o
LOAD src/ASF/sam/drivers/pdc/pdc.o
LOAD src/ASF/sam/drivers/pio/pio.o
LOAD src/ASF/sam/drivers/pio/pio_handler.o
LOAD src/ASF/sam/drivers/pmc/pmc.o
LOAD src/ASF/sam/drivers/pmc/sleep.o
LOAD src/ASF/sam/drivers/spi/spi.o
LOAD src/ASF/sam/drivers/twi/twi.o
LOAD src/ASF/sam/drivers/uart/uart.o
LOAD src/ASF/sam/drivers/usart/usart.o
LOAD src/ASF/sam/utils/cmsis/sam3n/source/templates/exceptions.o
LOAD src/ASF/sam/utils/cmsis/sam3n/source/templates/gcc/startup_sam3n.o
LOAD src/ASF/sam/utils/cmsis/sam3n/source/templates/system_sam3n.o
LOAD src/ASF/sam/utils/syscalls/gcc/syscalls.o
LOAD src/ASF/thirdparty/freertos/freertos-7.3.0/source/FreeRTOS_CLI.o
LOAD src/ASF/thirdparty/freertos/freertos-7.3.0/source/list.o
LOAD src/ASF/thirdparty/freertos/freertos-7.3.0/source/portable/gcc/sam/port.o
LOAD src/ASF/thirdparty/freertos/freertos-7.3.0/source/portable/memmang/heap_4.o
LOAD src/ASF/thirdparty/freertos/freertos-7.3.0/source/queue.o
LOAD src/ASF/thirdparty/freertos/freertos-7.3.0/source/tasks.o
LOAD src/ASF/thirdparty/freertos/freertos-7.3.0/source/timers.o
LOAD src/IMU.o
LOAD src/main.o
START GROUP
LOAD ../src/ASF/thirdparty/CMSIS/Lib/GCC\libarm_cortexM3l_math.a
LOAD c:/program files (x86)/atmel/studio/7.0/toolchain/arm/arm-gnu-toolchain/bin/../lib/gcc/arm-none-eabi/5.3.1/../../../../arm-none-eabi/lib/armv7-m\libm.a
END GROUP
START GROUP
LOAD c:/program files (x86)/atmel/studio/7.0/toolchain/arm/arm-gnu-toolchain/bin/../lib/gcc/arm-none-eabi/5.3.1/armv7-m\libgcc.a
LOAD c:/program files (x86)/atmel/studio/7.0/toolchain/arm/arm-gnu-toolchain/bin/../lib/gcc/arm-none-eabi/5.3.1/../../../../arm-none-eabi/lib/armv7-m\libc.a
END GROUP
LOAD c:/program files (x86)/atmel/studio/7.0/toolchain/arm/arm-gnu-toolchain/bin/../lib/gcc/arm-none-eabi/5.3.1/armv7-m/crtend.o
LOAD c:/program files (x86)/atmel/studio/7.0/toolchain/arm/arm-gnu-toolchain/bin/../lib/gcc/arm-none-eabi/5.3.1/armv7-m/crtn.o
                0x00000800                __stack_size__ = DEFINED (__stack_size__)?__stack_size__:0x800
                0x20005ffc                __ram_end__ = ((ORIGIN (ram) + LENGTH (ram)) - 0x4)

.text           0x00400000    0x10f60
                0x00400000                . = ALIGN (0x4)
                0x00400000                _sfixed = .
 *(.vectors .vectors.*)
 .vectors       0x00400000       0xc4 src/ASF/sam/utils/cmsis/sam3n/source/templates/gcc/startup_sam3n.o
                0x00400000                exception_table
 *(.text .text.* .gnu.linkonce.t.*)
 .text          0x004000c4       0x5c c:/program files (x86)/atmel/studio/7.0/toolchain/arm/arm-gnu-toolchain/bin/../lib/gcc/arm-none-eabi/5.3.1/armv7-m/crtbegin.o
 .text.isFloat  0x00400120       0x2c src/Commands.o
 .text.cmdToFunc
                0x0040014c       0x2c src/Commands.o
 .text.cUnknowCommand
                0x00400178       0x1c src/Commands.o
                0x00400178                cUnknowCommand
 .text.sendErrorCMD
                0x00400194       0x14 src/Commands.o
                0x00400194                sendErrorCMD
 .text.receiveCMD
                0x004001a8       0xc4 src/Commands.o
                0x004001a8                receiveCMD
 .text.setAlpha
                0x0040026c       0x38 src/Filter/ComplementaryFilter.o
                0x0040026c                setAlpha
 .text.getAlpha
                0x004002a4        0xc src/Filter/ComplementaryFilter.o
                0x004002a4                getAlpha
 .text.initComplFilter
                0x004002b0       0x1c src/Filter/ComplementaryFilter.o
                0x004002b0                initComplFilter
 .text.getComplFilterAngle
                0x004002cc       0x74 src/Filter/ComplementaryFilter.o
                0x004002cc                getComplFilterAngle
 .text.initKalman
                0x00400340       0x70 src/Filter/KalmanFilter.o
                0x00400340                initKalman
 .text.getKalmanAngle
                0x004003b0      0x1e0 src/Filter/KalmanFilter.o
                0x004003b0                getKalmanAngle
 .text.pin_handler
                0x00400590       0x58 src/HAL/HAL_Encoder.o
                0x00400590                pin_handler
 .text.resetCounterEncoder
                0x004005e8       0x1c src/HAL/HAL_Encoder.o
                0x004005e8                resetCounterEncoder
 *fill*         0x00400604        0x4 
 .text.setCounterEncoder
                0x00400608       0x50 src/HAL/HAL_Encoder.o
                0x00400608                setCounterEncoder
 .text.getAngleEncoder
                0x00400658       0x50 src/HAL/HAL_Encoder.o
                0x00400658                getAngleEncoder
 .text.configEncoderPin
                0x004006a8       0xb8 src/HAL/HAL_Encoder.o
                0x004006a8                configEncoderPin
 .text.setOffsetAccel
                0x00400760       0x38 src/HAL/HAL_IMU.o
                0x00400760                setOffsetAccel
 .text.getOffsetAccel
                0x00400798        0xc src/HAL/HAL_IMU.o
                0x00400798                getOffsetAccel
 .text.setOffsetGyro
                0x004007a4       0x38 src/HAL/HAL_IMU.o
                0x004007a4                setOffsetGyro
 .text.getOffsetGyro
                0x004007dc        0xc src/HAL/HAL_IMU.o
                0x004007dc                getOffsetGyro
 .text.getPureAngle
                0x004007e8       0x40 src/HAL/HAL_IMU.o
                0x004007e8                getPureAngle
 .text.itg_write
                0x00400828       0x4c src/HAL/HAL_IMU.o
                0x00400828                itg_write
 .text.itg_read
                0x00400874       0x48 src/HAL/HAL_IMU.o
                0x00400874                itg_read
 .text.getAllGyroValue
                0x004008bc       0xb4 src/HAL/HAL_IMU.o
                0x004008bc                getAllGyroValue
 .text.adxl_write
                0x00400970       0x4c src/HAL/HAL_IMU.o
                0x00400970                adxl_write
 .text.adxl_read
                0x004009bc       0x48 src/HAL/HAL_IMU.o
                0x004009bc                adxl_read
 *fill*         0x00400a04        0x4 
 .text.getAllAcelValue
                0x00400a08       0xc0 src/HAL/HAL_IMU.o
                0x00400a08                getAllAcelValue
 .text.clearInterruptADXL
                0x00400ac8       0x18 src/HAL/HAL_IMU.o
                0x00400ac8                clearInterruptADXL
 .text.configIMU
                0x00400ae0       0xec src/HAL/HAL_IMU.o
                0x00400ae0                configIMU
 .text.usart_serial_getchar
                0x00400bcc       0x78 src/HAL/HAL_UART.o
 .text.usart_serial_putchar
                0x00400c44       0x74 src/HAL/HAL_UART.o
 .text.send_uart
                0x00400cb8       0x24 src/HAL/HAL_UART.o
                0x00400cb8                send_uart
 .text.read_uart
                0x00400cdc       0x20 src/HAL/HAL_UART.o
                0x00400cdc                read_uart
 .text.printf_mux
                0x00400cfc       0x48 src/HAL/HAL_UART.o
                0x00400cfc                printf_mux
 .text.configure_console
                0x00400d44       0xa8 src/HAL/HAL_UART.o
                0x00400d44                configure_console
 .text.SPI_Handler
                0x00400dec        0xc src/LCD.o
                0x00400dec                SPI_Handler
 .text.config_lcd
                0x00400df8       0x48 src/LCD.o
                0x00400df8                config_lcd
 .text.LCDTask  0x00400e40      0x14c src/LCD.o
                0x00400e40                LCDTask
 .text.vTimerTX
                0x00400f8c       0x2c src/UART_Comm.o
 .text.cTotalTimeTest
                0x00400fb8       0xa8 src/UART_Comm.o
                0x00400fb8                cTotalTimeTest
 .text.cStartSample
                0x00401060       0x58 src/UART_Comm.o
                0x00401060                cStartSample
 .text.UARTTXTask
                0x004010b8      0x1a8 src/UART_Comm.o
                0x004010b8                UARTTXTask
 .text.UARTRXTask
                0x00401260       0x84 src/UART_Comm.o
                0x00401260                UARTRXTask
 .text.sysclk_init
                0x004012e4       0x64 src/ASF/common/services/clock/sam3n/sysclk.o
                0x004012e4                sysclk_init
 .text.get_pdc_peripheral_details
                0x00401348       0x18 src/ASF/common/services/freertos/sam/freertos_peripheral_control.o
                0x00401348                get_pdc_peripheral_details
 .text.check_requested_operating_mode
                0x00401360       0x1a src/ASF/common/services/freertos/sam/freertos_peripheral_control.o
                0x00401360                check_requested_operating_mode
 *fill*         0x0040137a        0x2 
 .text.create_peripheral_control_semaphores
                0x0040137c       0xac src/ASF/common/services/freertos/sam/freertos_peripheral_control.o
                0x0040137c                create_peripheral_control_semaphores
 .text.configure_interrupt_controller
                0x00401428       0x64 src/ASF/common/services/freertos/sam/freertos_peripheral_control.o
                0x00401428                configure_interrupt_controller
 .text.freertos_copy_bytes_from_pdc_circular_buffer
                0x0040148c       0x70 src/ASF/common/services/freertos/sam/freertos_peripheral_control.o
                0x0040148c                freertos_copy_bytes_from_pdc_circular_buffer
 .text.freertos_obtain_peripheral_access_mutex
                0x004014fc       0x48 src/ASF/common/services/freertos/sam/freertos_peripheral_control.o
                0x004014fc                freertos_obtain_peripheral_access_mutex
 .text.freertos_start_pdc_transfer
                0x00401544       0x74 src/ASF/common/services/freertos/sam/freertos_peripheral_control.o
                0x00401544                freertos_start_pdc_transfer
 .text.freertos_optionally_wait_transfer_completion
                0x004015b8       0x24 src/ASF/common/services/freertos/sam/freertos_peripheral_control.o
                0x004015b8                freertos_optionally_wait_transfer_completion
 .text.local_twi_handler
                0x004015dc      0x1cc src/ASF/common/services/freertos/sam/freertos_twi_master.o
 .text.freertos_twi_master_init
                0x004017a8      0x10c src/ASF/common/services/freertos/sam/freertos_twi_master.o
                0x004017a8                freertos_twi_master_init
 .text.freertos_twi_write_packet_async
                0x004018b4      0x160 src/ASF/common/services/freertos/sam/freertos_twi_master.o
                0x004018b4                freertos_twi_write_packet_async
 .text.freertos_twi_read_packet_async
                0x00401a14      0x1a4 src/ASF/common/services/freertos/sam/freertos_twi_master.o
                0x00401a14                freertos_twi_read_packet_async
 .text.TWI0_Handler
                0x00401bb8       0x10 src/ASF/common/services/freertos/sam/freertos_twi_master.o
                0x00401bb8                TWI0_Handler
 .text.TWI1_Handler
                0x00401bc8       0x10 src/ASF/common/services/freertos/sam/freertos_twi_master.o
                0x00401bc8                TWI1_Handler
 .text.configure_rx_dma
                0x00401bd8       0x80 src/ASF/common/services/freertos/sam/freertos_uart_serial.o
 .text.local_uart_handler
                0x00401c58      0x11c src/ASF/common/services/freertos/sam/freertos_uart_serial.o
 .text.freertos_uart_serial_init
                0x00401d74      0x1b4 src/ASF/common/services/freertos/sam/freertos_uart_serial.o
                0x00401d74                freertos_uart_serial_init
 .text.freertos_uart_write_packet_async
                0x00401f28       0x80 src/ASF/common/services/freertos/sam/freertos_uart_serial.o
                0x00401f28                freertos_uart_write_packet_async
 .text.freertos_uart_serial_read_packet
                0x00401fa8      0x124 src/ASF/common/services/freertos/sam/freertos_uart_serial.o
                0x00401fa8                freertos_uart_serial_read_packet
 .text.UART0_Handler
                0x004020cc       0x10 src/ASF/common/services/freertos/sam/freertos_uart_serial.o
                0x004020cc                UART0_Handler
 .text.UART1_Handler
                0x004020dc       0x10 src/ASF/common/services/freertos/sam/freertos_uart_serial.o
                0x004020dc                UART1_Handler
 .text.spi_master_init
                0x004020ec       0x54 src/ASF/common/services/spi/sam_spi/spi_master.o
                0x004020ec                spi_master_init
 .text.spi_master_setup_device
                0x00402140       0x7c src/ASF/common/services/spi/sam_spi/spi_master.o
                0x00402140                spi_master_setup_device
 .text.spi_select_device
                0x004021bc       0x28 src/ASF/common/services/spi/sam_spi/spi_master.o
                0x004021bc                spi_select_device
 .text._read    0x004021e4       0x38 src/ASF/common/utils/stdio/read.o
                0x004021e4                _read
 .text._write   0x0040221c       0x38 src/ASF/common/utils/stdio/write.o
                0x0040221c                _write
 .text.board_init
                0x00402254       0xec src/ASF/sam/boards/sam3n_ek/init.o
                0x00402254                board_init
 .text.LED_Off  0x00402340       0x34 src/ASF/sam/boards/sam3n_ek/led.o
                0x00402340                LED_Off
 .text.LED_On   0x00402374       0x34 src/ASF/sam/boards/sam3n_ek/led.o
                0x00402374                LED_On
 .text.aat31xx_set_backlight
                0x004023a8       0x5c src/ASF/sam/components/display/aat31xx/aat31xx.o
                0x004023a8                aat31xx_set_backlight
 .text.aat31xx_disable_backlight
                0x00402404       0x24 src/ASF/sam/components/display/aat31xx/aat31xx.o
                0x00402404                aat31xx_disable_backlight
 .text.ili9225_delay
                0x00402428       0x28 src/ASF/sam/components/display/ili9225/ili9225.o
 .text.ili9225_check_box_coordinates
                0x00402450       0x44 src/ASF/sam/components/display/ili9225/ili9225.o
 .text.ili9225_write_cmd
                0x00402494       0x44 src/ASF/sam/components/display/ili9225/ili9225.o
 .text.ili9225_write_ram
                0x004024d8       0x30 src/ASF/sam/components/display/ili9225/ili9225.o
 .text.ili9225_write_register
                0x00402508       0x18 src/ASF/sam/components/display/ili9225/ili9225.o
 .text.ili9225_write_ram_buffer.part.0
                0x00402520       0x48 src/ASF/sam/components/display/ili9225/ili9225.o
 .text.ili9225_spi_handler
                0x00402568       0x18 src/ASF/sam/components/display/ili9225/ili9225.o
                0x00402568                ili9225_spi_handler
 .text.ili9225_display_on
                0x00402580       0x14 src/ASF/sam/components/display/ili9225/ili9225.o
                0x00402580                ili9225_display_on
 .text.ili9225_display_off
                0x00402594       0x10 src/ASF/sam/components/display/ili9225/ili9225.o
                0x00402594                ili9225_display_off
 .text.ili9225_set_foreground_color
                0x004025a4       0x28 src/ASF/sam/components/display/ili9225/ili9225.o
                0x004025a4                ili9225_set_foreground_color
 .text.ili9225_set_window
                0x004025cc       0x30 src/ASF/sam/components/display/ili9225/ili9225.o
                0x004025cc                ili9225_set_window
 .text.ili9225_set_cursor_position
                0x004025fc       0x18 src/ASF/sam/components/display/ili9225/ili9225.o
                0x004025fc                ili9225_set_cursor_position
 .text.ili9225_init
                0x00402614      0x1c8 src/ASF/sam/components/display/ili9225/ili9225.o
                0x00402614                ili9225_init
 .text.ili9225_fill
                0x004027dc       0x30 src/ASF/sam/components/display/ili9225/ili9225.o
                0x004027dc                ili9225_fill
 .text.ili9225_draw_pixel
                0x0040280c       0x38 src/ASF/sam/components/display/ili9225/ili9225.o
                0x0040280c                ili9225_draw_pixel
 .text.ili9225_draw_filled_rectangle
                0x00402844       0x9c src/ASF/sam/components/display/ili9225/ili9225.o
                0x00402844                ili9225_draw_filled_rectangle
 .text.ili9225_draw_string
                0x004028e0       0x84 src/ASF/sam/components/display/ili9225/ili9225.o
                0x004028e0                ili9225_draw_string
 .text.pdc_tx_init
                0x00402964       0x16 src/ASF/sam/drivers/pdc/pdc.o
                0x00402964                pdc_tx_init
 .text.pdc_rx_init
                0x0040297a       0x16 src/ASF/sam/drivers/pdc/pdc.o
                0x0040297a                pdc_rx_init
 .text.pdc_enable_transfer
                0x00402990        0xc src/ASF/sam/drivers/pdc/pdc.o
                0x00402990                pdc_enable_transfer
 .text.pdc_disable_transfer
                0x0040299c       0x10 src/ASF/sam/drivers/pdc/pdc.o
                0x0040299c                pdc_disable_transfer
 .text.pio_set_peripheral
                0x004029ac       0x7c src/ASF/sam/drivers/pio/pio.o
                0x004029ac                pio_set_peripheral
 .text.pio_set_input
                0x00402a28       0x2c src/ASF/sam/drivers/pio/pio.o
                0x00402a28                pio_set_input
 .text.pio_set_output
                0x00402a54       0x24 src/ASF/sam/drivers/pio/pio.o
                0x00402a54                pio_set_output
 .text.pio_pull_down
                0x00402a78        0xe src/ASF/sam/drivers/pio/pio.o
                0x00402a78                pio_pull_down
 .text.pio_configure_interrupt
                0x00402a86       0x28 src/ASF/sam/drivers/pio/pio.o
                0x00402a86                pio_configure_interrupt
 .text.pio_enable_interrupt
                0x00402aae        0x6 src/ASF/sam/drivers/pio/pio.o
                0x00402aae                pio_enable_interrupt
 .text.pio_get_interrupt_status
                0x00402ab4        0x4 src/ASF/sam/drivers/pio/pio.o
                0x00402ab4                pio_get_interrupt_status
 .text.pio_get_interrupt_mask
                0x00402ab8        0x4 src/ASF/sam/drivers/pio/pio.o
                0x00402ab8                pio_get_interrupt_mask
 .text.pio_set_pin_high
                0x00402abc       0x1a src/ASF/sam/drivers/pio/pio.o
                0x00402abc                pio_set_pin_high
 .text.pio_set_pin_low
                0x00402ad6       0x1a src/ASF/sam/drivers/pio/pio.o
                0x00402ad6                pio_set_pin_low
 .text.pio_toggle_pin
                0x00402af0       0x22 src/ASF/sam/drivers/pio/pio.o
                0x00402af0                pio_toggle_pin
 *fill*         0x00402b12        0x2 
 .text.pio_configure_pin
                0x00402b14       0xb4 src/ASF/sam/drivers/pio/pio.o
                0x00402b14                pio_configure_pin
 .text.pio_configure_pin_group
                0x00402bc8       0x88 src/ASF/sam/drivers/pio/pio.o
                0x00402bc8                pio_configure_pin_group
 .text.pio_handler_process
                0x00402c50       0x54 src/ASF/sam/drivers/pio/pio_handler.o
                0x00402c50                pio_handler_process
 .text.pio_handler_set
                0x00402ca4       0x40 src/ASF/sam/drivers/pio/pio_handler.o
                0x00402ca4                pio_handler_set
 .text.PIOA_Handler
                0x00402ce4       0x14 src/ASF/sam/drivers/pio/pio_handler.o
                0x00402ce4                PIOA_Handler
 .text.PIOB_Handler
                0x00402cf8       0x14 src/ASF/sam/drivers/pio/pio_handler.o
                0x00402cf8                PIOB_Handler
 .text.PIOC_Handler
                0x00402d0c       0x14 src/ASF/sam/drivers/pio/pio_handler.o
                0x00402d0c                PIOC_Handler
 .text.pmc_switch_mck_to_pllack
                0x00402d20       0x44 src/ASF/sam/drivers/pmc/pmc.o
                0x00402d20                pmc_switch_mck_to_pllack
 .text.pmc_switch_mainck_to_xtal
                0x00402d64       0x4c src/ASF/sam/drivers/pmc/pmc.o
                0x00402d64                pmc_switch_mainck_to_xtal
 .text.pmc_osc_is_ready_mainck
                0x00402db0       0x10 src/ASF/sam/drivers/pmc/pmc.o
                0x00402db0                pmc_osc_is_ready_mainck
 .text.pmc_disable_pllack
                0x00402dc0       0x10 src/ASF/sam/drivers/pmc/pmc.o
                0x00402dc0                pmc_disable_pllack
 .text.pmc_is_locked_pllack
                0x00402dd0       0x10 src/ASF/sam/drivers/pmc/pmc.o
                0x00402dd0                pmc_is_locked_pllack
 .text.pmc_enable_periph_clk
                0x00402de0       0x28 src/ASF/sam/drivers/pmc/pmc.o
                0x00402de0                pmc_enable_periph_clk
 .text.spi_enable_clock
                0x00402e08       0x10 src/ASF/sam/drivers/spi/spi.o
                0x00402e08                spi_enable_clock
 .text.spi_set_peripheral_chip_select_value
                0x00402e18       0x16 src/ASF/sam/drivers/spi/spi.o
                0x00402e18                spi_set_peripheral_chip_select_value
 .text.spi_set_delay_between_chip_select
                0x00402e2e       0x12 src/ASF/sam/drivers/spi/spi.o
                0x00402e2e                spi_set_delay_between_chip_select
 .text.spi_write
                0x00402e40       0x30 src/ASF/sam/drivers/spi/spi.o
                0x00402e40                spi_write
 .text.spi_set_clock_polarity
                0x00402e70       0x16 src/ASF/sam/drivers/spi/spi.o
                0x00402e70                spi_set_clock_polarity
 .text.spi_set_clock_phase
                0x00402e86       0x16 src/ASF/sam/drivers/spi/spi.o
                0x00402e86                spi_set_clock_phase
 .text.spi_configure_cs_behavior
                0x00402e9c       0x40 src/ASF/sam/drivers/spi/spi.o
                0x00402e9c                spi_configure_cs_behavior
 .text.spi_set_bits_per_transfer
                0x00402edc       0x14 src/ASF/sam/drivers/spi/spi.o
                0x00402edc                spi_set_bits_per_transfer
 .text.spi_calc_baudrate_div
                0x00402ef0       0x18 src/ASF/sam/drivers/spi/spi.o
                0x00402ef0                spi_calc_baudrate_div
 .text.spi_set_baudrate_div
                0x00402f08       0x16 src/ASF/sam/drivers/spi/spi.o
                0x00402f08                spi_set_baudrate_div
 .text.spi_set_transfer_delay
                0x00402f1e       0x18 src/ASF/sam/drivers/spi/spi.o
                0x00402f1e                spi_set_transfer_delay
 .text.twi_enable_master_mode
                0x00402f36        0xe src/ASF/sam/drivers/twi/twi.o
                0x00402f36                twi_enable_master_mode
 .text.twi_set_speed
                0x00402f44       0x3c src/ASF/sam/drivers/twi/twi.o
                0x00402f44                twi_set_speed
 .text.twi_enable_interrupt
                0x00402f80        0x4 src/ASF/sam/drivers/twi/twi.o
                0x00402f80                twi_enable_interrupt
 .text.twi_disable_interrupt
                0x00402f84        0x6 src/ASF/sam/drivers/twi/twi.o
                0x00402f84                twi_disable_interrupt
 .text.twi_get_interrupt_status
                0x00402f8a        0x4 src/ASF/sam/drivers/twi/twi.o
                0x00402f8a                twi_get_interrupt_status
 .text.twi_get_interrupt_mask
                0x00402f8e        0x4 src/ASF/sam/drivers/twi/twi.o
                0x00402f8e                twi_get_interrupt_mask
 .text.twi_read_byte
                0x00402f92        0x6 src/ASF/sam/drivers/twi/twi.o
                0x00402f92                twi_read_byte
 .text.twi_reset
                0x00402f98        0x8 src/ASF/sam/drivers/twi/twi.o
                0x00402f98                twi_reset
 .text.uart_init
                0x00402fa0       0x34 src/ASF/sam/drivers/uart/uart.o
                0x00402fa0                uart_init
 .text.uart_enable_tx
                0x00402fd4        0x6 src/ASF/sam/drivers/uart/uart.o
                0x00402fd4                uart_enable_tx
 .text.uart_disable_tx
                0x00402fda        0x6 src/ASF/sam/drivers/uart/uart.o
                0x00402fda                uart_disable_tx
 .text.uart_enable_rx
                0x00402fe0        0x6 src/ASF/sam/drivers/uart/uart.o
                0x00402fe0                uart_enable_rx
 .text.uart_disable_rx
                0x00402fe6        0x6 src/ASF/sam/drivers/uart/uart.o
                0x00402fe6                uart_disable_rx
 .text.uart_enable_interrupt
                0x00402fec        0x4 src/ASF/sam/drivers/uart/uart.o
                0x00402fec                uart_enable_interrupt
 .text.uart_disable_interrupt
                0x00402ff0        0x4 src/ASF/sam/drivers/uart/uart.o
                0x00402ff0                uart_disable_interrupt
 .text.uart_get_interrupt_mask
                0x00402ff4        0x4 src/ASF/sam/drivers/uart/uart.o
                0x00402ff4                uart_get_interrupt_mask
 .text.uart_get_status
                0x00402ff8        0x4 src/ASF/sam/drivers/uart/uart.o
                0x00402ff8                uart_get_status
 .text.uart_reset_status
                0x00402ffc        0x8 src/ASF/sam/drivers/uart/uart.o
                0x00402ffc                uart_reset_status
 .text.uart_write
                0x00403004        0xe src/ASF/sam/drivers/uart/uart.o
                0x00403004                uart_write
 .text.uart_read
                0x00403012       0x10 src/ASF/sam/drivers/uart/uart.o
                0x00403012                uart_read
 .text.usart_write
                0x00403022       0x12 src/ASF/sam/drivers/usart/usart.o
                0x00403022                usart_write
 .text.usart_read
                0x00403034       0x16 src/ASF/sam/drivers/usart/usart.o
                0x00403034                usart_read
 .text.Dummy_Handler
                0x0040304a        0x2 src/ASF/sam/utils/cmsis/sam3n/source/templates/exceptions.o
                0x0040304a                DACC_Handler
                0x0040304a                DebugMon_Handler
                0x0040304a                HardFault_Handler
                0x0040304a                TC2_Handler
                0x0040304a                NMI_Handler
                0x0040304a                ADC_Handler
                0x0040304a                USART0_Handler
                0x0040304a                RTT_Handler
                0x0040304a                RTC_Handler
                0x0040304a                UsageFault_Handler
                0x0040304a                WDT_Handler
                0x0040304a                TC4_Handler
                0x0040304a                TC1_Handler
                0x0040304a                TC3_Handler
                0x0040304a                Dummy_Handler
                0x0040304a                USART1_Handler
                0x0040304a                PMC_Handler
                0x0040304a                PWM_Handler
                0x0040304a                MemManage_Handler
                0x0040304a                SUPC_Handler
                0x0040304a                EFC_Handler
                0x0040304a                BusFault_Handler
                0x0040304a                RSTC_Handler
                0x0040304a                TC0_Handler
                0x0040304a                TC5_Handler
 .text.Reset_Handler
                0x0040304c       0x80 src/ASF/sam/utils/cmsis/sam3n/source/templates/gcc/startup_sam3n.o
                0x0040304c                Reset_Handler
 .text.SystemCoreClockUpdate
                0x004030cc       0xc0 src/ASF/sam/utils/cmsis/sam3n/source/templates/system_sam3n.o
                0x004030cc                SystemCoreClockUpdate
 .text._sbrk    0x0040318c       0x2c src/ASF/sam/utils/syscalls/gcc/syscalls.o
                0x0040318c                _sbrk
 .text._close   0x004031b8        0x6 src/ASF/sam/utils/syscalls/gcc/syscalls.o
                0x004031b8                _close
 .text._fstat   0x004031be        0xa src/ASF/sam/utils/syscalls/gcc/syscalls.o
                0x004031be                _fstat
 .text._isatty  0x004031c8        0x4 src/ASF/sam/utils/syscalls/gcc/syscalls.o
                0x004031c8                _isatty
 .text._lseek   0x004031cc        0x4 src/ASF/sam/utils/syscalls/gcc/syscalls.o
                0x004031cc                _lseek
 .text.vListInitialise
                0x004031d0       0x16 src/ASF/thirdparty/freertos/freertos-7.3.0/source/list.o
                0x004031d0                vListInitialise
 .text.vListInitialiseItem
                0x004031e6        0x6 src/ASF/thirdparty/freertos/freertos-7.3.0/source/list.o
                0x004031e6                vListInitialiseItem
 .text.vListInsertEnd
                0x004031ec       0x1c src/ASF/thirdparty/freertos/freertos-7.3.0/source/list.o
                0x004031ec                vListInsertEnd
 .text.vListInsert
                0x00403208       0x30 src/ASF/thirdparty/freertos/freertos-7.3.0/source/list.o
                0x00403208                vListInsert
 .text.uxListRemove
                0x00403238       0x26 src/ASF/thirdparty/freertos/freertos-7.3.0/source/list.o
                0x00403238                uxListRemove
 *fill*         0x0040325e        0x2 
 .text.prvPortStartFirstTask
                0x00403260       0x14 src/ASF/thirdparty/freertos/freertos-7.3.0/source/portable/gcc/sam/port.o
 .text.pxPortInitialiseStack
                0x00403274       0x16 src/ASF/thirdparty/freertos/freertos-7.3.0/source/portable/gcc/sam/port.o
                0x00403274                pxPortInitialiseStack
 *fill*         0x0040328a        0x2 
 .text.SVC_Handler
                0x0040328c       0x20 src/ASF/thirdparty/freertos/freertos-7.3.0/source/portable/gcc/sam/port.o
                0x0040328c                SVC_Handler
 .text.vPortYieldFromISR
                0x004032ac       0x10 src/ASF/thirdparty/freertos/freertos-7.3.0/source/portable/gcc/sam/port.o
                0x004032ac                vPortYieldFromISR
 .text.ulPortSetInterruptMask
                0x004032bc       0x10 src/ASF/thirdparty/freertos/freertos-7.3.0/source/portable/gcc/sam/port.o
                0x004032bc                ulPortSetInterruptMask
 .text.vPortEnterCritical
                0x004032cc       0x18 src/ASF/thirdparty/freertos/freertos-7.3.0/source/portable/gcc/sam/port.o
                0x004032cc                vPortEnterCritical
 .text.vPortClearInterruptMask
                0x004032e4        0x6 src/ASF/thirdparty/freertos/freertos-7.3.0/source/portable/gcc/sam/port.o
                0x004032e4                vPortClearInterruptMask
 *fill*         0x004032ea        0x2 
 .text.vPortExitCritical
                0x004032ec       0x1c src/ASF/thirdparty/freertos/freertos-7.3.0/source/portable/gcc/sam/port.o
                0x004032ec                vPortExitCritical
 .text.PendSV_Handler
                0x00403308       0x3c src/ASF/thirdparty/freertos/freertos-7.3.0/source/portable/gcc/sam/port.o
                0x00403308                PendSV_Handler
 .text.SysTick_Handler
                0x00403344       0x2c src/ASF/thirdparty/freertos/freertos-7.3.0/source/portable/gcc/sam/port.o
                0x00403344                SysTick_Handler
 .text.vPortSetupTimerInterrupt
                0x00403370       0x14 src/ASF/thirdparty/freertos/freertos-7.3.0/source/portable/gcc/sam/port.o
                0x00403370                vPortSetupTimerInterrupt
 .text.xPortStartScheduler
                0x00403384       0x38 src/ASF/thirdparty/freertos/freertos-7.3.0/source/portable/gcc/sam/port.o
                0x00403384                xPortStartScheduler
 .text.prvInsertBlockIntoFreeList
                0x004033bc       0x4c src/ASF/thirdparty/freertos/freertos-7.3.0/source/portable/memmang/heap_4.o
 .text.pvPortMalloc
                0x00403408       0xc4 src/ASF/thirdparty/freertos/freertos-7.3.0/source/portable/memmang/heap_4.o
                0x00403408                pvPortMalloc
 .text.vPortFree
                0x004034cc       0x34 src/ASF/thirdparty/freertos/freertos-7.3.0/source/portable/memmang/heap_4.o
                0x004034cc                vPortFree
 .text.xPortGetFreeHeapSize
                0x00403500        0xc src/ASF/thirdparty/freertos/freertos-7.3.0/source/portable/memmang/heap_4.o
                0x00403500                xPortGetFreeHeapSize
 .text.prvCopyDataToQueue
                0x0040350c       0x60 src/ASF/thirdparty/freertos/freertos-7.3.0/source/queue.o
 .text.prvCopyDataFromQueue
                0x0040356c       0x28 src/ASF/thirdparty/freertos/freertos-7.3.0/source/queue.o
 .text.prvUnlockQueue
                0x00403594       0x70 src/ASF/thirdparty/freertos/freertos-7.3.0/source/queue.o
 .text.xQueueGenericReset
                0x00403604       0x7c src/ASF/thirdparty/freertos/freertos-7.3.0/source/queue.o
                0x00403604                xQueueGenericReset
 .text.xQueueGenericCreate
                0x00403680       0x58 src/ASF/thirdparty/freertos/freertos-7.3.0/source/queue.o
                0x00403680                xQueueGenericCreate
 .text.xQueueCreateCountingSemaphore
                0x004036d8       0x24 src/ASF/thirdparty/freertos/freertos-7.3.0/source/queue.o
                0x004036d8                xQueueCreateCountingSemaphore
 .text.xQueueGenericSend
                0x004036fc      0x114 src/ASF/thirdparty/freertos/freertos-7.3.0/source/queue.o
                0x004036fc                xQueueGenericSend
 .text.xQueueCreateMutex
                0x00403810       0x60 src/ASF/thirdparty/freertos/freertos-7.3.0/source/queue.o
                0x00403810                xQueueCreateMutex
 .text.xQueueGenericSendFromISR
                0x00403870       0x7c src/ASF/thirdparty/freertos/freertos-7.3.0/source/queue.o
                0x00403870                xQueueGenericSendFromISR
 .text.xQueueGenericReceive
                0x004038ec      0x154 src/ASF/thirdparty/freertos/freertos-7.3.0/source/queue.o
                0x004038ec                xQueueGenericReceive
 .text.vQueueWaitForMessageRestricted
                0x00403a40       0x48 src/ASF/thirdparty/freertos/freertos-7.3.0/source/queue.o
                0x00403a40                vQueueWaitForMessageRestricted
 .text.prvListTaskWithinSingleList
                0x00403a88       0x8c src/ASF/thirdparty/freertos/freertos-7.3.0/source/tasks.o
 .text.prvAddCurrentTaskToDelayedList
                0x00403b14       0x50 src/ASF/thirdparty/freertos/freertos-7.3.0/source/tasks.o
 .text.xTaskGenericCreate
                0x00403b64      0x1dc src/ASF/thirdparty/freertos/freertos-7.3.0/source/tasks.o
                0x00403b64                xTaskGenericCreate
 .text.vTaskDelete
                0x00403d40       0x7c src/ASF/thirdparty/freertos/freertos-7.3.0/source/tasks.o
                0x00403d40                vTaskDelete
 .text.xTaskIsTaskSuspended
                0x00403dbc       0x38 src/ASF/thirdparty/freertos/freertos-7.3.0/source/tasks.o
                0x00403dbc                xTaskIsTaskSuspended
 .text.vTaskResume
                0x00403df4       0x84 src/ASF/thirdparty/freertos/freertos-7.3.0/source/tasks.o
                0x00403df4                vTaskResume
 .text.vTaskStartScheduler
                0x00403e78       0x6c src/ASF/thirdparty/freertos/freertos-7.3.0/source/tasks.o
                0x00403e78                vTaskStartScheduler
 .text.vTaskSuspendAll
                0x00403ee4       0x10 src/ASF/thirdparty/freertos/freertos-7.3.0/source/tasks.o
                0x00403ee4                vTaskSuspendAll
 .text.xTaskGetTickCount
                0x00403ef4       0x20 src/ASF/thirdparty/freertos/freertos-7.3.0/source/tasks.o
                0x00403ef4                xTaskGetTickCount
 .text.uxTaskGetNumberOfTasks
                0x00403f14        0xc src/ASF/thirdparty/freertos/freertos-7.3.0/source/tasks.o
                0x00403f14                uxTaskGetNumberOfTasks
 .text.vTaskIncrementTick
                0x00403f20       0xfc src/ASF/thirdparty/freertos/freertos-7.3.0/source/tasks.o
                0x00403f20                vTaskIncrementTick
 .text.xTaskResumeAll
                0x0040401c       0xe8 src/ASF/thirdparty/freertos/freertos-7.3.0/source/tasks.o
                0x0040401c                xTaskResumeAll
 .text.vTaskDelay
                0x00404104       0x4c src/ASF/thirdparty/freertos/freertos-7.3.0/source/tasks.o
                0x00404104                vTaskDelay
 .text.prvIdleTask
                0x00404150       0x88 src/ASF/thirdparty/freertos/freertos-7.3.0/source/tasks.o
 .text.vTaskList
                0x004041d8       0xb4 src/ASF/thirdparty/freertos/freertos-7.3.0/source/tasks.o
                0x004041d8                vTaskList
 .text.vTaskSwitchContext
                0x0040428c       0x88 src/ASF/thirdparty/freertos/freertos-7.3.0/source/tasks.o
                0x0040428c                vTaskSwitchContext
 .text.vTaskSuspend
                0x00404314       0x8c src/ASF/thirdparty/freertos/freertos-7.3.0/source/tasks.o
                0x00404314                vTaskSuspend
 .text.vTaskPlaceOnEventList
                0x004043a0       0x5c src/ASF/thirdparty/freertos/freertos-7.3.0/source/tasks.o
                0x004043a0                vTaskPlaceOnEventList
 .text.vTaskPlaceOnEventListRestricted
                0x004043fc       0x44 src/ASF/thirdparty/freertos/freertos-7.3.0/source/tasks.o
                0x004043fc                vTaskPlaceOnEventListRestricted
 .text.xTaskRemoveFromEventList
                0x00404440       0x78 src/ASF/thirdparty/freertos/freertos-7.3.0/source/tasks.o
                0x00404440                xTaskRemoveFromEventList
 .text.vTaskSetTimeOutState
                0x004044b8       0x28 src/ASF/thirdparty/freertos/freertos-7.3.0/source/tasks.o
                0x004044b8                vTaskSetTimeOutState
 .text.xTaskCheckForTimeOut
                0x004044e0       0x78 src/ASF/thirdparty/freertos/freertos-7.3.0/source/tasks.o
                0x004044e0                xTaskCheckForTimeOut
 .text.vTaskMissedYield
                0x00404558        0xc src/ASF/thirdparty/freertos/freertos-7.3.0/source/tasks.o
                0x00404558                vTaskMissedYield
 .text.xTaskGetCurrentTaskHandle
                0x00404564        0xc src/ASF/thirdparty/freertos/freertos-7.3.0/source/tasks.o
                0x00404564                xTaskGetCurrentTaskHandle
 .text.xTaskGetSchedulerState
                0x00404570       0x1c src/ASF/thirdparty/freertos/freertos-7.3.0/source/tasks.o
                0x00404570                xTaskGetSchedulerState
 .text.vTaskPriorityInherit
                0x0040458c       0x70 src/ASF/thirdparty/freertos/freertos-7.3.0/source/tasks.o
                0x0040458c                vTaskPriorityInherit
 .text.vTaskPriorityDisinherit
                0x004045fc       0x4c src/ASF/thirdparty/freertos/freertos-7.3.0/source/tasks.o
                0x004045fc                vTaskPriorityDisinherit
 .text.prvCheckForValidListAndQueue
                0x00404648       0x60 src/ASF/thirdparty/freertos/freertos-7.3.0/source/timers.o
 .text.prvInsertTimerInActiveList
                0x004046a8       0x40 src/ASF/thirdparty/freertos/freertos-7.3.0/source/timers.o
 .text.xTimerCreateTimerTask
                0x004046e8       0x4c src/ASF/thirdparty/freertos/freertos-7.3.0/source/timers.o
                0x004046e8                xTimerCreateTimerTask
 .text.xTimerCreate
                0x00404734       0x50 src/ASF/thirdparty/freertos/freertos-7.3.0/source/timers.o
                0x00404734                xTimerCreate
 .text.xTimerGenericCommand
                0x00404784       0x50 src/ASF/thirdparty/freertos/freertos-7.3.0/source/timers.o
                0x00404784                xTimerGenericCommand
 .text.prvSwitchTimerLists.isra.1
                0x004047d4       0x7c src/ASF/thirdparty/freertos/freertos-7.3.0/source/timers.o
 .text.prvTimerTask
                0x00404850      0x194 src/ASF/thirdparty/freertos/freertos-7.3.0/source/timers.o
 .text.initializeIMUVariables
                0x004049e4       0x7c src/IMU.o
 .text.vTimerIMU
                0x00404a60       0x1c src/IMU.o
 .text.cmdHandlerKalman.isra.0
                0x00404a7c       0x5c src/IMU.o
 .text.cmdHandlerOffset.isra.2
                0x00404ad8       0xb8 src/IMU.o
 .text.initIMUQueue
                0x00404b90       0x78 src/IMU.o
                0x00404b90                initIMUQueue
 .text.cTaskSample
                0x00404c08       0xac src/IMU.o
                0x00404c08                cTaskSample
 .text.cResetVariables
                0x00404cb4       0x5c src/IMU.o
                0x00404cb4                cResetVariables
 .text.cStartSampleReset
                0x00404d10       0x24 src/IMU.o
                0x00404d10                cStartSampleReset
 *fill*         0x00404d34        0x4 
 .text.IMUTask  0x00404d38      0x2c0 src/IMU.o
                0x00404d38                IMUTask
 .text.cAlphaComplFilter
                0x00404ff8       0x64 src/IMU.o
                0x00404ff8                cAlphaComplFilter
 .text.cOffsetAccelX
                0x0040505c       0x24 src/IMU.o
                0x0040505c                cOffsetAccelX
 .text.cOffsetAccelY
                0x00405080       0x24 src/IMU.o
                0x00405080                cOffsetAccelY
 .text.cOffsetAccelZ
                0x004050a4       0x24 src/IMU.o
                0x004050a4                cOffsetAccelZ
 .text.cOffsetGyroX
                0x004050c8       0x24 src/IMU.o
                0x004050c8                cOffsetGyroX
 .text.cOffsetGyroY
                0x004050ec       0x24 src/IMU.o
                0x004050ec                cOffsetGyroY
 .text.cOffsetGyroZ
                0x00405110       0x24 src/IMU.o
                0x00405110                cOffsetGyroZ
 .text.cKalQAngle
                0x00405134       0x28 src/IMU.o
                0x00405134                cKalQAngle
 .text.cKalQBias
                0x0040515c       0x28 src/IMU.o
                0x0040515c                cKalQBias
 .text.cKalRMeasure
                0x00405184       0x28 src/IMU.o
                0x00405184                cKalRMeasure
 .text.button_handler
                0x004051ac       0x1c src/main.o
                0x004051ac                button_handler
 .text.task_led0
                0x004051c8       0x1c src/main.o
 .text.task_monitor
                0x004051e4       0x6c src/main.o
 .text.vApplicationStackOverflowHook
                0x00405250       0x20 src/main.o
                0x00405250                vApplicationStackOverflowHook
 .text.vApplicationIdleHook
                0x00405270        0x2 src/main.o
                0x00405270                vApplicationIdleHook
 *fill*         0x00405272        0x2 
 .text.vApplicationTickHook
                0x00405274       0x10 src/main.o
                0x00405274                vApplicationTickHook
 .text.vApplicationMallocFailedHook
                0x00405284       0x18 src/main.o
                0x00405284                vApplicationMallocFailedHook
 .text.config_interrupt
                0x0040529c       0xa0 src/main.o
                0x0040529c                config_interrupt
 .text.startup.main
                0x0040533c      0x1f0 src/main.o
                0x0040533c                main
 .text.sin      0x0040552c       0x90 c:/program files (x86)/atmel/studio/7.0/toolchain/arm/arm-gnu-toolchain/bin/../lib/gcc/arm-none-eabi/5.3.1/../../../../arm-none-eabi/lib/armv7-m\libm.a(lib_a-s_sin.o)
                0x0040552c                sin
 *fill*         0x004055bc        0x4 
 .text.__ieee754_rem_pio2
                0x004055c0      0x42c c:/program files (x86)/atmel/studio/7.0/toolchain/arm/arm-gnu-toolchain/bin/../lib/gcc/arm-none-eabi/5.3.1/../../../../arm-none-eabi/lib/armv7-m\libm.a(lib_a-e_rem_pio2.o)
                0x004055c0                __ieee754_rem_pio2
 *fill*         0x004059ec        0x4 
 .text.__kernel_cos
                0x004059f0      0x248 c:/program files (x86)/atmel/studio/7.0/toolchain/arm/arm-gnu-toolchain/bin/../lib/gcc/arm-none-eabi/5.3.1/../../../../arm-none-eabi/lib/armv7-m\libm.a(lib_a-k_cos.o)
                0x004059f0                __kernel_cos
 .text.__kernel_rem_pio2
                0x00405c38      0x7f8 c:/program files (x86)/atmel/studio/7.0/toolchain/arm/arm-gnu-toolchain/bin/../lib/gcc/arm-none-eabi/5.3.1/../../../../arm-none-eabi/lib/armv7-m\libm.a(lib_a-k_rem_pio2.o)
                0x00405c38                __kernel_rem_pio2
 .text.__kernel_sin
                0x00406430      0x16c c:/program files (x86)/atmel/studio/7.0/toolchain/arm/arm-gnu-toolchain/bin/../lib/gcc/arm-none-eabi/5.3.1/../../../../arm-none-eabi/lib/armv7-m\libm.a(lib_a-k_sin.o)
                0x00406430                __kernel_sin
 .text.fabs     0x0040659c        0x8 c:/program files (x86)/atmel/studio/7.0/toolchain/arm/arm-gnu-toolchain/bin/../lib/gcc/arm-none-eabi/5.3.1/../../../../arm-none-eabi/lib/armv7-m\libm.a(lib_a-s_fabs.o)
                0x0040659c                fabs
 *fill*         0x004065a4        0x4 
 .text.floor    0x004065a8      0x110 c:/program files (x86)/atmel/studio/7.0/toolchain/arm/arm-gnu-toolchain/bin/../lib/gcc/arm-none-eabi/5.3.1/../../../../arm-none-eabi/lib/armv7-m\libm.a(lib_a-s_floor.o)
                0x004065a8                floor
 .text.scalbn   0x004066b8       0xe4 c:/program files (x86)/atmel/studio/7.0/toolchain/arm/arm-gnu-toolchain/bin/../lib/gcc/arm-none-eabi/5.3.1/../../../../arm-none-eabi/lib/armv7-m\libm.a(lib_a-s_scalbn.o)
                0x004066b8                scalbn
 .text.copysign
                0x0040679c       0x10 c:/program files (x86)/atmel/studio/7.0/toolchain/arm/arm-gnu-toolchain/bin/../lib/gcc/arm-none-eabi/5.3.1/../../../../arm-none-eabi/lib/armv7-m\libm.a(lib_a-s_copysign.o)
                0x0040679c                copysign
 .text          0x004067ac      0x370 c:/program files (x86)/atmel/studio/7.0/toolchain/arm/arm-gnu-toolchain/bin/../lib/gcc/arm-none-eabi/5.3.1/armv7-m\libgcc.a(_arm_addsubdf3.o)
                0x004067ac                __aeabi_drsub
                0x004067b4                __aeabi_dsub
                0x004067b4                __subdf3
                0x004067b8                __aeabi_dadd
                0x004067b8                __adddf3
                0x00406a30                __floatunsidf
                0x00406a30                __aeabi_ui2d
                0x00406a50                __floatsidf
                0x00406a50                __aeabi_i2d
                0x00406a74                __aeabi_f2d
                0x00406a74                __extendsfdf2
                0x00406ab0                __floatundidf
                0x00406ab0                __aeabi_ul2d
                0x00406ac0                __floatdidf
                0x00406ac0                __aeabi_l2d
 .text          0x00406b1c      0x424 c:/program files (x86)/atmel/studio/7.0/toolchain/arm/arm-gnu-toolchain/bin/../lib/gcc/arm-none-eabi/5.3.1/armv7-m\libgcc.a(_arm_muldivdf3.o)
                0x00406b1c                __aeabi_dmul
                0x00406b1c                __muldf3
                0x00406d70                __divdf3
                0x00406d70                __aeabi_ddiv
 .text          0x00406f40      0x110 c:/program files (x86)/atmel/studio/7.0/toolchain/arm/arm-gnu-toolchain/bin/../lib/gcc/arm-none-eabi/5.3.1/armv7-m\libgcc.a(_arm_cmpdf2.o)
                0x00406f40                __gtdf2
                0x00406f40                __gedf2
                0x00406f48                __ltdf2
                0x00406f48                __ledf2
                0x00406f50                __nedf2
                0x00406f50                __eqdf2
                0x00406f50                __cmpdf2
                0x00406fcc                __aeabi_cdrcmple
                0x00406fdc                __aeabi_cdcmpeq
                0x00406fdc                __aeabi_cdcmple
                0x00406fec                __aeabi_dcmpeq
                0x00407000                __aeabi_dcmplt
                0x00407014                __aeabi_dcmple
                0x00407028                __aeabi_dcmpge
                0x0040703c                __aeabi_dcmpgt
 .text          0x00407050       0x50 c:/program files (x86)/atmel/studio/7.0/toolchain/arm/arm-gnu-toolchain/bin/../lib/gcc/arm-none-eabi/5.3.1/armv7-m\libgcc.a(_arm_fixdfsi.o)
                0x00407050                __aeabi_d2iz
                0x00407050                __fixdfsi
 .text          0x004070a0       0xa0 c:/program files (x86)/atmel/studio/7.0/toolchain/arm/arm-gnu-toolchain/bin/../lib/gcc/arm-none-eabi/5.3.1/armv7-m\libgcc.a(_arm_truncdfsf2.o)
                0x004070a0                __truncdfsf2
                0x004070a0                __aeabi_d2f
 .text          0x00407140      0x21c c:/program files (x86)/atmel/studio/7.0/toolchain/arm/arm-gnu-toolchain/bin/../lib/gcc/arm-none-eabi/5.3.1/armv7-m\libgcc.a(_arm_addsubsf3.o)
                0x00407140                __aeabi_frsub
                0x00407148                __subsf3
                0x00407148                __aeabi_fsub
                0x0040714c                __aeabi_fadd
                0x0040714c                __addsf3
                0x004072ac                __aeabi_ui2f
                0x004072ac                __floatunsisf
                0x004072b4                __aeabi_i2f
                0x004072b4                __floatsisf
                0x004072d0                __aeabi_ul2f
                0x004072d0                __floatundisf
                0x004072e0                __aeabi_l2f
                0x004072e0                __floatdisf
 .text          0x0040735c      0x2a0 c:/program files (x86)/atmel/studio/7.0/toolchain/arm/arm-gnu-toolchain/bin/../lib/gcc/arm-none-eabi/5.3.1/armv7-m\libgcc.a(_arm_muldivsf3.o)
                0x0040735c                __mulsf3
                0x0040735c                __aeabi_fmul
                0x004074c4                __aeabi_fdiv
                0x004074c4                __divsf3
 .text          0x004075fc       0xec c:/program files (x86)/atmel/studio/7.0/toolchain/arm/arm-gnu-toolchain/bin/../lib/gcc/arm-none-eabi/5.3.1/armv7-m\libgcc.a(_arm_cmpsf2.o)
                0x004075fc                __gesf2
                0x004075fc                __gtsf2
                0x00407604                __lesf2
                0x00407604                __ltsf2
                0x0040760c                __nesf2
                0x0040760c                __eqsf2
                0x0040760c                __cmpsf2
                0x0040766c                __aeabi_cfrcmple
                0x00407674                __aeabi_cfcmpeq
                0x00407674                __aeabi_cfcmple
                0x00407684                __aeabi_fcmpeq
                0x00407698                __aeabi_fcmplt
                0x004076ac                __aeabi_fcmple
                0x004076c0                __aeabi_fcmpge
                0x004076d4                __aeabi_fcmpgt
 .text          0x004076e8       0x40 c:/program files (x86)/atmel/studio/7.0/toolchain/arm/arm-gnu-toolchain/bin/../lib/gcc/arm-none-eabi/5.3.1/armv7-m\libgcc.a(_arm_fixunssfsi.o)
                0x004076e8                __fixunssfsi
                0x004076e8                __aeabi_f2uiz
 .text.atoff    0x00407728        0x8 c:/program files (x86)/atmel/studio/7.0/toolchain/arm/arm-gnu-toolchain/bin/../lib/gcc/arm-none-eabi/5.3.1/../../../../arm-none-eabi/lib/armv7-m\libc.a(lib_a-atoff.o)
                0x00407728                atoff
 .text.atoi     0x00407730        0x8 c:/program files (x86)/atmel/studio/7.0/toolchain/arm/arm-gnu-toolchain/bin/../lib/gcc/arm-none-eabi/5.3.1/../../../../arm-none-eabi/lib/armv7-m\libc.a(lib_a-atoi.o)
                0x00407730                atoi
 .text.__libc_init_array
                0x00407738       0x50 c:/program files (x86)/atmel/studio/7.0/toolchain/arm/arm-gnu-toolchain/bin/../lib/gcc/arm-none-eabi/5.3.1/../../../../arm-none-eabi/lib/armv7-m\libc.a(lib_a-init.o)
                0x00407738                __libc_init_array
 .text.iprintf  0x00407788       0x28 c:/program files (x86)/atmel/studio/7.0/toolchain/arm/arm-gnu-toolchain/bin/../lib/gcc/arm-none-eabi/5.3.1/../../../../arm-none-eabi/lib/armv7-m\libc.a(lib_a-iprintf.o)
                0x00407788                iprintf
 .text.memcmp   0x004077b0       0x64 c:/program files (x86)/atmel/studio/7.0/toolchain/arm/arm-gnu-toolchain/bin/../lib/gcc/arm-none-eabi/5.3.1/../../../../arm-none-eabi/lib/armv7-m\libc.a(lib_a-memcmp.o)
                0x004077b0                memcmp
 .text          0x00407814       0xec c:/program files (x86)/atmel/studio/7.0/toolchain/arm/arm-gnu-toolchain/bin/../lib/gcc/arm-none-eabi/5.3.1/../../../../arm-none-eabi/lib/armv7-m\libc.a(lib_a-memcpy.o)
                0x00407814                memcpy
 .text.memset   0x00407900       0x9c c:/program files (x86)/atmel/studio/7.0/toolchain/arm/arm-gnu-toolchain/bin/../lib/gcc/arm-none-eabi/5.3.1/../../../../arm-none-eabi/lib/armv7-m\libc.a(lib_a-memset.o)
                0x00407900                memset
 .text.setbuf   0x0040799c       0x10 c:/program files (x86)/atmel/studio/7.0/toolchain/arm/arm-gnu-toolchain/bin/../lib/gcc/arm-none-eabi/5.3.1/../../../../arm-none-eabi/lib/armv7-m\libc.a(lib_a-setbuf.o)
                0x0040799c                setbuf
 .text.setvbuf  0x004079ac      0x150 c:/program files (x86)/atmel/studio/7.0/toolchain/arm/arm-gnu-toolchain/bin/../lib/gcc/arm-none-eabi/5.3.1/../../../../arm-none-eabi/lib/armv7-m\libc.a(lib_a-setvbuf.o)
                0x004079ac                setvbuf
 .text.sprintf  0x00407afc       0x4c c:/program files (x86)/atmel/studio/7.0/toolchain/arm/arm-gnu-toolchain/bin/../lib/gcc/arm-none-eabi/5.3.1/../../../../arm-none-eabi/lib/armv7-m\libc.a(lib_a-sprintf.o)
                0x00407afc                sprintf
 .text.strcat   0x00407b48       0x40 c:/program files (x86)/atmel/studio/7.0/toolchain/arm/arm-gnu-toolchain/bin/../lib/gcc/arm-none-eabi/5.3.1/../../../../arm-none-eabi/lib/armv7-m\libc.a(lib_a-strcat.o)
                0x00407b48                strcat
 .text.strchr   0x00407b88       0xd0 c:/program files (x86)/atmel/studio/7.0/toolchain/arm/arm-gnu-toolchain/bin/../lib/gcc/arm-none-eabi/5.3.1/../../../../arm-none-eabi/lib/armv7-m\libc.a(lib_a-strchr.o)
                0x00407b88                strchr
 .text          0x00407c58      0x1bc c:/program files (x86)/atmel/studio/7.0/toolchain/arm/arm-gnu-toolchain/bin/../lib/gcc/arm-none-eabi/5.3.1/../../../../arm-none-eabi/lib/armv7-m\libc.a(lib_a-strcmp.o)
                0x00407c58                strcmp
 .text.strcpy   0x00407e14       0xbc c:/program files (x86)/atmel/studio/7.0/toolchain/arm/arm-gnu-toolchain/bin/../lib/gcc/arm-none-eabi/5.3.1/../../../../arm-none-eabi/lib/armv7-m\libc.a(lib_a-strcpy.o)
                0x00407e14                strcpy
 .text.strlen   0x00407ed0       0x5c c:/program files (x86)/atmel/studio/7.0/toolchain/arm/arm-gnu-toolchain/bin/../lib/gcc/arm-none-eabi/5.3.1/../../../../arm-none-eabi/lib/armv7-m\libc.a(lib_a-strlen-stub.o)
                0x00407ed0                strlen
 .text.strncmp  0x00407f2c       0x9c c:/program files (x86)/atmel/studio/7.0/toolchain/arm/arm-gnu-toolchain/bin/../lib/gcc/arm-none-eabi/5.3.1/../../../../arm-none-eabi/lib/armv7-m\libc.a(lib_a-strncmp.o)
                0x00407f2c                strncmp
 .text.strncpy  0x00407fc8       0x68 c:/program files (x86)/atmel/studio/7.0/toolchain/arm/arm-gnu-toolchain/bin/../lib/gcc/arm-none-eabi/5.3.1/../../../../arm-none-eabi/lib/armv7-m\libc.a(lib_a-strncpy.o)
                0x00407fc8                strncpy
 .text.critical_factorization
                0x00408030       0xb8 c:/program files (x86)/atmel/studio/7.0/toolchain/arm/arm-gnu-toolchain/bin/../lib/gcc/arm-none-eabi/5.3.1/../../../../arm-none-eabi/lib/armv7-m\libc.a(lib_a-strstr.o)
 .text.two_way_long_needle
                0x004080e8      0x200 c:/program files (x86)/atmel/studio/7.0/toolchain/arm/arm-gnu-toolchain/bin/../lib/gcc/arm-none-eabi/5.3.1/../../../../arm-none-eabi/lib/armv7-m\libc.a(lib_a-strstr.o)
 .text.strstr   0x004082e8      0x220 c:/program files (x86)/atmel/studio/7.0/toolchain/arm/arm-gnu-toolchain/bin/../lib/gcc/arm-none-eabi/5.3.1/../../../../arm-none-eabi/lib/armv7-m\libc.a(lib_a-strstr.o)
                0x004082e8                strstr
 .text.sulp     0x00408508       0x44 c:/program files (x86)/atmel/studio/7.0/toolchain/arm/arm-gnu-toolchain/bin/../lib/gcc/arm-none-eabi/5.3.1/../../../../arm-none-eabi/lib/armv7-m\libc.a(lib_a-strtod.o)
 *fill*         0x0040854c        0x4 
 .text._strtod_r
                0x00408550      0xecc c:/program files (x86)/atmel/studio/7.0/toolchain/arm/arm-gnu-toolchain/bin/../lib/gcc/arm-none-eabi/5.3.1/../../../../arm-none-eabi/lib/armv7-m\libc.a(lib_a-strtod.o)
                0x00408550                _strtod_r
 .text.strtof   0x0040941c       0x34 c:/program files (x86)/atmel/studio/7.0/toolchain/arm/arm-gnu-toolchain/bin/../lib/gcc/arm-none-eabi/5.3.1/../../../../arm-none-eabi/lib/armv7-m\libc.a(lib_a-strtod.o)
                0x0040941c                strtof
 .text.strtok   0x00409450       0x10 c:/program files (x86)/atmel/studio/7.0/toolchain/arm/arm-gnu-toolchain/bin/../lib/gcc/arm-none-eabi/5.3.1/../../../../arm-none-eabi/lib/armv7-m\libc.a(lib_a-strtok.o)
                0x00409450                strtok
 .text.__strtok_r
                0x00409460       0x64 c:/program files (x86)/atmel/studio/7.0/toolchain/arm/arm-gnu-toolchain/bin/../lib/gcc/arm-none-eabi/5.3.1/../../../../arm-none-eabi/lib/armv7-m\libc.a(lib_a-strtok_r.o)
                0x00409460                __strtok_r
 .text._strtol_r
                0x004094c4      0x128 c:/program files (x86)/atmel/studio/7.0/toolchain/arm/arm-gnu-toolchain/bin/../lib/gcc/arm-none-eabi/5.3.1/../../../../arm-none-eabi/lib/armv7-m\libc.a(lib_a-strtol.o)
                0x004094c4                _strtol_r
 .text.strtol   0x004095ec       0x18 c:/program files (x86)/atmel/studio/7.0/toolchain/arm/arm-gnu-toolchain/bin/../lib/gcc/arm-none-eabi/5.3.1/../../../../arm-none-eabi/lib/armv7-m\libc.a(lib_a-strtol.o)
                0x004095ec                strtol
 .text._svfprintf_r
                0x00409604     0x175c c:/program files (x86)/atmel/studio/7.0/toolchain/arm/arm-gnu-toolchain/bin/../lib/gcc/arm-none-eabi/5.3.1/../../../../arm-none-eabi/lib/armv7-m\libc.a(lib_a-svfprintf.o)
                0x00409604                _svfprintf_r
 .text.__sprint_r.part.0
                0x0040ad60       0x78 c:/program files (x86)/atmel/studio/7.0/toolchain/arm/arm-gnu-toolchain/bin/../lib/gcc/arm-none-eabi/5.3.1/../../../../arm-none-eabi/lib/armv7-m\libc.a(lib_a-vfiprintf.o)
 .text._vfiprintf_r
                0x0040add8      0xde8 c:/program files (x86)/atmel/studio/7.0/toolchain/arm/arm-gnu-toolchain/bin/../lib/gcc/arm-none-eabi/5.3.1/../../../../arm-none-eabi/lib/armv7-m\libc.a(lib_a-vfiprintf.o)
                0x0040add8                _vfiprintf_r
 .text.__sbprintf
                0x0040bbc0       0x6c c:/program files (x86)/atmel/studio/7.0/toolchain/arm/arm-gnu-toolchain/bin/../lib/gcc/arm-none-eabi/5.3.1/../../../../arm-none-eabi/lib/armv7-m\libc.a(lib_a-vfiprintf.o)
 .text._vsprintf_r
                0x0040bc2c       0x34 c:/program files (x86)/atmel/studio/7.0/toolchain/arm/arm-gnu-toolchain/bin/../lib/gcc/arm-none-eabi/5.3.1/../../../../arm-none-eabi/lib/armv7-m\libc.a(lib_a-vsprintf.o)
                0x0040bc2c                _vsprintf_r
 .text.vsprintf
                0x0040bc60       0x18 c:/program files (x86)/atmel/studio/7.0/toolchain/arm/arm-gnu-toolchain/bin/../lib/gcc/arm-none-eabi/5.3.1/../../../../arm-none-eabi/lib/armv7-m\libc.a(lib_a-vsprintf.o)
                0x0040bc60                vsprintf
 .text.__swsetup_r
                0x0040bc78       0xc8 c:/program files (x86)/atmel/studio/7.0/toolchain/arm/arm-gnu-toolchain/bin/../lib/gcc/arm-none-eabi/5.3.1/../../../../arm-none-eabi/lib/armv7-m\libc.a(lib_a-wsetup.o)
                0x0040bc78                __swsetup_r
 .text.startup.register_fini
                0x0040bd40       0x14 c:/program files (x86)/atmel/studio/7.0/toolchain/arm/arm-gnu-toolchain/bin/../lib/gcc/arm-none-eabi/5.3.1/../../../../arm-none-eabi/lib/armv7-m\libc.a(lib_a-__call_atexit.o)
 .text.atexit   0x0040bd54        0xc c:/program files (x86)/atmel/studio/7.0/toolchain/arm/arm-gnu-toolchain/bin/../lib/gcc/arm-none-eabi/5.3.1/../../../../arm-none-eabi/lib/armv7-m\libc.a(lib_a-atexit.o)
                0x0040bd54                atexit
 .text.quorem   0x0040bd60      0x12c c:/program files (x86)/atmel/studio/7.0/toolchain/arm/arm-gnu-toolchain/bin/../lib/gcc/arm-none-eabi/5.3.1/../../../../arm-none-eabi/lib/armv7-m\libc.a(lib_a-dtoa.o)
 *fill*         0x0040be8c        0x4 
 .text._dtoa_r  0x0040be90      0xe4c c:/program files (x86)/atmel/studio/7.0/toolchain/arm/arm-gnu-toolchain/bin/../lib/gcc/arm-none-eabi/5.3.1/../../../../arm-none-eabi/lib/armv7-m\libc.a(lib_a-dtoa.o)
                0x0040be90                _dtoa_r
 .text.__sflush_r
                0x0040ccdc      0x148 c:/program files (x86)/atmel/studio/7.0/toolchain/arm/arm-gnu-toolchain/bin/../lib/gcc/arm-none-eabi/5.3.1/../../../../arm-none-eabi/lib/armv7-m\libc.a(lib_a-fflush.o)
                0x0040ccdc                __sflush_r
 .text._fflush_r
                0x0040ce24       0x2c c:/program files (x86)/atmel/studio/7.0/toolchain/arm/arm-gnu-toolchain/bin/../lib/gcc/arm-none-eabi/5.3.1/../../../../arm-none-eabi/lib/armv7-m\libc.a(lib_a-fflush.o)
                0x0040ce24                _fflush_r
 .text._cleanup_r
                0x0040ce50        0xc c:/program files (x86)/atmel/studio/7.0/toolchain/arm/arm-gnu-toolchain/bin/../lib/gcc/arm-none-eabi/5.3.1/../../../../arm-none-eabi/lib/armv7-m\libc.a(lib_a-findfp.o)
                0x0040ce50                _cleanup_r
 .text.__sinit.part.1
                0x0040ce5c       0xf0 c:/program files (x86)/atmel/studio/7.0/toolchain/arm/arm-gnu-toolchain/bin/../lib/gcc/arm-none-eabi/5.3.1/../../../../arm-none-eabi/lib/armv7-m\libc.a(lib_a-findfp.o)
 .text.__sinit  0x0040cf4c        0xc c:/program files (x86)/atmel/studio/7.0/toolchain/arm/arm-gnu-toolchain/bin/../lib/gcc/arm-none-eabi/5.3.1/../../../../arm-none-eabi/lib/armv7-m\libc.a(lib_a-findfp.o)
                0x0040cf4c                __sinit
 .text.__sfp_lock_acquire
                0x0040cf58        0x4 c:/program files (x86)/atmel/studio/7.0/toolchain/arm/arm-gnu-toolchain/bin/../lib/gcc/arm-none-eabi/5.3.1/../../../../arm-none-eabi/lib/armv7-m\libc.a(lib_a-findfp.o)
                0x0040cf58                __sfp_lock_acquire
 .text.__sfp_lock_release
                0x0040cf5c        0x4 c:/program files (x86)/atmel/studio/7.0/toolchain/arm/arm-gnu-toolchain/bin/../lib/gcc/arm-none-eabi/5.3.1/../../../../arm-none-eabi/lib/armv7-m\libc.a(lib_a-findfp.o)
                0x0040cf5c                __sfp_lock_release
 .text.__libc_fini_array
                0x0040cf60       0x28 c:/program files (x86)/atmel/studio/7.0/toolchain/arm/arm-gnu-toolchain/bin/../lib/gcc/arm-none-eabi/5.3.1/../../../../arm-none-eabi/lib/armv7-m\libc.a(lib_a-fini.o)
                0x0040cf60                __libc_fini_array
 .text.__fputwc
                0x0040cf88       0x94 c:/program files (x86)/atmel/studio/7.0/toolchain/arm/arm-gnu-toolchain/bin/../lib/gcc/arm-none-eabi/5.3.1/../../../../arm-none-eabi/lib/armv7-m\libc.a(lib_a-fputwc.o)
                0x0040cf88                __fputwc
 .text._fputwc_r
                0x0040d01c       0x24 c:/program files (x86)/atmel/studio/7.0/toolchain/arm/arm-gnu-toolchain/bin/../lib/gcc/arm-none-eabi/5.3.1/../../../../arm-none-eabi/lib/armv7-m\libc.a(lib_a-fputwc.o)
                0x0040d01c                _fputwc_r
 .text._malloc_trim_r
                0x0040d040       0x9c c:/program files (x86)/atmel/studio/7.0/toolchain/arm/arm-gnu-toolchain/bin/../lib/gcc/arm-none-eabi/5.3.1/../../../../arm-none-eabi/lib/armv7-m\libc.a(lib_a-freer.o)
                0x0040d040                _malloc_trim_r
 .text._free_r  0x0040d0dc      0x1d0 c:/program files (x86)/atmel/studio/7.0/toolchain/arm/arm-gnu-toolchain/bin/../lib/gcc/arm-none-eabi/5.3.1/../../../../arm-none-eabi/lib/armv7-m\libc.a(lib_a-freer.o)
                0x0040d0dc                _free_r
 .text.__sfvwrite_r
                0x0040d2ac      0x308 c:/program files (x86)/atmel/studio/7.0/toolchain/arm/arm-gnu-toolchain/bin/../lib/gcc/arm-none-eabi/5.3.1/../../../../arm-none-eabi/lib/armv7-m\libc.a(lib_a-fvwrite.o)
                0x0040d2ac                __sfvwrite_r
 .text._fwalk_reent
                0x0040d5b4       0x50 c:/program files (x86)/atmel/studio/7.0/toolchain/arm/arm-gnu-toolchain/bin/../lib/gcc/arm-none-eabi/5.3.1/../../../../arm-none-eabi/lib/armv7-m\libc.a(lib_a-fwalk.o)
                0x0040d5b4                _fwalk_reent
 .text.rshift   0x0040d604       0xa8 c:/program files (x86)/atmel/studio/7.0/toolchain/arm/arm-gnu-toolchain/bin/../lib/gcc/arm-none-eabi/5.3.1/../../../../arm-none-eabi/lib/armv7-m\libc.a(lib_a-gdtoa-gethex.o)
 .text.__gethex
                0x0040d6ac      0x50c c:/program files (x86)/atmel/studio/7.0/toolchain/arm/arm-gnu-toolchain/bin/../lib/gcc/arm-none-eabi/5.3.1/../../../../arm-none-eabi/lib/armv7-m\libc.a(lib_a-gdtoa-gethex.o)
                0x0040d6ac                __gethex
 .text.__match  0x0040dbb8       0x30 c:/program files (x86)/atmel/studio/7.0/toolchain/arm/arm-gnu-toolchain/bin/../lib/gcc/arm-none-eabi/5.3.1/../../../../arm-none-eabi/lib/armv7-m\libc.a(lib_a-gdtoa-hexnan.o)
                0x0040dbb8                __match
 .text.__hexnan
                0x0040dbe8      0x180 c:/program files (x86)/atmel/studio/7.0/toolchain/arm/arm-gnu-toolchain/bin/../lib/gcc/arm-none-eabi/5.3.1/../../../../arm-none-eabi/lib/armv7-m\libc.a(lib_a-gdtoa-hexnan.o)
                0x0040dbe8                __hexnan
 .text.__locale_charset
                0x0040dd68        0x8 c:/program files (x86)/atmel/studio/7.0/toolchain/arm/arm-gnu-toolchain/bin/../lib/gcc/arm-none-eabi/5.3.1/../../../../arm-none-eabi/lib/armv7-m\libc.a(lib_a-locale.o)
                0x0040dd68                __locale_charset
 .text.__locale_mb_cur_max
                0x0040dd70        0xc c:/program files (x86)/atmel/studio/7.0/toolchain/arm/arm-gnu-toolchain/bin/../lib/gcc/arm-none-eabi/5.3.1/../../../../arm-none-eabi/lib/armv7-m\libc.a(lib_a-locale.o)
                0x0040dd70                __locale_mb_cur_max
 .text._localeconv_r
                0x0040dd7c        0x8 c:/program files (x86)/atmel/studio/7.0/toolchain/arm/arm-gnu-toolchain/bin/../lib/gcc/arm-none-eabi/5.3.1/../../../../arm-none-eabi/lib/armv7-m\libc.a(lib_a-locale.o)
                0x0040dd7c                _localeconv_r
 .text.__swhatbuf_r
                0x0040dd84       0x60 c:/program files (x86)/atmel/studio/7.0/toolchain/arm/arm-gnu-toolchain/bin/../lib/gcc/arm-none-eabi/5.3.1/../../../../arm-none-eabi/lib/armv7-m\libc.a(lib_a-makebuf.o)
                0x0040dd84                __swhatbuf_r
 .text.__smakebuf_r
                0x0040dde4       0x88 c:/program files (x86)/atmel/studio/7.0/toolchain/arm/arm-gnu-toolchain/bin/../lib/gcc/arm-none-eabi/5.3.1/../../../../arm-none-eabi/lib/armv7-m\libc.a(lib_a-makebuf.o)
                0x0040dde4                __smakebuf_r
 .text.malloc   0x0040de6c       0x10 c:/program files (x86)/atmel/studio/7.0/toolchain/arm/arm-gnu-toolchain/bin/../lib/gcc/arm-none-eabi/5.3.1/../../../../arm-none-eabi/lib/armv7-m\libc.a(lib_a-malloc.o)
                0x0040de6c                malloc
 .text._malloc_r
                0x0040de7c      0x558 c:/program files (x86)/atmel/studio/7.0/toolchain/arm/arm-gnu-toolchain/bin/../lib/gcc/arm-none-eabi/5.3.1/../../../../arm-none-eabi/lib/armv7-m\libc.a(lib_a-mallocr.o)
                0x0040de7c                _malloc_r
 .text.memchr   0x0040e3d4       0x8c c:/program files (x86)/atmel/studio/7.0/toolchain/arm/arm-gnu-toolchain/bin/../lib/gcc/arm-none-eabi/5.3.1/../../../../arm-none-eabi/lib/armv7-m\libc.a(lib_a-memchr-stub.o)
                0x0040e3d4                memchr
 .text.memmove  0x0040e460       0xc8 c:/program files (x86)/atmel/studio/7.0/toolchain/arm/arm-gnu-toolchain/bin/../lib/gcc/arm-none-eabi/5.3.1/../../../../arm-none-eabi/lib/armv7-m\libc.a(lib_a-memmove.o)
                0x0040e460                memmove
 .text.__malloc_lock
                0x0040e528        0x4 c:/program files (x86)/atmel/studio/7.0/toolchain/arm/arm-gnu-toolchain/bin/../lib/gcc/arm-none-eabi/5.3.1/../../../../arm-none-eabi/lib/armv7-m\libc.a(lib_a-mlock.o)
                0x0040e528                __malloc_lock
 .text.__malloc_unlock
                0x0040e52c        0x4 c:/program files (x86)/atmel/studio/7.0/toolchain/arm/arm-gnu-toolchain/bin/../lib/gcc/arm-none-eabi/5.3.1/../../../../arm-none-eabi/lib/armv7-m\libc.a(lib_a-mlock.o)
                0x0040e52c                __malloc_unlock
 .text._Balloc  0x0040e530       0x50 c:/program files (x86)/atmel/studio/7.0/toolchain/arm/arm-gnu-toolchain/bin/../lib/gcc/arm-none-eabi/5.3.1/../../../../arm-none-eabi/lib/armv7-m\libc.a(lib_a-mprec.o)
                0x0040e530                _Balloc
 .text._Bfree   0x0040e580       0x14 c:/program files (x86)/atmel/studio/7.0/toolchain/arm/arm-gnu-toolchain/bin/../lib/gcc/arm-none-eabi/5.3.1/../../../../arm-none-eabi/lib/armv7-m\libc.a(lib_a-mprec.o)
                0x0040e580                _Bfree
 .text.__multadd
                0x0040e594       0x80 c:/program files (x86)/atmel/studio/7.0/toolchain/arm/arm-gnu-toolchain/bin/../lib/gcc/arm-none-eabi/5.3.1/../../../../arm-none-eabi/lib/armv7-m\libc.a(lib_a-mprec.o)
                0x0040e594                __multadd
 .text.__s2b    0x0040e614       0x98 c:/program files (x86)/atmel/studio/7.0/toolchain/arm/arm-gnu-toolchain/bin/../lib/gcc/arm-none-eabi/5.3.1/../../../../arm-none-eabi/lib/armv7-m\libc.a(lib_a-mprec.o)
                0x0040e614                __s2b
 .text.__hi0bits
                0x0040e6ac       0x40 c:/program files (x86)/atmel/studio/7.0/toolchain/arm/arm-gnu-toolchain/bin/../lib/gcc/arm-none-eabi/5.3.1/../../../../arm-none-eabi/lib/armv7-m\libc.a(lib_a-mprec.o)
                0x0040e6ac                __hi0bits
 .text.__lo0bits
                0x0040e6ec       0x5c c:/program files (x86)/atmel/studio/7.0/toolchain/arm/arm-gnu-toolchain/bin/../lib/gcc/arm-none-eabi/5.3.1/../../../../arm-none-eabi/lib/armv7-m\libc.a(lib_a-mprec.o)
                0x0040e6ec                __lo0bits
 .text.__i2b    0x0040e748       0x14 c:/program files (x86)/atmel/studio/7.0/toolchain/arm/arm-gnu-toolchain/bin/../lib/gcc/arm-none-eabi/5.3.1/../../../../arm-none-eabi/lib/armv7-m\libc.a(lib_a-mprec.o)
                0x0040e748                __i2b
 .text.__multiply
                0x0040e75c      0x13c c:/program files (x86)/atmel/studio/7.0/toolchain/arm/arm-gnu-toolchain/bin/../lib/gcc/arm-none-eabi/5.3.1/../../../../arm-none-eabi/lib/armv7-m\libc.a(lib_a-mprec.o)
                0x0040e75c                __multiply
 .text.__pow5mult
                0x0040e898       0xa0 c:/program files (x86)/atmel/studio/7.0/toolchain/arm/arm-gnu-toolchain/bin/../lib/gcc/arm-none-eabi/5.3.1/../../../../arm-none-eabi/lib/armv7-m\libc.a(lib_a-mprec.o)
                0x0040e898                __pow5mult
 .text.__lshift
                0x0040e938       0xac c:/program files (x86)/atmel/studio/7.0/toolchain/arm/arm-gnu-toolchain/bin/../lib/gcc/arm-none-eabi/5.3.1/../../../../arm-none-eabi/lib/armv7-m\libc.a(lib_a-mprec.o)
                0x0040e938                __lshift
 .text.__mcmp   0x0040e9e4       0x40 c:/program files (x86)/atmel/studio/7.0/toolchain/arm/arm-gnu-toolchain/bin/../lib/gcc/arm-none-eabi/5.3.1/../../../../arm-none-eabi/lib/armv7-m\libc.a(lib_a-mprec.o)
                0x0040e9e4                __mcmp
 .text.__mdiff  0x0040ea24      0x128 c:/program files (x86)/atmel/studio/7.0/toolchain/arm/arm-gnu-toolchain/bin/../lib/gcc/arm-none-eabi/5.3.1/../../../../arm-none-eabi/lib/armv7-m\libc.a(lib_a-mprec.o)
                0x0040ea24                __mdiff
 .text.__ulp    0x0040eb4c       0x44 c:/program files (x86)/atmel/studio/7.0/toolchain/arm/arm-gnu-toolchain/bin/../lib/gcc/arm-none-eabi/5.3.1/../../../../arm-none-eabi/lib/armv7-m\libc.a(lib_a-mprec.o)
                0x0040eb4c                __ulp
 .text.__b2d    0x0040eb90       0xd4 c:/program files (x86)/atmel/studio/7.0/toolchain/arm/arm-gnu-toolchain/bin/../lib/gcc/arm-none-eabi/5.3.1/../../../../arm-none-eabi/lib/armv7-m\libc.a(lib_a-mprec.o)
                0x0040eb90                __b2d
 .text.__d2b    0x0040ec64       0xa8 c:/program files (x86)/atmel/studio/7.0/toolchain/arm/arm-gnu-toolchain/bin/../lib/gcc/arm-none-eabi/5.3.1/../../../../arm-none-eabi/lib/armv7-m\libc.a(lib_a-mprec.o)
                0x0040ec64                __d2b
 .text.__ratio  0x0040ed0c       0x54 c:/program files (x86)/atmel/studio/7.0/toolchain/arm/arm-gnu-toolchain/bin/../lib/gcc/arm-none-eabi/5.3.1/../../../../arm-none-eabi/lib/armv7-m\libc.a(lib_a-mprec.o)
                0x0040ed0c                __ratio
 .text.__copybits
                0x0040ed60       0x48 c:/program files (x86)/atmel/studio/7.0/toolchain/arm/arm-gnu-toolchain/bin/../lib/gcc/arm-none-eabi/5.3.1/../../../../arm-none-eabi/lib/armv7-m\libc.a(lib_a-mprec.o)
                0x0040ed60                __copybits
 .text.__any_on
                0x0040eda8       0x5c c:/program files (x86)/atmel/studio/7.0/toolchain/arm/arm-gnu-toolchain/bin/../lib/gcc/arm-none-eabi/5.3.1/../../../../arm-none-eabi/lib/armv7-m\libc.a(lib_a-mprec.o)
                0x0040eda8                __any_on
 .text._realloc_r
                0x0040ee04      0x3d4 c:/program files (x86)/atmel/studio/7.0/toolchain/arm/arm-gnu-toolchain/bin/../lib/gcc/arm-none-eabi/5.3.1/../../../../arm-none-eabi/lib/armv7-m\libc.a(lib_a-reallocr.o)
                0x0040ee04                _realloc_r
 .text._sbrk_r  0x0040f1d8       0x24 c:/program files (x86)/atmel/studio/7.0/toolchain/arm/arm-gnu-toolchain/bin/../lib/gcc/arm-none-eabi/5.3.1/../../../../arm-none-eabi/lib/armv7-m\libc.a(lib_a-sbrkr.o)
                0x0040f1d8                _sbrk_r
 .text.nanf     0x0040f1fc        0x8 c:/program files (x86)/atmel/studio/7.0/toolchain/arm/arm-gnu-toolchain/bin/../lib/gcc/arm-none-eabi/5.3.1/../../../../arm-none-eabi/lib/armv7-m\libc.a(lib_a-sf_nan.o)
                0x0040f1fc                nanf
 .text.__sread  0x0040f204       0x24 c:/program files (x86)/atmel/studio/7.0/toolchain/arm/arm-gnu-toolchain/bin/../lib/gcc/arm-none-eabi/5.3.1/../../../../arm-none-eabi/lib/armv7-m\libc.a(lib_a-stdio.o)
                0x0040f204                __sread
 .text.__swrite
                0x0040f228       0x3c c:/program files (x86)/atmel/studio/7.0/toolchain/arm/arm-gnu-toolchain/bin/../lib/gcc/arm-none-eabi/5.3.1/../../../../arm-none-eabi/lib/armv7-m\libc.a(lib_a-stdio.o)
                0x0040f228                __swrite
 .text.__sseek  0x0040f264       0x20 c:/program files (x86)/atmel/studio/7.0/toolchain/arm/arm-gnu-toolchain/bin/../lib/gcc/arm-none-eabi/5.3.1/../../../../arm-none-eabi/lib/armv7-m\libc.a(lib_a-stdio.o)
                0x0040f264                __sseek
 .text.__sclose
                0x0040f284        0x8 c:/program files (x86)/atmel/studio/7.0/toolchain/arm/arm-gnu-toolchain/bin/../lib/gcc/arm-none-eabi/5.3.1/../../../../arm-none-eabi/lib/armv7-m\libc.a(lib_a-stdio.o)
                0x0040f284                __sclose
 .text.__ssprint_r
                0x0040f28c      0x100 c:/program files (x86)/atmel/studio/7.0/toolchain/arm/arm-gnu-toolchain/bin/../lib/gcc/arm-none-eabi/5.3.1/../../../../arm-none-eabi/lib/armv7-m\libc.a(lib_a-svfiprintf.o)
                0x0040f28c                __ssprint_r
 .text.__swbuf_r
                0x0040f38c       0xac c:/program files (x86)/atmel/studio/7.0/toolchain/arm/arm-gnu-toolchain/bin/../lib/gcc/arm-none-eabi/5.3.1/../../../../arm-none-eabi/lib/armv7-m\libc.a(lib_a-wbuf.o)
                0x0040f38c                __swbuf_r
 .text._wcrtomb_r
                0x0040f438       0x54 c:/program files (x86)/atmel/studio/7.0/toolchain/arm/arm-gnu-toolchain/bin/../lib/gcc/arm-none-eabi/5.3.1/../../../../arm-none-eabi/lib/armv7-m\libc.a(lib_a-wcrtomb.o)
                0x0040f438                _wcrtomb_r
 .text.__ascii_wctomb
                0x0040f48c       0x1c c:/program files (x86)/atmel/studio/7.0/toolchain/arm/arm-gnu-toolchain/bin/../lib/gcc/arm-none-eabi/5.3.1/../../../../arm-none-eabi/lib/armv7-m\libc.a(lib_a-wctomb_r.o)
                0x0040f48c                __ascii_wctomb
 .text._write_r
                0x0040f4a8       0x2c c:/program files (x86)/atmel/studio/7.0/toolchain/arm/arm-gnu-toolchain/bin/../lib/gcc/arm-none-eabi/5.3.1/../../../../arm-none-eabi/lib/armv7-m\libc.a(lib_a-writer.o)
                0x0040f4a8                _write_r
 .text.__register_exitproc
                0x0040f4d4       0xa4 c:/program files (x86)/atmel/studio/7.0/toolchain/arm/arm-gnu-toolchain/bin/../lib/gcc/arm-none-eabi/5.3.1/../../../../arm-none-eabi/lib/armv7-m\libc.a(lib_a-__atexit.o)
                0x0040f4d4                __register_exitproc
 .text._calloc_r
                0x0040f578       0x60 c:/program files (x86)/atmel/studio/7.0/toolchain/arm/arm-gnu-toolchain/bin/../lib/gcc/arm-none-eabi/5.3.1/../../../../arm-none-eabi/lib/armv7-m\libc.a(lib_a-callocr.o)
                0x0040f578                _calloc_r
 .text._close_r
                0x0040f5d8       0x24 c:/program files (x86)/atmel/studio/7.0/toolchain/arm/arm-gnu-toolchain/bin/../lib/gcc/arm-none-eabi/5.3.1/../../../../arm-none-eabi/lib/armv7-m\libc.a(lib_a-closer.o)
                0x0040f5d8                _close_r
 .text._fclose_r
                0x0040f5fc       0x84 c:/program files (x86)/atmel/studio/7.0/toolchain/arm/arm-gnu-toolchain/bin/../lib/gcc/arm-none-eabi/5.3.1/../../../../arm-none-eabi/lib/armv7-m\libc.a(lib_a-fclose.o)
                0x0040f5fc                _fclose_r
 .text._fstat_r
                0x0040f680       0x28 c:/program files (x86)/atmel/studio/7.0/toolchain/arm/arm-gnu-toolchain/bin/../lib/gcc/arm-none-eabi/5.3.1/../../../../arm-none-eabi/lib/armv7-m\libc.a(lib_a-fstatr.o)
                0x0040f680                _fstat_r
 .text._isatty_r
                0x0040f6a8       0x24 c:/program files (x86)/atmel/studio/7.0/toolchain/arm/arm-gnu-toolchain/bin/../lib/gcc/arm-none-eabi/5.3.1/../../../../arm-none-eabi/lib/armv7-m\libc.a(lib_a-isattyr.o)
                0x0040f6a8                _isatty_r
 .text._lseek_r
                0x0040f6cc       0x2c c:/program files (x86)/atmel/studio/7.0/toolchain/arm/arm-gnu-toolchain/bin/../lib/gcc/arm-none-eabi/5.3.1/../../../../arm-none-eabi/lib/armv7-m\libc.a(lib_a-lseekr.o)
                0x0040f6cc                _lseek_r
 .text._read_r  0x0040f6f8       0x2c c:/program files (x86)/atmel/studio/7.0/toolchain/arm/arm-gnu-toolchain/bin/../lib/gcc/arm-none-eabi/5.3.1/../../../../arm-none-eabi/lib/armv7-m\libc.a(lib_a-readr.o)
                0x0040f6f8                _read_r
 .text          0x0040f724       0x2c c:/program files (x86)/atmel/studio/7.0/toolchain/arm/arm-gnu-toolchain/bin/../lib/gcc/arm-none-eabi/5.3.1/armv7-m\libgcc.a(_arm_unorddf2.o)
                0x0040f724                __unorddf2
                0x0040f724                __aeabi_dcmpun
 .text          0x0040f750       0x40 c:/program files (x86)/atmel/studio/7.0/toolchain/arm/arm-gnu-toolchain/bin/../lib/gcc/arm-none-eabi/5.3.1/armv7-m\libgcc.a(_arm_fixunsdfsi.o)
                0x0040f750                __aeabi_d2uiz
                0x0040f750                __fixunsdfsi
 .text          0x0040f790       0x30 c:/program files (x86)/atmel/studio/7.0/toolchain/arm/arm-gnu-toolchain/bin/../lib/gcc/arm-none-eabi/5.3.1/armv7-m\libgcc.a(_aeabi_uldivmod.o)
                0x0040f790                __aeabi_uldivmod
 .text          0x0040f7c0      0x2ec c:/program files (x86)/atmel/studio/7.0/toolchain/arm/arm-gnu-toolchain/bin/../lib/gcc/arm-none-eabi/5.3.1/armv7-m\libgcc.a(_udivmoddi4.o)
                0x0040f7c0                __udivmoddi4
 .text          0x0040faac        0x4 c:/program files (x86)/atmel/studio/7.0/toolchain/arm/arm-gnu-toolchain/bin/../lib/gcc/arm-none-eabi/5.3.1/armv7-m\libgcc.a(_dvmd_tls.o)
                0x0040faac                __aeabi_idiv0
                0x0040faac                __aeabi_ldiv0
 *(.glue_7t)
 .glue_7t       0x0040fab0        0x0 linker stubs
 *(.glue_7)
 .glue_7        0x0040fab0        0x0 linker stubs
 *(.rodata .rodata* .gnu.linkonce.r.*)
 .rodata.functionsMap
                0x0040fab0      0x240 src/Commands.o
                0x0040fab0                functionsMap
 .rodata.str1.1
                0x0040fcf0       0x2a src/Commands.o
 *fill*         0x0040fd1a        0x2 
 .rodata        0x0040fd1c       0x10 src/HAL/HAL_IMU.o
 .rodata.str1.1
                0x0040fd2c       0x31 src/HAL/HAL_IMU.o
 .rodata.str1.1
                0x0040fd5d       0x88 src/LCD.o
 .rodata.str1.1
                0x0040fde5       0x80 src/UART_Comm.o
 *fill*         0x0040fe65        0x3 
 .rodata.all_twi_definitions
                0x0040fe68       0x10 src/ASF/common/services/freertos/sam/freertos_twi_master.o
 .rodata.null_dma_control
                0x0040fe78        0x8 src/ASF/common/services/freertos/sam/freertos_twi_master.o
 .rodata.all_uart_definitions
                0x0040fe80       0x10 src/ASF/common/services/freertos/sam/freertos_uart_serial.o
 .rodata.LED_DESCRIPTOR
                0x0040fe90       0x20 src/ASF/sam/boards/sam3n_ek/led.o
 .rodata.p_uc_charset10x14
                0x0040feb0      0x780 src/ASF/sam/components/display/ili9225/ili9225.o
                0x0040feb0                p_uc_charset10x14
 .rodata.str1.1
                0x00410630       0x17 src/ASF/thirdparty/freertos/freertos-7.3.0/source/tasks.o
                                 0x1a (size before relaxing)
 .rodata.str1.1
                0x00410647        0x8 src/ASF/thirdparty/freertos/freertos-7.3.0/source/timers.o
 .rodata.str1.1
                0x0041064f       0xfc src/IMU.o
                                0x105 (size before relaxing)
 .rodata.str1.1
                0x0041074b      0x208 src/main.o
 *fill*         0x00410953        0x1 
 .rodata.npio2_hw
                0x00410954       0x80 c:/program files (x86)/atmel/studio/7.0/toolchain/arm/arm-gnu-toolchain/bin/../lib/gcc/arm-none-eabi/5.3.1/../../../../arm-none-eabi/lib/armv7-m\libm.a(lib_a-e_rem_pio2.o)
 .rodata.two_over_pi
                0x004109d4      0x108 c:/program files (x86)/atmel/studio/7.0/toolchain/arm/arm-gnu-toolchain/bin/../lib/gcc/arm-none-eabi/5.3.1/../../../../arm-none-eabi/lib/armv7-m\libm.a(lib_a-e_rem_pio2.o)
 .rodata.init_jk
                0x00410adc       0x10 c:/program files (x86)/atmel/studio/7.0/toolchain/arm/arm-gnu-toolchain/bin/../lib/gcc/arm-none-eabi/5.3.1/../../../../arm-none-eabi/lib/armv7-m\libm.a(lib_a-k_rem_pio2.o)
 *fill*         0x00410aec        0x4 
 .rodata.PIo2   0x00410af0       0x40 c:/program files (x86)/atmel/studio/7.0/toolchain/arm/arm-gnu-toolchain/bin/../lib/gcc/arm-none-eabi/5.3.1/../../../../arm-none-eabi/lib/armv7-m\libm.a(lib_a-k_rem_pio2.o)
 .rodata._ctype_
                0x00410b30      0x101 c:/program files (x86)/atmel/studio/7.0/toolchain/arm/arm-gnu-toolchain/bin/../lib/gcc/arm-none-eabi/5.3.1/../../../../arm-none-eabi/lib/armv7-m\libc.a(lib_a-ctype_.o)
                0x00410b30                _ctype_
 *fill*         0x00410c31        0x3 
 .rodata.str1.4
                0x00410c34        0x2 c:/program files (x86)/atmel/studio/7.0/toolchain/arm/arm-gnu-toolchain/bin/../lib/gcc/arm-none-eabi/5.3.1/../../../../arm-none-eabi/lib/armv7-m\libc.a(lib_a-impure.o)
 *fill*         0x00410c36        0x2 
 .rodata._global_impure_ptr
                0x00410c38        0x4 c:/program files (x86)/atmel/studio/7.0/toolchain/arm/arm-gnu-toolchain/bin/../lib/gcc/arm-none-eabi/5.3.1/../../../../arm-none-eabi/lib/armv7-m\libc.a(lib_a-impure.o)
                0x00410c38                _global_impure_ptr
 .rodata.fpinan.5370
                0x00410c3c       0x14 c:/program files (x86)/atmel/studio/7.0/toolchain/arm/arm-gnu-toolchain/bin/../lib/gcc/arm-none-eabi/5.3.1/../../../../arm-none-eabi/lib/armv7-m\libc.a(lib_a-strtod.o)
 .rodata.str1.4
                0x00410c50        0xf c:/program files (x86)/atmel/studio/7.0/toolchain/arm/arm-gnu-toolchain/bin/../lib/gcc/arm-none-eabi/5.3.1/../../../../arm-none-eabi/lib/armv7-m\libc.a(lib_a-strtod.o)
 *fill*         0x00410c5f        0x1 
 .rodata.tinytens
                0x00410c60       0x28 c:/program files (x86)/atmel/studio/7.0/toolchain/arm/arm-gnu-toolchain/bin/../lib/gcc/arm-none-eabi/5.3.1/../../../../arm-none-eabi/lib/armv7-m\libc.a(lib_a-strtod.o)
 .rodata.fpi.5334
                0x00410c88       0x14 c:/program files (x86)/atmel/studio/7.0/toolchain/arm/arm-gnu-toolchain/bin/../lib/gcc/arm-none-eabi/5.3.1/../../../../arm-none-eabi/lib/armv7-m\libc.a(lib_a-strtod.o)
 .rodata.zeroes.7035
                0x00410c9c       0x10 c:/program files (x86)/atmel/studio/7.0/toolchain/arm/arm-gnu-toolchain/bin/../lib/gcc/arm-none-eabi/5.3.1/../../../../arm-none-eabi/lib/armv7-m\libc.a(lib_a-svfprintf.o)
 .rodata.str1.4
                0x00410cac       0x42 c:/program files (x86)/atmel/studio/7.0/toolchain/arm/arm-gnu-toolchain/bin/../lib/gcc/arm-none-eabi/5.3.1/../../../../arm-none-eabi/lib/armv7-m\libc.a(lib_a-svfprintf.o)
 *fill*         0x00410cee        0x2 
 .rodata.blanks.7034
                0x00410cf0       0x10 c:/program files (x86)/atmel/studio/7.0/toolchain/arm/arm-gnu-toolchain/bin/../lib/gcc/arm-none-eabi/5.3.1/../../../../arm-none-eabi/lib/armv7-m\libc.a(lib_a-svfprintf.o)
 .rodata.zeroes.6993
                0x00410d00       0x10 c:/program files (x86)/atmel/studio/7.0/toolchain/arm/arm-gnu-toolchain/bin/../lib/gcc/arm-none-eabi/5.3.1/../../../../arm-none-eabi/lib/armv7-m\libc.a(lib_a-vfiprintf.o)
 .rodata.str1.4
                0x00410d10       0x2f c:/program files (x86)/atmel/studio/7.0/toolchain/arm/arm-gnu-toolchain/bin/../lib/gcc/arm-none-eabi/5.3.1/../../../../arm-none-eabi/lib/armv7-m\libc.a(lib_a-vfiprintf.o)
 .rodata.blanks.6992
                0x00410d10       0x10 c:/program files (x86)/atmel/studio/7.0/toolchain/arm/arm-gnu-toolchain/bin/../lib/gcc/arm-none-eabi/5.3.1/../../../../arm-none-eabi/lib/armv7-m\libc.a(lib_a-vfiprintf.o)
 .rodata.str1.4
                0x00410d20       0x10 c:/program files (x86)/atmel/studio/7.0/toolchain/arm/arm-gnu-toolchain/bin/../lib/gcc/arm-none-eabi/5.3.1/../../../../arm-none-eabi/lib/armv7-m\libc.a(lib_a-dtoa.o)
                                 0x12 (size before relaxing)
 .rodata.__hexdig
                0x00410d30      0x100 c:/program files (x86)/atmel/studio/7.0/toolchain/arm/arm-gnu-toolchain/bin/../lib/gcc/arm-none-eabi/5.3.1/../../../../arm-none-eabi/lib/armv7-m\libc.a(lib_a-gdtoa-gethex.o)
                0x00410d30                __hexdig
 .rodata.str1.4
                0x00410e30        0xc c:/program files (x86)/atmel/studio/7.0/toolchain/arm/arm-gnu-toolchain/bin/../lib/gcc/arm-none-eabi/5.3.1/../../../../arm-none-eabi/lib/armv7-m\libc.a(lib_a-locale.o)
                                 0x12 (size before relaxing)
 *fill*         0x00410e3c        0x4 
 .rodata.__mprec_tens
                0x00410e40       0xc8 c:/program files (x86)/atmel/studio/7.0/toolchain/arm/arm-gnu-toolchain/bin/../lib/gcc/arm-none-eabi/5.3.1/../../../../arm-none-eabi/lib/armv7-m\libc.a(lib_a-mprec.o)
                0x00410e40                __mprec_tens
 .rodata.__mprec_bigtens
                0x00410f08       0x28 c:/program files (x86)/atmel/studio/7.0/toolchain/arm/arm-gnu-toolchain/bin/../lib/gcc/arm-none-eabi/5.3.1/../../../../arm-none-eabi/lib/armv7-m\libc.a(lib_a-mprec.o)
                0x00410f08                __mprec_bigtens
 .rodata.p05.5373
                0x00410f30        0xc c:/program files (x86)/atmel/studio/7.0/toolchain/arm/arm-gnu-toolchain/bin/../lib/gcc/arm-none-eabi/5.3.1/../../../../arm-none-eabi/lib/armv7-m\libc.a(lib_a-mprec.o)
 *(.ARM.extab* .gnu.linkonce.armextab.*)
                0x00410f3c                . = ALIGN (0x4)
 *(.init)
 .init          0x00410f3c        0x4 c:/program files (x86)/atmel/studio/7.0/toolchain/arm/arm-gnu-toolchain/bin/../lib/gcc/arm-none-eabi/5.3.1/armv7-m/crti.o
                0x00410f3c                _init
 .init          0x00410f40        0x8 c:/program files (x86)/atmel/studio/7.0/toolchain/arm/arm-gnu-toolchain/bin/../lib/gcc/arm-none-eabi/5.3.1/armv7-m/crtn.o
                0x00410f48                . = ALIGN (0x4)
                0x00410f48                __preinit_array_start = .
 *(.preinit_array)
                0x00410f48                __preinit_array_end = .
                0x00410f48                . = ALIGN (0x4)
                0x00410f48                __init_array_start = .
 *(SORT(.init_array.*))
 .init_array.00000
                0x00410f48        0x4 c:/program files (x86)/atmel/studio/7.0/toolchain/arm/arm-gnu-toolchain/bin/../lib/gcc/arm-none-eabi/5.3.1/../../../../arm-none-eabi/lib/armv7-m\libc.a(lib_a-__call_atexit.o)
 *(.init_array)
 .init_array    0x00410f4c        0x4 c:/program files (x86)/atmel/studio/7.0/toolchain/arm/arm-gnu-toolchain/bin/../lib/gcc/arm-none-eabi/5.3.1/armv7-m/crtbegin.o
                0x00410f50                __init_array_end = .
                0x00410f50                . = ALIGN (0x4)
 *crtbegin.o(.ctors)
 *(EXCLUDE_FILE(*crtend.o) .ctors)
 *(SORT(.ctors.*))
 *crtend.o(.ctors)
                0x00410f50                . = ALIGN (0x4)
 *(.fini)
 .fini          0x00410f50        0x4 c:/program files (x86)/atmel/studio/7.0/toolchain/arm/arm-gnu-toolchain/bin/../lib/gcc/arm-none-eabi/5.3.1/armv7-m/crti.o
                0x00410f50                _fini
 .fini          0x00410f54        0x8 c:/program files (x86)/atmel/studio/7.0/toolchain/arm/arm-gnu-toolchain/bin/../lib/gcc/arm-none-eabi/5.3.1/armv7-m/crtn.o
                0x00410f5c                . = ALIGN (0x4)
                0x00410f5c                __fini_array_start = .
 *(.fini_array)
 .fini_array    0x00410f5c        0x4 c:/program files (x86)/atmel/studio/7.0/toolchain/arm/arm-gnu-toolchain/bin/../lib/gcc/arm-none-eabi/5.3.1/armv7-m/crtbegin.o
 *(SORT(.fini_array.*))
                0x00410f60                __fini_array_end = .
 *crtbegin.o(.dtors)
 *(EXCLUDE_FILE(*crtend.o) .dtors)
 *(SORT(.dtors.*))
 *crtend.o(.dtors)
                0x00410f60                . = ALIGN (0x4)
                0x00410f60                _efixed = .
                [!provide]                PROVIDE (__exidx_start, .)

.vfp11_veneer   0x00410f60        0x0
 .vfp11_veneer  0x00410f60        0x0 linker stubs

.v4_bx          0x00410f60        0x0
 .v4_bx         0x00410f60        0x0 linker stubs

.iplt           0x00410f60        0x0
 .iplt          0x00410f60        0x0 c:/program files (x86)/atmel/studio/7.0/toolchain/arm/arm-gnu-toolchain/bin/../lib/gcc/arm-none-eabi/5.3.1/armv7-m/crtbegin.o

.ARM.exidx      0x00410f60        0x8
 *(.ARM.exidx* .gnu.linkonce.armexidx.*)
 .ARM.exidx     0x00410f60        0x8 c:/program files (x86)/atmel/studio/7.0/toolchain/arm/arm-gnu-toolchain/bin/../lib/gcc/arm-none-eabi/5.3.1/armv7-m\libgcc.a(_udivmoddi4.o)
                [!provide]                PROVIDE (__exidx_end, .)

.eh_frame       0x00410f68        0x0
 .eh_frame      0x00410f68        0x0 c:/program files (x86)/atmel/studio/7.0/toolchain/arm/arm-gnu-toolchain/bin/../lib/gcc/arm-none-eabi/5.3.1/armv7-m/crtbegin.o

.rel.dyn        0x00410f68        0x0
 .rel.iplt      0x00410f68        0x0 c:/program files (x86)/atmel/studio/7.0/toolchain/arm/arm-gnu-toolchain/bin/../lib/gcc/arm-none-eabi/5.3.1/armv7-m/crtbegin.o

.jcr            0x00410f68        0x0
 .jcr           0x00410f68        0x0 c:/program files (x86)/atmel/studio/7.0/toolchain/arm/arm-gnu-toolchain/bin/../lib/gcc/arm-none-eabi/5.3.1/armv7-m/crtbegin.o

.igot.plt       0x00410f68        0x0
 .igot.plt      0x00410f68        0x0 c:/program files (x86)/atmel/studio/7.0/toolchain/arm/arm-gnu-toolchain/bin/../lib/gcc/arm-none-eabi/5.3.1/armv7-m/crtbegin.o
                0x00410f68                . = ALIGN (0x4)
                0x00410f68                _etext = .

.relocate       0x20000000      0x9ac load address 0x00410f68
                0x20000000                . = ALIGN (0x4)
                0x20000000                _srelocate = .
 *(.ramfunc .ramfunc.*)
 .ramfunc       0x20000000       0xc4 src/ASF/sam/utils/cmsis/sam3n/source/templates/system_sam3n.o
                0x20000000                SystemInit
                0x20000088                system_init_flash
 *(.data .data.*)