Archive member included to satisfy reference by file (symbol)

c:/program files (x86)/atmel/studio/7.0/toolchain/arm/arm-gnu-toolchain/bin/../lib/gcc/arm-none-eabi/5.3.1/../../../../arm-none-eabi/lib/armv7-m\libm.a(lib_a-s_atan.o)
                              src/HAL/HAL_IMU_MPU6050.o (atan)
c:/program files (x86)/atmel/studio/7.0/toolchain/arm/arm-gnu-toolchain/bin/../lib/gcc/arm-none-eabi/5.3.1/../../../../arm-none-eabi/lib/armv7-m\libm.a(lib_a-s_fabs.o)
                              c:/program files (x86)/atmel/studio/7.0/toolchain/arm/arm-gnu-toolchain/bin/../lib/gcc/arm-none-eabi/5.3.1/../../../../arm-none-eabi/lib/armv7-m\libm.a(lib_a-s_atan.o) (fabs)
c:/program files (x86)/atmel/studio/7.0/toolchain/arm/arm-gnu-toolchain/bin/../lib/gcc/arm-none-eabi/5.3.1/../../../../arm-none-eabi/lib/armv7-m\libm.a(lib_a-s_sin.o)
                              src/HAL/HAL_IMU_MPU6050.o (sin)
c:/program files (x86)/atmel/studio/7.0/toolchain/arm/arm-gnu-toolchain/bin/../lib/gcc/arm-none-eabi/5.3.1/../../../../arm-none-eabi/lib/armv7-m\libm.a(lib_a-e_rem_pio2.o)
                              c:/program files (x86)/atmel/studio/7.0/toolchain/arm/arm-gnu-toolchain/bin/../lib/gcc/arm-none-eabi/5.3.1/../../../../arm-none-eabi/lib/armv7-m\libm.a(lib_a-s_sin.o) (__ieee754_rem_pio2)
c:/program files (x86)/atmel/studio/7.0/toolchain/arm/arm-gnu-toolchain/bin/../lib/gcc/arm-none-eabi/5.3.1/../../../../arm-none-eabi/lib/armv7-m\libm.a(lib_a-k_cos.o)
                              c:/program files (x86)/atmel/studio/7.0/toolchain/arm/arm-gnu-toolchain/bin/../lib/gcc/arm-none-eabi/5.3.1/../../../../arm-none-eabi/lib/armv7-m\libm.a(lib_a-s_sin.o) (__kernel_cos)
c:/program files (x86)/atmel/studio/7.0/toolchain/arm/arm-gnu-toolchain/bin/../lib/gcc/arm-none-eabi/5.3.1/../../../../arm-none-eabi/lib/armv7-m\libm.a(lib_a-k_rem_pio2.o)
                              c:/program files (x86)/atmel/studio/7.0/toolchain/arm/arm-gnu-toolchain/bin/../lib/gcc/arm-none-eabi/5.3.1/../../../../arm-none-eabi/lib/armv7-m\libm.a(lib_a-e_rem_pio2.o) (__kernel_rem_pio2)
c:/program files (x86)/atmel/studio/7.0/toolchain/arm/arm-gnu-toolchain/bin/../lib/gcc/arm-none-eabi/5.3.1/../../../../arm-none-eabi/lib/armv7-m\libm.a(lib_a-k_sin.o)
                              c:/program files (x86)/atmel/studio/7.0/toolchain/arm/arm-gnu-toolchain/bin/../lib/gcc/arm-none-eabi/5.3.1/../../../../arm-none-eabi/lib/armv7-m\libm.a(lib_a-s_sin.o) (__kernel_sin)
c:/program files (x86)/atmel/studio/7.0/toolchain/arm/arm-gnu-toolchain/bin/../lib/gcc/arm-none-eabi/5.3.1/../../../../arm-none-eabi/lib/armv7-m\libm.a(lib_a-s_floor.o)
                              c:/program files (x86)/atmel/studio/7.0/toolchain/arm/arm-gnu-toolchain/bin/../lib/gcc/arm-none-eabi/5.3.1/../../../../arm-none-eabi/lib/armv7-m\libm.a(lib_a-k_rem_pio2.o) (floor)
c:/program files (x86)/atmel/studio/7.0/toolchain/arm/arm-gnu-toolchain/bin/../lib/gcc/arm-none-eabi/5.3.1/../../../../arm-none-eabi/lib/armv7-m\libm.a(lib_a-s_scalbn.o)
                              c:/program files (x86)/atmel/studio/7.0/toolchain/arm/arm-gnu-toolchain/bin/../lib/gcc/arm-none-eabi/5.3.1/../../../../arm-none-eabi/lib/armv7-m\libm.a(lib_a-k_rem_pio2.o) (scalbn)
c:/program files (x86)/atmel/studio/7.0/toolchain/arm/arm-gnu-toolchain/bin/../lib/gcc/arm-none-eabi/5.3.1/../../../../arm-none-eabi/lib/armv7-m\libm.a(lib_a-s_copysign.o)
                              c:/program files (x86)/atmel/studio/7.0/toolchain/arm/arm-gnu-toolchain/bin/../lib/gcc/arm-none-eabi/5.3.1/../../../../arm-none-eabi/lib/armv7-m\libm.a(lib_a-s_scalbn.o) (copysign)
c:/program files (x86)/atmel/studio/7.0/toolchain/arm/arm-gnu-toolchain/bin/../lib/gcc/arm-none-eabi/5.3.1/armv7-m\libgcc.a(_arm_addsubdf3.o)
                              src/Filter/ComplementaryFilter.o (__aeabi_dsub)
c:/program files (x86)/atmel/studio/7.0/toolchain/arm/arm-gnu-toolchain/bin/../lib/gcc/arm-none-eabi/5.3.1/armv7-m\libgcc.a(_arm_muldivdf3.o)
                              src/Filter/ComplementaryFilter.o (__aeabi_dmul)
c:/program files (x86)/atmel/studio/7.0/toolchain/arm/arm-gnu-toolchain/bin/../lib/gcc/arm-none-eabi/5.3.1/armv7-m\libgcc.a(_arm_cmpdf2.o)
                              c:/program files (x86)/atmel/studio/7.0/toolchain/arm/arm-gnu-toolchain/bin/../lib/gcc/arm-none-eabi/5.3.1/../../../../arm-none-eabi/lib/armv7-m\libm.a(lib_a-e_rem_pio2.o) (__aeabi_dcmpeq)
c:/program files (x86)/atmel/studio/7.0/toolchain/arm/arm-gnu-toolchain/bin/../lib/gcc/arm-none-eabi/5.3.1/armv7-m\libgcc.a(_arm_fixdfsi.o)
                              src/HAL/HAL_Encoder.o (__aeabi_d2iz)
c:/program files (x86)/atmel/studio/7.0/toolchain/arm/arm-gnu-toolchain/bin/../lib/gcc/arm-none-eabi/5.3.1/armv7-m\libgcc.a(_arm_truncdfsf2.o)
                              src/HAL/HAL_IMU_MPU6050.o (__aeabi_d2f)
c:/program files (x86)/atmel/studio/7.0/toolchain/arm/arm-gnu-toolchain/bin/../lib/gcc/arm-none-eabi/5.3.1/armv7-m\libgcc.a(_arm_addsubsf3.o)
[...]
Memory Configuration

Name             Origin             Length             Attributes
rom              0x00400000         0x00040000         xr
ram              0x20000000         0x00006000         xrw
*default*        0x00000000         0xffffffff

Linker script and memory map

LOAD c:/program files (x86)/atmel/studio/7.0/toolchain/arm/arm-gnu-toolchain/bin/../lib/gcc/arm-none-eabi/5.3.1/armv7-m/crti.o
LOAD c:/program files (x86)/atmel/studio/7.0/toolchain/arm/arm-gnu-toolchain/bin/../lib/gcc/arm-none-eabi/5.3.1/armv7-m/crtbegin.o
LOAD c:/program files (x86)/atmel/studio/7.0/toolchain/arm/arm-gnu-toolchain/bin/../lib/gcc/arm-none-eabi/5.3.1/../../../../arm-none-eabi/lib/armv7-m/crt0.o
LOAD src/Commands.o
LOAD src/Filter/ComplementaryFilter.o
LOAD src/Filter/KalmanFilter.o
LOAD src/HAL/HAL_Encoder.o
LOAD src/utils.o
LOAD src/HAL/HAL_IMU_MPU6050.o
LOAD src/HAL/HAL_UART.o
LOAD src/LCD.o
LOAD src/UART_Comm.o
LOAD src/ASF/common/services/clock/sam3n/sysclk.o
LOAD src/ASF/common/services/freertos/sam/freertos_peripheral_control.o
LOAD src/ASF/common/services/freertos/sam/freertos_twi_master.o
LOAD src/ASF/common/services/freertos/sam/freertos_uart_serial.o
LOAD src/ASF/common/services/serial/usart_serial.o
LOAD src/ASF/common/services/spi/sam_spi/spi_master.o
LOAD src/ASF/common/utils/interrupt/interrupt_sam_nvic.o
LOAD src/ASF/common/utils/stdio/read.o
LOAD src/ASF/common/utils/stdio/write.o
LOAD src/ASF/sam/boards/sam3n_ek/init.o
LOAD src/ASF/sam/boards/sam3n_ek/led.o
LOAD src/ASF/sam/components/display/aat31xx/aat31xx.o
LOAD src/ASF/sam/components/display/ili9225/ili9225.o
LOAD src/ASF/sam/drivers/pdc/pdc.o
LOAD src/ASF/sam/drivers/pio/pio.o
LOAD src/ASF/sam/drivers/pio/pio_handler.o
LOAD src/ASF/sam/drivers/pmc/pmc.o
LOAD src/ASF/sam/drivers/pmc/sleep.o
LOAD src/ASF/sam/drivers/spi/spi.o
LOAD src/ASF/sam/drivers/twi/twi.o
LOAD src/ASF/sam/drivers/uart/uart.o
LOAD src/ASF/sam/drivers/usart/usart.o
LOAD src/ASF/sam/utils/cmsis/sam3n/source/templates/exceptions.o
LOAD src/ASF/sam/utils/cmsis/sam3n/source/templates/gcc/startup_sam3n.o
LOAD src/ASF/sam/utils/cmsis/sam3n/source/templates/system_sam3n.o
LOAD src/ASF/sam/utils/syscalls/gcc/syscalls.o
LOAD src/ASF/thirdparty/freertos/freertos-7.3.0/source/FreeRTOS_CLI.o
LOAD src/ASF/thirdparty/freertos/freertos-7.3.0/source/list.o
LOAD src/ASF/thirdparty/freertos/freertos-7.3.0/source/portable/gcc/sam/port.o
LOAD src/ASF/thirdparty/freertos/freertos-7.3.0/source/portable/memmang/heap_4.o
LOAD src/ASF/thirdparty/freertos/freertos-7.3.0/source/queue.o
LOAD src/ASF/thirdparty/freertos/freertos-7.3.0/source/tasks.o
LOAD src/ASF/thirdparty/freertos/freertos-7.3.0/source/timers.o
LOAD src/IMU.o
LOAD src/main.o
START GROUP
LOAD ../src/ASF/thirdparty/CMSIS/Lib/GCC\libarm_cortexM3l_math.a
LOAD c:/program files (x86)/atmel/studio/7.0/toolchain/arm/arm-gnu-toolchain/bin/../lib/gcc/arm-none-eabi/5.3.1/../../../../arm-none-eabi/lib/armv7-m\libm.a
END GROUP
START GROUP
LOAD c:/program files (x86)/atmel/studio/7.0/toolchain/arm/arm-gnu-toolchain/bin/../lib/gcc/arm-none-eabi/5.3.1/armv7-m\libgcc.a
LOAD c:/program files (x86)/atmel/studio/7.0/toolchain/arm/arm-gnu-toolchain/bin/../lib/gcc/arm-none-eabi/5.3.1/../../../../arm-none-eabi/lib/armv7-m\libc.a
END GROUP
LOAD c:/program files (x86)/atmel/studio/7.0/toolchain/arm/arm-gnu-toolchain/bin/../lib/gcc/arm-none-eabi/5.3.1/armv7-m/crtend.o
LOAD c:/program files (x86)/atmel/studio/7.0/toolchain/arm/arm-gnu-toolchain/bin/../lib/gcc/arm-none-eabi/5.3.1/armv7-m/crtn.o
                0x00000800                __stack_size__ = DEFINED (__stack_size__)?__stack_size__:0x800
                0x20005ffc                __ram_end__ = ((ORIGIN (ram) + LENGTH (ram)) - 0x4)

.text           0x00400000    0x11a48
                0x00400000                . = ALIGN (0x4)
                0x00400000                _sfixed = .
 *(.vectors .vectors.*)
 .vectors       0x00400000       0xc4 src/ASF/sam/utils/cmsis/sam3n/source/templates/gcc/startup_sam3n.o
                0x00400000                exception_table
 *(.text .text.* .gnu.linkonce.t.*)
 .text          0x004000c4       0x5c c:/program files (x86)/atmel/studio/7.0/toolchain/arm/arm-gnu-toolchain/bin/../lib/gcc/arm-none-eabi/5.3.1/armv7-m/crtbegin.o
 .text.isFloat  0x00400120       0x2c src/Commands.o
 .text.cUnknowCommand
                0x0040014c       0x20 src/Commands.o
                0x0040014c                cUnknowCommand
 .text.cmdToFunc
                0x0040016c       0x34 src/Commands.o
 .text.sendErrorCMD
                0x004001a0       0x10 src/Commands.o
                0x004001a0                sendErrorCMD
 .text.receiveCMD
                0x004001b0       0xfc src/Commands.o
                0x004001b0                receiveCMD
 .text.setAlpha
                0x004002ac       0x38 src/Filter/ComplementaryFilter.o
                0x004002ac                setAlpha
 .text.getAlpha
                0x004002e4        0xc src/Filter/ComplementaryFilter.o
                0x004002e4                getAlpha
 .text.initComplFilter
                0x004002f0       0x1c src/Filter/ComplementaryFilter.o
                0x004002f0                initComplFilter
 .text.getComplFilterAngle
                0x0040030c       0x78 src/Filter/ComplementaryFilter.o
                0x0040030c                getComplFilterAngle
 .text.initKalman
                0x00400384       0x74 src/Filter/KalmanFilter.o
                0x00400384                initKalman
 .text.getKalmanAngle
                0x004003f8      0x1c0 src/Filter/KalmanFilter.o
                0x004003f8                getKalmanAngle
 .text.pin_handler
                0x004005b8       0x58 src/HAL/HAL_Encoder.o
 .text.resetCounterEncoder
                0x00400610       0x1c src/HAL/HAL_Encoder.o
                0x00400610                resetCounterEncoder
 *fill*         0x0040062c        0x4 
 .text.setCounterEncoder
                0x00400630       0x58 src/HAL/HAL_Encoder.o
                0x00400630                setCounterEncoder
 .text.getAngleEncoder
                0x00400688       0x4c src/HAL/HAL_Encoder.o
                0x00400688                getAngleEncoder
 .text.configEncoderPin
                0x004006d4       0xb8 src/HAL/HAL_Encoder.o
                0x004006d4                configEncoderPin
 .text.formatVersion
                0x0040078c       0x24 src/utils.o
                0x0040078c                formatVersion
 .text.imu_read
                0x004007b0       0x48 src/HAL/HAL_IMU_MPU6050.o
 .text.imu_write.constprop.1
                0x004007f8       0x4c src/HAL/HAL_IMU_MPU6050.o
 .text.imu_init
                0x00400844       0x44 src/HAL/HAL_IMU_MPU6050.o
 .text.setOffsetAccelIMU
                0x00400888       0x54 src/HAL/HAL_IMU_MPU6050.o
                0x00400888                setOffsetAccelIMU
 .text.getOffsetAccelIMU
                0x004008dc       0x24 src/HAL/HAL_IMU_MPU6050.o
                0x004008dc                getOffsetAccelIMU
 .text.setOffsetGyroIMU
                0x00400900       0x54 src/HAL/HAL_IMU_MPU6050.o
                0x00400900                setOffsetGyroIMU
 .text.getOffsetGyroIMU
                0x00400954       0x24 src/HAL/HAL_IMU_MPU6050.o
                0x00400954                getOffsetGyroIMU
 .text.getPureAngleTwoIMU
                0x00400978       0x68 src/HAL/HAL_IMU_MPU6050.o
                0x00400978                getPureAngleTwoIMU
 .text.getPureAngle
                0x004009e0       0x3c src/HAL/HAL_IMU_MPU6050.o
                0x004009e0                getPureAngle
 .text.imu_probe
                0x00400a1c       0x10 src/HAL/HAL_IMU_MPU6050.o
                0x00400a1c                imu_probe
 *fill*         0x00400a2c        0x4 
 .text.getAllAcelValue
                0x00400a30       0xe0 src/HAL/HAL_IMU_MPU6050.o
                0x00400a30                getAllAcelValue
 .text.getAllGyroValue
                0x00400b10       0xcc src/HAL/HAL_IMU_MPU6050.o
                0x00400b10                getAllGyroValue
 .text.sampleIMU
                0x00400bdc       0x38 src/HAL/HAL_IMU_MPU6050.o
                0x00400bdc                sampleIMU
 *fill*         0x00400c14        0x4 
 .text.runIMUCalibration
                0x00400c18      0x168 src/HAL/HAL_IMU_MPU6050.o
                0x00400c18                runIMUCalibration
 .text.configIMU
                0x00400d80       0xc4 src/HAL/HAL_IMU_MPU6050.o
                0x00400d80                configIMU
 .text.usart_serial_getchar
                0x00400e44       0x78 src/HAL/HAL_UART.o
 .text.usart_serial_putchar
                0x00400ebc       0x74 src/HAL/HAL_UART.o
 .text.send_uart
                0x00400f30       0x24 src/HAL/HAL_UART.o
                0x00400f30                send_uart
 .text.read_uart
                0x00400f54       0x20 src/HAL/HAL_UART.o
                0x00400f54                read_uart
 .text.printf_mux
                0x00400f74       0x4c src/HAL/HAL_UART.o
                0x00400f74                printf_mux
 .text.configure_console
                0x00400fc0       0xa8 src/HAL/HAL_UART.o
                0x00400fc0                configure_console
 .text.SPI_Handler
                0x00401068        0x8 src/LCD.o
                0x00401068                SPI_Handler
 .text.config_lcd
                0x00401070       0x4c src/LCD.o
                0x00401070                config_lcd
 .text.LCDTask  0x004010bc      0x154 src/LCD.o
                0x004010bc                LCDTask
 .text.vTimerTX
                0x00401210       0x2c src/UART_Comm.o
 .text.cTotalTimeTest
                0x0040123c       0xa8 src/UART_Comm.o
                0x0040123c                cTotalTimeTest
 .text.cStartSample
                0x004012e4       0x58 src/UART_Comm.o
                0x004012e4                cStartSample
 .text.UARTTXTask
                0x0040133c      0x19c src/UART_Comm.o
                0x0040133c                UARTTXTask
 .text.UARTRXTask
                0x004014d8       0x84 src/UART_Comm.o
                0x004014d8                UARTRXTask
 .text.sysclk_init
                0x0040155c       0x68 src/ASF/common/services/clock/sam3n/sysclk.o
                0x0040155c                sysclk_init
 .text.get_pdc_peripheral_details
                0x004015c4       0x1c src/ASF/common/services/freertos/sam/freertos_peripheral_control.o
                0x004015c4                get_pdc_peripheral_details
 .text.check_requested_operating_mode
                0x004015e0       0x1a src/ASF/common/services/freertos/sam/freertos_peripheral_control.o
                0x004015e0                check_requested_operating_mode
 *fill*         0x004015fa        0x2 
 .text.create_peripheral_control_semaphores
                0x004015fc       0xb4 src/ASF/common/services/freertos/sam/freertos_peripheral_control.o
                0x004015fc                create_peripheral_control_semaphores
 .text.configure_interrupt_controller
                0x004016b0       0x6c src/ASF/common/services/freertos/sam/freertos_peripheral_control.o
                0x004016b0                configure_interrupt_controller
 .text.freertos_copy_bytes_from_pdc_circular_buffer
                0x0040171c       0x74 src/ASF/common/services/freertos/sam/freertos_peripheral_control.o
                0x0040171c                freertos_copy_bytes_from_pdc_circular_buffer
 .text.freertos_obtain_peripheral_access_mutex
                0x00401790       0x48 src/ASF/common/services/freertos/sam/freertos_peripheral_control.o
                0x00401790                freertos_obtain_peripheral_access_mutex
 .text.freertos_start_pdc_transfer
                0x004017d8       0x78 src/ASF/common/services/freertos/sam/freertos_peripheral_control.o
                0x004017d8                freertos_start_pdc_transfer
 .text.freertos_optionally_wait_transfer_completion
                0x00401850       0x24 src/ASF/common/services/freertos/sam/freertos_peripheral_control.o
                0x00401850                freertos_optionally_wait_transfer_completion
 .text.local_twi_handler
                0x00401874      0x1cc src/ASF/common/services/freertos/sam/freertos_twi_master.o
 .text.freertos_twi_master_init
                0x00401a40      0x118 src/ASF/common/services/freertos/sam/freertos_twi_master.o
                0x00401a40                freertos_twi_master_init
 .text.freertos_twi_write_packet_async
                0x00401b58      0x168 src/ASF/common/services/freertos/sam/freertos_twi_master.o
                0x00401b58                freertos_twi_write_packet_async
 .text.freertos_twi_read_packet_async
                0x00401cc0      0x1b0 src/ASF/common/services/freertos/sam/freertos_twi_master.o
                0x00401cc0                freertos_twi_read_packet_async
 .text.TWI0_Handler
                0x00401e70        0xc src/ASF/common/services/freertos/sam/freertos_twi_master.o
                0x00401e70                TWI0_Handler
 .text.TWI1_Handler
                0x00401e7c        0xc src/ASF/common/services/freertos/sam/freertos_twi_master.o
                0x00401e7c                TWI1_Handler
 .text.configure_rx_dma
                0x00401e88       0x8c src/ASF/common/services/freertos/sam/freertos_uart_serial.o
 .text.local_uart_handler
                0x00401f14      0x11c src/ASF/common/services/freertos/sam/freertos_uart_serial.o
 .text.freertos_uart_serial_init
                0x00402030      0x1ac src/ASF/common/services/freertos/sam/freertos_uart_serial.o
                0x00402030                freertos_uart_serial_init
 .text.freertos_uart_write_packet_async
                0x004021dc       0x80 src/ASF/common/services/freertos/sam/freertos_uart_serial.o
                0x004021dc                freertos_uart_write_packet_async
 .text.freertos_uart_serial_read_packet
                0x0040225c      0x12c src/ASF/common/services/freertos/sam/freertos_uart_serial.o
                0x0040225c                freertos_uart_serial_read_packet
 .text.UART0_Handler
                0x00402388        0xc src/ASF/common/services/freertos/sam/freertos_uart_serial.o
                0x00402388                UART0_Handler
 .text.UART1_Handler
                0x00402394        0xc src/ASF/common/services/freertos/sam/freertos_uart_serial.o
                0x00402394                UART1_Handler
 .text.spi_master_init
                0x004023a0       0x54 src/ASF/common/services/spi/sam_spi/spi_master.o
                0x004023a0                spi_master_init
 .text.spi_master_setup_device
                0x004023f4       0x80 src/ASF/common/services/spi/sam_spi/spi_master.o
                0x004023f4                spi_master_setup_device
 .text.spi_select_device
                0x00402474       0x24 src/ASF/common/services/spi/sam_spi/spi_master.o
                0x00402474                spi_select_device
 .text._read    0x00402498       0x40 src/ASF/common/utils/stdio/read.o
                0x00402498                _read
 .text._write   0x004024d8       0x44 src/ASF/common/utils/stdio/write.o
                0x004024d8                _write
 .text.board_init
                0x0040251c       0xf0 src/ASF/sam/boards/sam3n_ek/init.o
                0x0040251c                board_init
 .text.LED_Off  0x0040260c       0x3c src/ASF/sam/boards/sam3n_ek/led.o
                0x0040260c                LED_Off
 .text.LED_On   0x00402648       0x3c src/ASF/sam/boards/sam3n_ek/led.o
                0x00402648                LED_On
 .text.aat31xx_set_backlight
                0x00402684       0x58 src/ASF/sam/components/display/aat31xx/aat31xx.o
                0x00402684                aat31xx_set_backlight
 .text.aat31xx_disable_backlight
                0x004026dc       0x24 src/ASF/sam/components/display/aat31xx/aat31xx.o
                0x004026dc                aat31xx_disable_backlight
 .text.ili9225_delay
                0x00402700       0x28 src/ASF/sam/components/display/ili9225/ili9225.o
 .text.ili9225_check_box_coordinates
                0x00402728       0x44 src/ASF/sam/components/display/ili9225/ili9225.o
 .text.ili9225_write_cmd
                0x0040276c       0x48 src/ASF/sam/components/display/ili9225/ili9225.o
 .text.ili9225_write_ram
                0x004027b4       0x30 src/ASF/sam/components/display/ili9225/ili9225.o
 .text.ili9225_write_register
                0x004027e4       0x1c src/ASF/sam/components/display/ili9225/ili9225.o
 .text.ili9225_write_ram_buffer.part.0
                0x00402800       0x4c src/ASF/sam/components/display/ili9225/ili9225.o
 .text.ili9225_spi_handler
                0x0040284c       0x18 src/ASF/sam/components/display/ili9225/ili9225.o
                0x0040284c                ili9225_spi_handler
 .text.ili9225_display_on
                0x00402864       0x10 src/ASF/sam/components/display/ili9225/ili9225.o
                0x00402864                ili9225_display_on
 .text.ili9225_display_off
                0x00402874        0xc src/ASF/sam/components/display/ili9225/ili9225.o
                0x00402874                ili9225_display_off
 .text.ili9225_set_foreground_color
                0x00402880       0x30 src/ASF/sam/components/display/ili9225/ili9225.o
                0x00402880                ili9225_set_foreground_color
 .text.ili9225_set_window
                0x004028b0       0x38 src/ASF/sam/components/display/ili9225/ili9225.o
                0x004028b0                ili9225_set_window
 .text.ili9225_set_cursor_position
                0x004028e8       0x1c src/ASF/sam/components/display/ili9225/ili9225.o
                0x004028e8                ili9225_set_cursor_position
 .text.ili9225_init
                0x00402904      0x1c4 src/ASF/sam/components/display/ili9225/ili9225.o
                0x00402904                ili9225_init
 .text.ili9225_fill
                0x00402ac8       0x30 src/ASF/sam/components/display/ili9225/ili9225.o
                0x00402ac8                ili9225_fill
 .text.ili9225_draw_pixel
                0x00402af8       0x38 src/ASF/sam/components/display/ili9225/ili9225.o
                0x00402af8                ili9225_draw_pixel
 .text.ili9225_draw_filled_rectangle
                0x00402b30       0xa4 src/ASF/sam/components/display/ili9225/ili9225.o
                0x00402b30                ili9225_draw_filled_rectangle
 .text.ili9225_draw_string
                0x00402bd4       0xac src/ASF/sam/components/display/ili9225/ili9225.o
                0x00402bd4                ili9225_draw_string
 .text.pdc_tx_init
                0x00402c80       0x16 src/ASF/sam/drivers/pdc/pdc.o
                0x00402c80                pdc_tx_init
 .text.pdc_rx_init
                0x00402c96       0x16 src/ASF/sam/drivers/pdc/pdc.o
                0x00402c96                pdc_rx_init
 .text.pdc_enable_transfer
                0x00402cac        0xc src/ASF/sam/drivers/pdc/pdc.o
                0x00402cac                pdc_enable_transfer
 .text.pdc_disable_transfer
                0x00402cb8       0x10 src/ASF/sam/drivers/pdc/pdc.o
                0x00402cb8                pdc_disable_transfer
 .text.pio_set_peripheral
                0x00402cc8       0x7c src/ASF/sam/drivers/pio/pio.o
                0x00402cc8                pio_set_peripheral
 .text.pio_set_input
                0x00402d44       0x2c src/ASF/sam/drivers/pio/pio.o
                0x00402d44                pio_set_input
 .text.pio_set_output
                0x00402d70       0x24 src/ASF/sam/drivers/pio/pio.o
                0x00402d70                pio_set_output
 .text.pio_pull_down
                0x00402d94        0xe src/ASF/sam/drivers/pio/pio.o
                0x00402d94                pio_pull_down
 .text.pio_enable_interrupt
                0x00402da2        0x6 src/ASF/sam/drivers/pio/pio.o
                0x00402da2                pio_enable_interrupt
 .text.pio_get_interrupt_status
                0x00402da8        0x4 src/ASF/sam/drivers/pio/pio.o
                0x00402da8                pio_get_interrupt_status
 .text.pio_get_interrupt_mask
                0x00402dac        0x4 src/ASF/sam/drivers/pio/pio.o
                0x00402dac                pio_get_interrupt_mask
 .text.pio_set_additional_interrupt_mode
                0x00402db0       0x28 src/ASF/sam/drivers/pio/pio.o
                0x00402db0                pio_set_additional_interrupt_mode
 .text.pio_configure_interrupt
                0x00402dd8        0x8 src/ASF/sam/drivers/pio/pio.o
                0x00402dd8                pio_configure_interrupt
 .text.pio_set_pin_high
                0x00402de0       0x1a src/ASF/sam/drivers/pio/pio.o
                0x00402de0                pio_set_pin_high
 .text.pio_set_pin_low
                0x00402dfa       0x1a src/ASF/sam/drivers/pio/pio.o
                0x00402dfa                pio_set_pin_low
 .text.pio_toggle_pin
                0x00402e14       0x22 src/ASF/sam/drivers/pio/pio.o
                0x00402e14                pio_toggle_pin
 *fill*         0x00402e36        0x2 
 .text.pio_configure_pin
                0x00402e38       0xb4 src/ASF/sam/drivers/pio/pio.o
                0x00402e38                pio_configure_pin
 .text.pio_configure_pin_group
                0x00402eec       0x88 src/ASF/sam/drivers/pio/pio.o
                0x00402eec                pio_configure_pin_group
 .text.pio_handler_process
                0x00402f74       0x5c src/ASF/sam/drivers/pio/pio_handler.o
                0x00402f74                pio_handler_process
 .text.pio_handler_set
                0x00402fd0       0x40 src/ASF/sam/drivers/pio/pio_handler.o
                0x00402fd0                pio_handler_set
 .text.PIOA_Handler
                0x00403010       0x10 src/ASF/sam/drivers/pio/pio_handler.o
                0x00403010                PIOA_Handler
 .text.PIOB_Handler
                0x00403020       0x10 src/ASF/sam/drivers/pio/pio_handler.o
                0x00403020                PIOB_Handler
 .text.PIOC_Handler
                0x00403030       0x10 src/ASF/sam/drivers/pio/pio_handler.o
                0x00403030                PIOC_Handler
 .text.pmc_switch_mck_to_pllack
                0x00403040       0x44 src/ASF/sam/drivers/pmc/pmc.o
                0x00403040                pmc_switch_mck_to_pllack
 .text.pmc_switch_mainck_to_xtal
                0x00403084       0x50 src/ASF/sam/drivers/pmc/pmc.o
                0x00403084                pmc_switch_mainck_to_xtal
 .text.pmc_osc_is_ready_mainck
                0x004030d4       0x10 src/ASF/sam/drivers/pmc/pmc.o
                0x004030d4                pmc_osc_is_ready_mainck
 .text.pmc_disable_pllack
                0x004030e4       0x10 src/ASF/sam/drivers/pmc/pmc.o
                0x004030e4                pmc_disable_pllack
 .text.pmc_is_locked_pllack
                0x004030f4       0x10 src/ASF/sam/drivers/pmc/pmc.o
                0x004030f4                pmc_is_locked_pllack
 .text.pmc_enable_periph_clk
                0x00403104       0x28 src/ASF/sam/drivers/pmc/pmc.o
                0x00403104                pmc_enable_periph_clk
 .text.spi_enable_clock
                0x0040312c        0xc src/ASF/sam/drivers/spi/spi.o
                0x0040312c                spi_enable_clock
 .text.spi_set_peripheral_chip_select_value
                0x00403138       0x16 src/ASF/sam/drivers/spi/spi.o
                0x00403138                spi_set_peripheral_chip_select_value
 .text.spi_set_delay_between_chip_select
                0x0040314e       0x12 src/ASF/sam/drivers/spi/spi.o
                0x0040314e                spi_set_delay_between_chip_select
 .text.spi_write
                0x00403160       0x2e src/ASF/sam/drivers/spi/spi.o
                0x00403160                spi_write
 .text.spi_set_clock_polarity
                0x0040318e       0x16 src/ASF/sam/drivers/spi/spi.o
                0x0040318e                spi_set_clock_polarity
 .text.spi_set_clock_phase
                0x004031a4       0x16 src/ASF/sam/drivers/spi/spi.o
                0x004031a4                spi_set_clock_phase
 .text.spi_configure_cs_behavior
                0x004031ba       0x40 src/ASF/sam/drivers/spi/spi.o
                0x004031ba                spi_configure_cs_behavior
 .text.spi_set_bits_per_transfer
                0x004031fa       0x14 src/ASF/sam/drivers/spi/spi.o
                0x004031fa                spi_set_bits_per_transfer
 .text.spi_calc_baudrate_div
                0x0040320e       0x16 src/ASF/sam/drivers/spi/spi.o
                0x0040320e                spi_calc_baudrate_div
 .text.spi_set_baudrate_div
                0x00403224       0x16 src/ASF/sam/drivers/spi/spi.o
                0x00403224                spi_set_baudrate_div
 .text.spi_set_transfer_delay
                0x0040323a       0x1a src/ASF/sam/drivers/spi/spi.o
                0x0040323a                spi_set_transfer_delay
 .text.twi_enable_master_mode
                0x00403254        0xe src/ASF/sam/drivers/twi/twi.o
                0x00403254                twi_enable_master_mode
 *fill*         0x00403262        0x2 
 .text.twi_set_speed
                0x00403264       0x3c src/ASF/sam/drivers/twi/twi.o
                0x00403264                twi_set_speed
 .text.twi_enable_interrupt
                0x004032a0        0x4 src/ASF/sam/drivers/twi/twi.o
                0x004032a0                twi_enable_interrupt
 .text.twi_disable_interrupt
                0x004032a4        0x6 src/ASF/sam/drivers/twi/twi.o
                0x004032a4                twi_disable_interrupt
 .text.twi_get_interrupt_status
                0x004032aa        0x4 src/ASF/sam/drivers/twi/twi.o
                0x004032aa                twi_get_interrupt_status
 .text.twi_get_interrupt_mask
                0x004032ae        0x4 src/ASF/sam/drivers/twi/twi.o
                0x004032ae                twi_get_interrupt_mask
 .text.twi_read_byte
                0x004032b2        0x6 src/ASF/sam/drivers/twi/twi.o
                0x004032b2                twi_read_byte
 .text.twi_reset
                0x004032b8        0x8 src/ASF/sam/drivers/twi/twi.o
                0x004032b8                twi_reset
 .text.uart_init
                0x004032c0       0x34 src/ASF/sam/drivers/uart/uart.o
                0x004032c0                uart_init
 .text.uart_enable_tx
                0x004032f4        0x6 src/ASF/sam/drivers/uart/uart.o
                0x004032f4                uart_enable_tx
 .text.uart_disable_tx
                0x004032fa        0x6 src/ASF/sam/drivers/uart/uart.o
                0x004032fa                uart_disable_tx
 .text.uart_enable_rx
                0x00403300        0x6 src/ASF/sam/drivers/uart/uart.o
                0x00403300                uart_enable_rx
 .text.uart_disable_rx
                0x00403306        0x6 src/ASF/sam/drivers/uart/uart.o
                0x00403306                uart_disable_rx
 .text.uart_enable_interrupt
                0x0040330c        0x4 src/ASF/sam/drivers/uart/uart.o
                0x0040330c                uart_enable_interrupt
 .text.uart_disable_interrupt
                0x00403310        0x4 src/ASF/sam/drivers/uart/uart.o
                0x00403310                uart_disable_interrupt
 .text.uart_get_interrupt_mask
                0x00403314        0x4 src/ASF/sam/drivers/uart/uart.o
                0x00403314                uart_get_interrupt_mask
 .text.uart_get_status
                0x00403318        0x4 src/ASF/sam/drivers/uart/uart.o
                0x00403318                uart_get_status
 .text.uart_reset_status
                0x0040331c        0x8 src/ASF/sam/drivers/uart/uart.o
                0x0040331c                uart_reset_status
 .text.uart_write
                0x00403324        0xe src/ASF/sam/drivers/uart/uart.o
                0x00403324                uart_write
 .text.uart_read
                0x00403332       0x10 src/ASF/sam/drivers/uart/uart.o
                0x00403332                uart_read
 .text.usart_write
                0x00403342       0x12 src/ASF/sam/drivers/usart/usart.o
                0x00403342                usart_write
 .text.usart_read
                0x00403354       0x16 src/ASF/sam/drivers/usart/usart.o
                0x00403354                usart_read
 .text.Dummy_Handler
                0x0040336a        0x2 src/ASF/sam/utils/cmsis/sam3n/source/templates/exceptions.o
                0x0040336a                DACC_Handler
                0x0040336a                DebugMon_Handler
                0x0040336a                HardFault_Handler
                0x0040336a                TC2_Handler
                0x0040336a                NMI_Handler
                0x0040336a                ADC_Handler
                0x0040336a                USART0_Handler
                0x0040336a                RTT_Handler
                0x0040336a                RTC_Handler
                0x0040336a                UsageFault_Handler
                0x0040336a                WDT_Handler
                0x0040336a                TC4_Handler
                0x0040336a                TC1_Handler
                0x0040336a                TC3_Handler
                0x0040336a                Dummy_Handler
                0x0040336a                USART1_Handler
                0x0040336a                PMC_Handler
                0x0040336a                PWM_Handler
                0x0040336a                MemManage_Handler
                0x0040336a                SUPC_Handler
                0x0040336a                EFC_Handler
                0x0040336a                BusFault_Handler
                0x0040336a                RSTC_Handler
                0x0040336a                TC0_Handler
                0x0040336a                TC5_Handler
 .text.Reset_Handler
                0x0040336c       0x80 src/ASF/sam/utils/cmsis/sam3n/source/templates/gcc/startup_sam3n.o
                0x0040336c                Reset_Handler
 .text.SystemCoreClockUpdate
                0x004033ec       0xc0 src/ASF/sam/utils/cmsis/sam3n/source/templates/system_sam3n.o
                0x004033ec                SystemCoreClockUpdate
 .text._sbrk    0x004034ac       0x2c src/ASF/sam/utils/syscalls/gcc/syscalls.o
                0x004034ac                _sbrk
 .text._close   0x004034d8        0x6 src/ASF/sam/utils/syscalls/gcc/syscalls.o
                0x004034d8                _close
 .text._fstat   0x004034de        0xa src/ASF/sam/utils/syscalls/gcc/syscalls.o
                0x004034de                _fstat
 .text._isatty  0x004034e8        0x4 src/ASF/sam/utils/syscalls/gcc/syscalls.o
                0x004034e8                _isatty
 .text._lseek   0x004034ec        0x4 src/ASF/sam/utils/syscalls/gcc/syscalls.o
                0x004034ec                _lseek
 .text.vListInitialise
                0x004034f0       0x16 src/ASF/thirdparty/freertos/freertos-7.3.0/source/list.o
                0x004034f0                vListInitialise
 .text.vListInitialiseItem
                0x00403506        0x6 src/ASF/thirdparty/freertos/freertos-7.3.0/source/list.o
                0x00403506                vListInitialiseItem
 .text.vListInsertEnd
                0x0040350c       0x1c src/ASF/thirdparty/freertos/freertos-7.3.0/source/list.o
                0x0040350c                vListInsertEnd
 .text.vListInsert
                0x00403528       0x30 src/ASF/thirdparty/freertos/freertos-7.3.0/source/list.o
                0x00403528                vListInsert
 .text.uxListRemove
                0x00403558       0x26 src/ASF/thirdparty/freertos/freertos-7.3.0/source/list.o
                0x00403558                uxListRemove
 *fill*         0x0040357e        0x2 
 .text.prvPortStartFirstTask
                0x00403580       0x14 src/ASF/thirdparty/freertos/freertos-7.3.0/source/portable/gcc/sam/port.o
 .text.pxPortInitialiseStack
                0x00403594       0x16 src/ASF/thirdparty/freertos/freertos-7.3.0/source/portable/gcc/sam/port.o
                0x00403594                pxPortInitialiseStack
 *fill*         0x004035aa        0x2 
 .text.SVC_Handler
                0x004035ac       0x20 src/ASF/thirdparty/freertos/freertos-7.3.0/source/portable/gcc/sam/port.o
                0x004035ac                SVC_Handler
 .text.vPortYieldFromISR
                0x004035cc       0x10 src/ASF/thirdparty/freertos/freertos-7.3.0/source/portable/gcc/sam/port.o
                0x004035cc                vPortYieldFromISR
 .text.ulPortSetInterruptMask
                0x004035dc       0x10 src/ASF/thirdparty/freertos/freertos-7.3.0/source/portable/gcc/sam/port.o
                0x004035dc                ulPortSetInterruptMask
 .text.vPortEnterCritical
                0x004035ec       0x18 src/ASF/thirdparty/freertos/freertos-7.3.0/source/portable/gcc/sam/port.o
                0x004035ec                vPortEnterCritical
 .text.vPortClearInterruptMask
                0x00403604        0x6 src/ASF/thirdparty/freertos/freertos-7.3.0/source/portable/gcc/sam/port.o
                0x00403604                vPortClearInterruptMask
 *fill*         0x0040360a        0x2 
 .text.vPortExitCritical
                0x0040360c       0x18 src/ASF/thirdparty/freertos/freertos-7.3.0/source/portable/gcc/sam/port.o
                0x0040360c                vPortExitCritical
 .text.PendSV_Handler
                0x00403624       0x3c src/ASF/thirdparty/freertos/freertos-7.3.0/source/portable/gcc/sam/port.o
                0x00403624                PendSV_Handler
 .text.SysTick_Handler
                0x00403660       0x2c src/ASF/thirdparty/freertos/freertos-7.3.0/source/portable/gcc/sam/port.o
                0x00403660                SysTick_Handler
 .text.vPortSetupTimerInterrupt
                0x0040368c       0x14 src/ASF/thirdparty/freertos/freertos-7.3.0/source/portable/gcc/sam/port.o
                0x0040368c                vPortSetupTimerInterrupt
 .text.xPortStartScheduler
                0x004036a0       0x34 src/ASF/thirdparty/freertos/freertos-7.3.0/source/portable/gcc/sam/port.o
                0x004036a0                xPortStartScheduler
 .text.prvInsertBlockIntoFreeList
                0x004036d4       0x4c src/ASF/thirdparty/freertos/freertos-7.3.0/source/portable/memmang/heap_4.o
 .text.pvPortMalloc
                0x00403720       0xc4 src/ASF/thirdparty/freertos/freertos-7.3.0/source/portable/memmang/heap_4.o
                0x00403720                pvPortMalloc
 .text.vPortFree
                0x004037e4       0x38 src/ASF/thirdparty/freertos/freertos-7.3.0/source/portable/memmang/heap_4.o
                0x004037e4                vPortFree
 .text.xPortGetFreeHeapSize
                0x0040381c        0xc src/ASF/thirdparty/freertos/freertos-7.3.0/source/portable/memmang/heap_4.o
                0x0040381c                xPortGetFreeHeapSize
 .text.prvCopyDataToQueue
                0x00403828       0x60 src/ASF/thirdparty/freertos/freertos-7.3.0/source/queue.o
 .text.prvCopyDataFromQueue
                0x00403888       0x2c src/ASF/thirdparty/freertos/freertos-7.3.0/source/queue.o
 .text.prvUnlockQueue
                0x004038b4       0x80 src/ASF/thirdparty/freertos/freertos-7.3.0/source/queue.o
 .text.xQueueGenericReset
                0x00403934       0x7c src/ASF/thirdparty/freertos/freertos-7.3.0/source/queue.o
                0x00403934                xQueueGenericReset
 .text.xQueueGenericCreate
                0x004039b0       0x58 src/ASF/thirdparty/freertos/freertos-7.3.0/source/queue.o
                0x004039b0                xQueueGenericCreate
 .text.xQueueCreateCountingSemaphore
                0x00403a08       0x24 src/ASF/thirdparty/freertos/freertos-7.3.0/source/queue.o
                0x00403a08                xQueueCreateCountingSemaphore
 .text.xQueueGenericSend
                0x00403a2c      0x120 src/ASF/thirdparty/freertos/freertos-7.3.0/source/queue.o
                0x00403a2c                xQueueGenericSend
 .text.xQueueCreateMutex
                0x00403b4c       0x60 src/ASF/thirdparty/freertos/freertos-7.3.0/source/queue.o
                0x00403b4c                xQueueCreateMutex
 .text.xQueueGenericSendFromISR
                0x00403bac       0x7c src/ASF/thirdparty/freertos/freertos-7.3.0/source/queue.o
                0x00403bac                xQueueGenericSendFromISR
 .text.xQueueGenericReceive
                0x00403c28      0x154 src/ASF/thirdparty/freertos/freertos-7.3.0/source/queue.o
                0x00403c28                xQueueGenericReceive
 .text.vQueueWaitForMessageRestricted
                0x00403d7c       0x4c src/ASF/thirdparty/freertos/freertos-7.3.0/source/queue.o
                0x00403d7c                vQueueWaitForMessageRestricted
 .text.prvListTaskWithinSingleList
                0x00403dc8       0x80 src/ASF/thirdparty/freertos/freertos-7.3.0/source/tasks.o
 .text.prvAddCurrentTaskToDelayedList
                0x00403e48       0x50 src/ASF/thirdparty/freertos/freertos-7.3.0/source/tasks.o
 .text.xTaskGenericCreate
                0x00403e98      0x1d4 src/ASF/thirdparty/freertos/freertos-7.3.0/source/tasks.o
                0x00403e98                xTaskGenericCreate
 .text.vTaskDelete
                0x0040406c       0x88 src/ASF/thirdparty/freertos/freertos-7.3.0/source/tasks.o
                0x0040406c                vTaskDelete
 .text.xTaskIsTaskSuspended
                0x004040f4       0x34 src/ASF/thirdparty/freertos/freertos-7.3.0/source/tasks.o
                0x004040f4                xTaskIsTaskSuspended
 .text.vTaskResume
                0x00404128       0x88 src/ASF/thirdparty/freertos/freertos-7.3.0/source/tasks.o
                0x00404128                vTaskResume
 .text.vTaskStartScheduler
                0x004041b0       0x70 src/ASF/thirdparty/freertos/freertos-7.3.0/source/tasks.o
                0x004041b0                vTaskStartScheduler
 .text.vTaskSuspendAll
                0x00404220       0x10 src/ASF/thirdparty/freertos/freertos-7.3.0/source/tasks.o
                0x00404220                vTaskSuspendAll
 .text.xTaskGetTickCount
                0x00404230       0x20 src/ASF/thirdparty/freertos/freertos-7.3.0/source/tasks.o
                0x00404230                xTaskGetTickCount
 .text.uxTaskGetNumberOfTasks
                0x00404250        0xc src/ASF/thirdparty/freertos/freertos-7.3.0/source/tasks.o
                0x00404250                uxTaskGetNumberOfTasks
 .text.vTaskIncrementTick
                0x0040425c      0x10c src/ASF/thirdparty/freertos/freertos-7.3.0/source/tasks.o
                0x0040425c                vTaskIncrementTick
 .text.xTaskResumeAll
                0x00404368       0xf0 src/ASF/thirdparty/freertos/freertos-7.3.0/source/tasks.o
                0x00404368                xTaskResumeAll
 .text.vTaskDelay
                0x00404458       0x4c src/ASF/thirdparty/freertos/freertos-7.3.0/source/tasks.o
                0x00404458                vTaskDelay
 .text.prvIdleTask
                0x004044a4       0x90 src/ASF/thirdparty/freertos/freertos-7.3.0/source/tasks.o
 .text.vTaskList
                0x00404534       0xb8 src/ASF/thirdparty/freertos/freertos-7.3.0/source/tasks.o
                0x00404534                vTaskList
 .text.vTaskSwitchContext
                0x004045ec       0x94 src/ASF/thirdparty/freertos/freertos-7.3.0/source/tasks.o
                0x004045ec                vTaskSwitchContext
 .text.vTaskSuspend
                0x00404680       0x94 src/ASF/thirdparty/freertos/freertos-7.3.0/source/tasks.o
                0x00404680                vTaskSuspend
 .text.vTaskPlaceOnEventList
                0x00404714       0x60 src/ASF/thirdparty/freertos/freertos-7.3.0/source/tasks.o
                0x00404714                vTaskPlaceOnEventList
 .text.vTaskPlaceOnEventListRestricted
                0x00404774       0x48 src/ASF/thirdparty/freertos/freertos-7.3.0/source/tasks.o
                0x00404774                vTaskPlaceOnEventListRestricted
 .text.xTaskRemoveFromEventList
                0x004047bc       0x78 src/ASF/thirdparty/freertos/freertos-7.3.0/source/tasks.o
                0x004047bc                xTaskRemoveFromEventList
 .text.vTaskSetTimeOutState
                0x00404834       0x28 src/ASF/thirdparty/freertos/freertos-7.3.0/source/tasks.o
                0x00404834                vTaskSetTimeOutState
 .text.xTaskCheckForTimeOut
                0x0040485c       0x78 src/ASF/thirdparty/freertos/freertos-7.3.0/source/tasks.o
                0x0040485c                xTaskCheckForTimeOut
 .text.vTaskMissedYield
                0x004048d4        0xc src/ASF/thirdparty/freertos/freertos-7.3.0/source/tasks.o
                0x004048d4                vTaskMissedYield
 .text.xTaskGetCurrentTaskHandle
                0x004048e0        0xc src/ASF/thirdparty/freertos/freertos-7.3.0/source/tasks.o
                0x004048e0                xTaskGetCurrentTaskHandle
 .text.xTaskGetSchedulerState
                0x004048ec       0x1c src/ASF/thirdparty/freertos/freertos-7.3.0/source/tasks.o
                0x004048ec                xTaskGetSchedulerState
 .text.vTaskPriorityInherit
                0x00404908       0x74 src/ASF/thirdparty/freertos/freertos-7.3.0/source/tasks.o
                0x00404908                vTaskPriorityInherit
 .text.vTaskPriorityDisinherit
                0x0040497c       0x50 src/ASF/thirdparty/freertos/freertos-7.3.0/source/tasks.o
                0x0040497c                vTaskPriorityDisinherit
 .text.prvCheckForValidListAndQueue
                0x004049cc       0x60 src/ASF/thirdparty/freertos/freertos-7.3.0/source/timers.o
 .text.prvInsertTimerInActiveList
                0x00404a2c       0x40 src/ASF/thirdparty/freertos/freertos-7.3.0/source/timers.o
 .text.xTimerCreateTimerTask
                0x00404a6c       0x4c src/ASF/thirdparty/freertos/freertos-7.3.0/source/timers.o
                0x00404a6c                xTimerCreateTimerTask
 .text.xTimerCreate
                0x00404ab8       0x50 src/ASF/thirdparty/freertos/freertos-7.3.0/source/timers.o
                0x00404ab8                xTimerCreate
 .text.xTimerGenericCommand
                0x00404b08       0x4c src/ASF/thirdparty/freertos/freertos-7.3.0/source/timers.o
                0x00404b08                xTimerGenericCommand
 .text.prvSwitchTimerLists.isra.1
                0x00404b54       0x88 src/ASF/thirdparty/freertos/freertos-7.3.0/source/timers.o
 .text.prvTimerTask
                0x00404bdc      0x19c src/ASF/thirdparty/freertos/freertos-7.3.0/source/timers.o
 .text.initializeIMUVariables
                0x00404d78       0x7c src/IMU.o
 .text.vTimerIMU
                0x00404df4       0x1c src/IMU.o
 .text.cmdHandlerKalman.isra.0
                0x00404e10       0x68 src/IMU.o
 .text.cmdHandlerOffset.isra.2
                0x00404e78       0xdc src/IMU.o
 .text.cTaskSample
                0x00404f54       0xb8 src/IMU.o
                0x00404f54                cTaskSample
 .text.cResetVariables
                0x0040500c       0x5c src/IMU.o
                0x0040500c                cResetVariables
 .text.cStartSampleReset
                0x00405068       0x28 src/IMU.o
                0x00405068                cStartSampleReset
 .text.IMUTask  0x00405090      0x3e4 src/IMU.o
                0x00405090                IMUTask
 .text.cRunCalibrationIMU
                0x00405474      0x178 src/IMU.o
                0x00405474                cRunCalibrationIMU
 .text.cAlphaComplFilter
                0x004055ec       0x6c src/IMU.o
                0x004055ec                cAlphaComplFilter
 .text.cOffsetAccelX
                0x00405658       0x2c src/IMU.o
                0x00405658                cOffsetAccelX
 .text.cOffsetAccelY
                0x00405684       0x2c src/IMU.o
                0x00405684                cOffsetAccelY
 .text.cOffsetAccelZ
                0x004056b0       0x2c src/IMU.o
                0x004056b0                cOffsetAccelZ
 .text.cOffsetGyroX
                0x004056dc       0x2c src/IMU.o
                0x004056dc                cOffsetGyroX
 .text.cOffsetGyroY
                0x00405708       0x2c src/IMU.o
                0x00405708                cOffsetGyroY
 .text.cOffsetGyroZ
                0x00405734       0x2c src/IMU.o
                0x00405734                cOffsetGyroZ
 .text.cKalQAngle
                0x00405760       0x2c src/IMU.o
                0x00405760                cKalQAngle
 .text.cKalQBias
                0x0040578c       0x2c src/IMU.o
                0x0040578c                cKalQBias
 .text.cKalRMeasure
                0x004057b8       0x2c src/IMU.o
                0x004057b8                cKalRMeasure
 .text.button_handler
                0x004057e4       0x1c src/main.o
                0x004057e4                button_handler
 .text.task_led0
                0x00405800       0x1c src/main.o
 .text.task_monitor
                0x0040581c       0x6c src/main.o
 .text.vApplicationStackOverflowHook
                0x00405888       0x20 src/main.o
                0x00405888                vApplicationStackOverflowHook
 .text.vApplicationIdleHook
                0x004058a8        0x4 src/main.o
                0x004058a8                vApplicationIdleHook
 .text.vApplicationTickHook
                0x004058ac       0x10 src/main.o
                0x004058ac                vApplicationTickHook
 .text.vApplicationMallocFailedHook
                0x004058bc       0x18 src/main.o
                0x004058bc                vApplicationMallocFailedHook
 .text.config_interrupt
                0x004058d4       0xa0 src/main.o
                0x004058d4                config_interrupt
 .text.startup.main
                0x00405974      0x1ec src/main.o
                0x00405974                main
 .text.atan     0x00405b60      0x33c c:/program files (x86)/atmel/studio/7.0/toolchain/arm/arm-gnu-toolchain/bin/../lib/gcc/arm-none-eabi/5.3.1/../../../../arm-none-eabi/lib/armv7-m\libm.a(lib_a-s_atan.o)
                0x00405b60                atan
 .text.fabs     0x00405e9c        0x8 c:/program files (x86)/atmel/studio/7.0/toolchain/arm/arm-gnu-toolchain/bin/../lib/gcc/arm-none-eabi/5.3.1/../../../../arm-none-eabi/lib/armv7-m\libm.a(lib_a-s_fabs.o)
                0x00405e9c                fabs
 .text.sin      0x00405ea4       0x90 c:/program files (x86)/atmel/studio/7.0/toolchain/arm/arm-gnu-toolchain/bin/../lib/gcc/arm-none-eabi/5.3.1/../../../../arm-none-eabi/lib/armv7-m\libm.a(lib_a-s_sin.o)
                0x00405ea4                sin
 *fill*         0x00405f34        0x4 
 .text.__ieee754_rem_pio2
                0x00405f38      0x42c c:/program files (x86)/atmel/studio/7.0/toolchain/arm/arm-gnu-toolchain/bin/../lib/gcc/arm-none-eabi/5.3.1/../../../../arm-none-eabi/lib/armv7-m\libm.a(lib_a-e_rem_pio2.o)
                0x00405f38                __ieee754_rem_pio2
 *fill*         0x00406364        0x4 
 .text.__kernel_cos
                0x00406368      0x248 c:/program files (x86)/atmel/studio/7.0/toolchain/arm/arm-gnu-toolchain/bin/../lib/gcc/arm-none-eabi/5.3.1/../../../../arm-none-eabi/lib/armv7-m\libm.a(lib_a-k_cos.o)
                0x00406368                __kernel_cos
 .text.__kernel_rem_pio2
                0x004065b0      0x7f8 c:/program files (x86)/atmel/studio/7.0/toolchain/arm/arm-gnu-toolchain/bin/../lib/gcc/arm-none-eabi/5.3.1/../../../../arm-none-eabi/lib/armv7-m\libm.a(lib_a-k_rem_pio2.o)
                0x004065b0                __kernel_rem_pio2
 .text.__kernel_sin
                0x00406da8      0x16c c:/program files (x86)/atmel/studio/7.0/toolchain/arm/arm-gnu-toolchain/bin/../lib/gcc/arm-none-eabi/5.3.1/../../../../arm-none-eabi/lib/armv7-m\libm.a(lib_a-k_sin.o)
                0x00406da8                __kernel_sin
 *fill*         0x00406f14        0x4 
 .text.floor    0x00406f18      0x110 c:/program files (x86)/atmel/studio/7.0/toolchain/arm/arm-gnu-toolchain/bin/../lib/gcc/arm-none-eabi/5.3.1/../../../../arm-none-eabi/lib/armv7-m\libm.a(lib_a-s_floor.o)
                0x00406f18                floor
 .text.scalbn   0x00407028       0xe4 c:/program files (x86)/atmel/studio/7.0/toolchain/arm/arm-gnu-toolchain/bin/../lib/gcc/arm-none-eabi/5.3.1/../../../../arm-none-eabi/lib/armv7-m\libm.a(lib_a-s_scalbn.o)
                0x00407028                scalbn
 .text.copysign
                0x0040710c       0x10 c:/program files (x86)/atmel/studio/7.0/toolchain/arm/arm-gnu-toolchain/bin/../lib/gcc/arm-none-eabi/5.3.1/../../../../arm-none-eabi/lib/armv7-m\libm.a(lib_a-s_copysign.o)
                0x0040710c                copysign
 .text          0x0040711c      0x370 c:/program files (x86)/atmel/studio/7.0/toolchain/arm/arm-gnu-toolchain/bin/../lib/gcc/arm-none-eabi/5.3.1/armv7-m\libgcc.a(_arm_addsubdf3.o)
                0x0040711c                __aeabi_drsub
                0x00407124                __aeabi_dsub
                0x00407124                __subdf3
                0x00407128                __aeabi_dadd
                0x00407128                __adddf3
                0x004073a0                __floatunsidf
                0x004073a0                __aeabi_ui2d
                0x004073c0                __floatsidf
                0x004073c0                __aeabi_i2d
                0x004073e4                __aeabi_f2d
                0x004073e4                __extendsfdf2
                0x00407420                __floatundidf
                0x00407420                __aeabi_ul2d
                0x00407430                __floatdidf
                0x00407430                __aeabi_l2d
 .text          0x0040748c      0x424 c:/program files (x86)/atmel/studio/7.0/toolchain/arm/arm-gnu-toolchain/bin/../lib/gcc/arm-none-eabi/5.3.1/armv7-m\libgcc.a(_arm_muldivdf3.o)
                0x0040748c                __aeabi_dmul
                0x0040748c                __muldf3
                0x004076e0                __divdf3
                0x004076e0                __aeabi_ddiv
 .text          0x004078b0      0x110 c:/program files (x86)/atmel/studio/7.0/toolchain/arm/arm-gnu-toolchain/bin/../lib/gcc/arm-none-eabi/5.3.1/armv7-m\libgcc.a(_arm_cmpdf2.o)
                0x004078b0                __gtdf2
                0x004078b0                __gedf2
                0x004078b8                __ltdf2
                0x004078b8                __ledf2
                0x004078c0                __nedf2
                0x004078c0                __eqdf2
                0x004078c0                __cmpdf2
                0x0040793c                __aeabi_cdrcmple
                0x0040794c                __aeabi_cdcmpeq
                0x0040794c                __aeabi_cdcmple
                0x0040795c                __aeabi_dcmpeq
                0x00407970                __aeabi_dcmplt
                0x00407984                __aeabi_dcmple
                0x00407998                __aeabi_dcmpge
                0x004079ac                __aeabi_dcmpgt
 .text          0x004079c0       0x50 c:/program files (x86)/atmel/studio/7.0/toolchain/arm/arm-gnu-toolchain/bin/../lib/gcc/arm-none-eabi/5.3.1/armv7-m\libgcc.a(_arm_fixdfsi.o)
                0x004079c0                __aeabi_d2iz
                0x004079c0                __fixdfsi
 .text          0x00407a10       0xa0 c:/program files (x86)/atmel/studio/7.0/toolchain/arm/arm-gnu-toolchain/bin/../lib/gcc/arm-none-eabi/5.3.1/armv7-m\libgcc.a(_arm_truncdfsf2.o)
                0x00407a10                __truncdfsf2
                0x00407a10                __aeabi_d2f
 .text          0x00407ab0      0x21c c:/program files (x86)/atmel/studio/7.0/toolchain/arm/arm-gnu-toolchain/bin/../lib/gcc/arm-none-eabi/5.3.1/armv7-m\libgcc.a(_arm_addsubsf3.o)
                0x00407ab0                __aeabi_frsub
                0x00407ab8                __subsf3
                0x00407ab8                __aeabi_fsub
                0x00407abc                __aeabi_fadd
                0x00407abc                __addsf3
                0x00407c1c                __aeabi_ui2f
                0x00407c1c                __floatunsisf
                0x00407c24                __aeabi_i2f
                0x00407c24                __floatsisf
                0x00407c40                __aeabi_ul2f
                0x00407c40                __floatundisf
                0x00407c50                __aeabi_l2f
                0x00407c50                __floatdisf
 .text          0x00407ccc      0x2a0 c:/program files (x86)/atmel/studio/7.0/toolchain/arm/arm-gnu-toolchain/bin/../lib/gcc/arm-none-eabi/5.3.1/armv7-m\libgcc.a(_arm_muldivsf3.o)
                0x00407ccc                __mulsf3
                0x00407ccc                __aeabi_fmul
                0x00407e34                __aeabi_fdiv
                0x00407e34                __divsf3
 .text          0x00407f6c       0xec c:/program files (x86)/atmel/studio/7.0/toolchain/arm/arm-gnu-toolchain/bin/../lib/gcc/arm-none-eabi/5.3.1/armv7-m\libgcc.a(_arm_cmpsf2.o)
                0x00407f6c                __gesf2
                0x00407f6c                __gtsf2
                0x00407f74                __lesf2
                0x00407f74                __ltsf2
                0x00407f7c                __nesf2
                0x00407f7c                __eqsf2
                0x00407f7c                __cmpsf2
                0x00407fdc                __aeabi_cfrcmple
                0x00407fe4                __aeabi_cfcmpeq
                0x00407fe4                __aeabi_cfcmple
                0x00407ff4                __aeabi_fcmpeq
                0x00408008                __aeabi_fcmplt
                0x0040801c                __aeabi_fcmple
                0x00408030                __aeabi_fcmpge
                0x00408044                __aeabi_fcmpgt
 .text          0x00408058       0x40 c:/program files (x86)/atmel/studio/7.0/toolchain/arm/arm-gnu-toolchain/bin/../lib/gcc/arm-none-eabi/5.3.1/armv7-m\libgcc.a(_arm_fixunssfsi.o)
                0x00408058                __fixunssfsi
                0x00408058                __aeabi_f2uiz
 .text.atoff    0x00408098        0x8 c:/program files (x86)/atmel/studio/7.0/toolchain/arm/arm-gnu-toolchain/bin/../lib/gcc/arm-none-eabi/5.3.1/../../../../arm-none-eabi/lib/armv7-m\libc.a(lib_a-atoff.o)
                0x00408098                atoff
 .text.atoi     0x004080a0        0x8 c:/program files (x86)/atmel/studio/7.0/toolchain/arm/arm-gnu-toolchain/bin/../lib/gcc/arm-none-eabi/5.3.1/../../../../arm-none-eabi/lib/armv7-m\libc.a(lib_a-atoi.o)
                0x004080a0                atoi
 .text.__libc_init_array
                0x004080a8       0x50 c:/program files (x86)/atmel/studio/7.0/toolchain/arm/arm-gnu-toolchain/bin/../lib/gcc/arm-none-eabi/5.3.1/../../../../arm-none-eabi/lib/armv7-m\libc.a(lib_a-init.o)
                0x004080a8                __libc_init_array
 .text.iprintf  0x004080f8       0x28 c:/program files (x86)/atmel/studio/7.0/toolchain/arm/arm-gnu-toolchain/bin/../lib/gcc/arm-none-eabi/5.3.1/../../../../arm-none-eabi/lib/armv7-m\libc.a(lib_a-iprintf.o)
                0x004080f8                iprintf
 .text.memcmp   0x00408120       0x64 c:/program files (x86)/atmel/studio/7.0/toolchain/arm/arm-gnu-toolchain/bin/../lib/gcc/arm-none-eabi/5.3.1/../../../../arm-none-eabi/lib/armv7-m\libc.a(lib_a-memcmp.o)
                0x00408120                memcmp
 .text          0x00408184       0xec c:/program files (x86)/atmel/studio/7.0/toolchain/arm/arm-gnu-toolchain/bin/../lib/gcc/arm-none-eabi/5.3.1/../../../../arm-none-eabi/lib/armv7-m\libc.a(lib_a-memcpy.o)
                0x00408184                memcpy
 .text.memset   0x00408270       0x9c c:/program files (x86)/atmel/studio/7.0/toolchain/arm/arm-gnu-toolchain/bin/../lib/gcc/arm-none-eabi/5.3.1/../../../../arm-none-eabi/lib/armv7-m\libc.a(lib_a-memset.o)
                0x00408270                memset
 .text.setbuf   0x0040830c       0x10 c:/program files (x86)/atmel/studio/7.0/toolchain/arm/arm-gnu-toolchain/bin/../lib/gcc/arm-none-eabi/5.3.1/../../../../arm-none-eabi/lib/armv7-m\libc.a(lib_a-setbuf.o)
                0x0040830c                setbuf
 .text.setvbuf  0x0040831c      0x150 c:/program files (x86)/atmel/studio/7.0/toolchain/arm/arm-gnu-toolchain/bin/../lib/gcc/arm-none-eabi/5.3.1/../../../../arm-none-eabi/lib/armv7-m\libc.a(lib_a-setvbuf.o)
                0x0040831c                setvbuf
 .text.sprintf  0x0040846c       0x4c c:/program files (x86)/atmel/studio/7.0/toolchain/arm/arm-gnu-toolchain/bin/../lib/gcc/arm-none-eabi/5.3.1/../../../../arm-none-eabi/lib/armv7-m\libc.a(lib_a-sprintf.o)
                0x0040846c                sprintf
 .text.strcat   0x004084b8       0x40 c:/program files (x86)/atmel/studio/7.0/toolchain/arm/arm-gnu-toolchain/bin/../lib/gcc/arm-none-eabi/5.3.1/../../../../arm-none-eabi/lib/armv7-m\libc.a(lib_a-strcat.o)
                0x004084b8                strcat
 .text.strchr   0x004084f8       0xd0 c:/program files (x86)/atmel/studio/7.0/toolchain/arm/arm-gnu-toolchain/bin/../lib/gcc/arm-none-eabi/5.3.1/../../../../arm-none-eabi/lib/armv7-m\libc.a(lib_a-strchr.o)
                0x004084f8                strchr
 .text          0x004085c8      0x1bc c:/program files (x86)/atmel/studio/7.0/toolchain/arm/arm-gnu-toolchain/bin/../lib/gcc/arm-none-eabi/5.3.1/../../../../arm-none-eabi/lib/armv7-m\libc.a(lib_a-strcmp.o)
                0x004085c8                strcmp
 .text.strcpy   0x00408784       0xbc c:/program files (x86)/atmel/studio/7.0/toolchain/arm/arm-gnu-toolchain/bin/../lib/gcc/arm-none-eabi/5.3.1/../../../../arm-none-eabi/lib/armv7-m\libc.a(lib_a-strcpy.o)
                0x00408784                strcpy
 .text.strlen   0x00408840       0x5c c:/program files (x86)/atmel/studio/7.0/toolchain/arm/arm-gnu-toolchain/bin/../lib/gcc/arm-none-eabi/5.3.1/../../../../arm-none-eabi/lib/armv7-m\libc.a(lib_a-strlen-stub.o)
                0x00408840                strlen
 .text.strncmp  0x0040889c       0x9c c:/program files (x86)/atmel/studio/7.0/toolchain/arm/arm-gnu-toolchain/bin/../lib/gcc/arm-none-eabi/5.3.1/../../../../arm-none-eabi/lib/armv7-m\libc.a(lib_a-strncmp.o)
                0x0040889c                strncmp
 .text.strncpy  0x00408938       0x68 c:/program files (x86)/atmel/studio/7.0/toolchain/arm/arm-gnu-toolchain/bin/../lib/gcc/arm-none-eabi/5.3.1/../../../../arm-none-eabi/lib/armv7-m\libc.a(lib_a-strncpy.o)
                0x00408938                strncpy
 .text.critical_factorization
                0x004089a0       0xb8 c:/program files (x86)/atmel/studio/7.0/toolchain/arm/arm-gnu-toolchain/bin/../lib/gcc/arm-none-eabi/5.3.1/../../../../arm-none-eabi/lib/armv7-m\libc.a(lib_a-strstr.o)
 .text.two_way_long_needle
                0x00408a58      0x200 c:/program files (x86)/atmel/studio/7.0/toolchain/arm/arm-gnu-toolchain/bin/../lib/gcc/arm-none-eabi/5.3.1/../../../../arm-none-eabi/lib/armv7-m\libc.a(lib_a-strstr.o)
 .text.strstr   0x00408c58      0x220 c:/program files (x86)/atmel/studio/7.0/toolchain/arm/arm-gnu-toolchain/bin/../lib/gcc/arm-none-eabi/5.3.1/../../../../arm-none-eabi/lib/armv7-m\libc.a(lib_a-strstr.o)
                0x00408c58                strstr
 .text.sulp     0x00408e78       0x44 c:/program files (x86)/atmel/studio/7.0/toolchain/arm/arm-gnu-toolchain/bin/../lib/gcc/arm-none-eabi/5.3.1/../../../../arm-none-eabi/lib/armv7-m\libc.a(lib_a-strtod.o)
 *fill*         0x00408ebc        0x4 
 .text._strtod_r
                0x00408ec0      0xecc c:/program files (x86)/atmel/studio/7.0/toolchain/arm/arm-gnu-toolchain/bin/../lib/gcc/arm-none-eabi/5.3.1/../../../../arm-none-eabi/lib/armv7-m\libc.a(lib_a-strtod.o)
                0x00408ec0                _strtod_r
 .text.strtof   0x00409d8c       0x34 c:/program files (x86)/atmel/studio/7.0/toolchain/arm/arm-gnu-toolchain/bin/../lib/gcc/arm-none-eabi/5.3.1/../../../../arm-none-eabi/lib/armv7-m\libc.a(lib_a-strtod.o)
                0x00409d8c                strtof
 .text.strtok   0x00409dc0       0x10 c:/program files (x86)/atmel/studio/7.0/toolchain/arm/arm-gnu-toolchain/bin/../lib/gcc/arm-none-eabi/5.3.1/../../../../arm-none-eabi/lib/armv7-m\libc.a(lib_a-strtok.o)
                0x00409dc0                strtok
 .text.__strtok_r
                0x00409dd0       0x64 c:/program files (x86)/atmel/studio/7.0/toolchain/arm/arm-gnu-toolchain/bin/../lib/gcc/arm-none-eabi/5.3.1/../../../../arm-none-eabi/lib/armv7-m\libc.a(lib_a-strtok_r.o)
                0x00409dd0                __strtok_r
 .text._strtol_r
                0x00409e34      0x128 c:/program files (x86)/atmel/studio/7.0/toolchain/arm/arm-gnu-toolchain/bin/../lib/gcc/arm-none-eabi/5.3.1/../../../../arm-none-eabi/lib/armv7-m\libc.a(lib_a-strtol.o)
                0x00409e34                _strtol_r
 .text.strtol   0x00409f5c       0x18 c:/program files (x86)/atmel/studio/7.0/toolchain/arm/arm-gnu-toolchain/bin/../lib/gcc/arm-none-eabi/5.3.1/../../../../arm-none-eabi/lib/armv7-m\libc.a(lib_a-strtol.o)
                0x00409f5c                strtol
 .text._svfprintf_r
                0x00409f74     0x175c c:/program files (x86)/atmel/studio/7.0/toolchain/arm/arm-gnu-toolchain/bin/../lib/gcc/arm-none-eabi/5.3.1/../../../../arm-none-eabi/lib/armv7-m\libc.a(lib_a-svfprintf.o)
                0x00409f74                _svfprintf_r
 .text.__sprint_r.part.0
                0x0040b6d0       0x78 c:/program files (x86)/atmel/studio/7.0/toolchain/arm/arm-gnu-toolchain/bin/../lib/gcc/arm-none-eabi/5.3.1/../../../../arm-none-eabi/lib/armv7-m\libc.a(lib_a-vfiprintf.o)
 .text._vfiprintf_r
                0x0040b748      0xde8 c:/program files (x86)/atmel/studio/7.0/toolchain/arm/arm-gnu-toolchain/bin/../lib/gcc/arm-none-eabi/5.3.1/../../../../arm-none-eabi/lib/armv7-m\libc.a(lib_a-vfiprintf.o)
                0x0040b748                _vfiprintf_r
 .text.__sbprintf
                0x0040c530       0x6c c:/program files (x86)/atmel/studio/7.0/toolchain/arm/arm-gnu-toolchain/bin/../lib/gcc/arm-none-eabi/5.3.1/../../../../arm-none-eabi/lib/armv7-m\libc.a(lib_a-vfiprintf.o)
 .text._vsprintf_r
                0x0040c59c       0x34 c:/program files (x86)/atmel/studio/7.0/toolchain/arm/arm-gnu-toolchain/bin/../lib/gcc/arm-none-eabi/5.3.1/../../../../arm-none-eabi/lib/armv7-m\libc.a(lib_a-vsprintf.o)
                0x0040c59c                _vsprintf_r
 .text.vsprintf
                0x0040c5d0       0x18 c:/program files (x86)/atmel/studio/7.0/toolchain/arm/arm-gnu-toolchain/bin/../lib/gcc/arm-none-eabi/5.3.1/../../../../arm-none-eabi/lib/armv7-m\libc.a(lib_a-vsprintf.o)
                0x0040c5d0                vsprintf
 .text.__swsetup_r
                0x0040c5e8       0xc8 c:/program files (x86)/atmel/studio/7.0/toolchain/arm/arm-gnu-toolchain/bin/../lib/gcc/arm-none-eabi/5.3.1/../../../../arm-none-eabi/lib/armv7-m\libc.a(lib_a-wsetup.o)
                0x0040c5e8                __swsetup_r
 .text.startup.register_fini
                0x0040c6b0       0x14 c:/program files (x86)/atmel/studio/7.0/toolchain/arm/arm-gnu-toolchain/bin/../lib/gcc/arm-none-eabi/5.3.1/../../../../arm-none-eabi/lib/armv7-m\libc.a(lib_a-__call_atexit.o)
 .text.atexit   0x0040c6c4        0xc c:/program files (x86)/atmel/studio/7.0/toolchain/arm/arm-gnu-toolchain/bin/../lib/gcc/arm-none-eabi/5.3.1/../../../../arm-none-eabi/lib/armv7-m\libc.a(lib_a-atexit.o)
                0x0040c6c4                atexit
 .text.quorem   0x0040c6d0      0x12c c:/program files (x86)/atmel/studio/7.0/toolchain/arm/arm-gnu-toolchain/bin/../lib/gcc/arm-none-eabi/5.3.1/../../../../arm-none-eabi/lib/armv7-m\libc.a(lib_a-dtoa.o)
 *fill*         0x0040c7fc        0x4 
 .text._dtoa_r  0x0040c800      0xe4c c:/program files (x86)/atmel/studio/7.0/toolchain/arm/arm-gnu-toolchain/bin/../lib/gcc/arm-none-eabi/5.3.1/../../../../arm-none-eabi/lib/armv7-m\libc.a(lib_a-dtoa.o)
                0x0040c800                _dtoa_r
 .text.__sflush_r
                0x0040d64c      0x148 c:/program files (x86)/atmel/studio/7.0/toolchain/arm/arm-gnu-toolchain/bin/../lib/gcc/arm-none-eabi/5.3.1/../../../../arm-none-eabi/lib/armv7-m\libc.a(lib_a-fflush.o)
                0x0040d64c                __sflush_r
 .text._fflush_r
                0x0040d794       0x2c c:/program files (x86)/atmel/studio/7.0/toolchain/arm/arm-gnu-toolchain/bin/../lib/gcc/arm-none-eabi/5.3.1/../../../../arm-none-eabi/lib/armv7-m\libc.a(lib_a-fflush.o)
                0x0040d794                _fflush_r
 .text._cleanup_r
                0x0040d7c0        0xc c:/program files (x86)/atmel/studio/7.0/toolchain/arm/arm-gnu-toolchain/bin/../lib/gcc/arm-none-eabi/5.3.1/../../../../arm-none-eabi/lib/armv7-m\libc.a(lib_a-findfp.o)
                0x0040d7c0                _cleanup_r
 .text.__sinit.part.1
                0x0040d7cc       0xf0 c:/program files (x86)/atmel/studio/7.0/toolchain/arm/arm-gnu-toolchain/bin/../lib/gcc/arm-none-eabi/5.3.1/../../../../arm-none-eabi/lib/armv7-m\libc.a(lib_a-findfp.o)
 .text.__sinit  0x0040d8bc        0xc c:/program files (x86)/atmel/studio/7.0/toolchain/arm/arm-gnu-toolchain/bin/../lib/gcc/arm-none-eabi/5.3.1/../../../../arm-none-eabi/lib/armv7-m\libc.a(lib_a-findfp.o)
                0x0040d8bc                __sinit
 .text.__sfp_lock_acquire
                0x0040d8c8        0x4 c:/program files (x86)/atmel/studio/7.0/toolchain/arm/arm-gnu-toolchain/bin/../lib/gcc/arm-none-eabi/5.3.1/../../../../arm-none-eabi/lib/armv7-m\libc.a(lib_a-findfp.o)
                0x0040d8c8                __sfp_lock_acquire
 .text.__sfp_lock_release
                0x0040d8cc        0x4 c:/program files (x86)/atmel/studio/7.0/toolchain/arm/arm-gnu-toolchain/bin/../lib/gcc/arm-none-eabi/5.3.1/../../../../arm-none-eabi/lib/armv7-m\libc.a(lib_a-findfp.o)
                0x0040d8cc                __sfp_lock_release
 .text.__libc_fini_array
                0x0040d8d0       0x28 c:/program files (x86)/atmel/studio/7.0/toolchain/arm/arm-gnu-toolchain/bin/../lib/gcc/arm-none-eabi/5.3.1/../../../../arm-none-eabi/lib/armv7-m\libc.a(lib_a-fini.o)
                0x0040d8d0                __libc_fini_array
 .text.__fputwc
                0x0040d8f8       0x94 c:/program files (x86)/atmel/studio/7.0/toolchain/arm/arm-gnu-toolchain/bin/../lib/gcc/arm-none-eabi/5.3.1/../../../../arm-none-eabi/lib/armv7-m\libc.a(lib_a-fputwc.o)
                0x0040d8f8                __fputwc
 .text._fputwc_r
                0x0040d98c       0x24 c:/program files (x86)/atmel/studio/7.0/toolchain/arm/arm-gnu-toolchain/bin/../lib/gcc/arm-none-eabi/5.3.1/../../../../arm-none-eabi/lib/armv7-m\libc.a(lib_a-fputwc.o)
                0x0040d98c                _fputwc_r
 .text._malloc_trim_r
                0x0040d9b0       0x9c c:/program files (x86)/atmel/studio/7.0/toolchain/arm/arm-gnu-toolchain/bin/../lib/gcc/arm-none-eabi/5.3.1/../../../../arm-none-eabi/lib/armv7-m\libc.a(lib_a-freer.o)
                0x0040d9b0                _malloc_trim_r
 .text._free_r  0x0040da4c      0x1d0 c:/program files (x86)/atmel/studio/7.0/toolchain/arm/arm-gnu-toolchain/bin/../lib/gcc/arm-none-eabi/5.3.1/../../../../arm-none-eabi/lib/armv7-m\libc.a(lib_a-freer.o)
                0x0040da4c                _free_r
 .text.__sfvwrite_r
                0x0040dc1c      0x308 c:/program files (x86)/atmel/studio/7.0/toolchain/arm/arm-gnu-toolchain/bin/../lib/gcc/arm-none-eabi/5.3.1/../../../../arm-none-eabi/lib/armv7-m\libc.a(lib_a-fvwrite.o)
                0x0040dc1c                __sfvwrite_r
 .text._fwalk_reent
                0x0040df24       0x50 c:/program files (x86)/atmel/studio/7.0/toolchain/arm/arm-gnu-toolchain/bin/../lib/gcc/arm-none-eabi/5.3.1/../../../../arm-none-eabi/lib/armv7-m\libc.a(lib_a-fwalk.o)
                0x0040df24                _fwalk_reent
 .text.rshift   0x0040df74       0xa8 c:/program files (x86)/atmel/studio/7.0/toolchain/arm/arm-gnu-toolchain/bin/../lib/gcc/arm-none-eabi/5.3.1/../../../../arm-none-eabi/lib/armv7-m\libc.a(lib_a-gdtoa-gethex.o)
 .text.__gethex
                0x0040e01c      0x50c c:/program files (x86)/atmel/studio/7.0/toolchain/arm/arm-gnu-toolchain/bin/../lib/gcc/arm-none-eabi/5.3.1/../../../../arm-none-eabi/lib/armv7-m\libc.a(lib_a-gdtoa-gethex.o)
                0x0040e01c                __gethex
 .text.__match  0x0040e528       0x30 c:/program files (x86)/atmel/studio/7.0/toolchain/arm/arm-gnu-toolchain/bin/../lib/gcc/arm-none-eabi/5.3.1/../../../../arm-none-eabi/lib/armv7-m\libc.a(lib_a-gdtoa-hexnan.o)
                0x0040e528                __match
 .text.__hexnan
                0x0040e558      0x180 c:/program files (x86)/atmel/studio/7.0/toolchain/arm/arm-gnu-toolchain/bin/../lib/gcc/arm-none-eabi/5.3.1/../../../../arm-none-eabi/lib/armv7-m\libc.a(lib_a-gdtoa-hexnan.o)
                0x0040e558                __hexnan
 .text.__locale_charset
                0x0040e6d8        0x8 c:/program files (x86)/atmel/studio/7.0/toolchain/arm/arm-gnu-toolchain/bin/../lib/gcc/arm-none-eabi/5.3.1/../../../../arm-none-eabi/lib/armv7-m\libc.a(lib_a-locale.o)
                0x0040e6d8                __locale_charset
 .text.__locale_mb_cur_max
                0x0040e6e0        0xc c:/program files (x86)/atmel/studio/7.0/toolchain/arm/arm-gnu-toolchain/bin/../lib/gcc/arm-none-eabi/5.3.1/../../../../arm-none-eabi/lib/armv7-m\libc.a(lib_a-locale.o)
                0x0040e6e0                __locale_mb_cur_max
 .text._localeconv_r
                0x0040e6ec        0x8 c:/program files (x86)/atmel/studio/7.0/toolchain/arm/arm-gnu-toolchain/bin/../lib/gcc/arm-none-eabi/5.3.1/../../../../arm-none-eabi/lib/armv7-m\libc.a(lib_a-locale.o)
                0x0040e6ec                _localeconv_r
 .text.__swhatbuf_r
                0x0040e6f4       0x60 c:/program files (x86)/atmel/studio/7.0/toolchain/arm/arm-gnu-toolchain/bin/../lib/gcc/arm-none-eabi/5.3.1/../../../../arm-none-eabi/lib/armv7-m\libc.a(lib_a-makebuf.o)
                0x0040e6f4                __swhatbuf_r
 .text.__smakebuf_r
                0x0040e754       0x88 c:/program files (x86)/atmel/studio/7.0/toolchain/arm/arm-gnu-toolchain/bin/../lib/gcc/arm-none-eabi/5.3.1/../../../../arm-none-eabi/lib/armv7-m\libc.a(lib_a-makebuf.o)
                0x0040e754                __smakebuf_r
 .text.malloc   0x0040e7dc       0x10 c:/program files (x86)/atmel/studio/7.0/toolchain/arm/arm-gnu-toolchain/bin/../lib/gcc/arm-none-eabi/5.3.1/../../../../arm-none-eabi/lib/armv7-m\libc.a(lib_a-malloc.o)
                0x0040e7dc                malloc
 .text._malloc_r
                0x0040e7ec      0x558 c:/program files (x86)/atmel/studio/7.0/toolchain/arm/arm-gnu-toolchain/bin/../lib/gcc/arm-none-eabi/5.3.1/../../../../arm-none-eabi/lib/armv7-m\libc.a(lib_a-mallocr.o)
                0x0040e7ec                _malloc_r
 .text.memchr   0x0040ed44       0x8c c:/program files (x86)/atmel/studio/7.0/toolchain/arm/arm-gnu-toolchain/bin/../lib/gcc/arm-none-eabi/5.3.1/../../../../arm-none-eabi/lib/armv7-m\libc.a(lib_a-memchr-stub.o)
                0x0040ed44                memchr
 .text.memmove  0x0040edd0       0xc8 c:/program files (x86)/atmel/studio/7.0/toolchain/arm/arm-gnu-toolchain/bin/../lib/gcc/arm-none-eabi/5.3.1/../../../../arm-none-eabi/lib/armv7-m\libc.a(lib_a-memmove.o)
                0x0040edd0                memmove
 .text.__malloc_lock
                0x0040ee98        0x4 c:/program files (x86)/atmel/studio/7.0/toolchain/arm/arm-gnu-toolchain/bin/../lib/gcc/arm-none-eabi/5.3.1/../../../../arm-none-eabi/lib/armv7-m\libc.a(lib_a-mlock.o)
                0x0040ee98                __malloc_lock
 .text.__malloc_unlock
                0x0040ee9c        0x4 c:/program files (x86)/atmel/studio/7.0/toolchain/arm/arm-gnu-toolchain/bin/../lib/gcc/arm-none-eabi/5.3.1/../../../../arm-none-eabi/lib/armv7-m\libc.a(lib_a-mlock.o)
                0x0040ee9c                __malloc_unlock
 .text._Balloc  0x0040eea0       0x50 c:/program files (x86)/atmel/studio/7.0/toolchain/arm/arm-gnu-toolchain/bin/../lib/gcc/arm-none-eabi/5.3.1/../../../../arm-none-eabi/lib/armv7-m\libc.a(lib_a-mprec.o)
                0x0040eea0                _Balloc
 .text._Bfree   0x0040eef0       0x14 c:/program files (x86)/atmel/studio/7.0/toolchain/arm/arm-gnu-toolchain/bin/../lib/gcc/arm-none-eabi/5.3.1/../../../../arm-none-eabi/lib/armv7-m\libc.a(lib_a-mprec.o)
                0x0040eef0                _Bfree
 .text.__multadd
                0x0040ef04       0x80 c:/program files (x86)/atmel/studio/7.0/toolchain/arm/arm-gnu-toolchain/bin/../lib/gcc/arm-none-eabi/5.3.1/../../../../arm-none-eabi/lib/armv7-m\libc.a(lib_a-mprec.o)
                0x0040ef04                __multadd
 .text.__s2b    0x0040ef84       0x98 c:/program files (x86)/atmel/studio/7.0/toolchain/arm/arm-gnu-toolchain/bin/../lib/gcc/arm-none-eabi/5.3.1/../../../../arm-none-eabi/lib/armv7-m\libc.a(lib_a-mprec.o)
                0x0040ef84                __s2b
 .text.__hi0bits
                0x0040f01c       0x40 c:/program files (x86)/atmel/studio/7.0/toolchain/arm/arm-gnu-toolchain/bin/../lib/gcc/arm-none-eabi/5.3.1/../../../../arm-none-eabi/lib/armv7-m\libc.a(lib_a-mprec.o)
                0x0040f01c                __hi0bits
 .text.__lo0bits
                0x0040f05c       0x5c c:/program files (x86)/atmel/studio/7.0/toolchain/arm/arm-gnu-toolchain/bin/../lib/gcc/arm-none-eabi/5.3.1/../../../../arm-none-eabi/lib/armv7-m\libc.a(lib_a-mprec.o)
                0x0040f05c                __lo0bits
 .text.__i2b    0x0040f0b8       0x14 c:/program files (x86)/atmel/studio/7.0/toolchain/arm/arm-gnu-toolchain/bin/../lib/gcc/arm-none-eabi/5.3.1/../../../../arm-none-eabi/lib/armv7-m\libc.a(lib_a-mprec.o)
                0x0040f0b8                __i2b
 .text.__multiply
                0x0040f0cc      0x13c c:/program files (x86)/atmel/studio/7.0/toolchain/arm/arm-gnu-toolchain/bin/../lib/gcc/arm-none-eabi/5.3.1/../../../../arm-none-eabi/lib/armv7-m\libc.a(lib_a-mprec.o)
                0x0040f0cc                __multiply
 .text.__pow5mult
                0x0040f208       0xa0 c:/program files (x86)/atmel/studio/7.0/toolchain/arm/arm-gnu-toolchain/bin/../lib/gcc/arm-none-eabi/5.3.1/../../../../arm-none-eabi/lib/armv7-m\libc.a(lib_a-mprec.o)
                0x0040f208                __pow5mult
 .text.__lshift
                0x0040f2a8       0xac c:/program files (x86)/atmel/studio/7.0/toolchain/arm/arm-gnu-toolchain/bin/../lib/gcc/arm-none-eabi/5.3.1/../../../../arm-none-eabi/lib/armv7-m\libc.a(lib_a-mprec.o)
                0x0040f2a8                __lshift
 .text.__mcmp   0x0040f354       0x40 c:/program files (x86)/atmel/studio/7.0/toolchain/arm/arm-gnu-toolchain/bin/../lib/gcc/arm-none-eabi/5.3.1/../../../../arm-none-eabi/lib/armv7-m\libc.a(lib_a-mprec.o)
                0x0040f354                __mcmp
 .text.__mdiff  0x0040f394      0x128 c:/program files (x86)/atmel/studio/7.0/toolchain/arm/arm-gnu-toolchain/bin/../lib/gcc/arm-none-eabi/5.3.1/../../../../arm-none-eabi/lib/armv7-m\libc.a(lib_a-mprec.o)
                0x0040f394                __mdiff
 .text.__ulp    0x0040f4bc       0x44 c:/program files (x86)/atmel/studio/7.0/toolchain/arm/arm-gnu-toolchain/bin/../lib/gcc/arm-none-eabi/5.3.1/../../../../arm-none-eabi/lib/armv7-m\libc.a(lib_a-mprec.o)
                0x0040f4bc                __ulp
 .text.__b2d    0x0040f500       0xd4 c:/program files (x86)/atmel/studio/7.0/toolchain/arm/arm-gnu-toolchain/bin/../lib/gcc/arm-none-eabi/5.3.1/../../../../arm-none-eabi/lib/armv7-m\libc.a(lib_a-mprec.o)
                0x0040f500                __b2d
 .text.__d2b    0x0040f5d4       0xa8 c:/program files (x86)/atmel/studio/7.0/toolchain/arm/arm-gnu-toolchain/bin/../lib/gcc/arm-none-eabi/5.3.1/../../../../arm-none-eabi/lib/armv7-m\libc.a(lib_a-mprec.o)
                0x0040f5d4                __d2b
 .text.__ratio  0x0040f67c       0x54 c:/program files (x86)/atmel/studio/7.0/toolchain/arm/arm-gnu-toolchain/bin/../lib/gcc/arm-none-eabi/5.3.1/../../../../arm-none-eabi/lib/armv7-m\libc.a(lib_a-mprec.o)
                0x0040f67c                __ratio
 .text.__copybits
                0x0040f6d0       0x48 c:/program files (x86)/atmel/studio/7.0/toolchain/arm/arm-gnu-toolchain/bin/../lib/gcc/arm-none-eabi/5.3.1/../../../../arm-none-eabi/lib/armv7-m\libc.a(lib_a-mprec.o)
                0x0040f6d0                __copybits
 .text.__any_on
                0x0040f718       0x5c c:/program files (x86)/atmel/studio/7.0/toolchain/arm/arm-gnu-toolchain/bin/../lib/gcc/arm-none-eabi/5.3.1/../../../../arm-none-eabi/lib/armv7-m\libc.a(lib_a-mprec.o)
                0x0040f718                __any_on
 .text._realloc_r
                0x0040f774      0x3d4 c:/program files (x86)/atmel/studio/7.0/toolchain/arm/arm-gnu-toolchain/bin/../lib/gcc/arm-none-eabi/5.3.1/../../../../arm-none-eabi/lib/armv7-m\libc.a(lib_a-reallocr.o)
                0x0040f774                _realloc_r
 .text._sbrk_r  0x0040fb48       0x24 c:/program files (x86)/atmel/studio/7.0/toolchain/arm/arm-gnu-toolchain/bin/../lib/gcc/arm-none-eabi/5.3.1/../../../../arm-none-eabi/lib/armv7-m\libc.a(lib_a-sbrkr.o)
                0x0040fb48                _sbrk_r
 .text.nanf     0x0040fb6c        0x8 c:/program files (x86)/atmel/studio/7.0/toolchain/arm/arm-gnu-toolchain/bin/../lib/gcc/arm-none-eabi/5.3.1/../../../../arm-none-eabi/lib/armv7-m\libc.a(lib_a-sf_nan.o)
                0x0040fb6c                nanf
 .text.__sread  0x0040fb74       0x24 c:/program files (x86)/atmel/studio/7.0/toolchain/arm/arm-gnu-toolchain/bin/../lib/gcc/arm-none-eabi/5.3.1/../../../../arm-none-eabi/lib/armv7-m\libc.a(lib_a-stdio.o)
                0x0040fb74                __sread
 .text.__swrite
                0x0040fb98       0x3c c:/program files (x86)/atmel/studio/7.0/toolchain/arm/arm-gnu-toolchain/bin/../lib/gcc/arm-none-eabi/5.3.1/../../../../arm-none-eabi/lib/armv7-m\libc.a(lib_a-stdio.o)
                0x0040fb98                __swrite
 .text.__sseek  0x0040fbd4       0x20 c:/program files (x86)/atmel/studio/7.0/toolchain/arm/arm-gnu-toolchain/bin/../lib/gcc/arm-none-eabi/5.3.1/../../../../arm-none-eabi/lib/armv7-m\libc.a(lib_a-stdio.o)
                0x0040fbd4                __sseek
 .text.__sclose
                0x0040fbf4        0x8 c:/program files (x86)/atmel/studio/7.0/toolchain/arm/arm-gnu-toolchain/bin/../lib/gcc/arm-none-eabi/5.3.1/../../../../arm-none-eabi/lib/armv7-m\libc.a(lib_a-stdio.o)
                0x0040fbf4                __sclose
 .text.__ssprint_r
                0x0040fbfc      0x100 c:/program files (x86)/atmel/studio/7.0/toolchain/arm/arm-gnu-toolchain/bin/../lib/gcc/arm-none-eabi/5.3.1/../../../../arm-none-eabi/lib/armv7-m\libc.a(lib_a-svfiprintf.o)
                0x0040fbfc                __ssprint_r
 .text.__swbuf_r
                0x0040fcfc       0xac c:/program files (x86)/atmel/studio/7.0/toolchain/arm/arm-gnu-toolchain/bin/../lib/gcc/arm-none-eabi/5.3.1/../../../../arm-none-eabi/lib/armv7-m\libc.a(lib_a-wbuf.o)
                0x0040fcfc                __swbuf_r
 .text._wcrtomb_r
                0x0040fda8       0x54 c:/program files (x86)/atmel/studio/7.0/toolchain/arm/arm-gnu-toolchain/bin/../lib/gcc/arm-none-eabi/5.3.1/../../../../arm-none-eabi/lib/armv7-m\libc.a(lib_a-wcrtomb.o)
                0x0040fda8                _wcrtomb_r
 .text.__ascii_wctomb
                0x0040fdfc       0x1c c:/program files (x86)/atmel/studio/7.0/toolchain/arm/arm-gnu-toolchain/bin/../lib/gcc/arm-none-eabi/5.3.1/../../../../arm-none-eabi/lib/armv7-m\libc.a(lib_a-wctomb_r.o)
                0x0040fdfc                __ascii_wctomb
 .text._write_r
                0x0040fe18       0x2c c:/program files (x86)/atmel/studio/7.0/toolchain/arm/arm-gnu-toolchain/bin/../lib/gcc/arm-none-eabi/5.3.1/../../../../arm-none-eabi/lib/armv7-m\libc.a(lib_a-writer.o)
                0x0040fe18                _write_r
 .text.__register_exitproc
                0x0040fe44       0xa4 c:/program files (x86)/atmel/studio/7.0/toolchain/arm/arm-gnu-toolchain/bin/../lib/gcc/arm-none-eabi/5.3.1/../../../../arm-none-eabi/lib/armv7-m\libc.a(lib_a-__atexit.o)
                0x0040fe44                __register_exitproc
 .text._calloc_r
                0x0040fee8       0x60 c:/program files (x86)/atmel/studio/7.0/toolchain/arm/arm-gnu-toolchain/bin/../lib/gcc/arm-none-eabi/5.3.1/../../../../arm-none-eabi/lib/armv7-m\libc.a(lib_a-callocr.o)
                0x0040fee8                _calloc_r
 .text._close_r
                0x0040ff48       0x24 c:/program files (x86)/atmel/studio/7.0/toolchain/arm/arm-gnu-toolchain/bin/../lib/gcc/arm-none-eabi/5.3.1/../../../../arm-none-eabi/lib/armv7-m\libc.a(lib_a-closer.o)
                0x0040ff48                _close_r
 .text._fclose_r
                0x0040ff6c       0x84 c:/program files (x86)/atmel/studio/7.0/toolchain/arm/arm-gnu-toolchain/bin/../lib/gcc/arm-none-eabi/5.3.1/../../../../arm-none-eabi/lib/armv7-m\libc.a(lib_a-fclose.o)
                0x0040ff6c                _fclose_r
 .text._fstat_r
                0x0040fff0       0x28 c:/program files (x86)/atmel/studio/7.0/toolchain/arm/arm-gnu-toolchain/bin/../lib/gcc/arm-none-eabi/5.3.1/../../../../arm-none-eabi/lib/armv7-m\libc.a(lib_a-fstatr.o)
                0x0040fff0                _fstat_r
 .text._isatty_r
                0x00410018       0x24 c:/program files (x86)/atmel/studio/7.0/toolchain/arm/arm-gnu-toolchain/bin/../lib/gcc/arm-none-eabi/5.3.1/../../../../arm-none-eabi/lib/armv7-m\libc.a(lib_a-isattyr.o)
                0x00410018                _isatty_r
 .text._lseek_r
                0x0041003c       0x2c c:/program files (x86)/atmel/studio/7.0/toolchain/arm/arm-gnu-toolchain/bin/../lib/gcc/arm-none-eabi/5.3.1/../../../../arm-none-eabi/lib/armv7-m\libc.a(lib_a-lseekr.o)
                0x0041003c                _lseek_r
 .text._read_r  0x00410068       0x2c c:/program files (x86)/atmel/studio/7.0/toolchain/arm/arm-gnu-toolchain/bin/../lib/gcc/arm-none-eabi/5.3.1/../../../../arm-none-eabi/lib/armv7-m\libc.a(lib_a-readr.o)
                0x00410068                _read_r
 .text          0x00410094       0x2c c:/program files (x86)/atmel/studio/7.0/toolchain/arm/arm-gnu-toolchain/bin/../lib/gcc/arm-none-eabi/5.3.1/armv7-m\libgcc.a(_arm_unorddf2.o)
                0x00410094                __unorddf2
                0x00410094                __aeabi_dcmpun
 .text          0x004100c0       0x40 c:/program files (x86)/atmel/studio/7.0/toolchain/arm/arm-gnu-toolchain/bin/../lib/gcc/arm-none-eabi/5.3.1/armv7-m\libgcc.a(_arm_fixunsdfsi.o)
                0x004100c0                __aeabi_d2uiz
                0x004100c0                __fixunsdfsi
 .text          0x00410100       0x30 c:/program files (x86)/atmel/studio/7.0/toolchain/arm/arm-gnu-toolchain/bin/../lib/gcc/arm-none-eabi/5.3.1/armv7-m\libgcc.a(_aeabi_uldivmod.o)
                0x00410100                __aeabi_uldivmod
 .text          0x00410130      0x2ec c:/program files (x86)/atmel/studio/7.0/toolchain/arm/arm-gnu-toolchain/bin/../lib/gcc/arm-none-eabi/5.3.1/armv7-m\libgcc.a(_udivmoddi4.o)
                0x00410130                __udivmoddi4
 .text          0x0041041c        0x4 c:/program files (x86)/atmel/studio/7.0/toolchain/arm/arm-gnu-toolchain/bin/../lib/gcc/arm-none-eabi/5.3.1/armv7-m\libgcc.a(_dvmd_tls.o)
                0x0041041c                __aeabi_idiv0
                0x0041041c                __aeabi_ldiv0
 *(.glue_7t)
 .glue_7t       0x00410420        0x0 linker stubs
 *(.glue_7)
 .glue_7        0x00410420        0x0 linker stubs
 *(.rodata .rodata* .gnu.linkonce.r.*)
 .rodata.functionsMap
                0x00410420      0x264 src/Commands.o
                0x00410420                functionsMap
 .rodata.str1.1
                0x00410684       0x52 src/Commands.o
 .rodata.str1.1
                0x004106d6        0xc src/utils.o
 *fill*         0x004106e2        0x2 
 .rodata        0x004106e4       0x10 src/HAL/HAL_IMU_MPU6050.o
 .rodata.str1.1
                0x004106f4       0x6c src/HAL/HAL_IMU_MPU6050.o
 .rodata.str1.1
                0x00410760       0x88 src/LCD.o
 .rodata.str1.1
                0x004107e8       0x80 src/UART_Comm.o
 .rodata.all_twi_definitions
                0x00410868       0x10 src/ASF/common/services/freertos/sam/freertos_twi_master.o
 .rodata.null_dma_control
                0x00410878        0x8 src/ASF/common/services/freertos/sam/freertos_twi_master.o
 .rodata.all_uart_definitions
                0x00410880       0x10 src/ASF/common/services/freertos/sam/freertos_uart_serial.o
 .rodata.LED_DESCRIPTOR
                0x00410890       0x20 src/ASF/sam/boards/sam3n_ek/led.o
 .rodata.p_uc_charset10x14
                0x004108b0      0x780 src/ASF/sam/components/display/ili9225/ili9225.o
                0x004108b0                p_uc_charset10x14
 .rodata.str1.1
                0x00411030       0x17 src/ASF/thirdparty/freertos/freertos-7.3.0/source/tasks.o
                                 0x1a (size before relaxing)
 .rodata.str1.1
                0x00411047        0x8 src/ASF/thirdparty/freertos/freertos-7.3.0/source/timers.o
 .rodata.str1.1
                0x0041104f      0x1cd src/IMU.o
                                0x1d6 (size before relaxing)
 .rodata.str1.1
                0x0041121c      0x1dd src/main.o
 *fill*         0x004113f9        0x7 
 .rodata.atanlo
                0x00411400       0x20 c:/program files (x86)/atmel/studio/7.0/toolchain/arm/arm-gnu-toolchain/bin/../lib/gcc/arm-none-eabi/5.3.1/../../../../arm-none-eabi/lib/armv7-m\libm.a(lib_a-s_atan.o)
 .rodata.atanhi
                0x00411420       0x20 c:/program files (x86)/atmel/studio/7.0/toolchain/arm/arm-gnu-toolchain/bin/../lib/gcc/arm-none-eabi/5.3.1/../../../../arm-none-eabi/lib/armv7-m\libm.a(lib_a-s_atan.o)
 .rodata.npio2_hw
                0x00411440       0x80 c:/program files (x86)/atmel/studio/7.0/toolchain/arm/arm-gnu-toolchain/bin/../lib/gcc/arm-none-eabi/5.3.1/../../../../arm-none-eabi/lib/armv7-m\libm.a(lib_a-e_rem_pio2.o)
 .rodata.two_over_pi
                0x004114c0      0x108 c:/program files (x86)/atmel/studio/7.0/toolchain/arm/arm-gnu-toolchain/bin/../lib/gcc/arm-none-eabi/5.3.1/../../../../arm-none-eabi/lib/armv7-m\libm.a(lib_a-e_rem_pio2.o)
 .rodata.init_jk
                0x004115c8       0x10 c:/program files (x86)/atmel/studio/7.0/toolchain/arm/arm-gnu-toolchain/bin/../lib/gcc/arm-none-eabi/5.3.1/../../../../arm-none-eabi/lib/armv7-m\libm.a(lib_a-k_rem_pio2.o)
 .rodata.PIo2   0x004115d8       0x40 c:/program files (x86)/atmel/studio/7.0/toolchain/arm/arm-gnu-toolchain/bin/../lib/gcc/arm-none-eabi/5.3.1/../../../../arm-none-eabi/lib/armv7-m\libm.a(lib_a-k_rem_pio2.o)
 .rodata._ctype_
                0x00411618      0x101 c:/program files (x86)/atmel/studio/7.0/toolchain/arm/arm-gnu-toolchain/bin/../lib/gcc/arm-none-eabi/5.3.1/../../../../arm-none-eabi/lib/armv7-m\libc.a(lib_a-ctype_.o)
                0x00411618                _ctype_
 *fill*         0x00411719        0x3 
 .rodata.str1.4
                0x0041171c        0x2 c:/program files (x86)/atmel/studio/7.0/toolchain/arm/arm-gnu-toolchain/bin/../lib/gcc/arm-none-eabi/5.3.1/../../../../arm-none-eabi/lib/armv7-m\libc.a(lib_a-impure.o)
 *fill*         0x0041171e        0x2 
 .rodata._global_impure_ptr
                0x00411720        0x4 c:/program files (x86)/atmel/studio/7.0/toolchain/arm/arm-gnu-toolchain/bin/../lib/gcc/arm-none-eabi/5.3.1/../../../../arm-none-eabi/lib/armv7-m\libc.a(lib_a-impure.o)
                0x00411720                _global_impure_ptr
 .rodata.fpinan.5370
                0x00411724       0x14 c:/program files (x86)/atmel/studio/7.0/toolchain/arm/arm-gnu-toolchain/bin/../lib/gcc/arm-none-eabi/5.3.1/../../../../arm-none-eabi/lib/armv7-m\libc.a(lib_a-strtod.o)
 .rodata.str1.4
                0x00411738        0xf c:/program files (x86)/atmel/studio/7.0/toolchain/arm/arm-gnu-toolchain/bin/../lib/gcc/arm-none-eabi/5.3.1/../../../../arm-none-eabi/lib/armv7-m\libc.a(lib_a-strtod.o)
 *fill*         0x00411747        0x1 
 .rodata.tinytens
                0x00411748       0x28 c:/program files (x86)/atmel/studio/7.0/toolchain/arm/arm-gnu-toolchain/bin/../lib/gcc/arm-none-eabi/5.3.1/../../../../arm-none-eabi/lib/armv7-m\libc.a(lib_a-strtod.o)
 .rodata.fpi.5334
                0x00411770       0x14 c:/program files (x86)/atmel/studio/7.0/toolchain/arm/arm-gnu-toolchain/bin/../lib/gcc/arm-none-eabi/5.3.1/../../../../arm-none-eabi/lib/armv7-m\libc.a(lib_a-strtod.o)
 .rodata.zeroes.7035
                0x00411784       0x10 c:/program files (x86)/atmel/studio/7.0/toolchain/arm/arm-gnu-toolchain/bin/../lib/gcc/arm-none-eabi/5.3.1/../../../../arm-none-eabi/lib/armv7-m\libc.a(lib_a-svfprintf.o)
 .rodata.str1.4
                0x00411794       0x42 c:/program files (x86)/atmel/studio/7.0/toolchain/arm/arm-gnu-toolchain/bin/../lib/gcc/arm-none-eabi/5.3.1/../../../../arm-none-eabi/lib/armv7-m\libc.a(lib_a-svfprintf.o)
 *fill*         0x004117d6        0x2 
 .rodata.blanks.7034
                0x004117d8       0x10 c:/program files (x86)/atmel/studio/7.0/toolchain/arm/arm-gnu-toolchain/bin/../lib/gcc/arm-none-eabi/5.3.1/../../../../arm-none-eabi/lib/armv7-m\libc.a(lib_a-svfprintf.o)
 .rodata.zeroes.6993
                0x004117e8       0x10 c:/program files (x86)/atmel/studio/7.0/toolchain/arm/arm-gnu-toolchain/bin/../lib/gcc/arm-none-eabi/5.3.1/../../../../arm-none-eabi/lib/armv7-m\libc.a(lib_a-vfiprintf.o)
 .rodata.str1.4
                0x004117f8       0x2f c:/program files (x86)/atmel/studio/7.0/toolchain/arm/arm-gnu-toolchain/bin/../lib/gcc/arm-none-eabi/5.3.1/../../../../arm-none-eabi/lib/armv7-m\libc.a(lib_a-vfiprintf.o)
 .rodata.blanks.6992
                0x004117f8       0x10 c:/program files (x86)/atmel/studio/7.0/toolchain/arm/arm-gnu-toolchain/bin/../lib/gcc/arm-none-eabi/5.3.1/../../../../arm-none-eabi/lib/armv7-m\libc.a(lib_a-vfiprintf.o)
 .rodata.str1.4
                0x00411808       0x10 c:/program files (x86)/atmel/studio/7.0/toolchain/arm/arm-gnu-toolchain/bin/../lib/gcc/arm-none-eabi/5.3.1/../../../../arm-none-eabi/lib/armv7-m\libc.a(lib_a-dtoa.o)
                                 0x12 (size before relaxing)
 .rodata.__hexdig
                0x00411818      0x100 c:/program files (x86)/atmel/studio/7.0/toolchain/arm/arm-gnu-toolchain/bin/../lib/gcc/arm-none-eabi/5.3.1/../../../../arm-none-eabi/lib/armv7-m\libc.a(lib_a-gdtoa-gethex.o)
                0x00411818                __hexdig
 .rodata.str1.4
                0x00411918        0xc c:/program files (x86)/atmel/studio/7.0/toolchain/arm/arm-gnu-toolchain/bin/../lib/gcc/arm-none-eabi/5.3.1/../../../../arm-none-eabi/lib/armv7-m\libc.a(lib_a-locale.o)
                                 0x12 (size before relaxing)
 *fill*         0x00411924        0x4 
 .rodata.__mprec_tens
                0x00411928       0xc8 c:/program files (x86)/atmel/studio/7.0/toolchain/arm/arm-gnu-toolchain/bin/../lib/gcc/arm-none-eabi/5.3.1/../../../../arm-none-eabi/lib/armv7-m\libc.a(lib_a-mprec.o)
                0x00411928                __mprec_tens
 .rodata.__mprec_bigtens
                0x004119f0       0x28 c:/program files (x86)/atmel/studio/7.0/toolchain/arm/arm-gnu-toolchain/bin/../lib/gcc/arm-none-eabi/5.3.1/../../../../arm-none-eabi/lib/armv7-m\libc.a(lib_a-mprec.o)
                0x004119f0                __mprec_bigtens
 .rodata.p05.5373
                0x00411a18        0xc c:/program files (x86)/atmel/studio/7.0/toolchain/arm/arm-gnu-toolchain/bin/../lib/gcc/arm-none-eabi/5.3.1/../../../../arm-none-eabi/lib/armv7-m\libc.a(lib_a-mprec.o)
 *(.ARM.extab* .gnu.linkonce.armextab.*)
                0x00411a24                . = ALIGN (0x4)
 *(.init)
 .init          0x00411a24        0x4 c:/program files (x86)/atmel/studio/7.0/toolchain/arm/arm-gnu-toolchain/bin/../lib/gcc/arm-none-eabi/5.3.1/armv7-m/crti.o
                0x00411a24                _init
 .init          0x00411a28        0x8 c:/program files (x86)/atmel/studio/7.0/toolchain/arm/arm-gnu-toolchain/bin/../lib/gcc/arm-none-eabi/5.3.1/armv7-m/crtn.o
                0x00411a30                . = ALIGN (0x4)
                0x00411a30                __preinit_array_start = .
 *(.preinit_array)
                0x00411a30                __preinit_array_end = .
                0x00411a30                . = ALIGN (0x4)
                0x00411a30                __init_array_start = .
 *(SORT(.init_array.*))
 .init_array.00000
                0x00411a30        0x4 c:/program files (x86)/atmel/studio/7.0/toolchain/arm/arm-gnu-toolchain/bin/../lib/gcc/arm-none-eabi/5.3.1/../../../../arm-none-eabi/lib/armv7-m\libc.a(lib_a-__call_atexit.o)
 *(.init_array)
 .init_array    0x00411a34        0x4 c:/program files (x86)/atmel/studio/7.0/toolchain/arm/arm-gnu-toolchain/bin/../lib/gcc/arm-none-eabi/5.3.1/armv7-m/crtbegin.o
                0x00411a38                __init_array_end = .
                0x00411a38                . = ALIGN (0x4)
 *crtbegin.o(.ctors)
 *(EXCLUDE_FILE(*crtend.o) .ctors)
 *(SORT(.ctors.*))
 *crtend.o(.ctors)
                0x00411a38                . = ALIGN (0x4)
 *(.fini)
 .fini          0x00411a38        0x4 c:/program files (x86)/atmel/studio/7.0/toolchain/arm/arm-gnu-toolchain/bin/../lib/gcc/arm-none-eabi/5.3.1/armv7-m/crti.o
                0x00411a38                _fini
 .fini          0x00411a3c        0x8 c:/program files (x86)/atmel/studio/7.0/toolchain/arm/arm-gnu-toolchain/bin/../lib/gcc/arm-none-eabi/5.3.1/armv7-m/crtn.o
                0x00411a44                . = ALIGN (0x4)
                0x00411a44                __fini_array_start = .
 *(.fini_array)
 .fini_array    0x00411a44        0x4 c:/program files (x86)/atmel/studio/7.0/toolchain/arm/arm-gnu-toolchain/bin/../lib/gcc/arm-none-eabi/5.3.1/armv7-m/crtbegin.o
 *(SORT(.fini_array.*))
                0x00411a48                __fini_array_end = .
 *crtbegin.o(.dtors)
 *(EXCLUDE_FILE(*crtend.o) .dtors)
 *(SORT(.dtors.*))
 *crtend.o(.dtors)
                0x00411a48                . = ALIGN (0x4)
                0x00411a48                _efixed = .
                [!provide]                PROVIDE (__exidx_start, .)

.vfp11_veneer   0x00411a48        0x0
 .vfp11_veneer  0x00411a48        0x0 linker stubs

.v4_bx          0x00411a48        0x0
 .v4_bx         0x00411a48        0x0 linker stubs

.iplt           0x00411a48        0x0
 .iplt          0x00411a48        0x0 c:/program files (x86)/atmel/studio/7.0/toolchain/arm/arm-gnu-toolchain/bin/../lib/gcc/arm-none-eabi/5.3.1/armv7-m/crtbegin.o

.ARM.exidx      0x00411a48        0x8
 *(.ARM.exidx* .gnu.linkonce.armexidx.*)
 .ARM.exidx     0x00411a48        0x8 c:/program files (x86)/atmel/studio/7.0/toolchain/arm/arm-gnu-toolchain/bin/../lib/gcc/arm-none-eabi/5.3.1/armv7-m\libgcc.a(_udivmoddi4.o)
                [!provide]                PROVIDE (__exidx_end, .)

.eh_frame       0x00411a50        0x0