Archive member included because of file (symbol)

c:/program files (x86)/atmel/atmel toolchain/arm gcc/native/4.8.1443/arm-gnu-toolchain/bin/../lib/gcc/arm-none-eabi/4.8.4/../../../../arm-none-eabi/lib/armv7-m\libc.a(lib_a-exit.o)
                              c:/program files (x86)/atmel/atmel toolchain/arm gcc/native/4.8.1443/arm-gnu-toolchain/bin/../lib/gcc/arm-none-eabi/4.8.4/../../../../arm-none-eabi/lib/armv7-m/crt0.o (exit)
c:/program files (x86)/atmel/atmel toolchain/arm gcc/native/4.8.1443/arm-gnu-toolchain/bin/../lib/gcc/arm-none-eabi/4.8.4/../../../../arm-none-eabi/lib/armv7-m\libc.a(lib_a-impure.o)
                              c:/program files (x86)/atmel/atmel toolchain/arm gcc/native/4.8.1443/arm-gnu-toolchain/bin/../lib/gcc/arm-none-eabi/4.8.4/../../../../arm-none-eabi/lib/armv7-m\libc.a(lib_a-exit.o) (_global_impure_ptr)
c:/program files (x86)/atmel/atmel toolchain/arm gcc/native/4.8.1443/arm-gnu-toolchain/bin/../lib/gcc/arm-none-eabi/4.8.4/../../../../arm-none-eabi/lib/armv7-m\libc.a(lib_a-init.o)
                              c:/program files (x86)/atmel/atmel toolchain/arm gcc/native/4.8.1443/arm-gnu-toolchain/bin/../lib/gcc/arm-none-eabi/4.8.4/../../../../arm-none-eabi/lib/armv7-m/crt0.o (__libc_init_array)
c:/program files (x86)/atmel/atmel toolchain/arm gcc/native/4.8.1443/arm-gnu-toolchain/bin/../lib/gcc/arm-none-eabi/4.8.4/../../../../arm-none-eabi/lib/armv7-m\libc.a(lib_a-iprintf.o)
                              src/ASF/sam/utils/syscalls/gcc/syscalls.o (iprintf)
c:/program files (x86)/atmel/atmel toolchain/arm gcc/native/4.8.1443/arm-gnu-toolchain/bin/../lib/gcc/arm-none-eabi/4.8.4/../../../../arm-none-eabi/lib/armv7-m\libc.a(lib_a-memset.o)
                              c:/program files (x86)/atmel/atmel toolchain/arm gcc/native/4.8.1443/arm-gnu-toolchain/bin/../lib/gcc/arm-none-eabi/4.8.4/../../../../arm-none-eabi/lib/armv7-m/crt0.o (memset)
c:/program files (x86)/atmel/atmel toolchain/arm gcc/native/4.8.1443/arm-gnu-toolchain/bin/../lib/gcc/arm-none-eabi/4.8.4/../../../../arm-none-eabi/lib/armv7-m\libc.a(lib_a-vfiprintf.o)
                              c:/program files (x86)/atmel/atmel toolchain/arm gcc/native/4.8.1443/arm-gnu-toolchain/bin/../lib/gcc/arm-none-eabi/4.8.4/../../../../arm-none-eabi/lib/armv7-m\libc.a(lib_a-iprintf.o) (_vfiprintf_r)
c:/program files (x86)/atmel/atmel toolchain/arm gcc/native/4.8.1443/arm-gnu-toolchain/bin/../lib/gcc/arm-none-eabi/4.8.4/../../../../arm-none-eabi/lib/armv7-m\libc.a(lib_a-wsetup.o)
                              c:/program files (x86)/atmel/atmel toolchain/arm gcc/native/4.8.1443/arm-gnu-toolchain/bin/../lib/gcc/arm-none-eabi/4.8.4/../../../../arm-none-eabi/lib/armv7-m\libc.a(lib_a-vfiprintf.o) (__swsetup_r)
c:/program files (x86)/atmel/atmel toolchain/arm gcc/native/4.8.1443/arm-gnu-toolchain/bin/../lib/gcc/arm-none-eabi/4.8.4/../../../../arm-none-eabi/lib/armv7-m\libc.a(lib_a-__call_atexit.o)
                              c:/program files (x86)/atmel/atmel toolchain/arm gcc/native/4.8.1443/arm-gnu-toolchain/bin/../lib/gcc/arm-none-eabi/4.8.4/../../../../arm-none-eabi/lib/armv7-m\libc.a(lib_a-exit.o) (__call_exitprocs)
c:/program files (x86)/atmel/atmel toolchain/arm gcc/native/4.8.1443/arm-gnu-toolchain/bin/../lib/gcc/arm-none-eabi/4.8.4/../../../../arm-none-eabi/lib/armv7-m\libc.a(lib_a-atexit.o)
                              c:/program files (x86)/atmel/atmel toolchain/arm gcc/native/4.8.1443/arm-gnu-toolchain/bin/../lib/gcc/arm-none-eabi/4.8.4/../../../../arm-none-eabi/lib/armv7-m\libc.a(lib_a-__call_atexit.o) (atexit)
c:/program files (x86)/atmel/atmel toolchain/arm gcc/native/4.8.1443/arm-gnu-toolchain/bin/../lib/gcc/arm-none-eabi/4.8.4/../../../../arm-none-eabi/lib/armv7-m\libc.a(lib_a-fflush.o)
                              c:/program files (x86)/atmel/atmel toolchain/arm gcc/native/4.8.1443/arm-gnu-toolchain/bin/../lib/gcc/arm-none-eabi/4.8.4/../../../../arm-none-eabi/lib/armv7-m\libc.a(lib_a-vfiprintf.o) (_fflush_r)
c:/program files (x86)/atmel/atmel toolchain/arm gcc/native/4.8.1443/arm-gnu-toolchain/bin/../lib/gcc/arm-none-eabi/4.8.4/../../../../arm-none-eabi/lib/armv7-m\libc.a(lib_a-findfp.o)
                              c:/program files (x86)/atmel/atmel toolchain/arm gcc/native/4.8.1443/arm-gnu-toolchain/bin/../lib/gcc/arm-none-eabi/4.8.4/../../../../arm-none-eabi/lib/armv7-m\libc.a(lib_a-vfiprintf.o) (__sinit)
c:/program files (x86)/atmel/atmel toolchain/arm gcc/native/4.8.1443/arm-gnu-toolchain/bin/../lib/gcc/arm-none-eabi/4.8.4/../../../../arm-none-eabi/lib/armv7-m\libc.a(lib_a-fini.o)
                              c:/program files (x86)/atmel/atmel toolchain/arm gcc/native/4.8.1443/arm-gnu-toolchain/bin/../lib/gcc/arm-none-eabi/4.8.4/../../../../arm-none-eabi/lib/armv7-m\libc.a(lib_a-__call_atexit.o) (__libc_fini_array)
c:/program files (x86)/atmel/atmel toolchain/arm gcc/native/4.8.1443/arm-gnu-toolchain/bin/../lib/gcc/arm-none-eabi/4.8.4/../../../../arm-none-eabi/lib/armv7-m\libc.a(lib_a-fputwc.o)
[...]
Memory Configuration

Name             Origin             Length             Attributes
rom              0x00400000         0x00040000         xr
ram              0x20000000         0x00006000         xrw
*default*        0x00000000         0xffffffff

Linker script and memory map

LOAD c:/program files (x86)/atmel/atmel toolchain/arm gcc/native/4.8.1443/arm-gnu-toolchain/bin/../lib/gcc/arm-none-eabi/4.8.4/armv7-m/crti.o
LOAD c:/program files (x86)/atmel/atmel toolchain/arm gcc/native/4.8.1443/arm-gnu-toolchain/bin/../lib/gcc/arm-none-eabi/4.8.4/armv7-m/crtbegin.o
LOAD c:/program files (x86)/atmel/atmel toolchain/arm gcc/native/4.8.1443/arm-gnu-toolchain/bin/../lib/gcc/arm-none-eabi/4.8.4/../../../../arm-none-eabi/lib/armv7-m/crt0.o
LOAD src/ASF/common/services/clock/sam3n/sysclk.o
LOAD src/ASF/common/utils/interrupt/interrupt_sam_nvic.o
LOAD src/ASF/sam/boards/sam3n_ek/init.o
LOAD src/ASF/sam/boards/sam3n_ek/led.o
LOAD src/ASF/sam/drivers/pio/pio.o
LOAD src/ASF/sam/drivers/pio/pio_handler.o
LOAD src/ASF/sam/drivers/pmc/pmc.o
LOAD src/ASF/sam/drivers/pmc/sleep.o
LOAD src/ASF/sam/utils/cmsis/sam3n/source/templates/exceptions.o
LOAD src/ASF/sam/utils/cmsis/sam3n/source/templates/gcc/startup_sam3n.o
LOAD src/ASF/sam/utils/cmsis/sam3n/source/templates/system_sam3n.o
LOAD src/ASF/sam/utils/syscalls/gcc/syscalls.o
LOAD src/main.o
START GROUP
LOAD ../src/ASF/thirdparty/CMSIS/Lib/GCC\libarm_cortexM3l_math.a
LOAD c:/program files (x86)/atmel/atmel toolchain/arm gcc/native/4.8.1443/arm-gnu-toolchain/bin/../lib/gcc/arm-none-eabi/4.8.4/../../../../arm-none-eabi/lib/armv7-m\libm.a
END GROUP
START GROUP
LOAD c:/program files (x86)/atmel/atmel toolchain/arm gcc/native/4.8.1443/arm-gnu-toolchain/bin/../lib/gcc/arm-none-eabi/4.8.4/armv7-m\libgcc.a
LOAD c:/program files (x86)/atmel/atmel toolchain/arm gcc/native/4.8.1443/arm-gnu-toolchain/bin/../lib/gcc/arm-none-eabi/4.8.4/../../../../arm-none-eabi/lib/armv7-m\libc.a
END GROUP
LOAD c:/program files (x86)/atmel/atmel toolchain/arm gcc/native/4.8.1443/arm-gnu-toolchain/bin/../lib/gcc/arm-none-eabi/4.8.4/armv7-m/crtend.o
LOAD c:/program files (x86)/atmel/atmel toolchain/arm gcc/native/4.8.1443/arm-gnu-toolchain/bin/../lib/gcc/arm-none-eabi/4.8.4/armv7-m/crtn.o
                0x00000800                __stack_size__ = DEFINED (__stack_size__)?__stack_size__:0x800
                0x20005ffc                __ram_end__ = ((ORIGIN (ram) + 0x6000) - 0x4)

.text           0x00400000      0xc1c
                0x00400000                . = ALIGN (0x4)
                0x00400000                _sfixed = .
 *(.vectors .vectors.*)
 .vectors       0x00400000       0xc4 src/ASF/sam/utils/cmsis/sam3n/source/templates/gcc/startup_sam3n.o
                0x00400000                exception_table
 *(.text .text.* .gnu.linkonce.t.*)
 .text          0x004000c4       0x54 c:/program files (x86)/atmel/atmel toolchain/arm gcc/native/4.8.1443/arm-gnu-toolchain/bin/../lib/gcc/arm-none-eabi/4.8.4/armv7-m/crtbegin.o
 .text.sysclk_init
                0x00400118       0x64 src/ASF/common/services/clock/sam3n/sysclk.o
                0x00400118                sysclk_init
 .text.board_init
                0x0040017c       0xdc src/ASF/sam/boards/sam3n_ek/init.o
                0x0040017c                board_init
 .text.pio_set_peripheral
                0x00400258       0x90 src/ASF/sam/drivers/pio/pio.o
                0x00400258                pio_set_peripheral
 .text.pio_set_input
                0x004002e8       0x34 src/ASF/sam/drivers/pio/pio.o
                0x004002e8                pio_set_input
 .text.pio_set_output
                0x0040031c       0x28 src/ASF/sam/drivers/pio/pio.o
                0x0040031c                pio_set_output
 .text.pio_pull_down
                0x00400344       0x10 src/ASF/sam/drivers/pio/pio.o
                0x00400344                pio_pull_down
 .text.pio_configure_interrupt
                0x00400354       0x30 src/ASF/sam/drivers/pio/pio.o
                0x00400354                pio_configure_interrupt
 .text.pio_enable_interrupt
                0x00400384        0x8 src/ASF/sam/drivers/pio/pio.o
                0x00400384                pio_enable_interrupt
 .text.pio_get_interrupt_status
                0x0040038c        0x4 src/ASF/sam/drivers/pio/pio.o
                0x0040038c                pio_get_interrupt_status
 .text.pio_get_interrupt_mask
                0x00400390        0x4 src/ASF/sam/drivers/pio/pio.o
                0x00400390                pio_get_interrupt_mask
 .text.pio_set_pin_low
                0x00400394       0x1c src/ASF/sam/drivers/pio/pio.o
                0x00400394                pio_set_pin_low
 .text.pio_toggle_pin
                0x004003b0       0x24 src/ASF/sam/drivers/pio/pio.o
                0x004003b0                pio_toggle_pin
 .text.pio_configure_pin
                0x004003d4      0x124 src/ASF/sam/drivers/pio/pio.o
                0x004003d4                pio_configure_pin
 .text.pio_configure_pin_group
                0x004004f8       0xdc src/ASF/sam/drivers/pio/pio.o
                0x004004f8                pio_configure_pin_group
 .text.pio_handler_process
                0x004005d4       0x58 src/ASF/sam/drivers/pio/pio_handler.o
                0x004005d4                pio_handler_process
 .text.pio_handler_set
                0x0040062c       0x3c src/ASF/sam/drivers/pio/pio_handler.o
                0x0040062c                pio_handler_set
 .text.PIOA_Handler
                0x00400668       0x14 src/ASF/sam/drivers/pio/pio_handler.o
                0x00400668                PIOA_Handler
 .text.PIOB_Handler
                0x0040067c       0x14 src/ASF/sam/drivers/pio/pio_handler.o
                0x0040067c                PIOB_Handler
 .text.PIOC_Handler
                0x00400690       0x14 src/ASF/sam/drivers/pio/pio_handler.o
                0x00400690                PIOC_Handler
 .text.pmc_switch_mck_to_pllack
                0x004006a4       0x64 src/ASF/sam/drivers/pmc/pmc.o
                0x004006a4                pmc_switch_mck_to_pllack
 .text.pmc_switch_mainck_to_xtal
                0x00400708       0x54 src/ASF/sam/drivers/pmc/pmc.o
                0x00400708                pmc_switch_mainck_to_xtal
 .text.pmc_osc_is_ready_mainck
                0x0040075c       0x10 src/ASF/sam/drivers/pmc/pmc.o
                0x0040075c                pmc_osc_is_ready_mainck
 .text.pmc_disable_pllack
                0x0040076c       0x10 src/ASF/sam/drivers/pmc/pmc.o
                0x0040076c                pmc_disable_pllack
 .text.pmc_is_locked_pllack
                0x0040077c       0x10 src/ASF/sam/drivers/pmc/pmc.o
                0x0040077c                pmc_is_locked_pllack
 .text.pmc_enable_periph_clk
                0x0040078c       0x2c src/ASF/sam/drivers/pmc/pmc.o
                0x0040078c                pmc_enable_periph_clk
 .text.Dummy_Handler
                0x004007b8        0x4 src/ASF/sam/utils/cmsis/sam3n/source/templates/exceptions.o
                0x004007b8                DACC_Handler
                0x004007b8                DebugMon_Handler
                0x004007b8                HardFault_Handler
                0x004007b8                TC2_Handler
                0x004007b8                SPI_Handler
                0x004007b8                TWI1_Handler
                0x004007b8                PendSV_Handler
                0x004007b8                NMI_Handler
                0x004007b8                ADC_Handler
                0x004007b8                USART0_Handler
                0x004007b8                RTT_Handler
                0x004007b8                RTC_Handler
                0x004007b8                UsageFault_Handler
                0x004007b8                WDT_Handler
                0x004007b8                TC4_Handler
                0x004007b8                TC1_Handler
                0x004007b8                UART1_Handler
                0x004007b8                TC3_Handler
                0x004007b8                Dummy_Handler
                0x004007b8                TWI0_Handler
                0x004007b8                USART1_Handler
                0x004007b8                PMC_Handler
                0x004007b8                PWM_Handler
                0x004007b8                MemManage_Handler
                0x004007b8                SUPC_Handler
                0x004007b8                SVC_Handler
                0x004007b8                EFC_Handler
                0x004007b8                UART0_Handler
                0x004007b8                BusFault_Handler
                0x004007b8                RSTC_Handler
                0x004007b8                TC0_Handler
                0x004007b8                TC5_Handler
 .text.Reset_Handler
                0x004007bc       0xb0 src/ASF/sam/utils/cmsis/sam3n/source/templates/gcc/startup_sam3n.o
                0x004007bc                Reset_Handler
 .text.SystemCoreClockUpdate
                0x0040086c      0x104 src/ASF/sam/utils/cmsis/sam3n/source/templates/system_sam3n.o
                0x0040086c                SystemCoreClockUpdate
 .text.pin_handler
                0x00400970       0x30 src/main.o
                0x00400970                pin_handler
 .text.SysTick_Handler
                0x004009a0       0x10 src/main.o
                0x004009a0                SysTick_Handler
 .text.main     0x004009b0       0xf8 src/main.o
                0x004009b0                main
 .text.__libc_init_array
                0x00400aa8       0x50 c:/program files (x86)/atmel/atmel toolchain/arm gcc/native/4.8.1443/arm-gnu-toolchain/bin/../lib/gcc/arm-none-eabi/4.8.4/../../../../arm-none-eabi/lib/armv7-m\libc.a(lib_a-init.o)
                0x00400aa8                __libc_init_array
 .text.startup.register_fini
                0x00400af8       0x14 c:/program files (x86)/atmel/atmel toolchain/arm gcc/native/4.8.1443/arm-gnu-toolchain/bin/../lib/gcc/arm-none-eabi/4.8.4/../../../../arm-none-eabi/lib/armv7-m\libc.a(lib_a-__call_atexit.o)
 .text.atexit   0x00400b0c        0xc c:/program files (x86)/atmel/atmel toolchain/arm gcc/native/4.8.1443/arm-gnu-toolchain/bin/../lib/gcc/arm-none-eabi/4.8.4/../../../../arm-none-eabi/lib/armv7-m\libc.a(lib_a-atexit.o)
                0x00400b0c                atexit
 .text.__libc_fini_array
                0x00400b18       0x30 c:/program files (x86)/atmel/atmel toolchain/arm gcc/native/4.8.1443/arm-gnu-toolchain/bin/../lib/gcc/arm-none-eabi/4.8.4/../../../../arm-none-eabi/lib/armv7-m\libc.a(lib_a-fini.o)
                0x00400b18                __libc_fini_array
 .text.__register_exitproc
                0x00400b48       0xa8 c:/program files (x86)/atmel/atmel toolchain/arm gcc/native/4.8.1443/arm-gnu-toolchain/bin/../lib/gcc/arm-none-eabi/4.8.4/../../../../arm-none-eabi/lib/armv7-m\libc.a(lib_a-__atexit.o)
                0x00400b48                __register_exitproc
 *(.glue_7t)
 .glue_7t       0x00000000        0x0 linker stubs
 *(.glue_7)
 .glue_7        0x00000000        0x0 linker stubs
 *(.rodata .rodata* .gnu.linkonce.r.*)
 .rodata.str1.4
                0x00400bf0        0x4 c:/program files (x86)/atmel/atmel toolchain/arm gcc/native/4.8.1443/arm-gnu-toolchain/bin/../lib/gcc/arm-none-eabi/4.8.4/../../../../arm-none-eabi/lib/armv7-m\libc.a(lib_a-impure.o)
 .rodata._global_impure_ptr
                0x00400bf4        0x4 c:/program files (x86)/atmel/atmel toolchain/arm gcc/native/4.8.1443/arm-gnu-toolchain/bin/../lib/gcc/arm-none-eabi/4.8.4/../../../../arm-none-eabi/lib/armv7-m\libc.a(lib_a-impure.o)
                0x00400bf4                _global_impure_ptr
 *(.ARM.extab* .gnu.linkonce.armextab.*)
                0x00400bf8                . = ALIGN (0x4)
 *(.init)
 .init          0x00400bf8        0x4 c:/program files (x86)/atmel/atmel toolchain/arm gcc/native/4.8.1443/arm-gnu-toolchain/bin/../lib/gcc/arm-none-eabi/4.8.4/armv7-m/crti.o
                0x00400bf8                _init
 .init          0x00400bfc        0x8 c:/program files (x86)/atmel/atmel toolchain/arm gcc/native/4.8.1443/arm-gnu-toolchain/bin/../lib/gcc/arm-none-eabi/4.8.4/armv7-m/crtn.o
                0x00400c04                . = ALIGN (0x4)
                0x00400c04                __preinit_array_start = .
 *(.preinit_array)
                0x00400c04                __preinit_array_end = .
                0x00400c04                . = ALIGN (0x4)
                0x00400c04                __init_array_start = .
 *(SORT(.init_array.*))
 .init_array.00000
                0x00400c04        0x4 c:/program files (x86)/atmel/atmel toolchain/arm gcc/native/4.8.1443/arm-gnu-toolchain/bin/../lib/gcc/arm-none-eabi/4.8.4/../../../../arm-none-eabi/lib/armv7-m\libc.a(lib_a-__call_atexit.o)
 *(.init_array)
 .init_array    0x00400c08        0x4 c:/program files (x86)/atmel/atmel toolchain/arm gcc/native/4.8.1443/arm-gnu-toolchain/bin/../lib/gcc/arm-none-eabi/4.8.4/armv7-m/crtbegin.o
                0x00400c0c                __init_array_end = .
                0x00400c0c                . = ALIGN (0x4)
 *crtbegin.o(.ctors)
 *(EXCLUDE_FILE(*crtend.o) .ctors)
 *(SORT(.ctors.*))
 *crtend.o(.ctors)
                0x00400c0c                . = ALIGN (0x4)
 *(.fini)
 .fini          0x00400c0c        0x4 c:/program files (x86)/atmel/atmel toolchain/arm gcc/native/4.8.1443/arm-gnu-toolchain/bin/../lib/gcc/arm-none-eabi/4.8.4/armv7-m/crti.o
                0x00400c0c                _fini
 .fini          0x00400c10        0x8 c:/program files (x86)/atmel/atmel toolchain/arm gcc/native/4.8.1443/arm-gnu-toolchain/bin/../lib/gcc/arm-none-eabi/4.8.4/armv7-m/crtn.o
                0x00400c18                . = ALIGN (0x4)
                0x00400c18                __fini_array_start = .
 *(.fini_array)
 .fini_array    0x00400c18        0x4 c:/program files (x86)/atmel/atmel toolchain/arm gcc/native/4.8.1443/arm-gnu-toolchain/bin/../lib/gcc/arm-none-eabi/4.8.4/armv7-m/crtbegin.o
 *(SORT(.fini_array.*))
                0x00400c1c                __fini_array_end = .
 *crtbegin.o(.dtors)
 *(EXCLUDE_FILE(*crtend.o) .dtors)
 *(SORT(.dtors.*))
 *crtend.o(.dtors)
                0x00400c1c                . = ALIGN (0x4)
                0x00400c1c                _efixed = .
                0x00400c1c                PROVIDE (__exidx_start, .)

.vfp11_veneer   0x00400c1c        0x0
 .vfp11_veneer  0x00000000        0x0 linker stubs

.v4_bx          0x00400c1c        0x0
 .v4_bx         0x00000000        0x0 linker stubs

.iplt           0x00400c1c        0x0
 .iplt          0x00000000        0x0 c:/program files (x86)/atmel/atmel toolchain/arm gcc/native/4.8.1443/arm-gnu-toolchain/bin/../lib/gcc/arm-none-eabi/4.8.4/armv7-m/crtbegin.o

.eh_frame       0x00400c1c        0x0
 .eh_frame      0x00400c1c        0x0 c:/program files (x86)/atmel/atmel toolchain/arm gcc/native/4.8.1443/arm-gnu-toolchain/bin/../lib/gcc/arm-none-eabi/4.8.4/armv7-m/crtbegin.o

.rel.dyn        0x00400c1c        0x0
 .rel.iplt      0x00000000        0x0 c:/program files (x86)/atmel/atmel toolchain/arm gcc/native/4.8.1443/arm-gnu-toolchain/bin/../lib/gcc/arm-none-eabi/4.8.4/armv7-m/crtbegin.o

.jcr            0x00400c1c        0x0
 .jcr           0x00400c1c        0x0 c:/program files (x86)/atmel/atmel toolchain/arm gcc/native/4.8.1443/arm-gnu-toolchain/bin/../lib/gcc/arm-none-eabi/4.8.4/armv7-m/crtbegin.o

.igot.plt       0x00400c1c        0x0
 .igot.plt      0x00000000        0x0 c:/program files (x86)/atmel/atmel toolchain/arm gcc/native/4.8.1443/arm-gnu-toolchain/bin/../lib/gcc/arm-none-eabi/4.8.4/armv7-m/crtbegin.o

.ARM.exidx
 *(.ARM.exidx* .gnu.linkonce.armexidx.*)
                0x00400c1c                PROVIDE (__exidx_end, .)
                0x00400c1c                . = ALIGN (0x4)
                0x00400c1c                _etext = .

.relocate       0x20000000      0x510 load address 0x00400c1c
                0x20000000                . = ALIGN (0x4)
                0x20000000                _srelocate = .
 *(.ramfunc .ramfunc.*)
 .ramfunc       0x20000000       0xe4 src/ASF/sam/utils/cmsis/sam3n/source/templates/system_sam3n.o
                0x20000000                SystemInit
                0x200000a0                system_init_flash
 *(.data .data.*)
 .data.SystemCoreClock
                0x200000e4        0x4 src/ASF/sam/utils/cmsis/sam3n/source/templates/system_sam3n.o
                0x200000e4                SystemCoreClock
 .data.impure_data
                0x200000e8      0x428 c:/program files (x86)/atmel/atmel toolchain/arm gcc/native/4.8.1443/arm-gnu-toolchain/bin/../lib/gcc/arm-none-eabi/4.8.4/../../../../arm-none-eabi/lib/armv7-m\libc.a(lib_a-impure.o)
                0x20000510                . = ALIGN (0x4)
                0x20000510                _erelocate = .

.bss            0x20000510       0x94 load address 0x0040112c
                0x20000510                . = ALIGN (0x4)
                0x20000510                _sbss = .
                0x20000510                _szero = .
 *(.bss .bss.*)
 .bss           0x20000510       0x1c c:/program files (x86)/atmel/atmel toolchain/arm gcc/native/4.8.1443/arm-gnu-toolchain/bin/../lib/gcc/arm-none-eabi/4.8.4/armv7-m/crtbegin.o
 .bss.gs_ul_nb_sources
                0x2000052c        0x4 src/ASF/sam/drivers/pio/pio_handler.o
 .bss.gs_interrupt_sources
                0x20000530       0x70 src/ASF/sam/drivers/pio/pio_handler.o
 .bss.g_ul_ms_ticks
                0x200005a0        0x4 src/main.o
                0x200005a0                g_ul_ms_ticks
 *(COMMON)
                0x200005a4                . = ALIGN (0x4)
                0x200005a4                _ebss = .
                0x200005a4                _ezero = .

.stack          0x200005a4      0x804 load address 0x004011c0
                0x200005a8                . = ALIGN (0x8)
 *fill*         0x200005a4        0x4 
                0x200005a8                _sstack = .
                0x20000da8                . = (. + __stack_size__)
 *fill*         0x200005a8      0x800 
                0x20000da8                . = ALIGN (0x8)
                0x20000da8                _estack = .
                0x20000da8                . = ALIGN (0x4)
                0x20000da8                _end = .
OUTPUT(Encoder_Test.elf elf32-littlearm)

.ARM.attributes
                0x00000000       0x29
 .ARM.attributes
                0x00000000       0x1d c:/program files (x86)/atmel/atmel toolchain/arm gcc/native/4.8.1443/arm-gnu-toolchain/bin/../lib/gcc/arm-none-eabi/4.8.4/armv7-m/crti.o
 .ARM.attributes
                0x0000001d       0x2d c:/program files (x86)/atmel/atmel toolchain/arm gcc/native/4.8.1443/arm-gnu-toolchain/bin/../lib/gcc/arm-none-eabi/4.8.4/armv7-m/crtbegin.o
 .ARM.attributes
                0x0000004a       0x33 src/ASF/common/services/clock/sam3n/sysclk.o
 .ARM.attributes
                0x0000007d       0x33 src/ASF/sam/boards/sam3n_ek/init.o
 .ARM.attributes
                0x000000b0       0x33 src/ASF/sam/drivers/pio/pio.o
 .ARM.attributes
                0x000000e3       0x33 src/ASF/sam/drivers/pio/pio_handler.o
 .ARM.attributes
                0x00000116       0x33 src/ASF/sam/drivers/pmc/pmc.o
 .ARM.attributes
                0x00000149       0x33 src/ASF/sam/utils/cmsis/sam3n/source/templates/exceptions.o
 .ARM.attributes
                0x0000017c       0x33 src/ASF/sam/utils/cmsis/sam3n/source/templates/gcc/startup_sam3n.o
 .ARM.attributes
                0x000001af       0x33 src/ASF/sam/utils/cmsis/sam3n/source/templates/system_sam3n.o
 .ARM.attributes
                0x000001e2       0x33 src/main.o
 .ARM.attributes
                0x00000215       0x2d c:/program files (x86)/atmel/atmel toolchain/arm gcc/native/4.8.1443/arm-gnu-toolchain/bin/../lib/gcc/arm-none-eabi/4.8.4/../../../../arm-none-eabi/lib/armv7-m\libc.a(lib_a-impure.o)
 .ARM.attributes
                0x00000242       0x2d c:/program files (x86)/atmel/atmel toolchain/arm gcc/native/4.8.1443/arm-gnu-toolchain/bin/../lib/gcc/arm-none-eabi/4.8.4/../../../../arm-none-eabi/lib/armv7-m\libc.a(lib_a-init.o)
 .ARM.attributes
                0x0000026f       0x2d c:/program files (x86)/atmel/atmel toolchain/arm gcc/native/4.8.1443/arm-gnu-toolchain/bin/../lib/gcc/arm-none-eabi/4.8.4/../../../../arm-none-eabi/lib/armv7-m\libc.a(lib_a-__call_atexit.o)
 .ARM.attributes
                0x0000029c       0x2d c:/program files (x86)/atmel/atmel toolchain/arm gcc/native/4.8.1443/arm-gnu-toolchain/bin/../lib/gcc/arm-none-eabi/4.8.4/../../../../arm-none-eabi/lib/armv7-m\libc.a(lib_a-atexit.o)
 .ARM.attributes
                0x000002c9       0x2d c:/program files (x86)/atmel/atmel toolchain/arm gcc/native/4.8.1443/arm-gnu-toolchain/bin/../lib/gcc/arm-none-eabi/4.8.4/../../../../arm-none-eabi/lib/armv7-m\libc.a(lib_a-fini.o)
 .ARM.attributes
                0x000002f6       0x2d c:/program files (x86)/atmel/atmel toolchain/arm gcc/native/4.8.1443/arm-gnu-toolchain/bin/../lib/gcc/arm-none-eabi/4.8.4/../../../../arm-none-eabi/lib/armv7-m\libc.a(lib_a-__atexit.o)
 .ARM.attributes
                0x00000323       0x1d c:/program files (x86)/atmel/atmel toolchain/arm gcc/native/4.8.1443/arm-gnu-toolchain/bin/../lib/gcc/arm-none-eabi/4.8.4/armv7-m/crtn.o

.comment        0x00000000       0x5b
 .comment       0x00000000       0x5b src/ASF/common/services/clock/sam3n/sysclk.o
                                 0x5c (size before relaxing)
 .comment       0x00000000       0x5c src/ASF/sam/boards/sam3n_ek/init.o
 .comment       0x00000000       0x5c src/ASF/sam/drivers/pio/pio.o
 .comment       0x00000000       0x5c src/ASF/sam/drivers/pio/pio_handler.o
 .comment       0x00000000       0x5c src/ASF/sam/drivers/pmc/pmc.o
 .comment       0x00000000       0x5c src/ASF/sam/utils/cmsis/sam3n/source/templates/exceptions.o
 .comment       0x00000000       0x5c src/ASF/sam/utils/cmsis/sam3n/source/templates/gcc/startup_sam3n.o
 .comment       0x00000000       0x5c src/ASF/sam/utils/cmsis/sam3n/source/templates/system_sam3n.o
 .comment       0x00000000       0x5c src/main.o

.debug_info     0x00000000     0x597c
 .debug_info    0x00000000      0x6da src/ASF/common/services/clock/sam3n/sysclk.o
 .debug_info    0x000006da      0x8d8 src/ASF/sam/boards/sam3n_ek/init.o
 .debug_info    0x00000fb2     0x15f0 src/ASF/sam/drivers/pio/pio.o
 .debug_info    0x000025a2      0xe2e src/ASF/sam/drivers/pio/pio_handler.o
 .debug_info    0x000033d0      0xec7 src/ASF/sam/drivers/pmc/pmc.o
 .debug_info    0x00004297      0x124 src/ASF/sam/utils/cmsis/sam3n/source/templates/exceptions.o
 .debug_info    0x000043bb      0x3bd src/ASF/sam/utils/cmsis/sam3n/source/templates/gcc/startup_sam3n.o
 .debug_info    0x00004778      0x464 src/ASF/sam/utils/cmsis/sam3n/source/templates/system_sam3n.o
 .debug_info    0x00004bdc      0xda0 src/main.o

.debug_abbrev   0x00000000     0x1079
 .debug_abbrev  0x00000000      0x232 src/ASF/common/services/clock/sam3n/sysclk.o
 .debug_abbrev  0x00000232      0x17c src/ASF/sam/boards/sam3n_ek/init.o
 .debug_abbrev  0x000003ae      0x2ef src/ASF/sam/drivers/pio/pio.o
 .debug_abbrev  0x0000069d      0x257 src/ASF/sam/drivers/pio/pio_handler.o
 .debug_abbrev  0x000008f4      0x25b src/ASF/sam/drivers/pmc/pmc.o
 .debug_abbrev  0x00000b4f       0x8c src/ASF/sam/utils/cmsis/sam3n/source/templates/exceptions.o
 .debug_abbrev  0x00000bdb      0x118 src/ASF/sam/utils/cmsis/sam3n/source/templates/gcc/startup_sam3n.o
 .debug_abbrev  0x00000cf3      0x108 src/ASF/sam/utils/cmsis/sam3n/source/templates/system_sam3n.o
 .debug_abbrev  0x00000dfb      0x27e src/main.o

.debug_loc      0x00000000     0x1f04
 .debug_loc     0x00000000       0xd4 src/ASF/common/services/clock/sam3n/sysclk.o
 .debug_loc     0x000000d4       0x20 src/ASF/sam/boards/sam3n_ek/init.o
 .debug_loc     0x000000f4      0xd40 src/ASF/sam/drivers/pio/pio.o
 .debug_loc     0x00000e34      0x51d src/ASF/sam/drivers/pio/pio_handler.o
 .debug_loc     0x00001351      0xa43 src/ASF/sam/drivers/pmc/pmc.o
 .debug_loc     0x00001d94       0x7e src/ASF/sam/utils/cmsis/sam3n/source/templates/gcc/startup_sam3n.o
 .debug_loc     0x00001e12       0xf2 src/main.o

.debug_aranges  0x00000000      0x458
 .debug_aranges
                0x00000000       0x30 src/ASF/common/services/clock/sam3n/sysclk.o
 .debug_aranges
                0x00000030       0x20 src/ASF/sam/boards/sam3n_ek/init.o
 .debug_aranges
                0x00000050      0x160 src/ASF/sam/drivers/pio/pio.o
 .debug_aranges
                0x000001b0       0x50 src/ASF/sam/drivers/pio/pio_handler.o
 .debug_aranges
                0x00000200      0x1b8 src/ASF/sam/drivers/pmc/pmc.o
 .debug_aranges
                0x000003b8       0x20 src/ASF/sam/utils/cmsis/sam3n/source/templates/exceptions.o
 .debug_aranges
                0x000003d8       0x20 src/ASF/sam/utils/cmsis/sam3n/source/templates/gcc/startup_sam3n.o
 .debug_aranges
                0x000003f8       0x30 src/ASF/sam/utils/cmsis/sam3n/source/templates/system_sam3n.o
 .debug_aranges
                0x00000428       0x30 src/main.o

.debug_ranges   0x00000000      0x3c8
 .debug_ranges  0x00000000       0x20 src/ASF/common/services/clock/sam3n/sysclk.o
 .debug_ranges  0x00000020       0x10 src/ASF/sam/boards/sam3n_ek/init.o
 .debug_ranges  0x00000030      0x150 src/ASF/sam/drivers/pio/pio.o
 .debug_ranges  0x00000180       0x40 src/ASF/sam/drivers/pio/pio_handler.o
 .debug_ranges  0x000001c0      0x1a8 src/ASF/sam/drivers/pmc/pmc.o
 .debug_ranges  0x00000368       0x10 src/ASF/sam/utils/cmsis/sam3n/source/templates/exceptions.o
 .debug_ranges  0x00000378       0x10 src/ASF/sam/utils/cmsis/sam3n/source/templates/gcc/startup_sam3n.o
 .debug_ranges  0x00000388       0x20 src/ASF/sam/utils/cmsis/sam3n/source/templates/system_sam3n.o
 .debug_ranges  0x000003a8       0x20 src/main.o

.debug_macro    0x00000000     0xd7a1
 .debug_macro   0x00000000      0x457 src/ASF/common/services/clock/sam3n/sysclk.o
 .debug_macro   0x00000457      0x874 src/ASF/common/services/clock/sam3n/sysclk.o
 .debug_macro   0x00000ccb      0x644 src/ASF/common/services/clock/sam3n/sysclk.o
 .debug_macro   0x0000130f       0x28 src/ASF/common/services/clock/sam3n/sysclk.o
 .debug_macro   0x00001337      0x166 src/ASF/common/services/clock/sam3n/sysclk.o
 .debug_macro   0x0000149d       0x76 src/ASF/common/services/clock/sam3n/sysclk.o
 .debug_macro   0x00001513       0x16 src/ASF/common/services/clock/sam3n/sysclk.o
 .debug_macro   0x00001529      0x6e4 src/ASF/common/services/clock/sam3n/sysclk.o
 .debug_macro   0x00001c0d       0x16 src/ASF/common/services/clock/sam3n/sysclk.o
 .debug_macro   0x00001c23       0x44 src/ASF/common/services/clock/sam3n/sysclk.o
 .debug_macro   0x00001c67      0x209 src/ASF/common/services/clock/sam3n/sysclk.o
 .debug_macro   0x00001e70       0x20 src/ASF/common/services/clock/sam3n/sysclk.o
 .debug_macro   0x00001e90       0x3a src/ASF/common/services/clock/sam3n/sysclk.o
 .debug_macro   0x00001eca       0x2d src/ASF/common/services/clock/sam3n/sysclk.o
 .debug_macro   0x00001ef7      0xa8b src/ASF/common/services/clock/sam3n/sysclk.o
 .debug_macro   0x00002982      0x7f0 src/ASF/common/services/clock/sam3n/sysclk.o
 .debug_macro   0x00003172      0x2b5 src/ASF/common/services/clock/sam3n/sysclk.o
 .debug_macro   0x00003427      0x169 src/ASF/common/services/clock/sam3n/sysclk.o
 .debug_macro   0x00003590       0x82 src/ASF/common/services/clock/sam3n/sysclk.o
 .debug_macro   0x00003612       0x1c src/ASF/common/services/clock/sam3n/sysclk.o
 .debug_macro   0x0000362e      0x1e8 src/ASF/common/services/clock/sam3n/sysclk.o
 .debug_macro   0x00003816       0xbe src/ASF/common/services/clock/sam3n/sysclk.o
 .debug_macro   0x000038d4     0x26c7 src/ASF/common/services/clock/sam3n/sysclk.o
 .debug_macro   0x00005f9b      0x627 src/ASF/common/services/clock/sam3n/sysclk.o
 .debug_macro   0x000065c2      0x260 src/ASF/common/services/clock/sam3n/sysclk.o
 .debug_macro   0x00006822       0x7c src/ASF/common/services/clock/sam3n/sysclk.o
 .debug_macro   0x0000689e      0x263 src/ASF/common/services/clock/sam3n/sysclk.o
 .debug_macro   0x00006b01       0x58 src/ASF/common/services/clock/sam3n/sysclk.o
 .debug_macro   0x00006b59      0x394 src/ASF/common/services/clock/sam3n/sysclk.o
 .debug_macro   0x00006eed      0x64a src/ASF/common/services/clock/sam3n/sysclk.o
 .debug_macro   0x00007537      0x590 src/ASF/common/services/clock/sam3n/sysclk.o
 .debug_macro   0x00007ac7      0x34d src/ASF/common/services/clock/sam3n/sysclk.o
 .debug_macro   0x00007e14      0x28c src/ASF/common/services/clock/sam3n/sysclk.o
 .debug_macro   0x000080a0      0x564 src/ASF/common/services/clock/sam3n/sysclk.o
 .debug_macro   0x00008604       0x76 src/ASF/common/services/clock/sam3n/sysclk.o
 .debug_macro   0x0000867a       0x88 src/ASF/common/services/clock/sam3n/sysclk.o
 .debug_macro   0x00008702       0xfd src/ASF/common/services/clock/sam3n/sysclk.o
 .debug_macro   0x000087ff       0xfd src/ASF/common/services/clock/sam3n/sysclk.o
 .debug_macro   0x000088fc       0x88 src/ASF/common/services/clock/sam3n/sysclk.o
 .debug_macro   0x00008984       0x4c src/ASF/common/services/clock/sam3n/sysclk.o
 .debug_macro   0x000089d0       0xb2 src/ASF/common/services/clock/sam3n/sysclk.o
 .debug_macro   0x00008a82       0xa6 src/ASF/common/services/clock/sam3n/sysclk.o
 .debug_macro   0x00008b28       0x6a src/ASF/common/services/clock/sam3n/sysclk.o
 .debug_macro   0x00008b92       0x9a src/ASF/common/services/clock/sam3n/sysclk.o
 .debug_macro   0x00008c2c       0x64 src/ASF/common/services/clock/sam3n/sysclk.o
 .debug_macro   0x00008c90       0x40 src/ASF/common/services/clock/sam3n/sysclk.o
 .debug_macro   0x00008cd0       0x82 src/ASF/common/services/clock/sam3n/sysclk.o
 .debug_macro   0x00008d52       0x7c src/ASF/common/services/clock/sam3n/sysclk.o
 .debug_macro   0x00008dce       0x16 src/ASF/common/services/clock/sam3n/sysclk.o
 .debug_macro   0x00008de4       0x40 src/ASF/common/services/clock/sam3n/sysclk.o
 .debug_macro   0x00008e24       0x22 src/ASF/common/services/clock/sam3n/sysclk.o
 .debug_macro   0x00008e46      0x135 src/ASF/common/services/clock/sam3n/sysclk.o
 .debug_macro   0x00008f7b      0x135 src/ASF/common/services/clock/sam3n/sysclk.o
 .debug_macro   0x000090b0      0x135 src/ASF/common/services/clock/sam3n/sysclk.o
 .debug_macro   0x000091e5       0x1c src/ASF/common/services/clock/sam3n/sysclk.o
 .debug_macro   0x00009201       0x2e src/ASF/common/services/clock/sam3n/sysclk.o
 .debug_macro   0x0000922f       0x22 src/ASF/common/services/clock/sam3n/sysclk.o
 .debug_macro   0x00009251       0x1c src/ASF/common/services/clock/sam3n/sysclk.o
 .debug_macro   0x0000926d       0x58 src/ASF/common/services/clock/sam3n/sysclk.o
 .debug_macro   0x000092c5       0x10 src/ASF/common/services/clock/sam3n/sysclk.o
 .debug_macro   0x000092d5      0x193 src/ASF/common/services/clock/sam3n/sysclk.o
 .debug_macro   0x00009468      0x6fa src/ASF/common/services/clock/sam3n/sysclk.o
 .debug_macro   0x00009b62       0x9e src/ASF/common/services/clock/sam3n/sysclk.o
 .debug_macro   0x00009c00       0x58 src/ASF/common/services/clock/sam3n/sysclk.o
 .debug_macro   0x00009c58       0x35 src/ASF/common/services/clock/sam3n/sysclk.o
 .debug_macro   0x00009c8d       0xa3 src/ASF/common/services/clock/sam3n/sysclk.o
 .debug_macro   0x00009d30       0x16 src/ASF/common/services/clock/sam3n/sysclk.o
 .debug_macro   0x00009d46       0x35 src/ASF/common/services/clock/sam3n/sysclk.o
 .debug_macro   0x00009d7b       0x10 src/ASF/common/services/clock/sam3n/sysclk.o
 .debug_macro   0x00009d8b       0x52 src/ASF/common/services/clock/sam3n/sysclk.o
 .debug_macro   0x00009ddd       0x16 src/ASF/common/services/clock/sam3n/sysclk.o
 .debug_macro   0x00009df3       0x43 src/ASF/common/services/clock/sam3n/sysclk.o
 .debug_macro   0x00009e36      0x180 src/ASF/common/services/clock/sam3n/sysclk.o
 .debug_macro   0x00009fb6       0x10 src/ASF/common/services/clock/sam3n/sysclk.o
 .debug_macro   0x00009fc6       0x22 src/ASF/common/services/clock/sam3n/sysclk.o
 .debug_macro   0x00009fe8       0xbd src/ASF/common/services/clock/sam3n/sysclk.o
 .debug_macro   0x0000a0a5       0x16 src/ASF/common/services/clock/sam3n/sysclk.o
 .debug_macro   0x0000a0bb      0x16c src/ASF/common/services/clock/sam3n/sysclk.o
 .debug_macro   0x0000a227       0x22 src/ASF/common/services/clock/sam3n/sysclk.o
 .debug_macro   0x0000a249       0x16 src/ASF/common/services/clock/sam3n/sysclk.o
 .debug_macro   0x0000a25f       0x16 src/ASF/common/services/clock/sam3n/sysclk.o
 .debug_macro   0x0000a275       0x29 src/ASF/common/services/clock/sam3n/sysclk.o
 .debug_macro   0x0000a29e       0x6e src/ASF/common/services/clock/sam3n/sysclk.o
 .debug_macro   0x0000a30c       0x45 src/ASF/common/services/clock/sam3n/sysclk.o
 .debug_macro   0x0000a351      0x3ca src/ASF/common/services/clock/sam3n/sysclk.o
 .debug_macro   0x0000a71b      0x29d src/ASF/common/services/clock/sam3n/sysclk.o
 .debug_macro   0x0000a9b8      0x606 src/ASF/common/services/clock/sam3n/sysclk.o
 .debug_macro   0x0000afbe       0x5e src/ASF/common/services/clock/sam3n/sysclk.o
 .debug_macro   0x0000b01c       0x64 src/ASF/common/services/clock/sam3n/sysclk.o
 .debug_macro   0x0000b080       0x40 src/ASF/common/services/clock/sam3n/sysclk.o
 .debug_macro   0x0000b0c0       0x82 src/ASF/common/services/clock/sam3n/sysclk.o
 .debug_macro   0x0000b142      0x496 src/ASF/sam/boards/sam3n_ek/init.o
 .debug_macro   0x0000b5d8      0x2a3 src/ASF/sam/boards/sam3n_ek/init.o
 .debug_macro   0x0000b87b       0x34 src/ASF/sam/boards/sam3n_ek/init.o
 .debug_macro   0x0000b8af       0x94 src/ASF/sam/boards/sam3n_ek/init.o
 .debug_macro   0x0000b943       0x40 src/ASF/sam/boards/sam3n_ek/init.o
 .debug_macro   0x0000b983       0x82 src/ASF/sam/boards/sam3n_ek/init.o
 .debug_macro   0x0000ba05      0x3f2 src/ASF/sam/drivers/pio/pio.o
 .debug_macro   0x0000bdf7       0x8e src/ASF/sam/drivers/pio/pio.o
 .debug_macro   0x0000be85      0x3f6 src/ASF/sam/drivers/pio/pio_handler.o
 .debug_macro   0x0000c27b      0x3ec src/ASF/sam/drivers/pmc/pmc.o
 .debug_macro   0x0000c667       0x58 src/ASF/sam/drivers/pmc/pmc.o
 .debug_macro   0x0000c6bf      0x3eb src/ASF/sam/utils/cmsis/sam3n/source/templates/exceptions.o
 .debug_macro   0x0000caaa      0x3f9 src/ASF/sam/utils/cmsis/sam3n/source/templates/gcc/startup_sam3n.o
 .debug_macro   0x0000cea3      0x3f3 src/ASF/sam/utils/cmsis/sam3n/source/templates/system_sam3n.o
 .debug_macro   0x0000d296       0x26 src/ASF/sam/utils/cmsis/sam3n/source/templates/system_sam3n.o
 .debug_macro   0x0000d2bc      0x4d5 src/main.o
 .debug_macro   0x0000d791       0x10 src/main.o

.debug_line     0x00000000     0x623b
 .debug_line    0x00000000      0xa78 src/ASF/common/services/clock/sam3n/sysclk.o
 .debug_line    0x00000a78      0xb48 src/ASF/sam/boards/sam3n_ek/init.o
 .debug_line    0x000015c0      0xd1d src/ASF/sam/drivers/pio/pio.o
 .debug_line    0x000022dd      0x9e0 src/ASF/sam/drivers/pio/pio_handler.o
 .debug_line    0x00002cbd      0xdca src/ASF/sam/drivers/pmc/pmc.o
 .debug_line    0x00003a87      0x919 src/ASF/sam/utils/cmsis/sam3n/source/templates/exceptions.o
 .debug_line    0x000043a0      0x969 src/ASF/sam/utils/cmsis/sam3n/source/templates/gcc/startup_sam3n.o
 .debug_line    0x00004d09      0x97a src/ASF/sam/utils/cmsis/sam3n/source/templates/system_sam3n.o
 .debug_line    0x00005683      0xbb8 src/main.o

.debug_str      0x00000000    0x3a92a
 .debug_str     0x00000000    0x38b27 src/ASF/common/services/clock/sam3n/sysclk.o
                              0x38e54 (size before relaxing)
 .debug_str     0x00038b27      0xbab src/ASF/sam/boards/sam3n_ek/init.o
                              0x397a0 (size before relaxing)
 .debug_str     0x000396d2      0x484 src/ASF/sam/drivers/pio/pio.o
                              0x367d5 (size before relaxing)
 .debug_str     0x00039b56      0x3b8 src/ASF/sam/drivers/pio/pio_handler.o
                              0x3670c (size before relaxing)
 .debug_str     0x00039f0e      0x5bc src/ASF/sam/drivers/pmc/pmc.o
                              0x36690 (size before relaxing)
 .debug_str     0x0003a4ca       0x4d src/ASF/sam/utils/cmsis/sam3n/source/templates/exceptions.o
                              0x35da6 (size before relaxing)
 .debug_str     0x0003a517       0xb2 src/ASF/sam/utils/cmsis/sam3n/source/templates/gcc/startup_sam3n.o
                              0x35e7b (size before relaxing)
 .debug_str     0x0003a5c9      0x1b7 src/ASF/sam/utils/cmsis/sam3n/source/templates/system_sam3n.o
                              0x36036 (size before relaxing)
 .debug_str     0x0003a780      0x1aa src/main.o
                              0x39b2e (size before relaxing)

.debug_frame    0x00000000      0x984
 .debug_frame   0x00000000       0x58 src/ASF/common/services/clock/sam3n/sysclk.o
 .debug_frame   0x00000058       0x28 src/ASF/sam/boards/sam3n_ek/init.o
 .debug_frame   0x00000080      0x2e0 src/ASF/sam/drivers/pio/pio.o
 .debug_frame   0x00000360       0xe0 src/ASF/sam/drivers/pio/pio_handler.o
 .debug_frame   0x00000440      0x378 src/ASF/sam/drivers/pmc/pmc.o
 .debug_frame   0x000007b8       0x20 src/ASF/sam/utils/cmsis/sam3n/source/templates/exceptions.o
 .debug_frame   0x000007d8       0x28 src/ASF/sam/utils/cmsis/sam3n/source/templates/gcc/startup_sam3n.o
 .debug_frame   0x00000800       0x40 src/ASF/sam/utils/cmsis/sam3n/source/templates/system_sam3n.o
 .debug_frame   0x00000840       0x54 src/main.o
 .debug_frame   0x00000894       0x2c c:/program files (x86)/atmel/atmel toolchain/arm gcc/native/4.8.1443/arm-gnu-toolchain/bin/../lib/gcc/arm-none-eabi/4.8.4/../../../../arm-none-eabi/lib/armv7-m\libc.a(lib_a-init.o)
 .debug_frame   0x000008c0       0x48 c:/program files (x86)/atmel/atmel toolchain/arm gcc/native/4.8.1443/arm-gnu-toolchain/bin/../lib/gcc/arm-none-eabi/4.8.4/../../../../arm-none-eabi/lib/armv7-m\libc.a(lib_a-__call_atexit.o)
 .debug_frame   0x00000908       0x20 c:/program files (x86)/atmel/atmel toolchain/arm gcc/native/4.8.1443/arm-gnu-toolchain/bin/../lib/gcc/arm-none-eabi/4.8.4/../../../../arm-none-eabi/lib/armv7-m\libc.a(lib_a-atexit.o)
 .debug_frame   0x00000928       0x2c c:/program files (x86)/atmel/atmel toolchain/arm gcc/native/4.8.1443/arm-gnu-toolchain/bin/../lib/gcc/arm-none-eabi/4.8.4/../../../../arm-none-eabi/lib/armv7-m\libc.a(lib_a-fini.o)
 .debug_frame   0x00000954       0x30 c:/program files (x86)/atmel/atmel toolchain/arm gcc/native/4.8.1443/arm-gnu-toolchain/bin/../lib/gcc/arm-none-eabi/4.8.4/../../../../arm-none-eabi/lib/armv7-m\libc.a(lib_a-__atexit.o)

Cross Reference Table

Symbol                                            File
ADC_Handler                                       src/ASF/sam/utils/cmsis/sam3n/source/templates/exceptions.o
                                                  src/ASF/sam/utils/cmsis/sam3n/source/templates/gcc/startup_sam3n.o
BusFault_Handler                                  src/ASF/sam/utils/cmsis/sam3n/source/templates/exceptions.o
                                                  src/ASF/sam/utils/cmsis/sam3n/source/templates/gcc/startup_sam3n.o
DACC_Handler                                      src/ASF/sam/utils/cmsis/sam3n/source/templates/exceptions.o
                                                  src/ASF/sam/utils/cmsis/sam3n/source/templates/gcc/startup_sam3n.o
DebugMon_Handler                                  src/ASF/sam/utils/cmsis/sam3n/source/templates/exceptions.o
                                                  src/ASF/sam/utils/cmsis/sam3n/source/templates/gcc/startup_sam3n.o
Dummy_Handler                                     src/ASF/sam/utils/cmsis/sam3n/source/templates/exceptions.o
                                                  src/ASF/sam/utils/cmsis/sam3n/source/templates/gcc/startup_sam3n.o
EFC_Handler                                       src/ASF/sam/utils/cmsis/sam3n/source/templates/exceptions.o
                                                  src/ASF/sam/utils/cmsis/sam3n/source/templates/gcc/startup_sam3n.o
HardFault_Handler                                 src/ASF/sam/utils/cmsis/sam3n/source/templates/exceptions.o
                                                  src/ASF/sam/utils/cmsis/sam3n/source/templates/gcc/startup_sam3n.o
LED_Off                                           src/ASF/sam/boards/sam3n_ek/led.o
LED_On                                            src/ASF/sam/boards/sam3n_ek/led.o
MemManage_Handler                                 src/ASF/sam/utils/cmsis/sam3n/source/templates/exceptions.o
                                                  src/ASF/sam/utils/cmsis/sam3n/source/templates/gcc/startup_sam3n.o
NMI_Handler                                       src/ASF/sam/utils/cmsis/sam3n/source/templates/exceptions.o
                                                  src/ASF/sam/utils/cmsis/sam3n/source/templates/gcc/startup_sam3n.o
PIOA_Handler                                      src/ASF/sam/drivers/pio/pio_handler.o
                                                  src/ASF/sam/utils/cmsis/sam3n/source/templates/gcc/startup_sam3n.o
PIOB_Handler                                      src/ASF/sam/drivers/pio/pio_handler.o
                                                  src/ASF/sam/utils/cmsis/sam3n/source/templates/gcc/startup_sam3n.o
PIOC_Handler                                      src/ASF/sam/drivers/pio/pio_handler.o
                                                  src/ASF/sam/utils/cmsis/sam3n/source/templates/gcc/startup_sam3n.o
PMC_Handler                                       src/ASF/sam/utils/cmsis/sam3n/source/templates/exceptions.o
                                                  src/ASF/sam/utils/cmsis/sam3n/source/templates/gcc/startup_sam3n.o
PWM_Handler                                       src/ASF/sam/utils/cmsis/sam3n/source/templates/exceptions.o
                                                  src/ASF/sam/utils/cmsis/sam3n/source/templates/gcc/startup_sam3n.o
PendSV_Handler                                    src/ASF/sam/utils/cmsis/sam3n/source/templates/exceptions.o
                                                  src/ASF/sam/utils/cmsis/sam3n/source/templates/gcc/startup_sam3n.o
RSTC_Handler                                      src/ASF/sam/utils/cmsis/sam3n/source/templates/exceptions.o
                                                  src/ASF/sam/utils/cmsis/sam3n/source/templates/gcc/startup_sam3n.o
RTC_Handler                                       src/ASF/sam/utils/cmsis/sam3n/source/templates/exceptions.o
                                                  src/ASF/sam/utils/cmsis/sam3n/source/templates/gcc/startup_sam3n.o
RTT_Handler                                       src/ASF/sam/utils/cmsis/sam3n/source/templates/exceptions.o
                                                  src/ASF/sam/utils/cmsis/sam3n/source/templates/gcc/startup_sam3n.o
Reset_Handler                                     src/ASF/sam/utils/cmsis/sam3n/source/templates/gcc/startup_sam3n.o
                                                  src/ASF/sam/utils/cmsis/sam3n/source/templates/exceptions.o
SPI_Handler                                       src/ASF/sam/utils/cmsis/sam3n/source/templates/exceptions.o
                                                  src/ASF/sam/utils/cmsis/sam3n/source/templates/gcc/startup_sam3n.o
SUPC_Handler                                      src/ASF/sam/utils/cmsis/sam3n/source/templates/exceptions.o
                                                  src/ASF/sam/utils/cmsis/sam3n/source/templates/gcc/startup_sam3n.o
SVC_Handler                                       src/ASF/sam/utils/cmsis/sam3n/source/templates/exceptions.o
                                                  src/ASF/sam/utils/cmsis/sam3n/source/templates/gcc/startup_sam3n.o
SysTick_Handler                                   src/main.o
                                                  src/ASF/sam/utils/cmsis/sam3n/source/templates/exceptions.o
                                                  src/ASF/sam/utils/cmsis/sam3n/source/templates/gcc/startup_sam3n.o
SystemCoreClock                                   src/ASF/sam/utils/cmsis/sam3n/source/templates/system_sam3n.o
SystemCoreClockUpdate                             src/ASF/sam/utils/cmsis/sam3n/source/templates/system_sam3n.o
                                                  src/ASF/common/services/clock/sam3n/sysclk.o
SystemInit                                        src/ASF/sam/utils/cmsis/sam3n/source/templates/system_sam3n.o
TC0_Handler                                       src/ASF/sam/utils/cmsis/sam3n/source/templates/exceptions.o
                                                  src/ASF/sam/utils/cmsis/sam3n/source/templates/gcc/startup_sam3n.o
TC1_Handler                                       src/ASF/sam/utils/cmsis/sam3n/source/templates/exceptions.o
                                                  src/ASF/sam/utils/cmsis/sam3n/source/templates/gcc/startup_sam3n.o
TC2_Handler                                       src/ASF/sam/utils/cmsis/sam3n/source/templates/exceptions.o
                                                  src/ASF/sam/utils/cmsis/sam3n/source/templates/gcc/startup_sam3n.o
TC3_Handler                                       src/ASF/sam/utils/cmsis/sam3n/source/templates/exceptions.o
                                                  src/ASF/sam/utils/cmsis/sam3n/source/templates/gcc/startup_sam3n.o
TC4_Handler                                       src/ASF/sam/utils/cmsis/sam3n/source/templates/exceptions.o
                                                  src/ASF/sam/utils/cmsis/sam3n/source/templates/gcc/startup_sam3n.o
TC5_Handler                                       src/ASF/sam/utils/cmsis/sam3n/source/templates/exceptions.o
                                                  src/ASF/sam/utils/cmsis/sam3n/source/templates/gcc/startup_sam3n.o
TWI0_Handler                                      src/ASF/sam/utils/cmsis/sam3n/source/templates/exceptions.o
                                                  src/ASF/sam/utils/cmsis/sam3n/source/templates/gcc/startup_sam3n.o
TWI1_Handler                                      src/ASF/sam/utils/cmsis/sam3n/source/templates/exceptions.o
                                                  src/ASF/sam/utils/cmsis/sam3n/source/templates/gcc/startup_sam3n.o
UART0_Handler                                     src/ASF/sam/utils/cmsis/sam3n/source/templates/exceptions.o
                                                  src/ASF/sam/utils/cmsis/sam3n/source/templates/gcc/startup_sam3n.o
UART1_Handler                                     src/ASF/sam/utils/cmsis/sam3n/source/templates/exceptions.o
                                                  src/ASF/sam/utils/cmsis/sam3n/source/templates/gcc/startup_sam3n.o
USART0_Handler                                    src/ASF/sam/utils/cmsis/sam3n/source/templates/exceptions.o
                                                  src/ASF/sam/utils/cmsis/sam3n/source/templates/gcc/startup_sam3n.o
USART1_Handler                                    src/ASF/sam/utils/cmsis/sam3n/source/templates/exceptions.o
                                                  src/ASF/sam/utils/cmsis/sam3n/source/templates/gcc/startup_sam3n.o
UsageFault_Handler                                src/ASF/sam/utils/cmsis/sam3n/source/templates/exceptions.o
                                                  src/ASF/sam/utils/cmsis/sam3n/source/templates/gcc/startup_sam3n.o
WDT_Handler                                       src/ASF/sam/utils/cmsis/sam3n/source/templates/exceptions.o
                                                  src/ASF/sam/utils/cmsis/sam3n/source/templates/gcc/startup_sam3n.o
_Jv_RegisterClasses                               c:/program files (x86)/atmel/atmel toolchain/arm gcc/native/4.8.1443/arm-gnu-toolchain/bin/../lib/gcc/arm-none-eabi/4.8.4/armv7-m/crtbegin.o
_PathLocale                                       c:/program files (x86)/atmel/atmel toolchain/arm gcc/native/4.8.1443/arm-gnu-toolchain/bin/../lib/gcc/arm-none-eabi/4.8.4/../../../../arm-none-eabi/lib/armv7-m\libc.a(lib_a-locale.o)
__aeabi_idiv0                                     c:/program files (x86)/atmel/atmel toolchain/arm gcc/native/4.8.1443/arm-gnu-toolchain/bin/../lib/gcc/arm-none-eabi/4.8.4/armv7-m\libgcc.a(_dvmd_tls.o)
__aeabi_ldiv0                                     c:/program files (x86)/atmel/atmel toolchain/arm gcc/native/4.8.1443/arm-gnu-toolchain/bin/../lib/gcc/arm-none-eabi/4.8.4/armv7-m\libgcc.a(_dvmd_tls.o)
                                                  c:/program files (x86)/atmel/atmel toolchain/arm gcc/native/4.8.1443/arm-gnu-toolchain/bin/../lib/gcc/arm-none-eabi/4.8.4/armv7-m\libgcc.a(_aeabi_uldivmod.o)
__aeabi_uldivmod                                  c:/program files (x86)/atmel/atmel toolchain/arm gcc/native/4.8.1443/arm-gnu-toolchain/bin/../lib/gcc/arm-none-eabi/4.8.4/armv7-m\libgcc.a(_aeabi_uldivmod.o)
                                                  c:/program files (x86)/atmel/atmel toolchain/arm gcc/native/4.8.1443/arm-gnu-toolchain/bin/../lib/gcc/arm-none-eabi/4.8.4/../../../../arm-none-eabi/lib/armv7-m\libc.a(lib_a-vfiprintf.o)
__ascii_wctomb                                    c:/program files (x86)/atmel/atmel toolchain/arm gcc/native/4.8.1443/arm-gnu-toolchain/bin/../lib/gcc/arm-none-eabi/4.8.4/../../../../arm-none-eabi/lib/armv7-m\libc.a(lib_a-wctomb_r.o)
__bss_end__                                       c:/program files (x86)/atmel/atmel toolchain/arm gcc/native/4.8.1443/arm-gnu-toolchain/bin/../lib/gcc/arm-none-eabi/4.8.4/../../../../arm-none-eabi/lib/armv7-m/crt0.o
__bss_start__                                     c:/program files (x86)/atmel/atmel toolchain/arm gcc/native/4.8.1443/arm-gnu-toolchain/bin/../lib/gcc/arm-none-eabi/4.8.4/../../../../arm-none-eabi/lib/armv7-m/crt0.o
__call_exitprocs                                  c:/program files (x86)/atmel/atmel toolchain/arm gcc/native/4.8.1443/arm-gnu-toolchain/bin/../lib/gcc/arm-none-eabi/4.8.4/../../../../arm-none-eabi/lib/armv7-m\libc.a(lib_a-__call_atexit.o)
                                                  c:/program files (x86)/atmel/atmel toolchain/arm gcc/native/4.8.1443/arm-gnu-toolchain/bin/../lib/gcc/arm-none-eabi/4.8.4/../../../../arm-none-eabi/lib/armv7-m\libc.a(lib_a-exit.o)
__deregister_frame_info                           c:/program files (x86)/atmel/atmel toolchain/arm gcc/native/4.8.1443/arm-gnu-toolchain/bin/../lib/gcc/arm-none-eabi/4.8.4/armv7-m/crtbegin.o
__divdi3                                          c:/program files (x86)/atmel/atmel toolchain/arm gcc/native/4.8.1443/arm-gnu-toolchain/bin/../lib/gcc/arm-none-eabi/4.8.4/armv7-m\libgcc.a(_divdi3.o)
                                                  c:/program files (x86)/atmel/atmel toolchain/arm gcc/native/4.8.1443/arm-gnu-toolchain/bin/../lib/gcc/arm-none-eabi/4.8.4/armv7-m\libgcc.a(bpabi.o)
__dso_handle                                      c:/program files (x86)/atmel/atmel toolchain/arm gcc/native/4.8.1443/arm-gnu-toolchain/bin/../lib/gcc/arm-none-eabi/4.8.4/armv7-m/crtbegin.o
__fini_array_end                                  c:/program files (x86)/atmel/atmel toolchain/arm gcc/native/4.8.1443/arm-gnu-toolchain/bin/../lib/gcc/arm-none-eabi/4.8.4/../../../../arm-none-eabi/lib/armv7-m\libc.a(lib_a-fini.o)
__fini_array_start                                c:/program files (x86)/atmel/atmel toolchain/arm gcc/native/4.8.1443/arm-gnu-toolchain/bin/../lib/gcc/arm-none-eabi/4.8.4/../../../../arm-none-eabi/lib/armv7-m\libc.a(lib_a-fini.o)
__fp_lock_all                                     c:/program files (x86)/atmel/atmel toolchain/arm gcc/native/4.8.1443/arm-gnu-toolchain/bin/../lib/gcc/arm-none-eabi/4.8.4/../../../../arm-none-eabi/lib/armv7-m\libc.a(lib_a-findfp.o)
__fp_unlock_all                                   c:/program files (x86)/atmel/atmel toolchain/arm gcc/native/4.8.1443/arm-gnu-toolchain/bin/../lib/gcc/arm-none-eabi/4.8.4/../../../../arm-none-eabi/lib/armv7-m\libc.a(lib_a-findfp.o)
__gnu_ldivmod_helper                              c:/program files (x86)/atmel/atmel toolchain/arm gcc/native/4.8.1443/arm-gnu-toolchain/bin/../lib/gcc/arm-none-eabi/4.8.4/armv7-m\libgcc.a(bpabi.o)
__gnu_uldivmod_helper                             c:/program files (x86)/atmel/atmel toolchain/arm gcc/native/4.8.1443/arm-gnu-toolchain/bin/../lib/gcc/arm-none-eabi/4.8.4/armv7-m\libgcc.a(bpabi.o)
                                                  c:/program files (x86)/atmel/atmel toolchain/arm gcc/native/4.8.1443/arm-gnu-toolchain/bin/../lib/gcc/arm-none-eabi/4.8.4/armv7-m\libgcc.a(_aeabi_uldivmod.o)
__init_array_end                                  c:/program files (x86)/atmel/atmel toolchain/arm gcc/native/4.8.1443/arm-gnu-toolchain/bin/../lib/gcc/arm-none-eabi/4.8.4/../../../../arm-none-eabi/lib/armv7-m\libc.a(lib_a-init.o)
__init_array_start                                c:/program files (x86)/atmel/atmel toolchain/arm gcc/native/4.8.1443/arm-gnu-toolchain/bin/../lib/gcc/arm-none-eabi/4.8.4/../../../../arm-none-eabi/lib/armv7-m\libc.a(lib_a-init.o)
__libc_fini                                       c:/program files (x86)/atmel/atmel toolchain/arm gcc/native/4.8.1443/arm-gnu-toolchain/bin/../lib/gcc/arm-none-eabi/4.8.4/../../../../arm-none-eabi/lib/armv7-m\libc.a(lib_a-__call_atexit.o)
__libc_fini_array                                 c:/program files (x86)/atmel/atmel toolchain/arm gcc/native/4.8.1443/arm-gnu-toolchain/bin/../lib/gcc/arm-none-eabi/4.8.4/../../../../arm-none-eabi/lib/armv7-m\libc.a(lib_a-fini.o)
                                                  c:/program files (x86)/atmel/atmel toolchain/arm gcc/native/4.8.1443/arm-gnu-toolchain/bin/../lib/gcc/arm-none-eabi/4.8.4/../../../../arm-none-eabi/lib/armv7-m\libc.a(lib_a-__call_atexit.o)
                                                  c:/program files (x86)/atmel/atmel toolchain/arm gcc/native/4.8.1443/arm-gnu-toolchain/bin/../lib/gcc/arm-none-eabi/4.8.4/../../../../arm-none-eabi/lib/armv7-m/crt0.o
__libc_init_array                                 c:/program files (x86)/atmel/atmel toolchain/arm gcc/native/4.8.1443/arm-gnu-toolchain/bin/../lib/gcc/arm-none-eabi/4.8.4/../../../../arm-none-eabi/lib/armv7-m\libc.a(lib_a-init.o)
                                                  src/ASF/sam/utils/cmsis/sam3n/source/templates/gcc/startup_sam3n.o
                                                  c:/program files (x86)/atmel/atmel toolchain/arm gcc/native/4.8.1443/arm-gnu-toolchain/bin/../lib/gcc/arm-none-eabi/4.8.4/../../../../arm-none-eabi/lib/armv7-m/crt0.o
__locale_charset                                  c:/program files (x86)/atmel/atmel toolchain/arm gcc/native/4.8.1443/arm-gnu-toolchain/bin/../lib/gcc/arm-none-eabi/4.8.4/../../../../arm-none-eabi/lib/armv7-m\libc.a(lib_a-locale.o)
                                                  c:/program files (x86)/atmel/atmel toolchain/arm gcc/native/4.8.1443/arm-gnu-toolchain/bin/../lib/gcc/arm-none-eabi/4.8.4/../../../../arm-none-eabi/lib/armv7-m\libc.a(lib_a-wctomb_r.o)
                                                  c:/program files (x86)/atmel/atmel toolchain/arm gcc/native/4.8.1443/arm-gnu-toolchain/bin/../lib/gcc/arm-none-eabi/4.8.4/../../../../arm-none-eabi/lib/armv7-m\libc.a(lib_a-wcrtomb.o)
__locale_cjk_lang                                 c:/program files (x86)/atmel/atmel toolchain/arm gcc/native/4.8.1443/arm-gnu-toolchain/bin/../lib/gcc/arm-none-eabi/4.8.4/../../../../arm-none-eabi/lib/armv7-m\libc.a(lib_a-locale.o)
__locale_mb_cur_max                               c:/program files (x86)/atmel/atmel toolchain/arm gcc/native/4.8.1443/arm-gnu-toolchain/bin/../lib/gcc/arm-none-eabi/4.8.4/../../../../arm-none-eabi/lib/armv7-m\libc.a(lib_a-locale.o)
                                                  c:/program files (x86)/atmel/atmel toolchain/arm gcc/native/4.8.1443/arm-gnu-toolchain/bin/../lib/gcc/arm-none-eabi/4.8.4/../../../../arm-none-eabi/lib/armv7-m\libc.a(lib_a-fputwc.o)
__locale_msgcharset                               c:/program files (x86)/atmel/atmel toolchain/arm gcc/native/4.8.1443/arm-gnu-toolchain/bin/../lib/gcc/arm-none-eabi/4.8.4/../../../../arm-none-eabi/lib/armv7-m\libc.a(lib_a-locale.o)
__malloc_av_                                      c:/program files (x86)/atmel/atmel toolchain/arm gcc/native/4.8.1443/arm-gnu-toolchain/bin/../lib/gcc/arm-none-eabi/4.8.4/../../../../arm-none-eabi/lib/armv7-m\libc.a(lib_a-mallocr.o)
                                                  c:/program files (x86)/atmel/atmel toolchain/arm gcc/native/4.8.1443/arm-gnu-toolchain/bin/../lib/gcc/arm-none-eabi/4.8.4/../../../../arm-none-eabi/lib/armv7-m\libc.a(lib_a-reallocr.o)
                                                  c:/program files (x86)/atmel/atmel toolchain/arm gcc/native/4.8.1443/arm-gnu-toolchain/bin/../lib/gcc/arm-none-eabi/4.8.4/../../../../arm-none-eabi/lib/armv7-m\libc.a(lib_a-freer.o)
__malloc_current_mallinfo                         c:/program files (x86)/atmel/atmel toolchain/arm gcc/native/4.8.1443/arm-gnu-toolchain/bin/../lib/gcc/arm-none-eabi/4.8.4/../../../../arm-none-eabi/lib/armv7-m\libc.a(lib_a-mallocr.o)
                                                  c:/program files (x86)/atmel/atmel toolchain/arm gcc/native/4.8.1443/arm-gnu-toolchain/bin/../lib/gcc/arm-none-eabi/4.8.4/../../../../arm-none-eabi/lib/armv7-m\libc.a(lib_a-freer.o)
__malloc_lock                                     c:/program files (x86)/atmel/atmel toolchain/arm gcc/native/4.8.1443/arm-gnu-toolchain/bin/../lib/gcc/arm-none-eabi/4.8.4/../../../../arm-none-eabi/lib/armv7-m\libc.a(lib_a-mlock.o)
                                                  c:/program files (x86)/atmel/atmel toolchain/arm gcc/native/4.8.1443/arm-gnu-toolchain/bin/../lib/gcc/arm-none-eabi/4.8.4/../../../../arm-none-eabi/lib/armv7-m\libc.a(lib_a-reallocr.o)
                                                  c:/program files (x86)/atmel/atmel toolchain/arm gcc/native/4.8.1443/arm-gnu-toolchain/bin/../lib/gcc/arm-none-eabi/4.8.4/../../../../arm-none-eabi/lib/armv7-m\libc.a(lib_a-mallocr.o)
                                                  c:/program files (x86)/atmel/atmel toolchain/arm gcc/native/4.8.1443/arm-gnu-toolchain/bin/../lib/gcc/arm-none-eabi/4.8.4/../../../../arm-none-eabi/lib/armv7-m\libc.a(lib_a-freer.o)
__malloc_max_sbrked_mem                           c:/program files (x86)/atmel/atmel toolchain/arm gcc/native/4.8.1443/arm-gnu-toolchain/bin/../lib/gcc/arm-none-eabi/4.8.4/../../../../arm-none-eabi/lib/armv7-m\libc.a(lib_a-mallocr.o)
__malloc_max_total_mem                            c:/program files (x86)/atmel/atmel toolchain/arm gcc/native/4.8.1443/arm-gnu-toolchain/bin/../lib/gcc/arm-none-eabi/4.8.4/../../../../arm-none-eabi/lib/armv7-m\libc.a(lib_a-mallocr.o)
__malloc_sbrk_base                                c:/program files (x86)/atmel/atmel toolchain/arm gcc/native/4.8.1443/arm-gnu-toolchain/bin/../lib/gcc/arm-none-eabi/4.8.4/../../../../arm-none-eabi/lib/armv7-m\libc.a(lib_a-mallocr.o)
                                                  c:/program files (x86)/atmel/atmel toolchain/arm gcc/native/4.8.1443/arm-gnu-toolchain/bin/../lib/gcc/arm-none-eabi/4.8.4/../../../../arm-none-eabi/lib/armv7-m\libc.a(lib_a-freer.o)
__malloc_top_pad                                  c:/program files (x86)/atmel/atmel toolchain/arm gcc/native/4.8.1443/arm-gnu-toolchain/bin/../lib/gcc/arm-none-eabi/4.8.4/../../../../arm-none-eabi/lib/armv7-m\libc.a(lib_a-mallocr.o)
                                                  c:/program files (x86)/atmel/atmel toolchain/arm gcc/native/4.8.1443/arm-gnu-toolchain/bin/../lib/gcc/arm-none-eabi/4.8.4/../../../../arm-none-eabi/lib/armv7-m\libc.a(lib_a-freer.o)
__malloc_trim_threshold                           c:/program files (x86)/atmel/atmel toolchain/arm gcc/native/4.8.1443/arm-gnu-toolchain/bin/../lib/gcc/arm-none-eabi/4.8.4/../../../../arm-none-eabi/lib/armv7-m\libc.a(lib_a-mallocr.o)
                                                  c:/program files (x86)/atmel/atmel toolchain/arm gcc/native/4.8.1443/arm-gnu-toolchain/bin/../lib/gcc/arm-none-eabi/4.8.4/../../../../arm-none-eabi/lib/armv7-m\libc.a(lib_a-freer.o)
__malloc_unlock                                   c:/program files (x86)/atmel/atmel toolchain/arm gcc/native/4.8.1443/arm-gnu-toolchain/bin/../lib/gcc/arm-none-eabi/4.8.4/../../../../arm-none-eabi/lib/armv7-m\libc.a(lib_a-mlock.o)
                                                  c:/program files (x86)/atmel/atmel toolchain/arm gcc/native/4.8.1443/arm-gnu-toolchain/bin/../lib/gcc/arm-none-eabi/4.8.4/../../../../arm-none-eabi/lib/armv7-m\libc.a(lib_a-reallocr.o)
                                                  c:/program files (x86)/atmel/atmel toolchain/arm gcc/native/4.8.1443/arm-gnu-toolchain/bin/../lib/gcc/arm-none-eabi/4.8.4/../../../../arm-none-eabi/lib/armv7-m\libc.a(lib_a-mallocr.o)
                                                  c:/program files (x86)/atmel/atmel toolchain/arm gcc/native/4.8.1443/arm-gnu-toolchain/bin/../lib/gcc/arm-none-eabi/4.8.4/../../../../arm-none-eabi/lib/armv7-m\libc.a(lib_a-freer.o)
__mb_cur_max                                      c:/program files (x86)/atmel/atmel toolchain/arm gcc/native/4.8.1443/arm-gnu-toolchain/bin/../lib/gcc/arm-none-eabi/4.8.4/../../../../arm-none-eabi/lib/armv7-m\libc.a(lib_a-locale.o)
__mlocale_changed                                 c:/program files (x86)/atmel/atmel toolchain/arm gcc/native/4.8.1443/arm-gnu-toolchain/bin/../lib/gcc/arm-none-eabi/4.8.4/../../../../arm-none-eabi/lib/armv7-m\libc.a(lib_a-locale.o)
__nlocale_changed                                 c:/program files (x86)/atmel/atmel toolchain/arm gcc/native/4.8.1443/arm-gnu-toolchain/bin/../lib/gcc/arm-none-eabi/4.8.4/../../../../arm-none-eabi/lib/armv7-m\libc.a(lib_a-locale.o)
__preinit_array_end                               c:/program files (x86)/atmel/atmel toolchain/arm gcc/native/4.8.1443/arm-gnu-toolchain/bin/../lib/gcc/arm-none-eabi/4.8.4/../../../../arm-none-eabi/lib/armv7-m\libc.a(lib_a-init.o)
__preinit_array_start                             c:/program files (x86)/atmel/atmel toolchain/arm gcc/native/4.8.1443/arm-gnu-toolchain/bin/../lib/gcc/arm-none-eabi/4.8.4/../../../../arm-none-eabi/lib/armv7-m\libc.a(lib_a-init.o)
__ram_end__                                       src/ASF/sam/utils/syscalls/gcc/syscalls.o
__register_exitproc                               c:/program files (x86)/atmel/atmel toolchain/arm gcc/native/4.8.1443/arm-gnu-toolchain/bin/../lib/gcc/arm-none-eabi/4.8.4/../../../../arm-none-eabi/lib/armv7-m\libc.a(lib_a-__atexit.o)
                                                  c:/program files (x86)/atmel/atmel toolchain/arm gcc/native/4.8.1443/arm-gnu-toolchain/bin/../lib/gcc/arm-none-eabi/4.8.4/../../../../arm-none-eabi/lib/armv7-m\libc.a(lib_a-atexit.o)
__register_frame_info                             c:/program files (x86)/atmel/atmel toolchain/arm gcc/native/4.8.1443/arm-gnu-toolchain/bin/../lib/gcc/arm-none-eabi/4.8.4/armv7-m/crtbegin.o
__sclose                                          c:/program files (x86)/atmel/atmel toolchain/arm gcc/native/4.8.1443/arm-gnu-toolchain/bin/../lib/gcc/arm-none-eabi/4.8.4/../../../../arm-none-eabi/lib/armv7-m\libc.a(lib_a-stdio.o)
                                                  c:/program files (x86)/atmel/atmel toolchain/arm gcc/native/4.8.1443/arm-gnu-toolchain/bin/../lib/gcc/arm-none-eabi/4.8.4/../../../../arm-none-eabi/lib/armv7-m\libc.a(lib_a-findfp.o)
__seofread                                        c:/program files (x86)/atmel/atmel toolchain/arm gcc/native/4.8.1443/arm-gnu-toolchain/bin/../lib/gcc/arm-none-eabi/4.8.4/../../../../arm-none-eabi/lib/armv7-m\libc.a(lib_a-stdio.o)
__sflush_r                                        c:/program files (x86)/atmel/atmel toolchain/arm gcc/native/4.8.1443/arm-gnu-toolchain/bin/../lib/gcc/arm-none-eabi/4.8.4/../../../../arm-none-eabi/lib/armv7-m\libc.a(lib_a-fflush.o)
__sfmoreglue                                      c:/program files (x86)/atmel/atmel toolchain/arm gcc/native/4.8.1443/arm-gnu-toolchain/bin/../lib/gcc/arm-none-eabi/4.8.4/../../../../arm-none-eabi/lib/armv7-m\libc.a(lib_a-findfp.o)
__sfp                                             c:/program files (x86)/atmel/atmel toolchain/arm gcc/native/4.8.1443/arm-gnu-toolchain/bin/../lib/gcc/arm-none-eabi/4.8.4/../../../../arm-none-eabi/lib/armv7-m\libc.a(lib_a-findfp.o)
__sfp_lock_acquire                                c:/program files (x86)/atmel/atmel toolchain/arm gcc/native/4.8.1443/arm-gnu-toolchain/bin/../lib/gcc/arm-none-eabi/4.8.4/../../../../arm-none-eabi/lib/armv7-m\libc.a(lib_a-findfp.o)
                                                  c:/program files (x86)/atmel/atmel toolchain/arm gcc/native/4.8.1443/arm-gnu-toolchain/bin/../lib/gcc/arm-none-eabi/4.8.4/../../../../arm-none-eabi/lib/armv7-m\libc.a(lib_a-fclose.o)
__sfp_lock_release                                c:/program files (x86)/atmel/atmel toolchain/arm gcc/native/4.8.1443/arm-gnu-toolchain/bin/../lib/gcc/arm-none-eabi/4.8.4/../../../../arm-none-eabi/lib/armv7-m\libc.a(lib_a-findfp.o)
                                                  c:/program files (x86)/atmel/atmel toolchain/arm gcc/native/4.8.1443/arm-gnu-toolchain/bin/../lib/gcc/arm-none-eabi/4.8.4/../../../../arm-none-eabi/lib/armv7-m\libc.a(lib_a-fclose.o)
__sfvwrite_r                                      c:/program files (x86)/atmel/atmel toolchain/arm gcc/native/4.8.1443/arm-gnu-toolchain/bin/../lib/gcc/arm-none-eabi/4.8.4/../../../../arm-none-eabi/lib/armv7-m\libc.a(lib_a-fvwrite.o)
                                                  c:/program files (x86)/atmel/atmel toolchain/arm gcc/native/4.8.1443/arm-gnu-toolchain/bin/../lib/gcc/arm-none-eabi/4.8.4/../../../../arm-none-eabi/lib/armv7-m\libc.a(lib_a-vfiprintf.o)
__sinit                                           c:/program files (x86)/atmel/atmel toolchain/arm gcc/native/4.8.1443/arm-gnu-toolchain/bin/../lib/gcc/arm-none-eabi/4.8.4/../../../../arm-none-eabi/lib/armv7-m\libc.a(lib_a-findfp.o)
                                                  c:/program files (x86)/atmel/atmel toolchain/arm gcc/native/4.8.1443/arm-gnu-toolchain/bin/../lib/gcc/arm-none-eabi/4.8.4/../../../../arm-none-eabi/lib/armv7-m\libc.a(lib_a-fclose.o)
                                                  c:/program files (x86)/atmel/atmel toolchain/arm gcc/native/4.8.1443/arm-gnu-toolchain/bin/../lib/gcc/arm-none-eabi/4.8.4/../../../../arm-none-eabi/lib/armv7-m\libc.a(lib_a-wbuf.o)
                                                  c:/program files (x86)/atmel/atmel toolchain/arm gcc/native/4.8.1443/arm-gnu-toolchain/bin/../lib/gcc/arm-none-eabi/4.8.4/../../../../arm-none-eabi/lib/armv7-m\libc.a(lib_a-fputwc.o)
                                                  c:/program files (x86)/atmel/atmel toolchain/arm gcc/native/4.8.1443/arm-gnu-toolchain/bin/../lib/gcc/arm-none-eabi/4.8.4/../../../../arm-none-eabi/lib/armv7-m\libc.a(lib_a-fflush.o)
                                                  c:/program files (x86)/atmel/atmel toolchain/arm gcc/native/4.8.1443/arm-gnu-toolchain/bin/../lib/gcc/arm-none-eabi/4.8.4/../../../../arm-none-eabi/lib/armv7-m\libc.a(lib_a-wsetup.o)
                                                  c:/program files (x86)/atmel/atmel toolchain/arm gcc/native/4.8.1443/arm-gnu-toolchain/bin/../lib/gcc/arm-none-eabi/4.8.4/../../../../arm-none-eabi/lib/armv7-m\libc.a(lib_a-vfiprintf.o)
__sinit_lock_acquire                              c:/program files (x86)/atmel/atmel toolchain/arm gcc/native/4.8.1443/arm-gnu-toolchain/bin/../lib/gcc/arm-none-eabi/4.8.4/../../../../arm-none-eabi/lib/armv7-m\libc.a(lib_a-findfp.o)
__sinit_lock_release                              c:/program files (x86)/atmel/atmel toolchain/arm gcc/native/4.8.1443/arm-gnu-toolchain/bin/../lib/gcc/arm-none-eabi/4.8.4/../../../../arm-none-eabi/lib/armv7-m\libc.a(lib_a-findfp.o)
__smakebuf_r                                      c:/program files (x86)/atmel/atmel toolchain/arm gcc/native/4.8.1443/arm-gnu-toolchain/bin/../lib/gcc/arm-none-eabi/4.8.4/../../../../arm-none-eabi/lib/armv7-m\libc.a(lib_a-makebuf.o)
                                                  c:/program files (x86)/atmel/atmel toolchain/arm gcc/native/4.8.1443/arm-gnu-toolchain/bin/../lib/gcc/arm-none-eabi/4.8.4/../../../../arm-none-eabi/lib/armv7-m\libc.a(lib_a-wsetup.o)
__sprint_r                                        c:/program files (x86)/atmel/atmel toolchain/arm gcc/native/4.8.1443/arm-gnu-toolchain/bin/../lib/gcc/arm-none-eabi/4.8.4/../../../../arm-none-eabi/lib/armv7-m\libc.a(lib_a-vfiprintf.o)
__sread                                           c:/program files (x86)/atmel/atmel toolchain/arm gcc/native/4.8.1443/arm-gnu-toolchain/bin/../lib/gcc/arm-none-eabi/4.8.4/../../../../arm-none-eabi/lib/armv7-m\libc.a(lib_a-stdio.o)
                                                  c:/program files (x86)/atmel/atmel toolchain/arm gcc/native/4.8.1443/arm-gnu-toolchain/bin/../lib/gcc/arm-none-eabi/4.8.4/../../../../arm-none-eabi/lib/armv7-m\libc.a(lib_a-findfp.o)
__sseek                                           c:/program files (x86)/atmel/atmel toolchain/arm gcc/native/4.8.1443/arm-gnu-toolchain/bin/../lib/gcc/arm-none-eabi/4.8.4/../../../../arm-none-eabi/lib/armv7-m\libc.a(lib_a-stdio.o)
                                                  c:/program files (x86)/atmel/atmel toolchain/arm gcc/native/4.8.1443/arm-gnu-toolchain/bin/../lib/gcc/arm-none-eabi/4.8.4/../../../../arm-none-eabi/lib/armv7-m\libc.a(lib_a-makebuf.o)
                                                  c:/program files (x86)/atmel/atmel toolchain/arm gcc/native/4.8.1443/arm-gnu-toolchain/bin/../lib/gcc/arm-none-eabi/4.8.4/../../../../arm-none-eabi/lib/armv7-m\libc.a(lib_a-findfp.o)
__stack                                           c:/program files (x86)/atmel/atmel toolchain/arm gcc/native/4.8.1443/arm-gnu-toolchain/bin/../lib/gcc/arm-none-eabi/4.8.4/../../../../arm-none-eabi/lib/armv7-m/crt0.o
__swbuf                                           c:/program files (x86)/atmel/atmel toolchain/arm gcc/native/4.8.1443/arm-gnu-toolchain/bin/../lib/gcc/arm-none-eabi/4.8.4/../../../../arm-none-eabi/lib/armv7-m\libc.a(lib_a-wbuf.o)
__swbuf_r                                         c:/program files (x86)/atmel/atmel toolchain/arm gcc/native/4.8.1443/arm-gnu-toolchain/bin/../lib/gcc/arm-none-eabi/4.8.4/../../../../arm-none-eabi/lib/armv7-m\libc.a(lib_a-wbuf.o)
                                                  c:/program files (x86)/atmel/atmel toolchain/arm gcc/native/4.8.1443/arm-gnu-toolchain/bin/../lib/gcc/arm-none-eabi/4.8.4/../../../../arm-none-eabi/lib/armv7-m\libc.a(lib_a-fputwc.o)
__swrite                                          c:/program files (x86)/atmel/atmel toolchain/arm gcc/native/4.8.1443/arm-gnu-toolchain/bin/../lib/gcc/arm-none-eabi/4.8.4/../../../../arm-none-eabi/lib/armv7-m\libc.a(lib_a-stdio.o)
                                                  c:/program files (x86)/atmel/atmel toolchain/arm gcc/native/4.8.1443/arm-gnu-toolchain/bin/../lib/gcc/arm-none-eabi/4.8.4/../../../../arm-none-eabi/lib/armv7-m\libc.a(lib_a-findfp.o)
__swsetup_r                                       c:/program files (x86)/atmel/atmel toolchain/arm gcc/native/4.8.1443/arm-gnu-toolchain/bin/../lib/gcc/arm-none-eabi/4.8.4/../../../../arm-none-eabi/lib/armv7-m\libc.a(lib_a-wsetup.o)
                                                  c:/program files (x86)/atmel/atmel toolchain/arm gcc/native/4.8.1443/arm-gnu-toolchain/bin/../lib/gcc/arm-none-eabi/4.8.4/../../../../arm-none-eabi/lib/armv7-m\libc.a(lib_a-wbuf.o)
                                                  c:/program files (x86)/atmel/atmel toolchain/arm gcc/native/4.8.1443/arm-gnu-toolchain/bin/../lib/gcc/arm-none-eabi/4.8.4/../../../../arm-none-eabi/lib/armv7-m\libc.a(lib_a-fvwrite.o)
                                                  c:/program files (x86)/atmel/atmel toolchain/arm gcc/native/4.8.1443/arm-gnu-toolchain/bin/../lib/gcc/arm-none-eabi/4.8.4/../../../../arm-none-eabi/lib/armv7-m\libc.a(lib_a-vfiprintf.o)
__udivdi3                                         c:/program files (x86)/atmel/atmel toolchain/arm gcc/native/4.8.1443/arm-gnu-toolchain/bin/../lib/gcc/arm-none-eabi/4.8.4/armv7-m\libgcc.a(_udivdi3.o)
                                                  c:/program files (x86)/atmel/atmel toolchain/arm gcc/native/4.8.1443/arm-gnu-toolchain/bin/../lib/gcc/arm-none-eabi/4.8.4/armv7-m\libgcc.a(bpabi.o)
__wctomb                                          c:/program files (x86)/atmel/atmel toolchain/arm gcc/native/4.8.1443/arm-gnu-toolchain/bin/../lib/gcc/arm-none-eabi/4.8.4/../../../../arm-none-eabi/lib/armv7-m\libc.a(lib_a-wctomb_r.o)
                                                  c:/program files (x86)/atmel/atmel toolchain/arm gcc/native/4.8.1443/arm-gnu-toolchain/bin/../lib/gcc/arm-none-eabi/4.8.4/../../../../arm-none-eabi/lib/armv7-m\libc.a(lib_a-wcrtomb.o)
_cleanup                                          c:/program files (x86)/atmel/atmel toolchain/arm gcc/native/4.8.1443/arm-gnu-toolchain/bin/../lib/gcc/arm-none-eabi/4.8.4/../../../../arm-none-eabi/lib/armv7-m\libc.a(lib_a-findfp.o)
_cleanup_r                                        c:/program files (x86)/atmel/atmel toolchain/arm gcc/native/4.8.1443/arm-gnu-toolchain/bin/../lib/gcc/arm-none-eabi/4.8.4/../../../../arm-none-eabi/lib/armv7-m\libc.a(lib_a-findfp.o)
                                                  c:/program files (x86)/atmel/atmel toolchain/arm gcc/native/4.8.1443/arm-gnu-toolchain/bin/../lib/gcc/arm-none-eabi/4.8.4/../../../../arm-none-eabi/lib/armv7-m\libc.a(lib_a-makebuf.o)
_close                                            src/ASF/sam/utils/syscalls/gcc/syscalls.o
                                                  c:/program files (x86)/atmel/atmel toolchain/arm gcc/native/4.8.1443/arm-gnu-toolchain/bin/../lib/gcc/arm-none-eabi/4.8.4/../../../../arm-none-eabi/lib/armv7-m\libc.a(lib_a-closer.o)
_close_r                                          c:/program files (x86)/atmel/atmel toolchain/arm gcc/native/4.8.1443/arm-gnu-toolchain/bin/../lib/gcc/arm-none-eabi/4.8.4/../../../../arm-none-eabi/lib/armv7-m\libc.a(lib_a-closer.o)
                                                  c:/program files (x86)/atmel/atmel toolchain/arm gcc/native/4.8.1443/arm-gnu-toolchain/bin/../lib/gcc/arm-none-eabi/4.8.4/../../../../arm-none-eabi/lib/armv7-m\libc.a(lib_a-stdio.o)
_end                                              src/ASF/sam/utils/syscalls/gcc/syscalls.o
_erelocate                                        src/ASF/sam/utils/cmsis/sam3n/source/templates/gcc/startup_sam3n.o
_estack                                           src/ASF/sam/utils/cmsis/sam3n/source/templates/gcc/startup_sam3n.o
_etext                                            src/ASF/sam/utils/cmsis/sam3n/source/templates/gcc/startup_sam3n.o
_exit                                             src/ASF/sam/utils/syscalls/gcc/syscalls.o
                                                  c:/program files (x86)/atmel/atmel toolchain/arm gcc/native/4.8.1443/arm-gnu-toolchain/bin/../lib/gcc/arm-none-eabi/4.8.4/../../../../arm-none-eabi/lib/armv7-m\libc.a(lib_a-exit.o)
_ezero                                            src/ASF/sam/utils/cmsis/sam3n/source/templates/gcc/startup_sam3n.o
_fclose_r                                         c:/program files (x86)/atmel/atmel toolchain/arm gcc/native/4.8.1443/arm-gnu-toolchain/bin/../lib/gcc/arm-none-eabi/4.8.4/../../../../arm-none-eabi/lib/armv7-m\libc.a(lib_a-fclose.o)
_fflush_r                                         c:/program files (x86)/atmel/atmel toolchain/arm gcc/native/4.8.1443/arm-gnu-toolchain/bin/../lib/gcc/arm-none-eabi/4.8.4/../../../../arm-none-eabi/lib/armv7-m\libc.a(lib_a-fflush.o)
                                                  c:/program files (x86)/atmel/atmel toolchain/arm gcc/native/4.8.1443/arm-gnu-toolchain/bin/../lib/gcc/arm-none-eabi/4.8.4/../../../../arm-none-eabi/lib/armv7-m\libc.a(lib_a-fclose.o)
                                                  c:/program files (x86)/atmel/atmel toolchain/arm gcc/native/4.8.1443/arm-gnu-toolchain/bin/../lib/gcc/arm-none-eabi/4.8.4/../../../../arm-none-eabi/lib/armv7-m\libc.a(lib_a-wbuf.o)
                                                  c:/program files (x86)/atmel/atmel toolchain/arm gcc/native/4.8.1443/arm-gnu-toolchain/bin/../lib/gcc/arm-none-eabi/4.8.4/../../../../arm-none-eabi/lib/armv7-m\libc.a(lib_a-fvwrite.o)
                                                  c:/program files (x86)/atmel/atmel toolchain/arm gcc/native/4.8.1443/arm-gnu-toolchain/bin/../lib/gcc/arm-none-eabi/4.8.4/../../../../arm-none-eabi/lib/armv7-m\libc.a(lib_a-vfiprintf.o)
_fini                                             c:/program files (x86)/atmel/atmel toolchain/arm gcc/native/4.8.1443/arm-gnu-toolchain/bin/../lib/gcc/arm-none-eabi/4.8.4/armv7-m/crti.o
                                                  c:/program files (x86)/atmel/atmel toolchain/arm gcc/native/4.8.1443/arm-gnu-toolchain/bin/../lib/gcc/arm-none-eabi/4.8.4/../../../../arm-none-eabi/lib/armv7-m\libc.a(lib_a-fini.o)
_fputwc_r                                         c:/program files (x86)/atmel/atmel toolchain/arm gcc/native/4.8.1443/arm-gnu-toolchain/bin/../lib/gcc/arm-none-eabi/4.8.4/../../../../arm-none-eabi/lib/armv7-m\libc.a(lib_a-fputwc.o)
                                                  c:/program files (x86)/atmel/atmel toolchain/arm gcc/native/4.8.1443/arm-gnu-toolchain/bin/../lib/gcc/arm-none-eabi/4.8.4/../../../../arm-none-eabi/lib/armv7-m\libc.a(lib_a-vfiprintf.o)
_free_r                                           c:/program files (x86)/atmel/atmel toolchain/arm gcc/native/4.8.1443/arm-gnu-toolchain/bin/../lib/gcc/arm-none-eabi/4.8.4/../../../../arm-none-eabi/lib/armv7-m\libc.a(lib_a-freer.o)
                                                  c:/program files (x86)/atmel/atmel toolchain/arm gcc/native/4.8.1443/arm-gnu-toolchain/bin/../lib/gcc/arm-none-eabi/4.8.4/../../../../arm-none-eabi/lib/armv7-m\libc.a(lib_a-reent.o)
                                                  c:/program files (x86)/atmel/atmel toolchain/arm gcc/native/4.8.1443/arm-gnu-toolchain/bin/../lib/gcc/arm-none-eabi/4.8.4/../../../../arm-none-eabi/lib/armv7-m\libc.a(lib_a-fclose.o)
                                                  c:/program files (x86)/atmel/atmel toolchain/arm gcc/native/4.8.1443/arm-gnu-toolchain/bin/../lib/gcc/arm-none-eabi/4.8.4/../../../../arm-none-eabi/lib/armv7-m\libc.a(lib_a-reallocr.o)
                                                  c:/program files (x86)/atmel/atmel toolchain/arm gcc/native/4.8.1443/arm-gnu-toolchain/bin/../lib/gcc/arm-none-eabi/4.8.4/../../../../arm-none-eabi/lib/armv7-m\libc.a(lib_a-mallocr.o)
                                                  c:/program files (x86)/atmel/atmel toolchain/arm gcc/native/4.8.1443/arm-gnu-toolchain/bin/../lib/gcc/arm-none-eabi/4.8.4/../../../../arm-none-eabi/lib/armv7-m\libc.a(lib_a-fvwrite.o)
                                                  c:/program files (x86)/atmel/atmel toolchain/arm gcc/native/4.8.1443/arm-gnu-toolchain/bin/../lib/gcc/arm-none-eabi/4.8.4/../../../../arm-none-eabi/lib/armv7-m\libc.a(lib_a-fflush.o)
                                                  c:/program files (x86)/atmel/atmel toolchain/arm gcc/native/4.8.1443/arm-gnu-toolchain/bin/../lib/gcc/arm-none-eabi/4.8.4/../../../../arm-none-eabi/lib/armv7-m\libc.a(lib_a-wsetup.o)
_fstat                                            src/ASF/sam/utils/syscalls/gcc/syscalls.o
                                                  c:/program files (x86)/atmel/atmel toolchain/arm gcc/native/4.8.1443/arm-gnu-toolchain/bin/../lib/gcc/arm-none-eabi/4.8.4/../../../../arm-none-eabi/lib/armv7-m\libc.a(lib_a-fstatr.o)
_fstat_r                                          c:/program files (x86)/atmel/atmel toolchain/arm gcc/native/4.8.1443/arm-gnu-toolchain/bin/../lib/gcc/arm-none-eabi/4.8.4/../../../../arm-none-eabi/lib/armv7-m\libc.a(lib_a-fstatr.o)
                                                  c:/program files (x86)/atmel/atmel toolchain/arm gcc/native/4.8.1443/arm-gnu-toolchain/bin/../lib/gcc/arm-none-eabi/4.8.4/../../../../arm-none-eabi/lib/armv7-m\libc.a(lib_a-makebuf.o)
_fwalk                                            c:/program files (x86)/atmel/atmel toolchain/arm gcc/native/4.8.1443/arm-gnu-toolchain/bin/../lib/gcc/arm-none-eabi/4.8.4/../../../../arm-none-eabi/lib/armv7-m\libc.a(lib_a-fwalk.o)
                                                  c:/program files (x86)/atmel/atmel toolchain/arm gcc/native/4.8.1443/arm-gnu-toolchain/bin/../lib/gcc/arm-none-eabi/4.8.4/../../../../arm-none-eabi/lib/armv7-m\libc.a(lib_a-findfp.o)
_fwalk_reent                                      c:/program files (x86)/atmel/atmel toolchain/arm gcc/native/4.8.1443/arm-gnu-toolchain/bin/../lib/gcc/arm-none-eabi/4.8.4/../../../../arm-none-eabi/lib/armv7-m\libc.a(lib_a-fwalk.o)
                                                  c:/program files (x86)/atmel/atmel toolchain/arm gcc/native/4.8.1443/arm-gnu-toolchain/bin/../lib/gcc/arm-none-eabi/4.8.4/../../../../arm-none-eabi/lib/armv7-m\libc.a(lib_a-fflush.o)
_getpid                                           src/ASF/sam/utils/syscalls/gcc/syscalls.o
_global_impure_ptr                                c:/program files (x86)/atmel/atmel toolchain/arm gcc/native/4.8.1443/arm-gnu-toolchain/bin/../lib/gcc/arm-none-eabi/4.8.4/../../../../arm-none-eabi/lib/armv7-m\libc.a(lib_a-impure.o)
                                                  c:/program files (x86)/atmel/atmel toolchain/arm gcc/native/4.8.1443/arm-gnu-toolchain/bin/../lib/gcc/arm-none-eabi/4.8.4/../../../../arm-none-eabi/lib/armv7-m\libc.a(lib_a-__atexit.o)
                                                  c:/program files (x86)/atmel/atmel toolchain/arm gcc/native/4.8.1443/arm-gnu-toolchain/bin/../lib/gcc/arm-none-eabi/4.8.4/../../../../arm-none-eabi/lib/armv7-m\libc.a(lib_a-findfp.o)
                                                  c:/program files (x86)/atmel/atmel toolchain/arm gcc/native/4.8.1443/arm-gnu-toolchain/bin/../lib/gcc/arm-none-eabi/4.8.4/../../../../arm-none-eabi/lib/armv7-m\libc.a(lib_a-fflush.o)
                                                  c:/program files (x86)/atmel/atmel toolchain/arm gcc/native/4.8.1443/arm-gnu-toolchain/bin/../lib/gcc/arm-none-eabi/4.8.4/../../../../arm-none-eabi/lib/armv7-m\libc.a(lib_a-__call_atexit.o)
                                                  c:/program files (x86)/atmel/atmel toolchain/arm gcc/native/4.8.1443/arm-gnu-toolchain/bin/../lib/gcc/arm-none-eabi/4.8.4/../../../../arm-none-eabi/lib/armv7-m\libc.a(lib_a-exit.o)
_impure_ptr                                       c:/program files (x86)/atmel/atmel toolchain/arm gcc/native/4.8.1443/arm-gnu-toolchain/bin/../lib/gcc/arm-none-eabi/4.8.4/../../../../arm-none-eabi/lib/armv7-m\libc.a(lib_a-impure.o)
                                                  c:/program files (x86)/atmel/atmel toolchain/arm gcc/native/4.8.1443/arm-gnu-toolchain/bin/../lib/gcc/arm-none-eabi/4.8.4/../../../../arm-none-eabi/lib/armv7-m\libc.a(lib_a-reent.o)
                                                  c:/program files (x86)/atmel/atmel toolchain/arm gcc/native/4.8.1443/arm-gnu-toolchain/bin/../lib/gcc/arm-none-eabi/4.8.4/../../../../arm-none-eabi/lib/armv7-m\libc.a(lib_a-fclose.o)
                                                  c:/program files (x86)/atmel/atmel toolchain/arm gcc/native/4.8.1443/arm-gnu-toolchain/bin/../lib/gcc/arm-none-eabi/4.8.4/../../../../arm-none-eabi/lib/armv7-m\libc.a(lib_a-wcrtomb.o)
                                                  c:/program files (x86)/atmel/atmel toolchain/arm gcc/native/4.8.1443/arm-gnu-toolchain/bin/../lib/gcc/arm-none-eabi/4.8.4/../../../../arm-none-eabi/lib/armv7-m\libc.a(lib_a-wbuf.o)
                                                  c:/program files (x86)/atmel/atmel toolchain/arm gcc/native/4.8.1443/arm-gnu-toolchain/bin/../lib/gcc/arm-none-eabi/4.8.4/../../../../arm-none-eabi/lib/armv7-m\libc.a(lib_a-locale.o)
                                                  c:/program files (x86)/atmel/atmel toolchain/arm gcc/native/4.8.1443/arm-gnu-toolchain/bin/../lib/gcc/arm-none-eabi/4.8.4/../../../../arm-none-eabi/lib/armv7-m\libc.a(lib_a-fputwc.o)
                                                  c:/program files (x86)/atmel/atmel toolchain/arm gcc/native/4.8.1443/arm-gnu-toolchain/bin/../lib/gcc/arm-none-eabi/4.8.4/../../../../arm-none-eabi/lib/armv7-m\libc.a(lib_a-findfp.o)
                                                  c:/program files (x86)/atmel/atmel toolchain/arm gcc/native/4.8.1443/arm-gnu-toolchain/bin/../lib/gcc/arm-none-eabi/4.8.4/../../../../arm-none-eabi/lib/armv7-m\libc.a(lib_a-fflush.o)
                                                  c:/program files (x86)/atmel/atmel toolchain/arm gcc/native/4.8.1443/arm-gnu-toolchain/bin/../lib/gcc/arm-none-eabi/4.8.4/../../../../arm-none-eabi/lib/armv7-m\libc.a(lib_a-wsetup.o)
                                                  c:/program files (x86)/atmel/atmel toolchain/arm gcc/native/4.8.1443/arm-gnu-toolchain/bin/../lib/gcc/arm-none-eabi/4.8.4/../../../../arm-none-eabi/lib/armv7-m\libc.a(lib_a-vfiprintf.o)
                                                  c:/program files (x86)/atmel/atmel toolchain/arm gcc/native/4.8.1443/arm-gnu-toolchain/bin/../lib/gcc/arm-none-eabi/4.8.4/../../../../arm-none-eabi/lib/armv7-m\libc.a(lib_a-iprintf.o)
_init                                             c:/program files (x86)/atmel/atmel toolchain/arm gcc/native/4.8.1443/arm-gnu-toolchain/bin/../lib/gcc/arm-none-eabi/4.8.4/armv7-m/crti.o
                                                  c:/program files (x86)/atmel/atmel toolchain/arm gcc/native/4.8.1443/arm-gnu-toolchain/bin/../lib/gcc/arm-none-eabi/4.8.4/../../../../arm-none-eabi/lib/armv7-m\libc.a(lib_a-init.o)
_iprintf_r                                        c:/program files (x86)/atmel/atmel toolchain/arm gcc/native/4.8.1443/arm-gnu-toolchain/bin/../lib/gcc/arm-none-eabi/4.8.4/../../../../arm-none-eabi/lib/armv7-m\libc.a(lib_a-iprintf.o)
_isatty                                           src/ASF/sam/utils/syscalls/gcc/syscalls.o
                                                  c:/program files (x86)/atmel/atmel toolchain/arm gcc/native/4.8.1443/arm-gnu-toolchain/bin/../lib/gcc/arm-none-eabi/4.8.4/../../../../arm-none-eabi/lib/armv7-m\libc.a(lib_a-isattyr.o)
_isatty_r                                         c:/program files (x86)/atmel/atmel toolchain/arm gcc/native/4.8.1443/arm-gnu-toolchain/bin/../lib/gcc/arm-none-eabi/4.8.4/../../../../arm-none-eabi/lib/armv7-m\libc.a(lib_a-isattyr.o)
                                                  c:/program files (x86)/atmel/atmel toolchain/arm gcc/native/4.8.1443/arm-gnu-toolchain/bin/../lib/gcc/arm-none-eabi/4.8.4/../../../../arm-none-eabi/lib/armv7-m\libc.a(lib_a-makebuf.o)
_kill                                             src/ASF/sam/utils/syscalls/gcc/syscalls.o
_localeconv_r                                     c:/program files (x86)/atmel/atmel toolchain/arm gcc/native/4.8.1443/arm-gnu-toolchain/bin/../lib/gcc/arm-none-eabi/4.8.4/../../../../arm-none-eabi/lib/armv7-m\libc.a(lib_a-locale.o)
_lseek                                            src/ASF/sam/utils/syscalls/gcc/syscalls.o
                                                  c:/program files (x86)/atmel/atmel toolchain/arm gcc/native/4.8.1443/arm-gnu-toolchain/bin/../lib/gcc/arm-none-eabi/4.8.4/../../../../arm-none-eabi/lib/armv7-m\libc.a(lib_a-lseekr.o)
_lseek_r                                          c:/program files (x86)/atmel/atmel toolchain/arm gcc/native/4.8.1443/arm-gnu-toolchain/bin/../lib/gcc/arm-none-eabi/4.8.4/../../../../arm-none-eabi/lib/armv7-m\libc.a(lib_a-lseekr.o)
                                                  c:/program files (x86)/atmel/atmel toolchain/arm gcc/native/4.8.1443/arm-gnu-toolchain/bin/../lib/gcc/arm-none-eabi/4.8.4/../../../../arm-none-eabi/lib/armv7-m\libc.a(lib_a-stdio.o)
_mainCRTStartup                                   c:/program files (x86)/atmel/atmel toolchain/arm gcc/native/4.8.1443/arm-gnu-toolchain/bin/../lib/gcc/arm-none-eabi/4.8.4/../../../../arm-none-eabi/lib/armv7-m/crt0.o
_malloc_r                                         c:/program files (x86)/atmel/atmel toolchain/arm gcc/native/4.8.1443/arm-gnu-toolchain/bin/../lib/gcc/arm-none-eabi/4.8.4/../../../../arm-none-eabi/lib/armv7-m\libc.a(lib_a-mallocr.o)
                                                  c:/program files (x86)/atmel/atmel toolchain/arm gcc/native/4.8.1443/arm-gnu-toolchain/bin/../lib/gcc/arm-none-eabi/4.8.4/../../../../arm-none-eabi/lib/armv7-m\libc.a(lib_a-reallocr.o)
                                                  c:/program files (x86)/atmel/atmel toolchain/arm gcc/native/4.8.1443/arm-gnu-toolchain/bin/../lib/gcc/arm-none-eabi/4.8.4/../../../../arm-none-eabi/lib/armv7-m\libc.a(lib_a-makebuf.o)
                                                  c:/program files (x86)/atmel/atmel toolchain/arm gcc/native/4.8.1443/arm-gnu-toolchain/bin/../lib/gcc/arm-none-eabi/4.8.4/../../../../arm-none-eabi/lib/armv7-m\libc.a(lib_a-fvwrite.o)
                                                  c:/program files (x86)/atmel/atmel toolchain/arm gcc/native/4.8.1443/arm-gnu-toolchain/bin/../lib/gcc/arm-none-eabi/4.8.4/../../../../arm-none-eabi/lib/armv7-m\libc.a(lib_a-findfp.o)
_malloc_trim_r                                    c:/program files (x86)/atmel/atmel toolchain/arm gcc/native/4.8.1443/arm-gnu-toolchain/bin/../lib/gcc/arm-none-eabi/4.8.4/../../../../arm-none-eabi/lib/armv7-m\libc.a(lib_a-freer.o)
_read                                             c:/program files (x86)/atmel/atmel toolchain/arm gcc/native/4.8.1443/arm-gnu-toolchain/bin/../lib/gcc/arm-none-eabi/4.8.4/../../../../arm-none-eabi/lib/armv7-m\libc.a(lib_a-readr.o)
_read_r                                           c:/program files (x86)/atmel/atmel toolchain/arm gcc/native/4.8.1443/arm-gnu-toolchain/bin/../lib/gcc/arm-none-eabi/4.8.4/../../../../arm-none-eabi/lib/armv7-m\libc.a(lib_a-readr.o)
                                                  c:/program files (x86)/atmel/atmel toolchain/arm gcc/native/4.8.1443/arm-gnu-toolchain/bin/../lib/gcc/arm-none-eabi/4.8.4/../../../../arm-none-eabi/lib/armv7-m\libc.a(lib_a-stdio.o)
_realloc_r                                        c:/program files (x86)/atmel/atmel toolchain/arm gcc/native/4.8.1443/arm-gnu-toolchain/bin/../lib/gcc/arm-none-eabi/4.8.4/../../../../arm-none-eabi/lib/armv7-m\libc.a(lib_a-reallocr.o)
                                                  c:/program files (x86)/atmel/atmel toolchain/arm gcc/native/4.8.1443/arm-gnu-toolchain/bin/../lib/gcc/arm-none-eabi/4.8.4/../../../../arm-none-eabi/lib/armv7-m\libc.a(lib_a-fvwrite.o)
_reclaim_reent                                    c:/program files (x86)/atmel/atmel toolchain/arm gcc/native/4.8.1443/arm-gnu-toolchain/bin/../lib/gcc/arm-none-eabi/4.8.4/../../../../arm-none-eabi/lib/armv7-m\libc.a(lib_a-reent.o)
_sbrk                                             src/ASF/sam/utils/syscalls/gcc/syscalls.o
                                                  c:/program files (x86)/atmel/atmel toolchain/arm gcc/native/4.8.1443/arm-gnu-toolchain/bin/../lib/gcc/arm-none-eabi/4.8.4/../../../../arm-none-eabi/lib/armv7-m\libc.a(lib_a-sbrkr.o)
_sbrk_r                                           c:/program files (x86)/atmel/atmel toolchain/arm gcc/native/4.8.1443/arm-gnu-toolchain/bin/../lib/gcc/arm-none-eabi/4.8.4/../../../../arm-none-eabi/lib/armv7-m\libc.a(lib_a-sbrkr.o)
                                                  c:/program files (x86)/atmel/atmel toolchain/arm gcc/native/4.8.1443/arm-gnu-toolchain/bin/../lib/gcc/arm-none-eabi/4.8.4/../../../../arm-none-eabi/lib/armv7-m\libc.a(lib_a-mallocr.o)
                                                  c:/program files (x86)/atmel/atmel toolchain/arm gcc/native/4.8.1443/arm-gnu-toolchain/bin/../lib/gcc/arm-none-eabi/4.8.4/../../../../arm-none-eabi/lib/armv7-m\libc.a(lib_a-freer.o)
_setlocale_r                                      c:/program files (x86)/atmel/atmel toolchain/arm gcc/native/4.8.1443/arm-gnu-toolchain/bin/../lib/gcc/arm-none-eabi/4.8.4/../../../../arm-none-eabi/lib/armv7-m\libc.a(lib_a-locale.o)
_sfixed                                           src/ASF/sam/utils/cmsis/sam3n/source/templates/gcc/startup_sam3n.o
_srelocate                                        src/ASF/sam/utils/cmsis/sam3n/source/templates/gcc/startup_sam3n.o
_start                                            c:/program files (x86)/atmel/atmel toolchain/arm gcc/native/4.8.1443/arm-gnu-toolchain/bin/../lib/gcc/arm-none-eabi/4.8.4/../../../../arm-none-eabi/lib/armv7-m/crt0.o
_szero                                            src/ASF/sam/utils/cmsis/sam3n/source/templates/gcc/startup_sam3n.o
_vfiprintf_r                                      c:/program files (x86)/atmel/atmel toolchain/arm gcc/native/4.8.1443/arm-gnu-toolchain/bin/../lib/gcc/arm-none-eabi/4.8.4/../../../../arm-none-eabi/lib/armv7-m\libc.a(lib_a-vfiprintf.o)
                                                  c:/program files (x86)/atmel/atmel toolchain/arm gcc/native/4.8.1443/arm-gnu-toolchain/bin/../lib/gcc/arm-none-eabi/4.8.4/../../../../arm-none-eabi/lib/armv7-m\libc.a(lib_a-iprintf.o)
_wcrtomb_r                                        c:/program files (x86)/atmel/atmel toolchain/arm gcc/native/4.8.1443/arm-gnu-toolchain/bin/../lib/gcc/arm-none-eabi/4.8.4/../../../../arm-none-eabi/lib/armv7-m\libc.a(lib_a-wcrtomb.o)
                                                  c:/program files (x86)/atmel/atmel toolchain/arm gcc/native/4.8.1443/arm-gnu-toolchain/bin/../lib/gcc/arm-none-eabi/4.8.4/../../../../arm-none-eabi/lib/armv7-m\libc.a(lib_a-fputwc.o)
_wctomb_r                                         c:/program files (x86)/atmel/atmel toolchain/arm gcc/native/4.8.1443/arm-gnu-toolchain/bin/../lib/gcc/arm-none-eabi/4.8.4/../../../../arm-none-eabi/lib/armv7-m\libc.a(lib_a-wctomb_r.o)
_write                                            c:/program files (x86)/atmel/atmel toolchain/arm gcc/native/4.8.1443/arm-gnu-toolchain/bin/../lib/gcc/arm-none-eabi/4.8.4/../../../../arm-none-eabi/lib/armv7-m\libc.a(lib_a-writer.o)
_write_r                                          c:/program files (x86)/atmel/atmel toolchain/arm gcc/native/4.8.1443/arm-gnu-toolchain/bin/../lib/gcc/arm-none-eabi/4.8.4/../../../../arm-none-eabi/lib/armv7-m\libc.a(lib_a-writer.o)
                                                  c:/program files (x86)/atmel/atmel toolchain/arm gcc/native/4.8.1443/arm-gnu-toolchain/bin/../lib/gcc/arm-none-eabi/4.8.4/../../../../arm-none-eabi/lib/armv7-m\libc.a(lib_a-stdio.o)